
> ctrl-alt-learn@0.1.0 build
> next build

Γû▓ Next.js 16.2.4 (Turbopack)
- Environments: .env

  Creating an optimized production build ...
node.exe : 
At C:\Program Files\nodejs\npm.ps1:29 char:3
+   & $NODE_EXE $NPM_CLI_JS $args
+   ~~~~~~~~~~~~~~~~~~~~~~~~~~~~~
    + CategoryInfo          : NotSpecified: (:String) [], RemoteException
    + FullyQualifiedErrorId : NativeCommandError
 
> Build error occurred
Error: Turbopack build failed with 1086 errors:
./content/dsa/strings/frequency-of-characters.tsx:224:3
Expected '</', got ')'
  [90m222 |[0m       onSpeedChange={setSpeed}
  [90m223 |[0m       activeTopicId=[32m"strings"[0m
[31m[1m>[0m [90m224 |[0m   );
  [90m    |[0m   [31m[1m^[0m
  [90m225 |[0m }
  [90m226 |[0m

Parsing ecmascript source code failed

Import traces:
  App Route:
    ./content/dsa/strings/frequency-of-characters.tsx
    ./lib/content-registry.ts
    ./app/api/content/route.ts

  Client Component Browser:
    ./content/dsa/strings/frequency-of-characters.tsx [Client Component Browser]
    ./components/LessonLoader.tsx [Client Component Browser]
    ./components/LessonLoader.tsx [Server Component]
    ./app/curriculum/[subject]/[topic]/[lesson]/page.tsx [Server Component]

  Client Component SSR:
    ./content/dsa/strings/frequency-of-characters.tsx [Client Component SSR]
    ./components/LessonLoader.tsx [Client Component SSR]
    ./components/LessonLoader.tsx [Server Component]
    ./app/curriculum/[subject]/[topic]/[lesson]/page.tsx [Server Component]


./content/dsa/strings/basic-calculator-strings.tsx:203:7
Expression expected
  [90m201 |[0m           })}
  [90m202 |[0m         </[33mReorder[0m.[33mGroup[0m>
[31m[1m>[0m [90m203 |[0m       </div>
  [90m    |[0m       [31m[1m^[0m
  [90m204 |[0m
  [90m205 |[0m       <div className=[32m"bg-slate-900 border border-white/5 p-6 rounded-3xl text-white w-ful...[0m
  [90m206 |[0m         <[33mInfo[0m className=[32m"text-indigo-400"[0m size={[35m20[0m} />

Parsing ecmascript source code failed

Import traces:
  App Route:
    ./content/dsa/strings/basic-calculator-strings.tsx
    ./lib/content-registry.ts
    ./app/api/content/route.ts

  Client Component Browser:
    ./content/dsa/strings/basic-calculator-strings.tsx [Client Component Browser]
    ./components/LessonLoader.tsx [Client Component Browser]
    ./components/LessonLoader.tsx [Server Component]
    ./app/curriculum/[subject]/[topic]/[lesson]/page.tsx [Server Component]

  Client Component SSR:
    ./content/dsa/strings/basic-calculator-strings.tsx [Client Component SSR]
    ./components/LessonLoader.tsx [Client Component SSR]
    ./components/LessonLoader.tsx [Server Component]
    ./app/curriculum/[subject]/[topic]/[lesson]/page.tsx [Server Component]


./content/dsa/strings/longest-word-in-dictionary.tsx:138:7
Expression expected
  [90m136 |[0m           })}
  [90m137 |[0m         </[33mReorder[0m.[33mGroup[0m>
[31m[1m>[0m [90m138 |[0m       </div>
  [90m    |[0m       [31m[1m^[0m
  [90m139 |[0m
  [90m140 |[0m       <div className=[32m"bg-slate-900 border border-white/5 p-6 rounded-3xl text-white w-ful...[0m
  [90m141 |[0m         <[33mInfo[0m className=[32m"text-indigo-400"[0m size={[35m20[0m} />

Parsing ecmascript source code failed

Import traces:
  App Route:
    ./content/dsa/strings/longest-word-in-dictionary.tsx
    ./lib/content-registry.ts
    ./app/api/content/route.ts

  Client Component Browser:
    ./content/dsa/strings/longest-word-in-dictionary.tsx [Client Component Browser]
    ./components/LessonLoader.tsx [Client Component Browser]
    ./components/LessonLoader.tsx [Server Component]
    ./app/curriculum/[subject]/[topic]/[lesson]/page.tsx [Server Component]

  Client Component SSR:
    ./content/dsa/strings/longest-word-in-dictionary.tsx [Client Component SSR]
    ./components/LessonLoader.tsx [Client Component SSR]
    ./components/LessonLoader.tsx [Server Component]
    ./app/curriculum/[subject]/[topic]/[lesson]/page.tsx [Server Component]


./content/dsa/strings/longest-word-in-string.tsx:142:7
Expression expected
  [90m140 |[0m           })}
  [90m141 |[0m         </[33mReorder[0m.[33mGroup[0m>
[31m[1m>[0m [90m142 |[0m       </div>
  [90m    |[0m       [31m[1m^[0m
  [90m143 |[0m
  [90m144 |[0m       <div className=[32m"bg-slate-900 border border-white/5 p-6 rounded-3xl text-white w-ful...[0m
  [90m145 |[0m         <[33mInfo[0m className=[32m"text-indigo-400"[0m size={[35m20[0m} />

Parsing ecmascript source code failed

Import traces:
  App Route:
    ./content/dsa/strings/longest-word-in-string.tsx
    ./lib/content-registry.ts
    ./app/api/content/route.ts

  Client Component Browser:
    ./content/dsa/strings/longest-word-in-string.tsx [Client Component Browser]
    ./components/LessonLoader.tsx [Client Component Browser]
    ./components/LessonLoader.tsx [Server Component]
    ./app/curriculum/[subject]/[topic]/[lesson]/page.tsx [Server Component]

  Client Component SSR:
    ./content/dsa/strings/longest-word-in-string.tsx [Client Component SSR]
    ./components/LessonLoader.tsx [Client Component SSR]
    ./components/LessonLoader.tsx [Server Component]
    ./app/curriculum/[subject]/[topic]/[lesson]/page.tsx [Server Component]


./content/dsa/strings/string-compression.tsx:182:7
Expression expected
  [90m180 |[0m           })}
  [90m181 |[0m         </[33mReorder[0m.[33mGroup[0m>
[31m[1m>[0m [90m182 |[0m       </div>
  [90m    |[0m       [31m[1m^[0m
  [90m183 |[0m
  [90m184 |[0m       <div className=[32m"bg-slate-900 border border-white/5 p-6 rounded-3xl text-white w-ful...[0m
  [90m185 |[0m         <[33mInfo[0m className=[32m"text-indigo-400"[0m size={[35m20[0m} />

Parsing ecmascript source code failed

Import traces:
  App Route:
    ./content/dsa/strings/string-compression.tsx
    ./lib/content-registry.ts
    ./app/api/content/route.ts

  Client Component Browser:
    ./content/dsa/strings/string-compression.tsx [Client Component Browser]
    ./components/LessonLoader.tsx [Client Component Browser]
    ./components/LessonLoader.tsx [Server Component]
    ./app/curriculum/[subject]/[topic]/[lesson]/page.tsx [Server Component]

  Client Component SSR:
    ./content/dsa/strings/string-compression.tsx [Client Component SSR]
    ./components/LessonLoader.tsx [Client Component SSR]
    ./components/LessonLoader.tsx [Server Component]
    ./app/curriculum/[subject]/[topic]/[lesson]/page.tsx [Server Component]


./content/dsa/arrays/array-introduction.tsx:352:39
Unexpected token. Did you mean `{'>'}` or `&gt;`?
  [90m350 |[0m
  [90m351 |[0m [90m// --- Styles ---[0m
[31m[1m>[0m [90m352 |[0m [36mconst[0m buttonStyle = (active = [36mfalse[0m) => ({
  [90m    |[0m                                       [31m[1m^[0m
  [90m353 |[0m   background: active ? [33mCOLORS[0m.blueDark : [33mCOLORS[0m.borderLighter,
  [90m354 |[0m   border: [32m`1px solid [0m${active ? [33mCOLORS[0m.blue : 
[33mCOLORS[0m.borderLighter[32m}`[0m,
  [90m355 |[0m   color: active ? [32m"white"[0m : [33mCOLORS[0m.textWhite,

Parsing ecmascript source code failed

Import traces:
  App Route:
    ./content/dsa/arrays/array-introduction.tsx
    ./lib/content-registry.ts
    ./app/api/content/route.ts

  Client Component Browser:
    ./content/dsa/arrays/array-introduction.tsx [Client Component Browser]
    ./components/LessonLoader.tsx [Client Component Browser]
    ./components/LessonLoader.tsx [Server Component]
    ./app/curriculum/[subject]/[topic]/[lesson]/page.tsx [Server Component]

  Client Component SSR:
    ./content/dsa/arrays/array-introduction.tsx [Client Component SSR]
    ./components/LessonLoader.tsx [Client Component SSR]
    ./components/LessonLoader.tsx [Server Component]
    ./app/curriculum/[subject]/[topic]/[lesson]/page.tsx [Server Component]


./content/dsa/arrays/array-deletion.tsx:137:3
Unexpected token. Did you mean `{'}'}` or `&rbrace;`?
  [90m135 |[0m         </div>
  [90m136 |[0m         <div style={{ padding: [32m'12px 14px'[0m }}>{content});
[31m[1m>[0m [90m137 |[0m   };
  [90m    |[0m   [31m[1m^[0m
  [90m138 |[0m
  [90m139 |[0m   [36mreturn[0m (
  [90m140 |[0m     <div style={{ width: [32m"100vw"[0m, height: [32m"100vh"[0m, overflowY: [32m"auto"[0m, 
background: [33mCOLORS[0m....

Parsing ecmascript source code failed

Import traces:
  App Route:
    ./content/dsa/arrays/array-deletion.tsx
    ./lib/content-registry.ts
    ./app/api/content/route.ts

  Client Component Browser:
    ./content/dsa/arrays/array-deletion.tsx [Client Component Browser]
    ./components/LessonLoader.tsx [Client Component Browser]
    ./components/LessonLoader.tsx [Server Component]
    ./app/curriculum/[subject]/[topic]/[lesson]/page.tsx [Server Component]

  Client Component SSR:
    ./content/dsa/arrays/array-deletion.tsx [Client Component SSR]
    ./components/LessonLoader.tsx [Client Component SSR]
    ./components/LessonLoader.tsx [Server Component]
    ./app/curriculum/[subject]/[topic]/[lesson]/page.tsx [Server Component]


./content/dsa/arrays/array-deletion.tsx:245:1
Unexpected token. Did you mean `{'}'}` or `&rbrace;`?
  [90m243 |[0m                 </div>
  [90m244 |[0m               ))});
[31m[1m>[0m [90m245 |[0m }
  [90m    |[0m [31m[1m^[0m
  [90m246 |[0m
  [90m247 |[0m [36mconst[0m btnStyle = { background: [33mCOLORS[0m.borderLighter, border: [32m`1px solid 
[0m${[33mCOLORS[0m.border[32m}`[0m...
  [90m248 |[0m [36mconst[0m ctrlBtnStyle = { width: [35m32[0m, height: [35m32[0m, borderRadius: [35m6[0m, 
background: [33mCOLORS[0m.borderL...

Parsing ecmascript source code failed

Import traces:
  App Route:
    ./content/dsa/arrays/array-deletion.tsx
    ./lib/content-registry.ts
    ./app/api/content/route.ts

  Client Component Browser:
    ./content/dsa/arrays/array-deletion.tsx [Client Component Browser]
    ./components/LessonLoader.tsx [Client Component Browser]
    ./components/LessonLoader.tsx [Server Component]
    ./app/curriculum/[subject]/[topic]/[lesson]/page.tsx [Server Component]

  Client Component SSR:
    ./content/dsa/arrays/array-deletion.tsx [Client Component SSR]
    ./components/LessonLoader.tsx [Client Component SSR]
    ./components/LessonLoader.tsx [Server Component]
    ./app/curriculum/[subject]/[topic]/[lesson]/page.tsx [Server Component]


./content/dsa/arrays/array-insertion.tsx:126:3
Unexpected token. Did you mean `{'}'}` or `&rbrace;`?
  [90m124 |[0m         </div>
  [90m125 |[0m         <div style={{ padding: [32m'12px 14px'[0m }}>{content});
[31m[1m>[0m [90m126 |[0m   };
  [90m    |[0m   [31m[1m^[0m
  [90m127 |[0m
  [90m128 |[0m   [36mreturn[0m (
  [90m129 |[0m     <div style={{ width: [32m"100vw"[0m, height: [32m"100vh"[0m, overflowY: [32m"auto"[0m, 
background: [33mCOLORS[0m....

Parsing ecmascript source code failed

Import traces:
  App Route:
    ./content/dsa/arrays/array-insertion.tsx
    ./lib/content-registry.ts
    ./app/api/content/route.ts

  Client Component Browser:
    ./content/dsa/arrays/array-insertion.tsx [Client Component Browser]
    ./components/LessonLoader.tsx [Client Component Browser]
    ./components/LessonLoader.tsx [Server Component]
    ./app/curriculum/[subject]/[topic]/[lesson]/page.tsx [Server Component]

  Client Component SSR:
    ./content/dsa/arrays/array-insertion.tsx [Client Component SSR]
    ./components/LessonLoader.tsx [Client Component SSR]
    ./components/LessonLoader.tsx [Server Component]
    ./app/curriculum/[subject]/[topic]/[lesson]/page.tsx [Server Component]


./content/dsa/arrays/array-insertion.tsx:234:1
Unexpected token. Did you mean `{'}'}` or `&rbrace;`?
  [90m232 |[0m                 </div>
  [90m233 |[0m               ))});
[31m[1m>[0m [90m234 |[0m }
  [90m    |[0m [31m[1m^[0m
  [90m235 |[0m
  [90m236 |[0m [36mconst[0m btnStyle = { background: [33mCOLORS[0m.borderLighter, border: [32m`1px solid 
[0m${[33mCOLORS[0m.border[32m}`[0m...
  [90m237 |[0m [36mconst[0m ctrlBtnStyle = { width: [35m32[0m, height: [35m32[0m, borderRadius: [35m6[0m, 
background: [33mCOLORS[0m.borderL...

Parsing ecmascript source code failed

Import traces:
  App Route:
    ./content/dsa/arrays/array-insertion.tsx
    ./lib/content-registry.ts
    ./app/api/content/route.ts

  Client Component Browser:
    ./content/dsa/arrays/array-insertion.tsx [Client Component Browser]
    ./components/LessonLoader.tsx [Client Component Browser]
    ./components/LessonLoader.tsx [Server Component]
    ./app/curriculum/[subject]/[topic]/[lesson]/page.tsx [Server Component]

  Client Component SSR:
    ./content/dsa/arrays/array-insertion.tsx [Client Component SSR]
    ./components/LessonLoader.tsx [Client Component SSR]
    ./components/LessonLoader.tsx [Server Component]
    ./app/curriculum/[subject]/[topic]/[lesson]/page.tsx [Server Component]


./content/dsa/arrays/array-introduction.tsx:168:3
Unexpected token. Did you mean `{'}'}` or `&rbrace;`?
  [90m166 |[0m         <div style={{ padding: [32m'12px 14px'[0m }}>
  [90m167 |[0m           {content});
[31m[1m>[0m [90m168 |[0m   };
  [90m    |[0m   [31m[1m^[0m
  [90m169 |[0m
  [90m170 |[0m   [36mreturn[0m (
  [90m171 |[0m     <div style={{ width: [32m"100vw"[0m, height: [32m"100vh"[0m, overflowY: [32m"auto"[0m, 
background: [33mCOLORS[0m....

Parsing ecmascript source code failed

Import traces:
  App Route:
    ./content/dsa/arrays/array-introduction.tsx
    ./lib/content-registry.ts
    ./app/api/content/route.ts

  Client Component Browser:
    ./content/dsa/arrays/array-introduction.tsx [Client Component Browser]
    ./components/LessonLoader.tsx [Client Component Browser]
    ./components/LessonLoader.tsx [Server Component]
    ./app/curriculum/[subject]/[topic]/[lesson]/page.tsx [Server Component]

  Client Component SSR:
    ./content/dsa/arrays/array-introduction.tsx [Client Component SSR]
    ./components/LessonLoader.tsx [Client Component SSR]
    ./components/LessonLoader.tsx [Server Component]
    ./app/curriculum/[subject]/[topic]/[lesson]/page.tsx [Server Component]


./content/dsa/arrays/array-introduction.tsx:349:1
Unexpected token. Did you mean `{'}'}` or `&rbrace;`?
  [90m347 |[0m                 </div>
  [90m348 |[0m               ))});
[31m[1m>[0m [90m349 |[0m }
  [90m    |[0m [31m[1m^[0m
  [90m350 |[0m
  [90m351 |[0m [90m// --- Styles ---[0m
  [90m352 |[0m [36mconst[0m buttonStyle = (active = [36mfalse[0m) => ({

Parsing ecmascript source code failed

Import traces:
  App Route:
    ./content/dsa/arrays/array-introduction.tsx
    ./lib/content-registry.ts
    ./app/api/content/route.ts

  Client Component Browser:
    ./content/dsa/arrays/array-introduction.tsx [Client Component Browser]
    ./components/LessonLoader.tsx [Client Component Browser]
    ./components/LessonLoader.tsx [Server Component]
    ./app/curriculum/[subject]/[topic]/[lesson]/page.tsx [Server Component]

  Client Component SSR:
    ./content/dsa/arrays/array-introduction.tsx [Client Component SSR]
    ./components/LessonLoader.tsx [Client Component SSR]
    ./components/LessonLoader.tsx [Server Component]
    ./app/curriculum/[subject]/[topic]/[lesson]/page.tsx [Server Component]


./content/dsa/arrays/array-traversal.tsx:135:3
Unexpected token. Did you mean `{'}'}` or `&rbrace;`?
  [90m133 |[0m         </div>
  [90m134 |[0m         <div style={{ padding: [32m'12px 14px'[0m }}>{content});
[31m[1m>[0m [90m135 |[0m   };
  [90m    |[0m   [31m[1m^[0m
  [90m136 |[0m
  [90m137 |[0m   [36mreturn[0m (
  [90m138 |[0m     <div style={{ width: [32m"100vw"[0m, height: [32m"100vh"[0m, overflowY: [32m"auto"[0m, 
background: [33mCOLORS[0m....

Parsing ecmascript source code failed

Import traces:
  App Route:
    ./content/dsa/arrays/array-traversal.tsx
    ./lib/content-registry.ts
    ./app/api/content/route.ts

  Client Component Browser:
    ./content/dsa/arrays/array-traversal.tsx [Client Component Browser]
    ./components/LessonLoader.tsx [Client Component Browser]
    ./components/LessonLoader.tsx [Server Component]
    ./app/curriculum/[subject]/[topic]/[lesson]/page.tsx [Server Component]

  Client Component SSR:
    ./content/dsa/arrays/array-traversal.tsx [Client Component SSR]
    ./components/LessonLoader.tsx [Client Component SSR]
    ./components/LessonLoader.tsx [Server Component]
    ./app/curriculum/[subject]/[topic]/[lesson]/page.tsx [Server Component]


./content/dsa/arrays/array-traversal.tsx:243:1
Unexpected token. Did you mean `{'}'}` or `&rbrace;`?
  [90m241 |[0m                 </div>
  [90m242 |[0m               ))});
[31m[1m>[0m [90m243 |[0m }
  [90m    |[0m [31m[1m^[0m
  [90m244 |[0m
  [90m245 |[0m [36mconst[0m btnStyle = { background: [33mCOLORS[0m.borderLighter, border: [32m`1px solid 
[0m${[33mCOLORS[0m.border[32m}`[0m...
  [90m246 |[0m [36mconst[0m ctrlBtnStyle = { width: [35m32[0m, height: [35m32[0m, borderRadius: [35m6[0m, 
background: [33mCOLORS[0m.borderL...

Parsing ecmascript source code failed

Import traces:
  App Route:
    ./content/dsa/arrays/array-traversal.tsx
    ./lib/content-registry.ts
    ./app/api/content/route.ts

  Client Component Browser:
    ./content/dsa/arrays/array-traversal.tsx [Client Component Browser]
    ./components/LessonLoader.tsx [Client Component Browser]
    ./components/LessonLoader.tsx [Server Component]
    ./app/curriculum/[subject]/[topic]/[lesson]/page.tsx [Server Component]

  Client Component SSR:
    ./content/dsa/arrays/array-traversal.tsx [Client Component SSR]
    ./components/LessonLoader.tsx [Client Component SSR]
    ./components/LessonLoader.tsx [Server Component]
    ./app/curriculum/[subject]/[topic]/[lesson]/page.tsx [Server Component]


./content/dsa/arrays/array-update.tsx:126:3
Unexpected token. Did you mean `{'}'}` or `&rbrace;`?
  [90m124 |[0m         </div>
  [90m125 |[0m         <div style={{ padding: [32m'12px 14px'[0m }}>{content});
[31m[1m>[0m [90m126 |[0m   };
  [90m    |[0m   [31m[1m^[0m
  [90m127 |[0m
  [90m128 |[0m   [36mreturn[0m (
  [90m129 |[0m     <div style={{ width: [32m"100vw"[0m, height: [32m"100vh"[0m, overflowY: [32m"auto"[0m, 
background: [33mCOLORS[0m....

Parsing ecmascript source code failed

Import traces:
  App Route:
    ./content/dsa/arrays/array-update.tsx
    ./lib/content-registry.ts
    ./app/api/content/route.ts

  Client Component Browser:
    ./content/dsa/arrays/array-update.tsx [Client Component Browser]
    ./components/LessonLoader.tsx [Client Component Browser]
    ./components/LessonLoader.tsx [Server Component]
    ./app/curriculum/[subject]/[topic]/[lesson]/page.tsx [Server Component]

  Client Component SSR:
    ./content/dsa/arrays/array-update.tsx [Client Component SSR]
    ./components/LessonLoader.tsx [Client Component SSR]
    ./components/LessonLoader.tsx [Server Component]
    ./app/curriculum/[subject]/[topic]/[lesson]/page.tsx [Server Component]


./content/dsa/arrays/array-update.tsx:234:1
Unexpected token. Did you mean `{'}'}` or `&rbrace;`?
  [90m232 |[0m                   </div>
  [90m233 |[0m                 ))});
[31m[1m>[0m [90m234 |[0m }
  [90m    |[0m [31m[1m^[0m
  [90m235 |[0m
  [90m236 |[0m [36mconst[0m btnStyle = { background: [33mCOLORS[0m.borderLighter, border: [32m`1px solid 
[0m${[33mCOLORS[0m.border[32m}`[0m...
  [90m237 |[0m [36mconst[0m ctrlBtnStyle = { width: [35m32[0m, height: [35m32[0m, borderRadius: [35m6[0m, 
background: [33mCOLORS[0m.borderL...

Parsing ecmascript source code failed

Import traces:
  App Route:
    ./content/dsa/arrays/array-update.tsx
    ./lib/content-registry.ts
    ./app/api/content/route.ts

  Client Component Browser:
    ./content/dsa/arrays/array-update.tsx [Client Component Browser]
    ./components/LessonLoader.tsx [Client Component Browser]
    ./components/LessonLoader.tsx [Server Component]
    ./app/curriculum/[subject]/[topic]/[lesson]/page.tsx [Server Component]

  Client Component SSR:
    ./content/dsa/arrays/array-update.tsx [Client Component SSR]
    ./components/LessonLoader.tsx [Client Component SSR]
    ./components/LessonLoader.tsx [Server Component]
    ./app/curriculum/[subject]/[topic]/[lesson]/page.tsx [Server Component]


./content/dsa/arrays/binary-search.tsx:157:3
Unexpected token. Did you mean `{'}'}` or `&rbrace;`?
  [90m155 |[0m         </div>
  [90m156 |[0m         <div style={{ padding: [32m'12px 14px'[0m }}>{content});
[31m[1m>[0m [90m157 |[0m   };
  [90m    |[0m   [31m[1m^[0m
  [90m158 |[0m
  [90m159 |[0m   [36mreturn[0m (
  [90m160 |[0m     <div style={{ width: [32m"100vw"[0m, height: [32m"100vh"[0m, overflowY: [32m"auto"[0m, 
background: [33mCOLORS[0m....

Parsing ecmascript source code failed

Import traces:
  App Route:
    ./content/dsa/arrays/binary-search.tsx
    ./lib/content-registry.ts
    ./app/api/content/route.ts

  Client Component Browser:
    ./content/dsa/arrays/binary-search.tsx [Client Component Browser]
    ./components/LessonLoader.tsx [Client Component Browser]
    ./components/LessonLoader.tsx [Server Component]
    ./app/curriculum/[subject]/[topic]/[lesson]/page.tsx [Server Component]

  Client Component SSR:
    ./content/dsa/arrays/binary-search.tsx [Client Component SSR]
    ./components/LessonLoader.tsx [Client Component SSR]
    ./components/LessonLoader.tsx [Server Component]
    ./app/curriculum/[subject]/[topic]/[lesson]/page.tsx [Server Component]


./content/dsa/arrays/binary-search.tsx:272:15
Unexpected token. Did you mean `{'}'}` or `&rbrace;`?
  [90m270 |[0m                     }}>{val}</div>
  [90m271 |[0m                     <div style={{ fontSize: [35m10[0m, color: [33mCOLORS[0m.textDark }}>{i === 
step.low...
[31m[1m>[0m [90m272 |[0m               })});
  [90m    |[0m               [31m[1m^[0m
  [90m273 |[0m }
  [90m274 |[0m
  [90m275 |[0m [36mconst[0m btnStyle = { background: [33mCOLORS[0m.borderLighter, border: [32m`1px solid 
[0m${[33mCOLORS[0m.border[32m}`[0m...

Parsing ecmascript source code failed

Import traces:
  App Route:
    ./content/dsa/arrays/binary-search.tsx
    ./lib/content-registry.ts
    ./app/api/content/route.ts

  Client Component Browser:
    ./content/dsa/arrays/binary-search.tsx [Client Component Browser]
    ./components/LessonLoader.tsx [Client Component Browser]
    ./components/LessonLoader.tsx [Server Component]
    ./app/curriculum/[subject]/[topic]/[lesson]/page.tsx [Server Component]

  Client Component SSR:
    ./content/dsa/arrays/binary-search.tsx [Client Component SSR]
    ./components/LessonLoader.tsx [Client Component SSR]
    ./components/LessonLoader.tsx [Server Component]
    ./app/curriculum/[subject]/[topic]/[lesson]/page.tsx [Server Component]


./content/dsa/arrays/binary-search.tsx:272:17
Unexpected token. Did you mean `{'}'}` or `&rbrace;`?
  [90m270 |[0m                     }}>{val}</div>
  [90m271 |[0m                     <div style={{ fontSize: [35m10[0m, color: [33mCOLORS[0m.textDark }}>{i === 
step.low...
[31m[1m>[0m [90m272 |[0m               })});
  [90m    |[0m                 [31m[1m^[0m
  [90m273 |[0m }
  [90m274 |[0m
  [90m275 |[0m [36mconst[0m btnStyle = { background: [33mCOLORS[0m.borderLighter, border: [32m`1px solid 
[0m${[33mCOLORS[0m.border[32m}`[0m...

Parsing ecmascript source code failed

Import traces:
  App Route:
    ./content/dsa/arrays/binary-search.tsx
    ./lib/content-registry.ts
    ./app/api/content/route.ts

  Client Component Browser:
    ./content/dsa/arrays/binary-search.tsx [Client Component Browser]
    ./components/LessonLoader.tsx [Client Component Browser]
    ./components/LessonLoader.tsx [Server Component]
    ./app/curriculum/[subject]/[topic]/[lesson]/page.tsx [Server Component]

  Client Component SSR:
    ./content/dsa/arrays/binary-search.tsx [Client Component SSR]
    ./components/LessonLoader.tsx [Client Component SSR]
    ./components/LessonLoader.tsx [Server Component]
    ./app/curriculum/[subject]/[topic]/[lesson]/page.tsx [Server Component]


./content/dsa/arrays/binary-search.tsx:273:1
Unexpected token. Did you mean `{'}'}` or `&rbrace;`?
  [90m271 |[0m                     <div style={{ fontSize: [35m10[0m, color: [33mCOLORS[0m.textDark }}>{i === 
step.low...
  [90m272 |[0m               })});
[31m[1m>[0m [90m273 |[0m }
  [90m    |[0m [31m[1m^[0m
  [90m274 |[0m
  [90m275 |[0m [36mconst[0m btnStyle = { background: [33mCOLORS[0m.borderLighter, border: [32m`1px solid 
[0m${[33mCOLORS[0m.border[32m}`[0m...
  [90m276 |[0m [36mconst[0m ctrlBtnStyle = { width: [35m32[0m, height: [35m32[0m, borderRadius: [35m6[0m, 
background: [33mCOLORS[0m.borderL...

Parsing ecmascript source code failed

Import traces:
  App Route:
    ./content/dsa/arrays/binary-search.tsx
    ./lib/content-registry.ts
    ./app/api/content/route.ts

  Client Component Browser:
    ./content/dsa/arrays/binary-search.tsx [Client Component Browser]
    ./components/LessonLoader.tsx [Client Component Browser]
    ./components/LessonLoader.tsx [Server Component]
    ./app/curriculum/[subject]/[topic]/[lesson]/page.tsx [Server Component]

  Client Component SSR:
    ./content/dsa/arrays/binary-search.tsx [Client Component SSR]
    ./components/LessonLoader.tsx [Client Component SSR]
    ./components/LessonLoader.tsx [Server Component]
    ./app/curriculum/[subject]/[topic]/[lesson]/page.tsx [Server Component]


./content/dsa/arrays/bubble-sort.tsx:143:3
Unexpected token. Did you mean `{'}'}` or `&rbrace;`?
  [90m141 |[0m         </div>
  [90m142 |[0m         <div style={{ padding: [32m'12px 14px'[0m }}>{content});
[31m[1m>[0m [90m143 |[0m   };
  [90m    |[0m   [31m[1m^[0m
  [90m144 |[0m
  [90m145 |[0m   [36mreturn[0m (
  [90m146 |[0m     <div style={{ width: [32m"100vw"[0m, height: [32m"100vh"[0m, overflowY: [32m"auto"[0m, 
background: [33mCOLORS[0m....

Parsing ecmascript source code failed

Import traces:
  App Route:
    ./content/dsa/arrays/bubble-sort.tsx
    ./lib/content-registry.ts
    ./app/api/content/route.ts

  Client Component Browser:
    ./content/dsa/arrays/bubble-sort.tsx [Client Component Browser]
    ./components/LessonLoader.tsx [Client Component Browser]
    ./components/LessonLoader.tsx [Server Component]
    ./app/curriculum/[subject]/[topic]/[lesson]/page.tsx [Server Component]

  Client Component SSR:
    ./content/dsa/arrays/bubble-sort.tsx [Client Component SSR]
    ./components/LessonLoader.tsx [Client Component SSR]
    ./components/LessonLoader.tsx [Server Component]
    ./app/curriculum/[subject]/[topic]/[lesson]/page.tsx [Server Component]


./content/dsa/arrays/bubble-sort.tsx:252:15
Unexpected token. Did you mean `{'}'}` or `&rbrace;`?
  [90m250 |[0m                     }}>{val}</div>
  [90m251 |[0m                     <div style={{ fontSize: [35m10[0m, color: [33mCOLORS[0m.textDark 
}}>{isComparing ? [32m...[0m
[31m[1m>[0m [90m252 |[0m               })});
  [90m    |[0m               [31m[1m^[0m
  [90m253 |[0m }
  [90m254 |[0m
  [90m255 |[0m [36mconst[0m btnStyle = { background: [33mCOLORS[0m.borderLighter, border: [32m`1px solid 
[0m${[33mCOLORS[0m.border[32m}`[0m...

Parsing ecmascript source code failed

Import traces:
  App Route:
    ./content/dsa/arrays/bubble-sort.tsx
    ./lib/content-registry.ts
    ./app/api/content/route.ts

  Client Component Browser:
    ./content/dsa/arrays/bubble-sort.tsx [Client Component Browser]
    ./components/LessonLoader.tsx [Client Component Browser]
    ./components/LessonLoader.tsx [Server Component]
    ./app/curriculum/[subject]/[topic]/[lesson]/page.tsx [Server Component]

  Client Component SSR:
    ./content/dsa/arrays/bubble-sort.tsx [Client Component SSR]
    ./components/LessonLoader.tsx [Client Component SSR]
    ./components/LessonLoader.tsx [Server Component]
    ./app/curriculum/[subject]/[topic]/[lesson]/page.tsx [Server Component]


./content/dsa/arrays/bubble-sort.tsx:252:17
Unexpected token. Did you mean `{'}'}` or `&rbrace;`?
  [90m250 |[0m                     }}>{val}</div>
  [90m251 |[0m                     <div style={{ fontSize: [35m10[0m, color: [33mCOLORS[0m.textDark 
}}>{isComparing ? [32m...[0m
[31m[1m>[0m [90m252 |[0m               })});
  [90m    |[0m                 [31m[1m^[0m
  [90m253 |[0m }
  [90m254 |[0m
  [90m255 |[0m [36mconst[0m btnStyle = { background: [33mCOLORS[0m.borderLighter, border: [32m`1px solid 
[0m${[33mCOLORS[0m.border[32m}`[0m...

Parsing ecmascript source code failed

Import traces:
  App Route:
    ./content/dsa/arrays/bubble-sort.tsx
    ./lib/content-registry.ts
    ./app/api/content/route.ts

  Client Component Browser:
    ./content/dsa/arrays/bubble-sort.tsx [Client Component Browser]
    ./components/LessonLoader.tsx [Client Component Browser]
    ./components/LessonLoader.tsx [Server Component]
    ./app/curriculum/[subject]/[topic]/[lesson]/page.tsx [Server Component]

  Client Component SSR:
    ./content/dsa/arrays/bubble-sort.tsx [Client Component SSR]
    ./components/LessonLoader.tsx [Client Component SSR]
    ./components/LessonLoader.tsx [Server Component]
    ./app/curriculum/[subject]/[topic]/[lesson]/page.tsx [Server Component]


./content/dsa/arrays/bubble-sort.tsx:253:1
Unexpected token. Did you mean `{'}'}` or `&rbrace;`?
  [90m251 |[0m                     <div style={{ fontSize: [35m10[0m, color: [33mCOLORS[0m.textDark 
}}>{isComparing ? [32m...[0m
  [90m252 |[0m               })});
[31m[1m>[0m [90m253 |[0m }
  [90m    |[0m [31m[1m^[0m
  [90m254 |[0m
  [90m255 |[0m [36mconst[0m btnStyle = { background: [33mCOLORS[0m.borderLighter, border: [32m`1px solid 
[0m${[33mCOLORS[0m.border[32m}`[0m...
  [90m256 |[0m [36mconst[0m ctrlBtnStyle = { width: [35m32[0m, height: [35m32[0m, borderRadius: [35m6[0m, 
background: [33mCOLORS[0m.borderL...

Parsing ecmascript source code failed

Import traces:
  App Route:
    ./content/dsa/arrays/bubble-sort.tsx
    ./lib/content-registry.ts
    ./app/api/content/route.ts

  Client Component Browser:
    ./content/dsa/arrays/bubble-sort.tsx [Client Component Browser]
    ./components/LessonLoader.tsx [Client Component Browser]
    ./components/LessonLoader.tsx [Server Component]
    ./app/curriculum/[subject]/[topic]/[lesson]/page.tsx [Server Component]

  Client Component SSR:
    ./content/dsa/arrays/bubble-sort.tsx [Client Component SSR]
    ./components/LessonLoader.tsx [Client Component SSR]
    ./components/LessonLoader.tsx [Server Component]
    ./app/curriculum/[subject]/[topic]/[lesson]/page.tsx [Server Component]


./content/dsa/arrays/container-with-most-water.tsx:159:3
Unexpected token. Did you mean `{'}'}` or `&rbrace;`?
  [90m157 |[0m         </div>
  [90m158 |[0m         <div style={{ padding: [32m'12px 14px'[0m }}>{content});
[31m[1m>[0m [90m159 |[0m   };
  [90m    |[0m   [31m[1m^[0m
  [90m160 |[0m
  [90m161 |[0m   [36mreturn[0m (
  [90m162 |[0m     <div style={{ width: [32m"100vw"[0m, height: [32m"100vh"[0m, overflowY: [32m"auto"[0m, 
background: [33mCOLORS[0m....

Parsing ecmascript source code failed

Import traces:
  App Route:
    ./content/dsa/arrays/container-with-most-water.tsx
    ./lib/content-registry.ts
    ./app/api/content/route.ts

  Client Component Browser:
    ./content/dsa/arrays/container-with-most-water.tsx [Client Component Browser]
    ./components/LessonLoader.tsx [Client Component Browser]
    ./components/LessonLoader.tsx [Server Component]
    ./app/curriculum/[subject]/[topic]/[lesson]/page.tsx [Server Component]

  Client Component SSR:
    ./content/dsa/arrays/container-with-most-water.tsx [Client Component SSR]
    ./components/LessonLoader.tsx [Client Component SSR]
    ./components/LessonLoader.tsx [Server Component]
    ./app/curriculum/[subject]/[topic]/[lesson]/page.tsx [Server Component]


./content/dsa/arrays/container-with-most-water.tsx:285:15
Unexpected token. Did you mean `{'}'}` or `&rbrace;`?
  [90m283 |[0m                     <div style={{ fontSize: [35m10[0m, color: isL ? [33mCOLORS[0m.orange : isR ? 
[33mCOLORS[0m...
  [90m284 |[0m                       {isL ? [32m"L"[0m : isR ? [32m"R"[0m : i});
[31m[1m>[0m [90m285 |[0m               })});
  [90m    |[0m               [31m[1m^[0m
  [90m286 |[0m }
  [90m287 |[0m
  [90m288 |[0m [36mconst[0m btnStyle = { background: [33mCOLORS[0m.borderLighter, border: [32m`1px solid 
[0m${[33mCOLORS[0m.border[32m}`[0m...

Parsing ecmascript source code failed

Import traces:
  App Route:
    ./content/dsa/arrays/container-with-most-water.tsx
    ./lib/content-registry.ts
    ./app/api/content/route.ts

  Client Component Browser:
    ./content/dsa/arrays/container-with-most-water.tsx [Client Component Browser]
    ./components/LessonLoader.tsx [Client Component Browser]
    ./components/LessonLoader.tsx [Server Component]
    ./app/curriculum/[subject]/[topic]/[lesson]/page.tsx [Server Component]

  Client Component SSR:
    ./content/dsa/arrays/container-with-most-water.tsx [Client Component SSR]
    ./components/LessonLoader.tsx [Client Component SSR]
    ./components/LessonLoader.tsx [Server Component]
    ./app/curriculum/[subject]/[topic]/[lesson]/page.tsx [Server Component]


./content/dsa/arrays/container-with-most-water.tsx:285:17
Unexpected token. Did you mean `{'}'}` or `&rbrace;`?
  [90m283 |[0m                     <div style={{ fontSize: [35m10[0m, color: isL ? [33mCOLORS[0m.orange : isR ? 
[33mCOLORS[0m...
  [90m284 |[0m                       {isL ? [32m"L"[0m : isR ? [32m"R"[0m : i});
[31m[1m>[0m [90m285 |[0m               })});
  [90m    |[0m                 [31m[1m^[0m
  [90m286 |[0m }
  [90m287 |[0m
  [90m288 |[0m [36mconst[0m btnStyle = { background: [33mCOLORS[0m.borderLighter, border: [32m`1px solid 
[0m${[33mCOLORS[0m.border[32m}`[0m...

Parsing ecmascript source code failed

Import traces:
  App Route:
    ./content/dsa/arrays/container-with-most-water.tsx
    ./lib/content-registry.ts
    ./app/api/content/route.ts

  Client Component Browser:
    ./content/dsa/arrays/container-with-most-water.tsx [Client Component Browser]
    ./components/LessonLoader.tsx [Client Component Browser]
    ./components/LessonLoader.tsx [Server Component]
    ./app/curriculum/[subject]/[topic]/[lesson]/page.tsx [Server Component]

  Client Component SSR:
    ./content/dsa/arrays/container-with-most-water.tsx [Client Component SSR]
    ./components/LessonLoader.tsx [Client Component SSR]
    ./components/LessonLoader.tsx [Server Component]
    ./app/curriculum/[subject]/[topic]/[lesson]/page.tsx [Server Component]


./content/dsa/arrays/container-with-most-water.tsx:286:1
Unexpected token. Did you mean `{'}'}` or `&rbrace;`?
  [90m284 |[0m                       {isL ? [32m"L"[0m : isR ? [32m"R"[0m : i});
  [90m285 |[0m               })});
[31m[1m>[0m [90m286 |[0m }
  [90m    |[0m [31m[1m^[0m
  [90m287 |[0m
  [90m288 |[0m [36mconst[0m btnStyle = { background: [33mCOLORS[0m.borderLighter, border: [32m`1px solid 
[0m${[33mCOLORS[0m.border[32m}`[0m...
  [90m289 |[0m [36mconst[0m ctrlBtnStyle = { width: [35m32[0m, height: [35m32[0m, borderRadius: [35m6[0m, 
background: [33mCOLORS[0m.borderL...

Parsing ecmascript source code failed

Import traces:
  App Route:
    ./content/dsa/arrays/container-with-most-water.tsx
    ./lib/content-registry.ts
    ./app/api/content/route.ts

  Client Component Browser:
    ./content/dsa/arrays/container-with-most-water.tsx [Client Component Browser]
    ./components/LessonLoader.tsx [Client Component Browser]
    ./components/LessonLoader.tsx [Server Component]
    ./app/curriculum/[subject]/[topic]/[lesson]/page.tsx [Server Component]

  Client Component SSR:
    ./content/dsa/arrays/container-with-most-water.tsx [Client Component SSR]
    ./components/LessonLoader.tsx [Client Component SSR]
    ./components/LessonLoader.tsx [Server Component]
    ./app/curriculum/[subject]/[topic]/[lesson]/page.tsx [Server Component]


./content/dsa/arrays/dynamic-array.tsx:151:3
Unexpected token. Did you mean `{'}'}` or `&rbrace;`?
  [90m149 |[0m         </div>
  [90m150 |[0m         <div style={{ padding: [32m'12px 14px'[0m }}>{content});
[31m[1m>[0m [90m151 |[0m   };
  [90m    |[0m   [31m[1m^[0m
  [90m152 |[0m
  [90m153 |[0m   [36mreturn[0m (
  [90m154 |[0m     <div style={{ width: [32m"100vw"[0m, height: [32m"100vh"[0m, overflowY: [32m"auto"[0m, 
background: [33mCOLORS[0m....

Parsing ecmascript source code failed

Import traces:
  App Route:
    ./content/dsa/arrays/dynamic-array.tsx
    ./lib/content-registry.ts
    ./app/api/content/route.ts

  Client Component Browser:
    ./content/dsa/arrays/dynamic-array.tsx [Client Component Browser]
    ./components/LessonLoader.tsx [Client Component Browser]
    ./components/LessonLoader.tsx [Server Component]
    ./app/curriculum/[subject]/[topic]/[lesson]/page.tsx [Server Component]

  Client Component SSR:
    ./content/dsa/arrays/dynamic-array.tsx [Client Component SSR]
    ./components/LessonLoader.tsx [Client Component SSR]
    ./components/LessonLoader.tsx [Server Component]
    ./app/curriculum/[subject]/[topic]/[lesson]/page.tsx [Server Component]


./content/dsa/arrays/dynamic-array.tsx:260:1
Unexpected token. Did you mean `{'}'}` or `&rbrace;`?
  [90m258 |[0m                   </div>
  [90m259 |[0m                 ))});
[31m[1m>[0m [90m260 |[0m }
  [90m    |[0m [31m[1m^[0m
  [90m261 |[0m
  [90m262 |[0m [36mconst[0m btnStyle = { background: [33mCOLORS[0m.borderLighter, border: [32m`1px solid 
[0m${[33mCOLORS[0m.border[32m}`[0m...
  [90m263 |[0m [36mconst[0m ctrlBtnStyle = { width: [35m32[0m, height: [35m32[0m, borderRadius: [35m6[0m, 
background: [33mCOLORS[0m.borderL...

Parsing ecmascript source code failed

Import traces:
  App Route:
    ./content/dsa/arrays/dynamic-array.tsx
    ./lib/content-registry.ts
    ./app/api/content/route.ts

  Client Component Browser:
    ./content/dsa/arrays/dynamic-array.tsx [Client Component Browser]
    ./components/LessonLoader.tsx [Client Component Browser]
    ./components/LessonLoader.tsx [Server Component]
    ./app/curriculum/[subject]/[topic]/[lesson]/page.tsx [Server Component]

  Client Component SSR:
    ./content/dsa/arrays/dynamic-array.tsx [Client Component SSR]
    ./components/LessonLoader.tsx [Client Component SSR]
    ./components/LessonLoader.tsx [Server Component]
    ./app/curriculum/[subject]/[topic]/[lesson]/page.tsx [Server Component]


./content/dsa/arrays/find-duplicate.tsx:161:3
Unexpected token. Did you mean `{'}'}` or `&rbrace;`?
  [90m159 |[0m         </div>
  [90m160 |[0m         <div style={{ padding: [32m'12px 14px'[0m }}>{content});
[31m[1m>[0m [90m161 |[0m   };
  [90m    |[0m   [31m[1m^[0m
  [90m162 |[0m
  [90m163 |[0m   [36mreturn[0m (
  [90m164 |[0m     <div style={{ width: [32m"100vw"[0m, height: [32m"100vh"[0m, overflowY: [32m"auto"[0m, 
background: [33mCOLORS[0m....

Parsing ecmascript source code failed

Import traces:
  App Route:
    ./content/dsa/arrays/find-duplicate.tsx
    ./lib/content-registry.ts
    ./app/api/content/route.ts

  Client Component Browser:
    ./content/dsa/arrays/find-duplicate.tsx [Client Component Browser]
    ./components/LessonLoader.tsx [Client Component Browser]
    ./components/LessonLoader.tsx [Server Component]
    ./app/curriculum/[subject]/[topic]/[lesson]/page.tsx [Server Component]

  Client Component SSR:
    ./content/dsa/arrays/find-duplicate.tsx [Client Component SSR]
    ./components/LessonLoader.tsx [Client Component SSR]
    ./components/LessonLoader.tsx [Server Component]
    ./app/curriculum/[subject]/[topic]/[lesson]/page.tsx [Server Component]


./content/dsa/arrays/find-duplicate.tsx:286:15
Unexpected token. Did you mean `{'}'}` or `&rbrace;`?
  [90m284 |[0m                       {isFast && <div style={{ fontSize: [35m8[0m, color: [33mCOLORS[0m.blue, 
fontWeigh...
  [90m285 |[0m                       <div style={{ fontSize: [35m8[0m, color: [33mCOLORS[0m.textDark }}>idx {i});
[31m[1m>[0m [90m286 |[0m               })});
  [90m    |[0m               [31m[1m^[0m
  [90m287 |[0m }
  [90m288 |[0m
  [90m289 |[0m [36mconst[0m btnStyle = { background: [33mCOLORS[0m.borderLighter, border: [32m`1px solid 
[0m${[33mCOLORS[0m.border[32m}`[0m...

Parsing ecmascript source code failed

Import traces:
  App Route:
    ./content/dsa/arrays/find-duplicate.tsx
    ./lib/content-registry.ts
    ./app/api/content/route.ts

  Client Component Browser:
    ./content/dsa/arrays/find-duplicate.tsx [Client Component Browser]
    ./components/LessonLoader.tsx [Client Component Browser]
    ./components/LessonLoader.tsx [Server Component]
    ./app/curriculum/[subject]/[topic]/[lesson]/page.tsx [Server Component]

  Client Component SSR:
    ./content/dsa/arrays/find-duplicate.tsx [Client Component SSR]
    ./components/LessonLoader.tsx [Client Component SSR]
    ./components/LessonLoader.tsx [Server Component]
    ./app/curriculum/[subject]/[topic]/[lesson]/page.tsx [Server Component]


./content/dsa/arrays/find-duplicate.tsx:286:17
Unexpected token. Did you mean `{'}'}` or `&rbrace;`?
  [90m284 |[0m                       {isFast && <div style={{ fontSize: [35m8[0m, color: [33mCOLORS[0m.blue, 
fontWeigh...
  [90m285 |[0m                       <div style={{ fontSize: [35m8[0m, color: [33mCOLORS[0m.textDark }}>idx {i});
[31m[1m>[0m [90m286 |[0m               })});
  [90m    |[0m                 [31m[1m^[0m
  [90m287 |[0m }
  [90m288 |[0m
  [90m289 |[0m [36mconst[0m btnStyle = { background: [33mCOLORS[0m.borderLighter, border: [32m`1px solid 
[0m${[33mCOLORS[0m.border[32m}`[0m...

Parsing ecmascript source code failed

Import traces:
  App Route:
    ./content/dsa/arrays/find-duplicate.tsx
    ./lib/content-registry.ts
    ./app/api/content/route.ts

  Client Component Browser:
    ./content/dsa/arrays/find-duplicate.tsx [Client Component Browser]
    ./components/LessonLoader.tsx [Client Component Browser]
    ./components/LessonLoader.tsx [Server Component]
    ./app/curriculum/[subject]/[topic]/[lesson]/page.tsx [Server Component]

  Client Component SSR:
    ./content/dsa/arrays/find-duplicate.tsx [Client Component SSR]
    ./components/LessonLoader.tsx [Client Component SSR]
    ./components/LessonLoader.tsx [Server Component]
    ./app/curriculum/[subject]/[topic]/[lesson]/page.tsx [Server Component]


./content/dsa/arrays/find-duplicate.tsx:287:1
Unexpected token. Did you mean `{'}'}` or `&rbrace;`?
  [90m285 |[0m                       <div style={{ fontSize: [35m8[0m, color: [33mCOLORS[0m.textDark }}>idx {i});
  [90m286 |[0m               })});
[31m[1m>[0m [90m287 |[0m }
  [90m    |[0m [31m[1m^[0m
  [90m288 |[0m
  [90m289 |[0m [36mconst[0m btnStyle = { background: [33mCOLORS[0m.borderLighter, border: [32m`1px solid 
[0m${[33mCOLORS[0m.border[32m}`[0m...
  [90m290 |[0m [36mconst[0m ctrlBtnStyle = { width: [35m32[0m, height: [35m32[0m, borderRadius: [35m6[0m, 
background: [33mCOLORS[0m.borderL...

Parsing ecmascript source code failed

Import traces:
  App Route:
    ./content/dsa/arrays/find-duplicate.tsx
    ./lib/content-registry.ts
    ./app/api/content/route.ts

  Client Component Browser:
    ./content/dsa/arrays/find-duplicate.tsx [Client Component Browser]
    ./components/LessonLoader.tsx [Client Component Browser]
    ./components/LessonLoader.tsx [Server Component]
    ./app/curriculum/[subject]/[topic]/[lesson]/page.tsx [Server Component]

  Client Component SSR:
    ./content/dsa/arrays/find-duplicate.tsx [Client Component SSR]
    ./components/LessonLoader.tsx [Client Component SSR]
    ./components/LessonLoader.tsx [Server Component]
    ./app/curriculum/[subject]/[topic]/[lesson]/page.tsx [Server Component]


./content/dsa/arrays/find-min-max.tsx:148:3
Unexpected token. Did you mean `{'}'}` or `&rbrace;`?
  [90m146 |[0m         </div>
  [90m147 |[0m         <div style={{ padding: [32m'12px 14px'[0m }}>{content});
[31m[1m>[0m [90m148 |[0m   };
  [90m    |[0m   [31m[1m^[0m
  [90m149 |[0m
  [90m150 |[0m   [36mreturn[0m (
  [90m151 |[0m     <div style={{ width: [32m"100vw"[0m, height: [32m"100vh"[0m, overflowY: [32m"auto"[0m, 
background: [33mCOLORS[0m....

Parsing ecmascript source code failed

Import traces:
  App Route:
    ./content/dsa/arrays/find-min-max.tsx
    ./lib/content-registry.ts
    ./app/api/content/route.ts

  Client Component Browser:
    ./content/dsa/arrays/find-min-max.tsx [Client Component Browser]
    ./components/LessonLoader.tsx [Client Component Browser]
    ./components/LessonLoader.tsx [Server Component]
    ./app/curriculum/[subject]/[topic]/[lesson]/page.tsx [Server Component]

  Client Component SSR:
    ./content/dsa/arrays/find-min-max.tsx [Client Component SSR]
    ./components/LessonLoader.tsx [Client Component SSR]
    ./components/LessonLoader.tsx [Server Component]
    ./app/curriculum/[subject]/[topic]/[lesson]/page.tsx [Server Component]


./content/dsa/arrays/find-min-max.tsx:261:15
Unexpected token. Did you mean `{'}'}` or `&rbrace;`?
  [90m259 |[0m                     }}>{val}</div>
  [90m260 |[0m                     <div style={{ fontSize: [35m10[0m, color: [33mCOLORS[0m.textDark }}>{isActive 
? [32m"CU..[0m.
[31m[1m>[0m [90m261 |[0m               })});
  [90m    |[0m               [31m[1m^[0m
  [90m262 |[0m }
  [90m263 |[0m
  [90m264 |[0m [36mconst[0m btnStyle = { background: [33mCOLORS[0m.borderLighter, border: [32m`1px solid 
[0m${[33mCOLORS[0m.border[32m}`[0m...

Parsing ecmascript source code failed

Import traces:
  App Route:
    ./content/dsa/arrays/find-min-max.tsx
    ./lib/content-registry.ts
    ./app/api/content/route.ts

  Client Component Browser:
    ./content/dsa/arrays/find-min-max.tsx [Client Component Browser]
    ./components/LessonLoader.tsx [Client Component Browser]
    ./components/LessonLoader.tsx [Server Component]
    ./app/curriculum/[subject]/[topic]/[lesson]/page.tsx [Server Component]

  Client Component SSR:
    ./content/dsa/arrays/find-min-max.tsx [Client Component SSR]
    ./components/LessonLoader.tsx [Client Component SSR]
    ./components/LessonLoader.tsx [Server Component]
    ./app/curriculum/[subject]/[topic]/[lesson]/page.tsx [Server Component]


./content/dsa/arrays/find-min-max.tsx:261:17
Unexpected token. Did you mean `{'}'}` or `&rbrace;`?
  [90m259 |[0m                     }}>{val}</div>
  [90m260 |[0m                     <div style={{ fontSize: [35m10[0m, color: [33mCOLORS[0m.textDark }}>{isActive 
? [32m"CU..[0m.
[31m[1m>[0m [90m261 |[0m               })});
  [90m    |[0m                 [31m[1m^[0m
  [90m262 |[0m }
  [90m263 |[0m
  [90m264 |[0m [36mconst[0m btnStyle = { background: [33mCOLORS[0m.borderLighter, border: [32m`1px solid 
[0m${[33mCOLORS[0m.border[32m}`[0m...

Parsing ecmascript source code failed

Import traces:
  App Route:
    ./content/dsa/arrays/find-min-max.tsx
    ./lib/content-registry.ts
    ./app/api/content/route.ts

  Client Component Browser:
    ./content/dsa/arrays/find-min-max.tsx [Client Component Browser]
    ./components/LessonLoader.tsx [Client Component Browser]
    ./components/LessonLoader.tsx [Server Component]
    ./app/curriculum/[subject]/[topic]/[lesson]/page.tsx [Server Component]

  Client Component SSR:
    ./content/dsa/arrays/find-min-max.tsx [Client Component SSR]
    ./components/LessonLoader.tsx [Client Component SSR]
    ./components/LessonLoader.tsx [Server Component]
    ./app/curriculum/[subject]/[topic]/[lesson]/page.tsx [Server Component]


./content/dsa/arrays/find-min-max.tsx:262:1
Unexpected token. Did you mean `{'}'}` or `&rbrace;`?
  [90m260 |[0m                     <div style={{ fontSize: [35m10[0m, color: [33mCOLORS[0m.textDark }}>{isActive 
? [32m"CU..[0m.
  [90m261 |[0m               })});
[31m[1m>[0m [90m262 |[0m }
  [90m    |[0m [31m[1m^[0m
  [90m263 |[0m
  [90m264 |[0m [36mconst[0m btnStyle = { background: [33mCOLORS[0m.borderLighter, border: [32m`1px solid 
[0m${[33mCOLORS[0m.border[32m}`[0m...
  [90m265 |[0m [36mconst[0m ctrlBtnStyle = { width: [35m32[0m, height: [35m32[0m, borderRadius: [35m6[0m, 
background: [33mCOLORS[0m.borderL...

Parsing ecmascript source code failed

Import traces:
  App Route:
    ./content/dsa/arrays/find-min-max.tsx
    ./lib/content-registry.ts
    ./app/api/content/route.ts

  Client Component Browser:
    ./content/dsa/arrays/find-min-max.tsx [Client Component Browser]
    ./components/LessonLoader.tsx [Client Component Browser]
    ./components/LessonLoader.tsx [Server Component]
    ./app/curriculum/[subject]/[topic]/[lesson]/page.tsx [Server Component]

  Client Component SSR:
    ./content/dsa/arrays/find-min-max.tsx [Client Component SSR]
    ./components/LessonLoader.tsx [Client Component SSR]
    ./components/LessonLoader.tsx [Server Component]
    ./app/curriculum/[subject]/[topic]/[lesson]/page.tsx [Server Component]


./content/dsa/arrays/kadane-algorithm.tsx:148:3
Unexpected token. Did you mean `{'}'}` or `&rbrace;`?
  [90m146 |[0m         </div>
  [90m147 |[0m         <div style={{ padding: [32m'12px 14px'[0m }}>{content});
[31m[1m>[0m [90m148 |[0m   };
  [90m    |[0m   [31m[1m^[0m
  [90m149 |[0m
  [90m150 |[0m   [36mreturn[0m (
  [90m151 |[0m     <div style={{ width: [32m"100vw"[0m, height: [32m"100vh"[0m, overflowY: [32m"auto"[0m, 
background: [33mCOLORS[0m....

Parsing ecmascript source code failed

Import traces:
  App Route:
    ./content/dsa/arrays/kadane-algorithm.tsx
    ./lib/content-registry.ts
    ./app/api/content/route.ts

  Client Component Browser:
    ./content/dsa/arrays/kadane-algorithm.tsx [Client Component Browser]
    ./components/LessonLoader.tsx [Client Component Browser]
    ./components/LessonLoader.tsx [Server Component]
    ./app/curriculum/[subject]/[topic]/[lesson]/page.tsx [Server Component]

  Client Component SSR:
    ./content/dsa/arrays/kadane-algorithm.tsx [Client Component SSR]
    ./components/LessonLoader.tsx [Client Component SSR]
    ./components/LessonLoader.tsx [Server Component]
    ./app/curriculum/[subject]/[topic]/[lesson]/page.tsx [Server Component]


./content/dsa/arrays/kadane-algorithm.tsx:258:15
Unexpected token. Did you mean `{'}'}` or `&rbrace;`?
  [90m256 |[0m                     }}>{val}</div>
  [90m257 |[0m                     <div style={{ fontSize: [35m9[0m, color: [33mCOLORS[0m.textDark }}>{isActive 
? [32m"CUR.[0m..
[31m[1m>[0m [90m258 |[0m               })});
  [90m    |[0m               [31m[1m^[0m
  [90m259 |[0m }
  [90m260 |[0m
  [90m261 |[0m [36mconst[0m btnStyle = { background: [33mCOLORS[0m.borderLighter, border: [32m`1px solid 
[0m${[33mCOLORS[0m.border[32m}`[0m...

Parsing ecmascript source code failed

Import traces:
  App Route:
    ./content/dsa/arrays/kadane-algorithm.tsx
    ./lib/content-registry.ts
    ./app/api/content/route.ts

  Client Component Browser:
    ./content/dsa/arrays/kadane-algorithm.tsx [Client Component Browser]
    ./components/LessonLoader.tsx [Client Component Browser]
    ./components/LessonLoader.tsx [Server Component]
    ./app/curriculum/[subject]/[topic]/[lesson]/page.tsx [Server Component]

  Client Component SSR:
    ./content/dsa/arrays/kadane-algorithm.tsx [Client Component SSR]
    ./components/LessonLoader.tsx [Client Component SSR]
    ./components/LessonLoader.tsx [Server Component]
    ./app/curriculum/[subject]/[topic]/[lesson]/page.tsx [Server Component]


./content/dsa/arrays/kadane-algorithm.tsx:258:17
Unexpected token. Did you mean `{'}'}` or `&rbrace;`?
  [90m256 |[0m                     }}>{val}</div>
  [90m257 |[0m                     <div style={{ fontSize: [35m9[0m, color: [33mCOLORS[0m.textDark }}>{isActive 
? [32m"CUR.[0m..
[31m[1m>[0m [90m258 |[0m               })});
  [90m    |[0m                 [31m[1m^[0m
  [90m259 |[0m }
  [90m260 |[0m
  [90m261 |[0m [36mconst[0m btnStyle = { background: [33mCOLORS[0m.borderLighter, border: [32m`1px solid 
[0m${[33mCOLORS[0m.border[32m}`[0m...

Parsing ecmascript source code failed

Import traces:
  App Route:
    ./content/dsa/arrays/kadane-algorithm.tsx
    ./lib/content-registry.ts
    ./app/api/content/route.ts

  Client Component Browser:
    ./content/dsa/arrays/kadane-algorithm.tsx [Client Component Browser]
    ./components/LessonLoader.tsx [Client Component Browser]
    ./components/LessonLoader.tsx [Server Component]
    ./app/curriculum/[subject]/[topic]/[lesson]/page.tsx [Server Component]

  Client Component SSR:
    ./content/dsa/arrays/kadane-algorithm.tsx [Client Component SSR]
    ./components/LessonLoader.tsx [Client Component SSR]
    ./components/LessonLoader.tsx [Server Component]
    ./app/curriculum/[subject]/[topic]/[lesson]/page.tsx [Server Component]


./content/dsa/arrays/kadane-algorithm.tsx:259:1
Unexpected token. Did you mean `{'}'}` or `&rbrace;`?
  [90m257 |[0m                     <div style={{ fontSize: [35m9[0m, color: [33mCOLORS[0m.textDark }}>{isActive 
? [32m"CUR.[0m..
  [90m258 |[0m               })});
[31m[1m>[0m [90m259 |[0m }
  [90m    |[0m [31m[1m^[0m
  [90m260 |[0m
  [90m261 |[0m [36mconst[0m btnStyle = { background: [33mCOLORS[0m.borderLighter, border: [32m`1px solid 
[0m${[33mCOLORS[0m.border[32m}`[0m...
  [90m262 |[0m [36mconst[0m ctrlBtnStyle = { width: [35m32[0m, height: [35m32[0m, borderRadius: [35m6[0m, 
background: [33mCOLORS[0m.borderL...

Parsing ecmascript source code failed

Import traces:
  App Route:
    ./content/dsa/arrays/kadane-algorithm.tsx
    ./lib/content-registry.ts
    ./app/api/content/route.ts

  Client Component Browser:
    ./content/dsa/arrays/kadane-algorithm.tsx [Client Component Browser]
    ./components/LessonLoader.tsx [Client Component Browser]
    ./components/LessonLoader.tsx [Server Component]
    ./app/curriculum/[subject]/[topic]/[lesson]/page.tsx [Server Component]

  Client Component SSR:
    ./content/dsa/arrays/kadane-algorithm.tsx [Client Component SSR]
    ./components/LessonLoader.tsx [Client Component SSR]
    ./components/LessonLoader.tsx [Server Component]
    ./app/curriculum/[subject]/[topic]/[lesson]/page.tsx [Server Component]


./content/dsa/arrays/linear-search.tsx:159:3
Unexpected token. Did you mean `{'}'}` or `&rbrace;`?
  [90m157 |[0m         </div>
  [90m158 |[0m         <div style={{ padding: [32m'12px 14px'[0m }}>{content});
[31m[1m>[0m [90m159 |[0m   };
  [90m    |[0m   [31m[1m^[0m
  [90m160 |[0m
  [90m161 |[0m   [36mreturn[0m (
  [90m162 |[0m     <div style={{ width: [32m"100vw"[0m, height: [32m"100vh"[0m, overflowY: [32m"auto"[0m, 
background: [33mCOLORS[0m....

Parsing ecmascript source code failed

Import traces:
  App Route:
    ./content/dsa/arrays/linear-search.tsx
    ./lib/content-registry.ts
    ./app/api/content/route.ts

  Client Component Browser:
    ./content/dsa/arrays/linear-search.tsx [Client Component Browser]
    ./components/LessonLoader.tsx [Client Component Browser]
    ./components/LessonLoader.tsx [Server Component]
    ./app/curriculum/[subject]/[topic]/[lesson]/page.tsx [Server Component]

  Client Component SSR:
    ./content/dsa/arrays/linear-search.tsx [Client Component SSR]
    ./components/LessonLoader.tsx [Client Component SSR]
    ./components/LessonLoader.tsx [Server Component]
    ./app/curriculum/[subject]/[topic]/[lesson]/page.tsx [Server Component]


./content/dsa/arrays/linear-search.tsx:272:1
Unexpected token. Did you mean `{'}'}` or `&rbrace;`?
  [90m270 |[0m                 </div>
  [90m271 |[0m               ))});
[31m[1m>[0m [90m272 |[0m }
  [90m    |[0m [31m[1m^[0m
  [90m273 |[0m
  [90m274 |[0m [36mconst[0m btnStyle = { background: [33mCOLORS[0m.borderLighter, border: [32m`1px solid 
[0m${[33mCOLORS[0m.border[32m}`[0m...
  [90m275 |[0m [36mconst[0m ctrlBtnStyle = { width: [35m32[0m, height: [35m32[0m, borderRadius: [35m6[0m, 
background: [33mCOLORS[0m.borderL...

Parsing ecmascript source code failed

Import traces:
  App Route:
    ./content/dsa/arrays/linear-search.tsx
    ./lib/content-registry.ts
    ./app/api/content/route.ts

  Client Component Browser:
    ./content/dsa/arrays/linear-search.tsx [Client Component Browser]
    ./components/LessonLoader.tsx [Client Component Browser]
    ./components/LessonLoader.tsx [Server Component]
    ./app/curriculum/[subject]/[topic]/[lesson]/page.tsx [Server Component]

  Client Component SSR:
    ./content/dsa/arrays/linear-search.tsx [Client Component SSR]
    ./components/LessonLoader.tsx [Client Component SSR]
    ./components/LessonLoader.tsx [Server Component]
    ./app/curriculum/[subject]/[topic]/[lesson]/page.tsx [Server Component]


./content/dsa/arrays/maximum-product-subarray.tsx:153:3
Unexpected token. Did you mean `{'}'}` or `&rbrace;`?
  [90m151 |[0m         </div>
  [90m152 |[0m         <div style={{ padding: [32m'12px 14px'[0m }}>{content});
[31m[1m>[0m [90m153 |[0m   };
  [90m    |[0m   [31m[1m^[0m
  [90m154 |[0m
  [90m155 |[0m   [36mreturn[0m (
  [90m156 |[0m     <div style={{ width: [32m"100vw"[0m, height: [32m"100vh"[0m, overflowY: [32m"auto"[0m, 
background: [33mCOLORS[0m....

Parsing ecmascript source code failed

Import traces:
  App Route:
    ./content/dsa/arrays/maximum-product-subarray.tsx
    ./lib/content-registry.ts
    ./app/api/content/route.ts

  Client Component Browser:
    ./content/dsa/arrays/maximum-product-subarray.tsx [Client Component Browser]
    ./components/LessonLoader.tsx [Client Component Browser]
    ./components/LessonLoader.tsx [Server Component]
    ./app/curriculum/[subject]/[topic]/[lesson]/page.tsx [Server Component]

  Client Component SSR:
    ./content/dsa/arrays/maximum-product-subarray.tsx [Client Component SSR]
    ./components/LessonLoader.tsx [Client Component SSR]
    ./components/LessonLoader.tsx [Server Component]
    ./app/curriculum/[subject]/[topic]/[lesson]/page.tsx [Server Component]


./content/dsa/arrays/maximum-product-subarray.tsx:266:15
Unexpected token. Did you mean `{'}'}` or `&rbrace;`?
  [90m264 |[0m                     }}>{val}</div>
  [90m265 |[0m                     <div style={{ fontSize: [35m9[0m, color: [33mCOLORS[0m.textDark }}>{isCurrent 
? [32m"CU..[0m.
[31m[1m>[0m [90m266 |[0m               })});
  [90m    |[0m               [31m[1m^[0m
  [90m267 |[0m }
  [90m268 |[0m
  [90m269 |[0m [36mconst[0m btnStyle = { background: [33mCOLORS[0m.borderLighter, border: [32m`1px solid 
[0m${[33mCOLORS[0m.border[32m}`[0m...

Parsing ecmascript source code failed

Import traces:
  App Route:
    ./content/dsa/arrays/maximum-product-subarray.tsx
    ./lib/content-registry.ts
    ./app/api/content/route.ts

  Client Component Browser:
    ./content/dsa/arrays/maximum-product-subarray.tsx [Client Component Browser]
    ./components/LessonLoader.tsx [Client Component Browser]
    ./components/LessonLoader.tsx [Server Component]
    ./app/curriculum/[subject]/[topic]/[lesson]/page.tsx [Server Component]

  Client Component SSR:
    ./content/dsa/arrays/maximum-product-subarray.tsx [Client Component SSR]
    ./components/LessonLoader.tsx [Client Component SSR]
    ./components/LessonLoader.tsx [Server Component]
    ./app/curriculum/[subject]/[topic]/[lesson]/page.tsx [Server Component]


./content/dsa/arrays/maximum-product-subarray.tsx:266:17
Unexpected token. Did you mean `{'}'}` or `&rbrace;`?
  [90m264 |[0m                     }}>{val}</div>
  [90m265 |[0m                     <div style={{ fontSize: [35m9[0m, color: [33mCOLORS[0m.textDark }}>{isCurrent 
? [32m"CU..[0m.
[31m[1m>[0m [90m266 |[0m               })});
  [90m    |[0m                 [31m[1m^[0m
  [90m267 |[0m }
  [90m268 |[0m
  [90m269 |[0m [36mconst[0m btnStyle = { background: [33mCOLORS[0m.borderLighter, border: [32m`1px solid 
[0m${[33mCOLORS[0m.border[32m}`[0m...

Parsing ecmascript source code failed

Import traces:
  App Route:
    ./content/dsa/arrays/maximum-product-subarray.tsx
    ./lib/content-registry.ts
    ./app/api/content/route.ts

  Client Component Browser:
    ./content/dsa/arrays/maximum-product-subarray.tsx [Client Component Browser]
    ./components/LessonLoader.tsx [Client Component Browser]
    ./components/LessonLoader.tsx [Server Component]
    ./app/curriculum/[subject]/[topic]/[lesson]/page.tsx [Server Component]

  Client Component SSR:
    ./content/dsa/arrays/maximum-product-subarray.tsx [Client Component SSR]
    ./components/LessonLoader.tsx [Client Component SSR]
    ./components/LessonLoader.tsx [Server Component]
    ./app/curriculum/[subject]/[topic]/[lesson]/page.tsx [Server Component]


./content/dsa/arrays/maximum-product-subarray.tsx:267:1
Unexpected token. Did you mean `{'}'}` or `&rbrace;`?
  [90m265 |[0m                     <div style={{ fontSize: [35m9[0m, color: [33mCOLORS[0m.textDark }}>{isCurrent 
? [32m"CU..[0m.
  [90m266 |[0m               })});
[31m[1m>[0m [90m267 |[0m }
  [90m    |[0m [31m[1m^[0m
  [90m268 |[0m
  [90m269 |[0m [36mconst[0m btnStyle = { background: [33mCOLORS[0m.borderLighter, border: [32m`1px solid 
[0m${[33mCOLORS[0m.border[32m}`[0m...
  [90m270 |[0m [36mconst[0m ctrlBtnStyle = { width: [35m32[0m, height: [35m32[0m, borderRadius: [35m6[0m, 
background: [33mCOLORS[0m.borderL...

Parsing ecmascript source code failed

Import traces:
  App Route:
    ./content/dsa/arrays/maximum-product-subarray.tsx
    ./lib/content-registry.ts
    ./app/api/content/route.ts

  Client Component Browser:
    ./content/dsa/arrays/maximum-product-subarray.tsx [Client Component Browser]
    ./components/LessonLoader.tsx [Client Component Browser]
    ./components/LessonLoader.tsx [Server Component]
    ./app/curriculum/[subject]/[topic]/[lesson]/page.tsx [Server Component]

  Client Component SSR:
    ./content/dsa/arrays/maximum-product-subarray.tsx [Client Component SSR]
    ./components/LessonLoader.tsx [Client Component SSR]
    ./components/LessonLoader.tsx [Server Component]
    ./app/curriculum/[subject]/[topic]/[lesson]/page.tsx [Server Component]


./content/dsa/arrays/merge-intervals.tsx:166:3
Unexpected token. Did you mean `{'}'}` or `&rbrace;`?
  [90m164 |[0m         </div>
  [90m165 |[0m         <div style={{ padding: [32m'12px 14px'[0m }}>{content});
[31m[1m>[0m [90m166 |[0m   };
  [90m    |[0m   [31m[1m^[0m
  [90m167 |[0m
  [90m168 |[0m   [36mreturn[0m (
  [90m169 |[0m     <div style={{ width: [32m"100vw"[0m, height: [32m"100vh"[0m, overflowY: [32m"auto"[0m, 
background: [33mCOLORS[0m....

Parsing ecmascript source code failed

Import traces:
  App Route:
    ./content/dsa/arrays/merge-intervals.tsx
    ./lib/content-registry.ts
    ./app/api/content/route.ts

  Client Component Browser:
    ./content/dsa/arrays/merge-intervals.tsx [Client Component Browser]
    ./components/LessonLoader.tsx [Client Component Browser]
    ./components/LessonLoader.tsx [Server Component]
    ./app/curriculum/[subject]/[topic]/[lesson]/page.tsx [Server Component]

  Client Component SSR:
    ./content/dsa/arrays/merge-intervals.tsx [Client Component SSR]
    ./components/LessonLoader.tsx [Client Component SSR]
    ./components/LessonLoader.tsx [Server Component]
    ./app/curriculum/[subject]/[topic]/[lesson]/page.tsx [Server Component]


./content/dsa/arrays/merge-intervals.tsx:274:1
Unexpected token. Did you mean `{'}'}` or `&rbrace;`?
  [90m272 |[0m                   }}>[{it.start}, {it.end}]</div>
  [90m273 |[0m                 ))});
[31m[1m>[0m [90m274 |[0m }
  [90m    |[0m [31m[1m^[0m
  [90m275 |[0m
  [90m276 |[0m [36mconst[0m btnStyle = { background: [33mCOLORS[0m.borderLighter, border: [32m`1px solid 
[0m${[33mCOLORS[0m.border[32m}`[0m...
  [90m277 |[0m [36mconst[0m ctrlBtnStyle = { width: [35m32[0m, height: [35m32[0m, borderRadius: [35m6[0m, 
background: [33mCOLORS[0m.borderL...

Parsing ecmascript source code failed

Import traces:
  App Route:
    ./content/dsa/arrays/merge-intervals.tsx
    ./lib/content-registry.ts
    ./app/api/content/route.ts

  Client Component Browser:
    ./content/dsa/arrays/merge-intervals.tsx [Client Component Browser]
    ./components/LessonLoader.tsx [Client Component Browser]
    ./components/LessonLoader.tsx [Server Component]
    ./app/curriculum/[subject]/[topic]/[lesson]/page.tsx [Server Component]

  Client Component SSR:
    ./content/dsa/arrays/merge-intervals.tsx [Client Component SSR]
    ./components/LessonLoader.tsx [Client Component SSR]
    ./components/LessonLoader.tsx [Server Component]
    ./app/curriculum/[subject]/[topic]/[lesson]/page.tsx [Server Component]


./content/dsa/arrays/merge-sorted-arrays.tsx:158:3
Unexpected token. Did you mean `{'}'}` or `&rbrace;`?
  [90m156 |[0m         </div>
  [90m157 |[0m         <div style={{ padding: [32m'12px 14px'[0m }}>{content});
[31m[1m>[0m [90m158 |[0m   };
  [90m    |[0m   [31m[1m^[0m
  [90m159 |[0m
  [90m160 |[0m   [36mreturn[0m (
  [90m161 |[0m     <div style={{ width: [32m"100vw"[0m, height: [32m"100vh"[0m, overflowY: [32m"auto"[0m, 
background: [33mCOLORS[0m....

Parsing ecmascript source code failed

Import traces:
  App Route:
    ./content/dsa/arrays/merge-sorted-arrays.tsx
    ./lib/content-registry.ts
    ./app/api/content/route.ts

  Client Component Browser:
    ./content/dsa/arrays/merge-sorted-arrays.tsx [Client Component Browser]
    ./components/LessonLoader.tsx [Client Component Browser]
    ./components/LessonLoader.tsx [Server Component]
    ./app/curriculum/[subject]/[topic]/[lesson]/page.tsx [Server Component]

  Client Component SSR:
    ./content/dsa/arrays/merge-sorted-arrays.tsx [Client Component SSR]
    ./components/LessonLoader.tsx [Client Component SSR]
    ./components/LessonLoader.tsx [Server Component]
    ./app/curriculum/[subject]/[topic]/[lesson]/page.tsx [Server Component]


./content/dsa/arrays/merge-sorted-arrays.tsx:291:17
Unexpected token. Did you mean `{'}'}` or `&rbrace;`?
  [90m289 |[0m                       }}>{val ?? [32m"├ÿ"[0m}</div>
  [90m290 |[0m                       <div style={{ fontSize: [35m8[0m, color: [33mCOLORS[0m.textDark }}>{isP1 ? 
[32m"P1"[0m :...
[31m[1m>[0m [90m291 |[0m                 })}
  [90m    |[0m                 [31m[1m^[0m
  [90m292 |[0m               </div>
  [90m293 |[0m             </div>
  [90m294 |[0m

Parsing ecmascript source code failed

Import traces:
  App Route:
    ./content/dsa/arrays/merge-sorted-arrays.tsx
    ./lib/content-registry.ts
    ./app/api/content/route.ts

  Client Component Browser:
    ./content/dsa/arrays/merge-sorted-arrays.tsx [Client Component Browser]
    ./components/LessonLoader.tsx [Client Component Browser]
    ./components/LessonLoader.tsx [Server Component]
    ./app/curriculum/[subject]/[topic]/[lesson]/page.tsx [Server Component]

  Client Component SSR:
    ./content/dsa/arrays/merge-sorted-arrays.tsx [Client Component SSR]
    ./components/LessonLoader.tsx [Client Component SSR]
    ./components/LessonLoader.tsx [Server Component]
    ./app/curriculum/[subject]/[topic]/[lesson]/page.tsx [Server Component]


./content/dsa/arrays/merge-sorted-arrays.tsx:291:19
Unexpected token. Did you mean `{'}'}` or `&rbrace;`?
  [90m289 |[0m                       }}>{val ?? [32m"├ÿ"[0m}</div>
  [90m290 |[0m                       <div style={{ fontSize: [35m8[0m, color: [33mCOLORS[0m.textDark }}>{isP1 ? 
[32m"P1"[0m :...
[31m[1m>[0m [90m291 |[0m                 })}
  [90m    |[0m                   [31m[1m^[0m
  [90m292 |[0m               </div>
  [90m293 |[0m             </div>
  [90m294 |[0m

Parsing ecmascript source code failed

Import traces:
  App Route:
    ./content/dsa/arrays/merge-sorted-arrays.tsx
    ./lib/content-registry.ts
    ./app/api/content/route.ts

  Client Component Browser:
    ./content/dsa/arrays/merge-sorted-arrays.tsx [Client Component Browser]
    ./components/LessonLoader.tsx [Client Component Browser]
    ./components/LessonLoader.tsx [Server Component]
    ./app/curriculum/[subject]/[topic]/[lesson]/page.tsx [Server Component]

  Client Component SSR:
    ./content/dsa/arrays/merge-sorted-arrays.tsx [Client Component SSR]
    ./components/LessonLoader.tsx [Client Component SSR]
    ./components/LessonLoader.tsx [Server Component]
    ./app/curriculum/[subject]/[topic]/[lesson]/page.tsx [Server Component]


./content/dsa/arrays/missing-number.tsx:138:3
Unexpected token. Did you mean `{'}'}` or `&rbrace;`?
  [90m136 |[0m         </div>
  [90m137 |[0m         <div style={{ padding: [32m'12px 14px'[0m }}>{content});
[31m[1m>[0m [90m138 |[0m   };
  [90m    |[0m   [31m[1m^[0m
  [90m139 |[0m
  [90m140 |[0m   [36mreturn[0m (
  [90m141 |[0m     <div style={{ width: [32m"100vw"[0m, height: [32m"100vh"[0m, overflowY: [32m"auto"[0m, 
background: [33mCOLORS[0m....

Parsing ecmascript source code failed

Import traces:
  App Route:
    ./content/dsa/arrays/missing-number.tsx
    ./lib/content-registry.ts
    ./app/api/content/route.ts

  Client Component Browser:
    ./content/dsa/arrays/missing-number.tsx [Client Component Browser]
    ./components/LessonLoader.tsx [Client Component Browser]
    ./components/LessonLoader.tsx [Server Component]
    ./app/curriculum/[subject]/[topic]/[lesson]/page.tsx [Server Component]

  Client Component SSR:
    ./content/dsa/arrays/missing-number.tsx [Client Component SSR]
    ./components/LessonLoader.tsx [Client Component SSR]
    ./components/LessonLoader.tsx [Server Component]
    ./app/curriculum/[subject]/[topic]/[lesson]/page.tsx [Server Component]


./content/dsa/arrays/missing-number.tsx:251:15
Unexpected token. Did you mean `{'}'}` or `&rbrace;`?
  [90m249 |[0m                     }}>{val}</div>
  [90m250 |[0m                     <div style={{ fontSize: [35m9[0m, color: [33mCOLORS[0m.textDark }}>{isCurrent 
? [32m"AD..[0m.
[31m[1m>[0m [90m251 |[0m               })});
  [90m    |[0m               [31m[1m^[0m
  [90m252 |[0m }
  [90m253 |[0m
  [90m254 |[0m [36mconst[0m btnStyle = { background: [33mCOLORS[0m.borderLighter, border: [32m`1px solid 
[0m${[33mCOLORS[0m.border[32m}`[0m...

Parsing ecmascript source code failed

Import traces:
  App Route:
    ./content/dsa/arrays/missing-number.tsx
    ./lib/content-registry.ts
    ./app/api/content/route.ts

  Client Component Browser:
    ./content/dsa/arrays/missing-number.tsx [Client Component Browser]
    ./components/LessonLoader.tsx [Client Component Browser]
    ./components/LessonLoader.tsx [Server Component]
    ./app/curriculum/[subject]/[topic]/[lesson]/page.tsx [Server Component]

  Client Component SSR:
    ./content/dsa/arrays/missing-number.tsx [Client Component SSR]
    ./components/LessonLoader.tsx [Client Component SSR]
    ./components/LessonLoader.tsx [Server Component]
    ./app/curriculum/[subject]/[topic]/[lesson]/page.tsx [Server Component]


./content/dsa/arrays/missing-number.tsx:251:17
Unexpected token. Did you mean `{'}'}` or `&rbrace;`?
  [90m249 |[0m                     }}>{val}</div>
  [90m250 |[0m                     <div style={{ fontSize: [35m9[0m, color: [33mCOLORS[0m.textDark }}>{isCurrent 
? [32m"AD..[0m.
[31m[1m>[0m [90m251 |[0m               })});
  [90m    |[0m                 [31m[1m^[0m
  [90m252 |[0m }
  [90m253 |[0m
  [90m254 |[0m [36mconst[0m btnStyle = { background: [33mCOLORS[0m.borderLighter, border: [32m`1px solid 
[0m${[33mCOLORS[0m.border[32m}`[0m...

Parsing ecmascript source code failed

Import traces:
  App Route:
    ./content/dsa/arrays/missing-number.tsx
    ./lib/content-registry.ts
    ./app/api/content/route.ts

  Client Component Browser:
    ./content/dsa/arrays/missing-number.tsx [Client Component Browser]
    ./components/LessonLoader.tsx [Client Component Browser]
    ./components/LessonLoader.tsx [Server Component]
    ./app/curriculum/[subject]/[topic]/[lesson]/page.tsx [Server Component]

  Client Component SSR:
    ./content/dsa/arrays/missing-number.tsx [Client Component SSR]
    ./components/LessonLoader.tsx [Client Component SSR]
    ./components/LessonLoader.tsx [Server Component]
    ./app/curriculum/[subject]/[topic]/[lesson]/page.tsx [Server Component]


./content/dsa/arrays/missing-number.tsx:252:1
Unexpected token. Did you mean `{'}'}` or `&rbrace;`?
  [90m250 |[0m                     <div style={{ fontSize: [35m9[0m, color: [33mCOLORS[0m.textDark }}>{isCurrent 
? [32m"AD..[0m.
  [90m251 |[0m               })});
[31m[1m>[0m [90m252 |[0m }
  [90m    |[0m [31m[1m^[0m
  [90m253 |[0m
  [90m254 |[0m [36mconst[0m btnStyle = { background: [33mCOLORS[0m.borderLighter, border: [32m`1px solid 
[0m${[33mCOLORS[0m.border[32m}`[0m...
  [90m255 |[0m [36mconst[0m ctrlBtnStyle = { width: [35m32[0m, height: [35m32[0m, borderRadius: [35m6[0m, 
background: [33mCOLORS[0m.borderL...

Parsing ecmascript source code failed

Import traces:
  App Route:
    ./content/dsa/arrays/missing-number.tsx
    ./lib/content-registry.ts
    ./app/api/content/route.ts

  Client Component Browser:
    ./content/dsa/arrays/missing-number.tsx [Client Component Browser]
    ./components/LessonLoader.tsx [Client Component Browser]
    ./components/LessonLoader.tsx [Server Component]
    ./app/curriculum/[subject]/[topic]/[lesson]/page.tsx [Server Component]

  Client Component SSR:
    ./content/dsa/arrays/missing-number.tsx [Client Component SSR]
    ./components/LessonLoader.tsx [Client Component SSR]
    ./components/LessonLoader.tsx [Server Component]
    ./app/curriculum/[subject]/[topic]/[lesson]/page.tsx [Server Component]


./content/dsa/arrays/move-zeroes.tsx:140:3
Unexpected token. Did you mean `{'}'}` or `&rbrace;`?
  [90m138 |[0m         </div>
  [90m139 |[0m         <div style={{ padding: [32m'12px 14px'[0m }}>{content});
[31m[1m>[0m [90m140 |[0m   };
  [90m    |[0m   [31m[1m^[0m
  [90m141 |[0m
  [90m142 |[0m   [36mreturn[0m (
  [90m143 |[0m     <div style={{ width: [32m"100vw"[0m, height: [32m"100vh"[0m, overflowY: [32m"auto"[0m, 
background: [33mCOLORS[0m....

Parsing ecmascript source code failed

Import traces:
  App Route:
    ./content/dsa/arrays/move-zeroes.tsx
    ./lib/content-registry.ts
    ./app/api/content/route.ts

  Client Component Browser:
    ./content/dsa/arrays/move-zeroes.tsx [Client Component Browser]
    ./components/LessonLoader.tsx [Client Component Browser]
    ./components/LessonLoader.tsx [Server Component]
    ./app/curriculum/[subject]/[topic]/[lesson]/page.tsx [Server Component]

  Client Component SSR:
    ./content/dsa/arrays/move-zeroes.tsx [Client Component SSR]
    ./components/LessonLoader.tsx [Client Component SSR]
    ./components/LessonLoader.tsx [Server Component]
    ./app/curriculum/[subject]/[topic]/[lesson]/page.tsx [Server Component]


./content/dsa/arrays/move-zeroes.tsx:251:15
Unexpected token. Did you mean `{'}'}` or `&rbrace;`?
  [90m249 |[0m                     }}>{val}</div>
  [90m250 |[0m                     <div style={{ fontSize: [35m12[0m, color: [33mCOLORS[0m.textDark }}>{isRead ? 
[32m"RD"[0m ...
[31m[1m>[0m [90m251 |[0m               })});
  [90m    |[0m               [31m[1m^[0m
  [90m252 |[0m }
  [90m253 |[0m
  [90m254 |[0m [36mconst[0m btnStyle = { background: [33mCOLORS[0m.borderLighter, border: [32m`1px solid 
[0m${[33mCOLORS[0m.border[32m}`[0m...

Parsing ecmascript source code failed

Import traces:
  App Route:
    ./content/dsa/arrays/move-zeroes.tsx
    ./lib/content-registry.ts
    ./app/api/content/route.ts

  Client Component Browser:
    ./content/dsa/arrays/move-zeroes.tsx [Client Component Browser]
    ./components/LessonLoader.tsx [Client Component Browser]
    ./components/LessonLoader.tsx [Server Component]
    ./app/curriculum/[subject]/[topic]/[lesson]/page.tsx [Server Component]

  Client Component SSR:
    ./content/dsa/arrays/move-zeroes.tsx [Client Component SSR]
    ./components/LessonLoader.tsx [Client Component SSR]
    ./components/LessonLoader.tsx [Server Component]
    ./app/curriculum/[subject]/[topic]/[lesson]/page.tsx [Server Component]


./content/dsa/arrays/move-zeroes.tsx:251:17
Unexpected token. Did you mean `{'}'}` or `&rbrace;`?
  [90m249 |[0m                     }}>{val}</div>
  [90m250 |[0m                     <div style={{ fontSize: [35m12[0m, color: [33mCOLORS[0m.textDark }}>{isRead ? 
[32m"RD"[0m ...
[31m[1m>[0m [90m251 |[0m               })});
  [90m    |[0m                 [31m[1m^[0m
  [90m252 |[0m }
  [90m253 |[0m
  [90m254 |[0m [36mconst[0m btnStyle = { background: [33mCOLORS[0m.borderLighter, border: [32m`1px solid 
[0m${[33mCOLORS[0m.border[32m}`[0m...

Parsing ecmascript source code failed

Import traces:
  App Route:
    ./content/dsa/arrays/move-zeroes.tsx
    ./lib/content-registry.ts
    ./app/api/content/route.ts

  Client Component Browser:
    ./content/dsa/arrays/move-zeroes.tsx [Client Component Browser]
    ./components/LessonLoader.tsx [Client Component Browser]
    ./components/LessonLoader.tsx [Server Component]
    ./app/curriculum/[subject]/[topic]/[lesson]/page.tsx [Server Component]

  Client Component SSR:
    ./content/dsa/arrays/move-zeroes.tsx [Client Component SSR]
    ./components/LessonLoader.tsx [Client Component SSR]
    ./components/LessonLoader.tsx [Server Component]
    ./app/curriculum/[subject]/[topic]/[lesson]/page.tsx [Server Component]


./content/dsa/arrays/move-zeroes.tsx:252:1
Unexpected token. Did you mean `{'}'}` or `&rbrace;`?
  [90m250 |[0m                     <div style={{ fontSize: [35m12[0m, color: [33mCOLORS[0m.textDark }}>{isRead ? 
[32m"RD"[0m ...
  [90m251 |[0m               })});
[31m[1m>[0m [90m252 |[0m }
  [90m    |[0m [31m[1m^[0m
  [90m253 |[0m
  [90m254 |[0m [36mconst[0m btnStyle = { background: [33mCOLORS[0m.borderLighter, border: [32m`1px solid 
[0m${[33mCOLORS[0m.border[32m}`[0m...
  [90m255 |[0m [36mconst[0m ctrlBtnStyle = { width: [35m32[0m, height: [35m32[0m, borderRadius: [35m6[0m, 
background: [33mCOLORS[0m.borderL...

Parsing ecmascript source code failed

Import traces:
  App Route:
    ./content/dsa/arrays/move-zeroes.tsx
    ./lib/content-registry.ts
    ./app/api/content/route.ts

  Client Component Browser:
    ./content/dsa/arrays/move-zeroes.tsx [Client Component Browser]
    ./components/LessonLoader.tsx [Client Component Browser]
    ./components/LessonLoader.tsx [Server Component]
    ./app/curriculum/[subject]/[topic]/[lesson]/page.tsx [Server Component]

  Client Component SSR:
    ./content/dsa/arrays/move-zeroes.tsx [Client Component SSR]
    ./components/LessonLoader.tsx [Client Component SSR]
    ./components/LessonLoader.tsx [Server Component]
    ./app/curriculum/[subject]/[topic]/[lesson]/page.tsx [Server Component]


./content/dsa/arrays/prefix-sum-basics.tsx:136:3
Unexpected token. Did you mean `{'}'}` or `&rbrace;`?
  [90m134 |[0m         </div>
  [90m135 |[0m         <div style={{ padding: [32m'12px 14px'[0m }}>{content});
[31m[1m>[0m [90m136 |[0m   };
  [90m    |[0m   [31m[1m^[0m
  [90m137 |[0m
  [90m138 |[0m   [36mreturn[0m (
  [90m139 |[0m     <div style={{ width: [32m"100vw"[0m, height: [32m"100vh"[0m, overflowY: [32m"auto"[0m, 
background: [33mCOLORS[0m....

Parsing ecmascript source code failed

Import traces:
  App Route:
    ./content/dsa/arrays/prefix-sum-basics.tsx
    ./lib/content-registry.ts
    ./app/api/content/route.ts

  Client Component Browser:
    ./content/dsa/arrays/prefix-sum-basics.tsx [Client Component Browser]
    ./components/LessonLoader.tsx [Client Component Browser]
    ./components/LessonLoader.tsx [Server Component]
    ./app/curriculum/[subject]/[topic]/[lesson]/page.tsx [Server Component]

  Client Component SSR:
    ./content/dsa/arrays/prefix-sum-basics.tsx [Client Component SSR]
    ./components/LessonLoader.tsx [Client Component SSR]
    ./components/LessonLoader.tsx [Server Component]
    ./app/curriculum/[subject]/[topic]/[lesson]/page.tsx [Server Component]


./content/dsa/arrays/prefix-sum-basics.tsx:261:1
Unexpected token. Did you mean `{'}'}` or `&rbrace;`?
  [90m259 |[0m                 </div>
  [90m260 |[0m               ))});
[31m[1m>[0m [90m261 |[0m }
  [90m    |[0m [31m[1m^[0m
  [90m262 |[0m
  [90m263 |[0m [36mconst[0m btnStyle = { background: [33mCOLORS[0m.borderLighter, border: [32m`1px solid 
[0m${[33mCOLORS[0m.border[32m}`[0m...
  [90m264 |[0m [36mconst[0m ctrlBtnStyle = { width: [35m32[0m, height: [35m32[0m, borderRadius: [35m6[0m, 
background: [33mCOLORS[0m.borderL...

Parsing ecmascript source code failed

Import traces:
  App Route:
    ./content/dsa/arrays/prefix-sum-basics.tsx
    ./lib/content-registry.ts
    ./app/api/content/route.ts

  Client Component Browser:
    ./content/dsa/arrays/prefix-sum-basics.tsx [Client Component Browser]
    ./components/LessonLoader.tsx [Client Component Browser]
    ./components/LessonLoader.tsx [Server Component]
    ./app/curriculum/[subject]/[topic]/[lesson]/page.tsx [Server Component]

  Client Component SSR:
    ./content/dsa/arrays/prefix-sum-basics.tsx [Client Component SSR]
    ./components/LessonLoader.tsx [Client Component SSR]
    ./components/LessonLoader.tsx [Server Component]
    ./app/curriculum/[subject]/[topic]/[lesson]/page.tsx [Server Component]


./content/dsa/arrays/product-except-self.tsx:157:3
Unexpected token. Did you mean `{'}'}` or `&rbrace;`?
  [90m155 |[0m         </div>
  [90m156 |[0m         <div style={{ padding: [32m'12px 14px'[0m }}>{content});
[31m[1m>[0m [90m157 |[0m   };
  [90m    |[0m   [31m[1m^[0m
  [90m158 |[0m
  [90m159 |[0m   [36mreturn[0m (
  [90m160 |[0m     <div style={{ width: [32m"100vw"[0m, height: [32m"100vh"[0m, overflowY: [32m"auto"[0m, 
background: [33mCOLORS[0m....

Parsing ecmascript source code failed

Import traces:
  App Route:
    ./content/dsa/arrays/product-except-self.tsx
    ./lib/content-registry.ts
    ./app/api/content/route.ts

  Client Component Browser:
    ./content/dsa/arrays/product-except-self.tsx [Client Component Browser]
    ./components/LessonLoader.tsx [Client Component Browser]
    ./components/LessonLoader.tsx [Server Component]
    ./app/curriculum/[subject]/[topic]/[lesson]/page.tsx [Server Component]

  Client Component SSR:
    ./content/dsa/arrays/product-except-self.tsx [Client Component SSR]
    ./components/LessonLoader.tsx [Client Component SSR]
    ./components/LessonLoader.tsx [Server Component]
    ./app/curriculum/[subject]/[topic]/[lesson]/page.tsx [Server Component]


./content/dsa/arrays/product-except-self.tsx:282:1
Unexpected token. Did you mean `{'}'}` or `&rbrace;`?
  [90m280 |[0m                 </div>
  [90m281 |[0m               ))});
[31m[1m>[0m [90m282 |[0m }
  [90m    |[0m [31m[1m^[0m
  [90m283 |[0m
  [90m284 |[0m [36mconst[0m btnStyle = { background: [33mCOLORS[0m.borderLighter, border: [32m`1px solid 
[0m${[33mCOLORS[0m.border[32m}`[0m...
  [90m285 |[0m [36mconst[0m ctrlBtnStyle = { width: [35m32[0m, height: [35m32[0m, borderRadius: [35m6[0m, 
background: [33mCOLORS[0m.borderL...

Parsing ecmascript source code failed

Import traces:
  App Route:
    ./content/dsa/arrays/product-except-self.tsx
    ./lib/content-registry.ts
    ./app/api/content/route.ts

  Client Component Browser:
    ./content/dsa/arrays/product-except-self.tsx [Client Component Browser]
    ./components/LessonLoader.tsx [Client Component Browser]
    ./components/LessonLoader.tsx [Server Component]
    ./app/curriculum/[subject]/[topic]/[lesson]/page.tsx [Server Component]

  Client Component SSR:
    ./content/dsa/arrays/product-except-self.tsx [Client Component SSR]
    ./components/LessonLoader.tsx [Client Component SSR]
    ./components/LessonLoader.tsx [Server Component]
    ./app/curriculum/[subject]/[topic]/[lesson]/page.tsx [Server Component]


./content/dsa/arrays/range-sum-query.tsx:142:3
Unexpected token. Did you mean `{'}'}` or `&rbrace;`?
  [90m140 |[0m         </div>
  [90m141 |[0m         <div style={{ padding: [32m'12px 14px'[0m }}>{content});
[31m[1m>[0m [90m142 |[0m   };
  [90m    |[0m   [31m[1m^[0m
  [90m143 |[0m
  [90m144 |[0m   [36mreturn[0m (
  [90m145 |[0m     <div style={{ width: [32m"100vw"[0m, height: [32m"100vh"[0m, overflowY: [32m"auto"[0m, 
background: [33mCOLORS[0m....

Parsing ecmascript source code failed

Import traces:
  App Route:
    ./content/dsa/arrays/range-sum-query.tsx
    ./lib/content-registry.ts
    ./app/api/content/route.ts

  Client Component Browser:
    ./content/dsa/arrays/range-sum-query.tsx [Client Component Browser]
    ./components/LessonLoader.tsx [Client Component Browser]
    ./components/LessonLoader.tsx [Server Component]
    ./app/curriculum/[subject]/[topic]/[lesson]/page.tsx [Server Component]

  Client Component SSR:
    ./content/dsa/arrays/range-sum-query.tsx [Client Component SSR]
    ./components/LessonLoader.tsx [Client Component SSR]
    ./components/LessonLoader.tsx [Server Component]
    ./app/curriculum/[subject]/[topic]/[lesson]/page.tsx [Server Component]


./content/dsa/arrays/range-sum-query.tsx:260:15
Unexpected token. Did you mean `{'}'}` or `&rbrace;`?
  [90m258 |[0m                     }}>{val}</div>
  [90m259 |[0m                     <div style={{ fontSize: [35m9[0m, color: [33mCOLORS[0m.textDark 
}}>[33mP[0m[{i}]);
[31m[1m>[0m [90m260 |[0m               })});
  [90m    |[0m               [31m[1m^[0m
  [90m261 |[0m }
  [90m262 |[0m
  [90m263 |[0m [36mconst[0m btnStyle = { background: [33mCOLORS[0m.borderLighter, border: [32m`1px solid 
[0m${[33mCOLORS[0m.border[32m}`[0m...

Parsing ecmascript source code failed

Import traces:
  App Route:
    ./content/dsa/arrays/range-sum-query.tsx
    ./lib/content-registry.ts
    ./app/api/content/route.ts

  Client Component Browser:
    ./content/dsa/arrays/range-sum-query.tsx [Client Component Browser]
    ./components/LessonLoader.tsx [Client Component Browser]
    ./components/LessonLoader.tsx [Server Component]
    ./app/curriculum/[subject]/[topic]/[lesson]/page.tsx [Server Component]

  Client Component SSR:
    ./content/dsa/arrays/range-sum-query.tsx [Client Component SSR]
    ./components/LessonLoader.tsx [Client Component SSR]
    ./components/LessonLoader.tsx [Server Component]
    ./app/curriculum/[subject]/[topic]/[lesson]/page.tsx [Server Component]


./content/dsa/arrays/range-sum-query.tsx:260:17
Unexpected token. Did you mean `{'}'}` or `&rbrace;`?
  [90m258 |[0m                     }}>{val}</div>
  [90m259 |[0m                     <div style={{ fontSize: [35m9[0m, color: [33mCOLORS[0m.textDark 
}}>[33mP[0m[{i}]);
[31m[1m>[0m [90m260 |[0m               })});
  [90m    |[0m                 [31m[1m^[0m
  [90m261 |[0m }
  [90m262 |[0m
  [90m263 |[0m [36mconst[0m btnStyle = { background: [33mCOLORS[0m.borderLighter, border: [32m`1px solid 
[0m${[33mCOLORS[0m.border[32m}`[0m...

Parsing ecmascript source code failed

Import traces:
  App Route:
    ./content/dsa/arrays/range-sum-query.tsx
    ./lib/content-registry.ts
    ./app/api/content/route.ts

  Client Component Browser:
    ./content/dsa/arrays/range-sum-query.tsx [Client Component Browser]
    ./components/LessonLoader.tsx [Client Component Browser]
    ./components/LessonLoader.tsx [Server Component]
    ./app/curriculum/[subject]/[topic]/[lesson]/page.tsx [Server Component]

  Client Component SSR:
    ./content/dsa/arrays/range-sum-query.tsx [Client Component SSR]
    ./components/LessonLoader.tsx [Client Component SSR]
    ./components/LessonLoader.tsx [Server Component]
    ./app/curriculum/[subject]/[topic]/[lesson]/page.tsx [Server Component]


./content/dsa/arrays/range-sum-query.tsx:261:1
Unexpected token. Did you mean `{'}'}` or `&rbrace;`?
  [90m259 |[0m                     <div style={{ fontSize: [35m9[0m, color: [33mCOLORS[0m.textDark 
}}>[33mP[0m[{i}]);
  [90m260 |[0m               })});
[31m[1m>[0m [90m261 |[0m }
  [90m    |[0m [31m[1m^[0m
  [90m262 |[0m
  [90m263 |[0m [36mconst[0m btnStyle = { background: [33mCOLORS[0m.borderLighter, border: [32m`1px solid 
[0m${[33mCOLORS[0m.border[32m}`[0m...
  [90m264 |[0m [36mconst[0m ctrlBtnStyle = { width: [35m32[0m, height: [35m32[0m, borderRadius: [35m6[0m, 
background: [33mCOLORS[0m.borderL...

Parsing ecmascript source code failed

Import traces:
  App Route:
    ./content/dsa/arrays/range-sum-query.tsx
    ./lib/content-registry.ts
    ./app/api/content/route.ts

  Client Component Browser:
    ./content/dsa/arrays/range-sum-query.tsx [Client Component Browser]
    ./components/LessonLoader.tsx [Client Component Browser]
    ./components/LessonLoader.tsx [Server Component]
    ./app/curriculum/[subject]/[topic]/[lesson]/page.tsx [Server Component]

  Client Component SSR:
    ./content/dsa/arrays/range-sum-query.tsx [Client Component SSR]
    ./components/LessonLoader.tsx [Client Component SSR]
    ./components/LessonLoader.tsx [Server Component]
    ./app/curriculum/[subject]/[topic]/[lesson]/page.tsx [Server Component]


./content/dsa/arrays/remove-duplicates.tsx:194:1
Unexpected token. Did you mean `{'}'}` or `&rbrace;`?
  [90m192 |[0m     </main>
  [90m193 |[0m  );
[31m[1m>[0m [90m194 |[0m }
  [90m    |[0m [31m[1m^[0m

Parsing ecmascript source code failed

Import traces:
  App Route:
    ./content/dsa/arrays/remove-duplicates.tsx
    ./lib/content-registry.ts
    ./app/api/content/route.ts

  Client Component Browser:
    ./content/dsa/arrays/remove-duplicates.tsx [Client Component Browser]
    ./components/LessonLoader.tsx [Client Component Browser]
    ./components/LessonLoader.tsx [Server Component]
    ./app/curriculum/[subject]/[topic]/[lesson]/page.tsx [Server Component]

  Client Component SSR:
    ./content/dsa/arrays/remove-duplicates.tsx [Client Component SSR]
    ./components/LessonLoader.tsx [Client Component SSR]
    ./components/LessonLoader.tsx [Server Component]
    ./app/curriculum/[subject]/[topic]/[lesson]/page.tsx [Server Component]


./content/dsa/arrays/reverse-array.tsx:141:3
Unexpected token. Did you mean `{'}'}` or `&rbrace;`?
  [90m139 |[0m         </div>
  [90m140 |[0m         <div style={{ padding: [32m'12px 14px'[0m }}>{content});
[31m[1m>[0m [90m141 |[0m   };
  [90m    |[0m   [31m[1m^[0m
  [90m142 |[0m
  [90m143 |[0m   [36mreturn[0m (
  [90m144 |[0m     <div style={{ width: [32m"100vw"[0m, height: [32m"100vh"[0m, overflowY: [32m"auto"[0m, 
background: [33mCOLORS[0m....

Parsing ecmascript source code failed

Import traces:
  App Route:
    ./content/dsa/arrays/reverse-array.tsx
    ./lib/content-registry.ts
    ./app/api/content/route.ts

  Client Component Browser:
    ./content/dsa/arrays/reverse-array.tsx [Client Component Browser]
    ./components/LessonLoader.tsx [Client Component Browser]
    ./components/LessonLoader.tsx [Server Component]
    ./app/curriculum/[subject]/[topic]/[lesson]/page.tsx [Server Component]

  Client Component SSR:
    ./content/dsa/arrays/reverse-array.tsx [Client Component SSR]
    ./components/LessonLoader.tsx [Client Component SSR]
    ./components/LessonLoader.tsx [Server Component]
    ./app/curriculum/[subject]/[topic]/[lesson]/page.tsx [Server Component]


./content/dsa/arrays/reverse-array.tsx:249:15
Unexpected token. Did you mean `{'}'}` or `&rbrace;`?
  [90m247 |[0m                     }}>{val}</div>
  [90m248 |[0m                     <div style={{ fontSize: [35m12[0m, color: [33mCOLORS[0m.textDark }}>{i === 
step.lef...
[31m[1m>[0m [90m249 |[0m               })});
  [90m    |[0m               [31m[1m^[0m
  [90m250 |[0m }
  [90m251 |[0m
  [90m252 |[0m [36mconst[0m btnStyle = { background: [33mCOLORS[0m.borderLighter, border: [32m`1px solid 
[0m${[33mCOLORS[0m.border[32m}`[0m...

Parsing ecmascript source code failed

Import traces:
  App Route:
    ./content/dsa/arrays/reverse-array.tsx
    ./lib/content-registry.ts
    ./app/api/content/route.ts

  Client Component Browser:
    ./content/dsa/arrays/reverse-array.tsx [Client Component Browser]
    ./components/LessonLoader.tsx [Client Component Browser]
    ./components/LessonLoader.tsx [Server Component]
    ./app/curriculum/[subject]/[topic]/[lesson]/page.tsx [Server Component]

  Client Component SSR:
    ./content/dsa/arrays/reverse-array.tsx [Client Component SSR]
    ./components/LessonLoader.tsx [Client Component SSR]
    ./components/LessonLoader.tsx [Server Component]
    ./app/curriculum/[subject]/[topic]/[lesson]/page.tsx [Server Component]


./content/dsa/arrays/reverse-array.tsx:249:17
Unexpected token. Did you mean `{'}'}` or `&rbrace;`?
  [90m247 |[0m                     }}>{val}</div>
  [90m248 |[0m                     <div style={{ fontSize: [35m12[0m, color: [33mCOLORS[0m.textDark }}>{i === 
step.lef...
[31m[1m>[0m [90m249 |[0m               })});
  [90m    |[0m                 [31m[1m^[0m
  [90m250 |[0m }
  [90m251 |[0m
  [90m252 |[0m [36mconst[0m btnStyle = { background: [33mCOLORS[0m.borderLighter, border: [32m`1px solid 
[0m${[33mCOLORS[0m.border[32m}`[0m...

Parsing ecmascript source code failed

Import traces:
  App Route:
    ./content/dsa/arrays/reverse-array.tsx
    ./lib/content-registry.ts
    ./app/api/content/route.ts

  Client Component Browser:
    ./content/dsa/arrays/reverse-array.tsx [Client Component Browser]
    ./components/LessonLoader.tsx [Client Component Browser]
    ./components/LessonLoader.tsx [Server Component]
    ./app/curriculum/[subject]/[topic]/[lesson]/page.tsx [Server Component]

  Client Component SSR:
    ./content/dsa/arrays/reverse-array.tsx [Client Component SSR]
    ./components/LessonLoader.tsx [Client Component SSR]
    ./components/LessonLoader.tsx [Server Component]
    ./app/curriculum/[subject]/[topic]/[lesson]/page.tsx [Server Component]


./content/dsa/arrays/reverse-array.tsx:250:1
Unexpected token. Did you mean `{'}'}` or `&rbrace;`?
  [90m248 |[0m                     <div style={{ fontSize: [35m12[0m, color: [33mCOLORS[0m.textDark }}>{i === 
step.lef...
  [90m249 |[0m               })});
[31m[1m>[0m [90m250 |[0m }
  [90m    |[0m [31m[1m^[0m
  [90m251 |[0m
  [90m252 |[0m [36mconst[0m btnStyle = { background: [33mCOLORS[0m.borderLighter, border: [32m`1px solid 
[0m${[33mCOLORS[0m.border[32m}`[0m...
  [90m253 |[0m [36mconst[0m ctrlBtnStyle = { width: [35m32[0m, height: [35m32[0m, borderRadius: [35m6[0m, 
background: [33mCOLORS[0m.borderL...

Parsing ecmascript source code failed

Import traces:
  App Route:
    ./content/dsa/arrays/reverse-array.tsx
    ./lib/content-registry.ts
    ./app/api/content/route.ts

  Client Component Browser:
    ./content/dsa/arrays/reverse-array.tsx [Client Component Browser]
    ./components/LessonLoader.tsx [Client Component Browser]
    ./components/LessonLoader.tsx [Server Component]
    ./app/curriculum/[subject]/[topic]/[lesson]/page.tsx [Server Component]

  Client Component SSR:
    ./content/dsa/arrays/reverse-array.tsx [Client Component SSR]
    ./components/LessonLoader.tsx [Client Component SSR]
    ./components/LessonLoader.tsx [Server Component]
    ./app/curriculum/[subject]/[topic]/[lesson]/page.tsx [Server Component]


./content/dsa/arrays/rotate-array.tsx:146:3
Unexpected token. Did you mean `{'}'}` or `&rbrace;`?
  [90m144 |[0m         </div>
  [90m145 |[0m         <div style={{ padding: [32m'12px 14px'[0m }}>{content});
[31m[1m>[0m [90m146 |[0m   };
  [90m    |[0m   [31m[1m^[0m
  [90m147 |[0m
  [90m148 |[0m   [36mreturn[0m (
  [90m149 |[0m     <div style={{ width: [32m"100vw"[0m, height: [32m"100vh"[0m, overflowY: [32m"auto"[0m, 
background: [33mCOLORS[0m....

Parsing ecmascript source code failed

Import traces:
  App Route:
    ./content/dsa/arrays/rotate-array.tsx
    ./lib/content-registry.ts
    ./app/api/content/route.ts

  Client Component Browser:
    ./content/dsa/arrays/rotate-array.tsx [Client Component Browser]
    ./components/LessonLoader.tsx [Client Component Browser]
    ./components/LessonLoader.tsx [Server Component]
    ./app/curriculum/[subject]/[topic]/[lesson]/page.tsx [Server Component]

  Client Component SSR:
    ./content/dsa/arrays/rotate-array.tsx [Client Component SSR]
    ./components/LessonLoader.tsx [Client Component SSR]
    ./components/LessonLoader.tsx [Server Component]
    ./app/curriculum/[subject]/[topic]/[lesson]/page.tsx [Server Component]


./content/dsa/arrays/rotate-array.tsx:259:15
Unexpected token. Did you mean `{'}'}` or `&rbrace;`?
  [90m257 |[0m                     }}>{val}</div>
  [90m258 |[0m                     <div style={{ fontSize: [35m9[0m, color: [33mCOLORS[0m.textDark }}>[{i}]);
[31m[1m>[0m [90m259 |[0m               })});
  [90m    |[0m               [31m[1m^[0m
  [90m260 |[0m }
  [90m261 |[0m
  [90m262 |[0m [36mconst[0m btnStyle = { background: [33mCOLORS[0m.borderLighter, border: [32m`1px solid 
[0m${[33mCOLORS[0m.border[32m}`[0m...

Parsing ecmascript source code failed

Import traces:
  App Route:
    ./content/dsa/arrays/rotate-array.tsx
    ./lib/content-registry.ts
    ./app/api/content/route.ts

  Client Component Browser:
    ./content/dsa/arrays/rotate-array.tsx [Client Component Browser]
    ./components/LessonLoader.tsx [Client Component Browser]
    ./components/LessonLoader.tsx [Server Component]
    ./app/curriculum/[subject]/[topic]/[lesson]/page.tsx [Server Component]

  Client Component SSR:
    ./content/dsa/arrays/rotate-array.tsx [Client Component SSR]
    ./components/LessonLoader.tsx [Client Component SSR]
    ./components/LessonLoader.tsx [Server Component]
    ./app/curriculum/[subject]/[topic]/[lesson]/page.tsx [Server Component]


./content/dsa/arrays/rotate-array.tsx:259:17
Unexpected token. Did you mean `{'}'}` or `&rbrace;`?
  [90m257 |[0m                     }}>{val}</div>
  [90m258 |[0m                     <div style={{ fontSize: [35m9[0m, color: [33mCOLORS[0m.textDark }}>[{i}]);
[31m[1m>[0m [90m259 |[0m               })});
  [90m    |[0m                 [31m[1m^[0m
  [90m260 |[0m }
  [90m261 |[0m
  [90m262 |[0m [36mconst[0m btnStyle = { background: [33mCOLORS[0m.borderLighter, border: [32m`1px solid 
[0m${[33mCOLORS[0m.border[32m}`[0m...

Parsing ecmascript source code failed

Import traces:
  App Route:
    ./content/dsa/arrays/rotate-array.tsx
    ./lib/content-registry.ts
    ./app/api/content/route.ts

  Client Component Browser:
    ./content/dsa/arrays/rotate-array.tsx [Client Component Browser]
    ./components/LessonLoader.tsx [Client Component Browser]
    ./components/LessonLoader.tsx [Server Component]
    ./app/curriculum/[subject]/[topic]/[lesson]/page.tsx [Server Component]

  Client Component SSR:
    ./content/dsa/arrays/rotate-array.tsx [Client Component SSR]
    ./components/LessonLoader.tsx [Client Component SSR]
    ./components/LessonLoader.tsx [Server Component]
    ./app/curriculum/[subject]/[topic]/[lesson]/page.tsx [Server Component]


./content/dsa/arrays/rotate-array.tsx:260:1
Unexpected token. Did you mean `{'}'}` or `&rbrace;`?
  [90m258 |[0m                     <div style={{ fontSize: [35m9[0m, color: [33mCOLORS[0m.textDark }}>[{i}]);
  [90m259 |[0m               })});
[31m[1m>[0m [90m260 |[0m }
  [90m    |[0m [31m[1m^[0m
  [90m261 |[0m
  [90m262 |[0m [36mconst[0m btnStyle = { background: [33mCOLORS[0m.borderLighter, border: [32m`1px solid 
[0m${[33mCOLORS[0m.border[32m}`[0m...
  [90m263 |[0m [36mconst[0m ctrlBtnStyle = { width: [35m32[0m, height: [35m32[0m, borderRadius: [35m6[0m, 
background: [33mCOLORS[0m.borderL...

Parsing ecmascript source code failed

Import traces:
  App Route:
    ./content/dsa/arrays/rotate-array.tsx
    ./lib/content-registry.ts
    ./app/api/content/route.ts

  Client Component Browser:
    ./content/dsa/arrays/rotate-array.tsx [Client Component Browser]
    ./components/LessonLoader.tsx [Client Component Browser]
    ./components/LessonLoader.tsx [Server Component]
    ./app/curriculum/[subject]/[topic]/[lesson]/page.tsx [Server Component]

  Client Component SSR:
    ./content/dsa/arrays/rotate-array.tsx [Client Component SSR]
    ./components/LessonLoader.tsx [Client Component SSR]
    ./components/LessonLoader.tsx [Server Component]
    ./app/curriculum/[subject]/[topic]/[lesson]/page.tsx [Server Component]


./content/dsa/arrays/sliding-window-maximum.tsx:170:3
Unexpected token. Did you mean `{'}'}` or `&rbrace;`?
  [90m168 |[0m         </div>
  [90m169 |[0m         <div style={{ padding: [32m'12px 14px'[0m }}>{content});
[31m[1m>[0m [90m170 |[0m   };
  [90m    |[0m   [31m[1m^[0m
  [90m171 |[0m
  [90m172 |[0m   [36mreturn[0m (
  [90m173 |[0m     <div style={{ width: [32m"100vw"[0m, height: [32m"100vh"[0m, overflowY: [32m"auto"[0m, 
background: [33mCOLORS[0m....

Parsing ecmascript source code failed

Import traces:
  App Route:
    ./content/dsa/arrays/sliding-window-maximum.tsx
    ./lib/content-registry.ts
    ./app/api/content/route.ts

  Client Component Browser:
    ./content/dsa/arrays/sliding-window-maximum.tsx [Client Component Browser]
    ./components/LessonLoader.tsx [Client Component Browser]
    ./components/LessonLoader.tsx [Server Component]
    ./app/curriculum/[subject]/[topic]/[lesson]/page.tsx [Server Component]

  Client Component SSR:
    ./content/dsa/arrays/sliding-window-maximum.tsx [Client Component SSR]
    ./components/LessonLoader.tsx [Client Component SSR]
    ./components/LessonLoader.tsx [Server Component]
    ./app/curriculum/[subject]/[topic]/[lesson]/page.tsx [Server Component]


./content/dsa/arrays/sliding-window-maximum.tsx:296:15
Unexpected token. Did you mean `{'}'}` or `&rbrace;`?
  [90m294 |[0m                     }}>{val}</div>
  [90m295 |[0m                     <div style={{ fontSize: [35m9[0m, color: [33mCOLORS[0m.textDark }}>{isCurrent 
? [32m"CU..[0m.
[31m[1m>[0m [90m296 |[0m               })});
  [90m    |[0m               [31m[1m^[0m
  [90m297 |[0m }
  [90m298 |[0m
  [90m299 |[0m [36mconst[0m btnStyle = { background: [33mCOLORS[0m.borderLighter, border: [32m`1px solid 
[0m${[33mCOLORS[0m.border[32m}`[0m...

Parsing ecmascript source code failed

Import traces:
  App Route:
    ./content/dsa/arrays/sliding-window-maximum.tsx
    ./lib/content-registry.ts
    ./app/api/content/route.ts

  Client Component Browser:
    ./content/dsa/arrays/sliding-window-maximum.tsx [Client Component Browser]
    ./components/LessonLoader.tsx [Client Component Browser]
    ./components/LessonLoader.tsx [Server Component]
    ./app/curriculum/[subject]/[topic]/[lesson]/page.tsx [Server Component]

  Client Component SSR:
    ./content/dsa/arrays/sliding-window-maximum.tsx [Client Component SSR]
    ./components/LessonLoader.tsx [Client Component SSR]
    ./components/LessonLoader.tsx [Server Component]
    ./app/curriculum/[subject]/[topic]/[lesson]/page.tsx [Server Component]


./content/dsa/arrays/sliding-window-maximum.tsx:296:17
Unexpected token. Did you mean `{'}'}` or `&rbrace;`?
  [90m294 |[0m                     }}>{val}</div>
  [90m295 |[0m                     <div style={{ fontSize: [35m9[0m, color: [33mCOLORS[0m.textDark }}>{isCurrent 
? [32m"CU..[0m.
[31m[1m>[0m [90m296 |[0m               })});
  [90m    |[0m                 [31m[1m^[0m
  [90m297 |[0m }
  [90m298 |[0m
  [90m299 |[0m [36mconst[0m btnStyle = { background: [33mCOLORS[0m.borderLighter, border: [32m`1px solid 
[0m${[33mCOLORS[0m.border[32m}`[0m...

Parsing ecmascript source code failed

Import traces:
  App Route:
    ./content/dsa/arrays/sliding-window-maximum.tsx
    ./lib/content-registry.ts
    ./app/api/content/route.ts

  Client Component Browser:
    ./content/dsa/arrays/sliding-window-maximum.tsx [Client Component Browser]
    ./components/LessonLoader.tsx [Client Component Browser]
    ./components/LessonLoader.tsx [Server Component]
    ./app/curriculum/[subject]/[topic]/[lesson]/page.tsx [Server Component]

  Client Component SSR:
    ./content/dsa/arrays/sliding-window-maximum.tsx [Client Component SSR]
    ./components/LessonLoader.tsx [Client Component SSR]
    ./components/LessonLoader.tsx [Server Component]
    ./app/curriculum/[subject]/[topic]/[lesson]/page.tsx [Server Component]


./content/dsa/arrays/sliding-window-maximum.tsx:297:1
Unexpected token. Did you mean `{'}'}` or `&rbrace;`?
  [90m295 |[0m                     <div style={{ fontSize: [35m9[0m, color: [33mCOLORS[0m.textDark }}>{isCurrent 
? [32m"CU..[0m.
  [90m296 |[0m               })});
[31m[1m>[0m [90m297 |[0m }
  [90m    |[0m [31m[1m^[0m
  [90m298 |[0m
  [90m299 |[0m [36mconst[0m btnStyle = { background: [33mCOLORS[0m.borderLighter, border: [32m`1px solid 
[0m${[33mCOLORS[0m.border[32m}`[0m...
  [90m300 |[0m [36mconst[0m ctrlBtnStyle = { width: [35m32[0m, height: [35m32[0m, borderRadius: [35m6[0m, 
background: [33mCOLORS[0m.borderL...

Parsing ecmascript source code failed

Import traces:
  App Route:
    ./content/dsa/arrays/sliding-window-maximum.tsx
    ./lib/content-registry.ts
    ./app/api/content/route.ts

  Client Component Browser:
    ./content/dsa/arrays/sliding-window-maximum.tsx [Client Component Browser]
    ./components/LessonLoader.tsx [Client Component Browser]
    ./components/LessonLoader.tsx [Server Component]
    ./app/curriculum/[subject]/[topic]/[lesson]/page.tsx [Server Component]

  Client Component SSR:
    ./content/dsa/arrays/sliding-window-maximum.tsx [Client Component SSR]
    ./components/LessonLoader.tsx [Client Component SSR]
    ./components/LessonLoader.tsx [Server Component]
    ./app/curriculum/[subject]/[topic]/[lesson]/page.tsx [Server Component]


./content/dsa/arrays/sort-colors.tsx:156:3
Unexpected token. Did you mean `{'}'}` or `&rbrace;`?
  [90m154 |[0m         </div>
  [90m155 |[0m         <div style={{ padding: [32m'12px 14px'[0m }}>{content});
[31m[1m>[0m [90m156 |[0m   };
  [90m    |[0m   [31m[1m^[0m
  [90m157 |[0m
  [90m158 |[0m   [36mreturn[0m (
  [90m159 |[0m     <div style={{ width: [32m"100vw"[0m, height: [32m"100vh"[0m, overflowY: [32m"auto"[0m, 
background: [33mCOLORS[0m....

Parsing ecmascript source code failed

Import traces:
  App Route:
    ./content/dsa/arrays/sort-colors.tsx
    ./lib/content-registry.ts
    ./app/api/content/route.ts

  Client Component Browser:
    ./content/dsa/arrays/sort-colors.tsx [Client Component Browser]
    ./components/LessonLoader.tsx [Client Component Browser]
    ./components/LessonLoader.tsx [Server Component]
    ./app/curriculum/[subject]/[topic]/[lesson]/page.tsx [Server Component]

  Client Component SSR:
    ./content/dsa/arrays/sort-colors.tsx [Client Component SSR]
    ./components/LessonLoader.tsx [Client Component SSR]
    ./components/LessonLoader.tsx [Server Component]
    ./app/curriculum/[subject]/[topic]/[lesson]/page.tsx [Server Component]


./content/dsa/arrays/sort-colors.tsx:271:15
Unexpected token. Did you mean `{'}'}` or `&rbrace;`?
  [90m269 |[0m                       {isHigh && <div style={{ fontSize: [35m9[0m, color: [33mCOLORS[0m.blue, 
fontWeigh...
  [90m270 |[0m                       {(!isLow && !isMid && !isHigh) && <div style={{ fontSize: [35m9[0m, 
color:.[33m..[0m
[31m[1m>[0m [90m271 |[0m               })});
  [90m    |[0m               [31m[1m^[0m
  [90m272 |[0m }
  [90m273 |[0m
  [90m274 |[0m [36mconst[0m btnStyle = { background: [33mCOLORS[0m.borderLighter, border: [32m`1px solid 
[0m${[33mCOLORS[0m.border[32m}`[0m...

Parsing ecmascript source code failed

Import traces:
  App Route:
    ./content/dsa/arrays/sort-colors.tsx
    ./lib/content-registry.ts
    ./app/api/content/route.ts

  Client Component Browser:
    ./content/dsa/arrays/sort-colors.tsx [Client Component Browser]
    ./components/LessonLoader.tsx [Client Component Browser]
    ./components/LessonLoader.tsx [Server Component]
    ./app/curriculum/[subject]/[topic]/[lesson]/page.tsx [Server Component]

  Client Component SSR:
    ./content/dsa/arrays/sort-colors.tsx [Client Component SSR]
    ./components/LessonLoader.tsx [Client Component SSR]
    ./components/LessonLoader.tsx [Server Component]
    ./app/curriculum/[subject]/[topic]/[lesson]/page.tsx [Server Component]


./content/dsa/arrays/sort-colors.tsx:271:17
Unexpected token. Did you mean `{'}'}` or `&rbrace;`?
  [90m269 |[0m                       {isHigh && <div style={{ fontSize: [35m9[0m, color: [33mCOLORS[0m.blue, 
fontWeigh...
  [90m270 |[0m                       {(!isLow && !isMid && !isHigh) && <div style={{ fontSize: [35m9[0m, 
color:.[33m..[0m
[31m[1m>[0m [90m271 |[0m               })});
  [90m    |[0m                 [31m[1m^[0m
  [90m272 |[0m }
  [90m273 |[0m
  [90m274 |[0m [36mconst[0m btnStyle = { background: [33mCOLORS[0m.borderLighter, border: [32m`1px solid 
[0m${[33mCOLORS[0m.border[32m}`[0m...

Parsing ecmascript source code failed

Import traces:
  App Route:
    ./content/dsa/arrays/sort-colors.tsx
    ./lib/content-registry.ts
    ./app/api/content/route.ts

  Client Component Browser:
    ./content/dsa/arrays/sort-colors.tsx [Client Component Browser]
    ./components/LessonLoader.tsx [Client Component Browser]
    ./components/LessonLoader.tsx [Server Component]
    ./app/curriculum/[subject]/[topic]/[lesson]/page.tsx [Server Component]

  Client Component SSR:
    ./content/dsa/arrays/sort-colors.tsx [Client Component SSR]
    ./components/LessonLoader.tsx [Client Component SSR]
    ./components/LessonLoader.tsx [Server Component]
    ./app/curriculum/[subject]/[topic]/[lesson]/page.tsx [Server Component]


./content/dsa/arrays/sort-colors.tsx:272:1
Unexpected token. Did you mean `{'}'}` or `&rbrace;`?
  [90m270 |[0m                       {(!isLow && !isMid && !isHigh) && <div style={{ fontSize: [35m9[0m, 
color:.[33m..[0m
  [90m271 |[0m               })});
[31m[1m>[0m [90m272 |[0m }
  [90m    |[0m [31m[1m^[0m
  [90m273 |[0m
  [90m274 |[0m [36mconst[0m btnStyle = { background: [33mCOLORS[0m.borderLighter, border: [32m`1px solid 
[0m${[33mCOLORS[0m.border[32m}`[0m...
  [90m275 |[0m [36mconst[0m ctrlBtnStyle = { width: [35m32[0m, height: [35m32[0m, borderRadius: [35m6[0m, 
background: [33mCOLORS[0m.borderL...

Parsing ecmascript source code failed

Import traces:
  App Route:
    ./content/dsa/arrays/sort-colors.tsx
    ./lib/content-registry.ts
    ./app/api/content/route.ts

  Client Component Browser:
    ./content/dsa/arrays/sort-colors.tsx [Client Component Browser]
    ./components/LessonLoader.tsx [Client Component Browser]
    ./components/LessonLoader.tsx [Server Component]
    ./app/curriculum/[subject]/[topic]/[lesson]/page.tsx [Server Component]

  Client Component SSR:
    ./content/dsa/arrays/sort-colors.tsx [Client Component SSR]
    ./components/LessonLoader.tsx [Client Component SSR]
    ./components/LessonLoader.tsx [Server Component]
    ./app/curriculum/[subject]/[topic]/[lesson]/page.tsx [Server Component]


./content/dsa/arrays/spiral-matrix.tsx:202:3
Unexpected token. Did you mean `{'}'}` or `&rbrace;`?
  [90m200 |[0m         </div>
  [90m201 |[0m         <div style={{ padding: [32m'12px 14px'[0m }}>{content});
[31m[1m>[0m [90m202 |[0m   };
  [90m    |[0m   [31m[1m^[0m
  [90m203 |[0m
  [90m204 |[0m   [36mreturn[0m (
  [90m205 |[0m     <div style={{ width: [32m"100vw"[0m, height: [32m"100vh"[0m, overflowY: [32m"auto"[0m, 
background: [33mCOLORS[0m....

Parsing ecmascript source code failed

Import traces:
  App Route:
    ./content/dsa/arrays/spiral-matrix.tsx
    ./lib/content-registry.ts
    ./app/api/content/route.ts

  Client Component Browser:
    ./content/dsa/arrays/spiral-matrix.tsx [Client Component Browser]
    ./components/LessonLoader.tsx [Client Component Browser]
    ./components/LessonLoader.tsx [Server Component]
    ./app/curriculum/[subject]/[topic]/[lesson]/page.tsx [Server Component]

  Client Component SSR:
    ./content/dsa/arrays/spiral-matrix.tsx [Client Component SSR]
    ./components/LessonLoader.tsx [Client Component SSR]
    ./components/LessonLoader.tsx [Server Component]
    ./app/curriculum/[subject]/[topic]/[lesson]/page.tsx [Server Component]


./content/dsa/arrays/spiral-matrix.tsx:304:15
Unexpected token. Did you mean `{'}'}` or `&rbrace;`?
  [90m302 |[0m                     transition: [32m"all 0.2s"[0m
  [90m303 |[0m                   }}>{val});
[31m[1m>[0m [90m304 |[0m               }))});
  [90m    |[0m               [31m[1m^[0m
  [90m305 |[0m }
  [90m306 |[0m
  [90m307 |[0m [36mconst[0m btnStyle = { background: [33mCOLORS[0m.borderLighter, border: [32m`1px solid 
[0m${[33mCOLORS[0m.border[32m}`[0m...

Parsing ecmascript source code failed

Import traces:
  App Route:
    ./content/dsa/arrays/spiral-matrix.tsx
    ./lib/content-registry.ts
    ./app/api/content/route.ts

  Client Component Browser:
    ./content/dsa/arrays/spiral-matrix.tsx [Client Component Browser]
    ./components/LessonLoader.tsx [Client Component Browser]
    ./components/LessonLoader.tsx [Server Component]
    ./app/curriculum/[subject]/[topic]/[lesson]/page.tsx [Server Component]

  Client Component SSR:
    ./content/dsa/arrays/spiral-matrix.tsx [Client Component SSR]
    ./components/LessonLoader.tsx [Client Component SSR]
    ./components/LessonLoader.tsx [Server Component]
    ./app/curriculum/[subject]/[topic]/[lesson]/page.tsx [Server Component]


./content/dsa/arrays/spiral-matrix.tsx:304:18
Unexpected token. Did you mean `{'}'}` or `&rbrace;`?
  [90m302 |[0m                     transition: [32m"all 0.2s"[0m
  [90m303 |[0m                   }}>{val});
[31m[1m>[0m [90m304 |[0m               }))});
  [90m    |[0m                  [31m[1m^[0m
  [90m305 |[0m }
  [90m306 |[0m
  [90m307 |[0m [36mconst[0m btnStyle = { background: [33mCOLORS[0m.borderLighter, border: [32m`1px solid 
[0m${[33mCOLORS[0m.border[32m}`[0m...

Parsing ecmascript source code failed

Import traces:
  App Route:
    ./content/dsa/arrays/spiral-matrix.tsx
    ./lib/content-registry.ts
    ./app/api/content/route.ts

  Client Component Browser:
    ./content/dsa/arrays/spiral-matrix.tsx [Client Component Browser]
    ./components/LessonLoader.tsx [Client Component Browser]
    ./components/LessonLoader.tsx [Server Component]
    ./app/curriculum/[subject]/[topic]/[lesson]/page.tsx [Server Component]

  Client Component SSR:
    ./content/dsa/arrays/spiral-matrix.tsx [Client Component SSR]
    ./components/LessonLoader.tsx [Client Component SSR]
    ./components/LessonLoader.tsx [Server Component]
    ./app/curriculum/[subject]/[topic]/[lesson]/page.tsx [Server Component]


./content/dsa/arrays/spiral-matrix.tsx:305:1
Unexpected token. Did you mean `{'}'}` or `&rbrace;`?
  [90m303 |[0m                   }}>{val});
  [90m304 |[0m               }))});
[31m[1m>[0m [90m305 |[0m }
  [90m    |[0m [31m[1m^[0m
  [90m306 |[0m
  [90m307 |[0m [36mconst[0m btnStyle = { background: [33mCOLORS[0m.borderLighter, border: [32m`1px solid 
[0m${[33mCOLORS[0m.border[32m}`[0m...
  [90m308 |[0m [36mconst[0m ctrlBtnStyle = { width: [35m32[0m, height: [35m32[0m, borderRadius: [35m6[0m, 
background: [33mCOLORS[0m.borderL...

Parsing ecmascript source code failed

Import traces:
  App Route:
    ./content/dsa/arrays/spiral-matrix.tsx
    ./lib/content-registry.ts
    ./app/api/content/route.ts

  Client Component Browser:
    ./content/dsa/arrays/spiral-matrix.tsx [Client Component Browser]
    ./components/LessonLoader.tsx [Client Component Browser]
    ./components/LessonLoader.tsx [Server Component]
    ./app/curriculum/[subject]/[topic]/[lesson]/page.tsx [Server Component]

  Client Component SSR:
    ./content/dsa/arrays/spiral-matrix.tsx [Client Component SSR]
    ./components/LessonLoader.tsx [Client Component SSR]
    ./components/LessonLoader.tsx [Server Component]
    ./app/curriculum/[subject]/[topic]/[lesson]/page.tsx [Server Component]


./content/dsa/arrays/static-array.tsx:129:3
Unexpected token. Did you mean `{'}'}` or `&rbrace;`?
  [90m127 |[0m         </div>
  [90m128 |[0m         <div style={{ padding: [32m'12px 14px'[0m }}>{content});
[31m[1m>[0m [90m129 |[0m   };
  [90m    |[0m   [31m[1m^[0m
  [90m130 |[0m
  [90m131 |[0m   [36mreturn[0m (
  [90m132 |[0m     <div style={{ width: [32m"100vw"[0m, height: [32m"100vh"[0m, overflowY: [32m"auto"[0m, 
background: [33mCOLORS[0m....

Parsing ecmascript source code failed

Import traces:
  App Route:
    ./content/dsa/arrays/static-array.tsx
    ./lib/content-registry.ts
    ./app/api/content/route.ts

  Client Component Browser:
    ./content/dsa/arrays/static-array.tsx [Client Component Browser]
    ./components/LessonLoader.tsx [Client Component Browser]
    ./components/LessonLoader.tsx [Server Component]
    ./app/curriculum/[subject]/[topic]/[lesson]/page.tsx [Server Component]

  Client Component SSR:
    ./content/dsa/arrays/static-array.tsx [Client Component SSR]
    ./components/LessonLoader.tsx [Client Component SSR]
    ./components/LessonLoader.tsx [Server Component]
    ./app/curriculum/[subject]/[topic]/[lesson]/page.tsx [Server Component]


./content/dsa/arrays/static-array.tsx:236:1
Unexpected token. Did you mean `{'}'}` or `&rbrace;`?
  [90m234 |[0m                 </div>
  [90m235 |[0m               ))});
[31m[1m>[0m [90m236 |[0m }
  [90m    |[0m [31m[1m^[0m
  [90m237 |[0m
  [90m238 |[0m [36mconst[0m btnStyle = { background: [33mCOLORS[0m.borderLighter, border: [32m`1px solid 
[0m${[33mCOLORS[0m.border[32m}`[0m...
  [90m239 |[0m [36mconst[0m ctrlBtnStyle = { width: [35m32[0m, height: [35m32[0m, borderRadius: [35m6[0m, 
background: [33mCOLORS[0m.borderL...

Parsing ecmascript source code failed

Import traces:
  App Route:
    ./content/dsa/arrays/static-array.tsx
    ./lib/content-registry.ts
    ./app/api/content/route.ts

  Client Component Browser:
    ./content/dsa/arrays/static-array.tsx [Client Component Browser]
    ./components/LessonLoader.tsx [Client Component Browser]
    ./components/LessonLoader.tsx [Server Component]
    ./app/curriculum/[subject]/[topic]/[lesson]/page.tsx [Server Component]

  Client Component SSR:
    ./content/dsa/arrays/static-array.tsx [Client Component SSR]
    ./components/LessonLoader.tsx [Client Component SSR]
    ./components/LessonLoader.tsx [Server Component]
    ./app/curriculum/[subject]/[topic]/[lesson]/page.tsx [Server Component]


./content/dsa/arrays/trapping-rain-water.tsx:170:3
Unexpected token. Did you mean `{'}'}` or `&rbrace;`?
  [90m168 |[0m         </div>
  [90m169 |[0m         <div style={{ padding: [32m'12px 14px'[0m }}>{content});
[31m[1m>[0m [90m170 |[0m   };
  [90m    |[0m   [31m[1m^[0m
  [90m171 |[0m
  [90m172 |[0m   [36mreturn[0m (
  [90m173 |[0m     <div style={{ width: [32m"100vw"[0m, height: [32m"100vh"[0m, overflowY: [32m"auto"[0m, 
background: [33mCOLORS[0m....

Parsing ecmascript source code failed

Import traces:
  App Route:
    ./content/dsa/arrays/trapping-rain-water.tsx
    ./lib/content-registry.ts
    ./app/api/content/route.ts

  Client Component Browser:
    ./content/dsa/arrays/trapping-rain-water.tsx [Client Component Browser]
    ./components/LessonLoader.tsx [Client Component Browser]
    ./components/LessonLoader.tsx [Server Component]
    ./app/curriculum/[subject]/[topic]/[lesson]/page.tsx [Server Component]

  Client Component SSR:
    ./content/dsa/arrays/trapping-rain-water.tsx [Client Component SSR]
    ./components/LessonLoader.tsx [Client Component SSR]
    ./components/LessonLoader.tsx [Server Component]
    ./app/curriculum/[subject]/[topic]/[lesson]/page.tsx [Server Component]


./content/dsa/arrays/trapping-rain-water.tsx:287:15
Unexpected token. Did you mean `{'}'}` or `&rbrace;`?
  [90m285 |[0m                     <div style={{ fontSize: [35m9[0m, color: isL ? [33mCOLORS[0m.orange : isR ? 
[33mCOLORS[0m....
  [90m286 |[0m                       {isL ? [32m"L"[0m : isR ? [32m"R"[0m : i});
[31m[1m>[0m [90m287 |[0m               })});
  [90m    |[0m               [31m[1m^[0m
  [90m288 |[0m }
  [90m289 |[0m
  [90m290 |[0m [36mconst[0m btnStyle = { background: [33mCOLORS[0m.borderLighter, border: [32m`1px solid 
[0m${[33mCOLORS[0m.border[32m}`[0m...

Parsing ecmascript source code failed

Import traces:
  App Route:
    ./content/dsa/arrays/trapping-rain-water.tsx
    ./lib/content-registry.ts
    ./app/api/content/route.ts

  Client Component Browser:
    ./content/dsa/arrays/trapping-rain-water.tsx [Client Component Browser]
    ./components/LessonLoader.tsx [Client Component Browser]
    ./components/LessonLoader.tsx [Server Component]
    ./app/curriculum/[subject]/[topic]/[lesson]/page.tsx [Server Component]

  Client Component SSR:
    ./content/dsa/arrays/trapping-rain-water.tsx [Client Component SSR]
    ./components/LessonLoader.tsx [Client Component SSR]
    ./components/LessonLoader.tsx [Server Component]
    ./app/curriculum/[subject]/[topic]/[lesson]/page.tsx [Server Component]


./content/dsa/arrays/trapping-rain-water.tsx:287:17
Unexpected token. Did you mean `{'}'}` or `&rbrace;`?
  [90m285 |[0m                     <div style={{ fontSize: [35m9[0m, color: isL ? [33mCOLORS[0m.orange : isR ? 
[33mCOLORS[0m....
  [90m286 |[0m                       {isL ? [32m"L"[0m : isR ? [32m"R"[0m : i});
[31m[1m>[0m [90m287 |[0m               })});
  [90m    |[0m                 [31m[1m^[0m
  [90m288 |[0m }
  [90m289 |[0m
  [90m290 |[0m [36mconst[0m btnStyle = { background: [33mCOLORS[0m.borderLighter, border: [32m`1px solid 
[0m${[33mCOLORS[0m.border[32m}`[0m...

Parsing ecmascript source code failed

Import traces:
  App Route:
    ./content/dsa/arrays/trapping-rain-water.tsx
    ./lib/content-registry.ts
    ./app/api/content/route.ts

  Client Component Browser:
    ./content/dsa/arrays/trapping-rain-water.tsx [Client Component Browser]
    ./components/LessonLoader.tsx [Client Component Browser]
    ./components/LessonLoader.tsx [Server Component]
    ./app/curriculum/[subject]/[topic]/[lesson]/page.tsx [Server Component]

  Client Component SSR:
    ./content/dsa/arrays/trapping-rain-water.tsx [Client Component SSR]
    ./components/LessonLoader.tsx [Client Component SSR]
    ./components/LessonLoader.tsx [Server Component]
    ./app/curriculum/[subject]/[topic]/[lesson]/page.tsx [Server Component]


./content/dsa/arrays/trapping-rain-water.tsx:288:1
Unexpected token. Did you mean `{'}'}` or `&rbrace;`?
  [90m286 |[0m                       {isL ? [32m"L"[0m : isR ? [32m"R"[0m : i});
  [90m287 |[0m               })});
[31m[1m>[0m [90m288 |[0m }
  [90m    |[0m [31m[1m^[0m
  [90m289 |[0m
  [90m290 |[0m [36mconst[0m btnStyle = { background: [33mCOLORS[0m.borderLighter, border: [32m`1px solid 
[0m${[33mCOLORS[0m.border[32m}`[0m...
  [90m291 |[0m [36mconst[0m ctrlBtnStyle = { width: [35m32[0m, height: [35m32[0m, borderRadius: [35m6[0m, 
background: [33mCOLORS[0m.borderL...

Parsing ecmascript source code failed

Import traces:
  App Route:
    ./content/dsa/arrays/trapping-rain-water.tsx
    ./lib/content-registry.ts
    ./app/api/content/route.ts

  Client Component Browser:
    ./content/dsa/arrays/trapping-rain-water.tsx [Client Component Browser]
    ./components/LessonLoader.tsx [Client Component Browser]
    ./components/LessonLoader.tsx [Server Component]
    ./app/curriculum/[subject]/[topic]/[lesson]/page.tsx [Server Component]

  Client Component SSR:
    ./content/dsa/arrays/trapping-rain-water.tsx [Client Component SSR]
    ./components/LessonLoader.tsx [Client Component SSR]
    ./components/LessonLoader.tsx [Server Component]
    ./app/curriculum/[subject]/[topic]/[lesson]/page.tsx [Server Component]


./content/dsa/arrays/two-sum.tsx:158:3
Unexpected token. Did you mean `{'}'}` or `&rbrace;`?
  [90m156 |[0m         </div>
  [90m157 |[0m         <div style={{ padding: [32m'12px 14px'[0m }}>{content});
[31m[1m>[0m [90m158 |[0m   };
  [90m    |[0m   [31m[1m^[0m
  [90m159 |[0m
  [90m160 |[0m   [36mreturn[0m (
  [90m161 |[0m     <div style={{ width: [32m"100vw"[0m, height: [32m"100vh"[0m, overflowY: [32m"auto"[0m, 
background: [33mCOLORS[0m....

Parsing ecmascript source code failed

Import traces:
  App Route:
    ./content/dsa/arrays/two-sum.tsx
    ./lib/content-registry.ts
    ./app/api/content/route.ts

  Client Component Browser:
    ./content/dsa/arrays/two-sum.tsx [Client Component Browser]
    ./components/LessonLoader.tsx [Client Component Browser]
    ./components/LessonLoader.tsx [Server Component]
    ./app/curriculum/[subject]/[topic]/[lesson]/page.tsx [Server Component]

  Client Component SSR:
    ./content/dsa/arrays/two-sum.tsx [Client Component SSR]
    ./components/LessonLoader.tsx [Client Component SSR]
    ./components/LessonLoader.tsx [Server Component]
    ./app/curriculum/[subject]/[topic]/[lesson]/page.tsx [Server Component]


./content/dsa/arrays/two-sum.tsx:272:15
Unexpected token. Did you mean `{'}'}` or `&rbrace;`?
  [90m270 |[0m                     }}>{val}</div>
  [90m271 |[0m                     <div style={{ fontSize: [35m12[0m, color: [33mCOLORS[0m.textDark }}>{i === 
step.lef...
[31m[1m>[0m [90m272 |[0m               })});
  [90m    |[0m               [31m[1m^[0m
  [90m273 |[0m }
  [90m274 |[0m
  [90m275 |[0m [36mconst[0m btnStyle = { background: [33mCOLORS[0m.borderLighter, border: [32m`1px solid 
[0m${[33mCOLORS[0m.border[32m}`[0m...

Parsing ecmascript source code failed

Import traces:
  App Route:
    ./content/dsa/arrays/two-sum.tsx
    ./lib/content-registry.ts
    ./app/api/content/route.ts

  Client Component Browser:
    ./content/dsa/arrays/two-sum.tsx [Client Component Browser]
    ./components/LessonLoader.tsx [Client Component Browser]
    ./components/LessonLoader.tsx [Server Component]
    ./app/curriculum/[subject]/[topic]/[lesson]/page.tsx [Server Component]

  Client Component SSR:
    ./content/dsa/arrays/two-sum.tsx [Client Component SSR]
    ./components/LessonLoader.tsx [Client Component SSR]
    ./components/LessonLoader.tsx [Server Component]
    ./app/curriculum/[subject]/[topic]/[lesson]/page.tsx [Server Component]


./content/dsa/arrays/two-sum.tsx:272:17
Unexpected token. Did you mean `{'}'}` or `&rbrace;`?
  [90m270 |[0m                     }}>{val}</div>
  [90m271 |[0m                     <div style={{ fontSize: [35m12[0m, color: [33mCOLORS[0m.textDark }}>{i === 
step.lef...
[31m[1m>[0m [90m272 |[0m               })});
  [90m    |[0m                 [31m[1m^[0m
  [90m273 |[0m }
  [90m274 |[0m
  [90m275 |[0m [36mconst[0m btnStyle = { background: [33mCOLORS[0m.borderLighter, border: [32m`1px solid 
[0m${[33mCOLORS[0m.border[32m}`[0m...

Parsing ecmascript source code failed

Import traces:
  App Route:
    ./content/dsa/arrays/two-sum.tsx
    ./lib/content-registry.ts
    ./app/api/content/route.ts

  Client Component Browser:
    ./content/dsa/arrays/two-sum.tsx [Client Component Browser]
    ./components/LessonLoader.tsx [Client Component Browser]
    ./components/LessonLoader.tsx [Server Component]
    ./app/curriculum/[subject]/[topic]/[lesson]/page.tsx [Server Component]

  Client Component SSR:
    ./content/dsa/arrays/two-sum.tsx [Client Component SSR]
    ./components/LessonLoader.tsx [Client Component SSR]
    ./components/LessonLoader.tsx [Server Component]
    ./app/curriculum/[subject]/[topic]/[lesson]/page.tsx [Server Component]


./content/dsa/arrays/two-sum.tsx:273:1
Unexpected token. Did you mean `{'}'}` or `&rbrace;`?
  [90m271 |[0m                     <div style={{ fontSize: [35m12[0m, color: [33mCOLORS[0m.textDark }}>{i === 
step.lef...
  [90m272 |[0m               })});
[31m[1m>[0m [90m273 |[0m }
  [90m    |[0m [31m[1m^[0m
  [90m274 |[0m
  [90m275 |[0m [36mconst[0m btnStyle = { background: [33mCOLORS[0m.borderLighter, border: [32m`1px solid 
[0m${[33mCOLORS[0m.border[32m}`[0m...
  [90m276 |[0m [36mconst[0m ctrlBtnStyle = { width: [35m32[0m, height: [35m32[0m, borderRadius: [35m6[0m, 
background: [33mCOLORS[0m.borderL...

Parsing ecmascript source code failed

Import traces:
  App Route:
    ./content/dsa/arrays/two-sum.tsx
    ./lib/content-registry.ts
    ./app/api/content/route.ts

  Client Component Browser:
    ./content/dsa/arrays/two-sum.tsx [Client Component Browser]
    ./components/LessonLoader.tsx [Client Component Browser]
    ./components/LessonLoader.tsx [Server Component]
    ./app/curriculum/[subject]/[topic]/[lesson]/page.tsx [Server Component]

  Client Component SSR:
    ./content/dsa/arrays/two-sum.tsx [Client Component SSR]
    ./components/LessonLoader.tsx [Client Component SSR]
    ./components/LessonLoader.tsx [Server Component]
    ./app/curriculum/[subject]/[topic]/[lesson]/page.tsx [Server Component]


./content/dsa/cpp-fundamentals/abstraction.tsx:32:1
Unexpected token. Did you mean `{'}'}` or `&rbrace;`?
  [90m30 |[0m         <p style={{ color: [32m"var(--text-secondary)"[0m, fontSize: [35m13[0m, lineHeight: 
[35m1.6[0m }}>[33mThink[0m.[36m..[0m
  [90m31 |[0m [32m );[0m
[31m[1m>[0m [90m32 |[0m [32m}[0m
  [90m   |[0m [31m[1m^[0m
  [90m33 |[0m

Parsing ecmascript source code failed

Import traces:
  App Route:
    ./content/dsa/cpp-fundamentals/abstraction.tsx
    ./lib/content-registry.ts
    ./app/api/content/route.ts

  Client Component Browser:
    ./content/dsa/cpp-fundamentals/abstraction.tsx [Client Component Browser]
    ./components/LessonLoader.tsx [Client Component Browser]
    ./components/LessonLoader.tsx [Server Component]
    ./app/curriculum/[subject]/[topic]/[lesson]/page.tsx [Server Component]

  Client Component SSR:
    ./content/dsa/cpp-fundamentals/abstraction.tsx [Client Component SSR]
    ./components/LessonLoader.tsx [Client Component SSR]
    ./components/LessonLoader.tsx [Server Component]
    ./app/curriculum/[subject]/[topic]/[lesson]/page.tsx [Server Component]


./content/dsa/cpp-fundamentals/access-specifiers.tsx:33:1
Unexpected token. Did you mean `{'}'}` or `&rbrace;`?
  [90m31 |[0m         <p style={{ color: [32m"var(--text-secondary)"[0m, fontSize: [35m13[0m, lineHeight: 
[35m1.6[0m }}>[33mBest[0m ...
  [90m32 |[0m  );
[31m[1m>[0m [90m33 |[0m }
  [90m   |[0m [31m[1m^[0m
  [90m34 |[0m

Parsing ecmascript source code failed

Import traces:
  App Route:
    ./content/dsa/cpp-fundamentals/access-specifiers.tsx
    ./lib/content-registry.ts
    ./app/api/content/route.ts

  Client Component Browser:
    ./content/dsa/cpp-fundamentals/access-specifiers.tsx [Client Component Browser]
    ./components/LessonLoader.tsx [Client Component Browser]
    ./components/LessonLoader.tsx [Server Component]
    ./app/curriculum/[subject]/[topic]/[lesson]/page.tsx [Server Component]

  Client Component SSR:
    ./content/dsa/cpp-fundamentals/access-specifiers.tsx [Client Component SSR]
    ./components/LessonLoader.tsx [Client Component SSR]
    ./components/LessonLoader.tsx [Server Component]
    ./app/curriculum/[subject]/[topic]/[lesson]/page.tsx [Server Component]


./content/dsa/cpp-fundamentals/arithmetic-operators.tsx:40:1
Unexpected token. Did you mean `{'}'}` or `&rbrace;`?
  [90m38 |[0m [32m        <p style={{ color: "[0m[36mvar[0m(--text-muted)[32m", fontSize: 12, marginTop: 8 
}}>The modulus ...[0m
  [90m39 |[0m [32m );[0m
[31m[1m>[0m [90m40 |[0m [32m}[0m
  [90m   |[0m [31m[1m^[0m
  [90m41 |[0m

Parsing ecmascript source code failed

Import traces:
  App Route:
    ./content/dsa/cpp-fundamentals/arithmetic-operators.tsx
    ./lib/content-registry.ts
    ./app/api/content/route.ts

  Client Component Browser:
    ./content/dsa/cpp-fundamentals/arithmetic-operators.tsx [Client Component Browser]
    ./components/LessonLoader.tsx [Client Component Browser]
    ./components/LessonLoader.tsx [Server Component]
    ./app/curriculum/[subject]/[topic]/[lesson]/page.tsx [Server Component]

  Client Component SSR:
    ./content/dsa/cpp-fundamentals/arithmetic-operators.tsx [Client Component SSR]
    ./components/LessonLoader.tsx [Client Component SSR]
    ./components/LessonLoader.tsx [Server Component]
    ./app/curriculum/[subject]/[topic]/[lesson]/page.tsx [Server Component]


./content/dsa/cpp-fundamentals/arrays.tsx:31:1
Unexpected token. Did you mean `{'}'}` or `&rbrace;`?
  [90m29 |[0m         <p style={{ color: [32m"var(--text-secondary)"[0m, fontSize: [35m13[0m, lineHeight: 
[35m1.6[0m }}>[33mC[0m++ d...
  [90m30 |[0m [32m );[0m
[31m[1m>[0m [90m31 |[0m [32m}[0m
  [90m   |[0m [31m[1m^[0m
  [90m32 |[0m

Parsing ecmascript source code failed

Import traces:
  App Route:
    ./content/dsa/cpp-fundamentals/arrays.tsx
    ./lib/content-registry.ts
    ./app/api/content/route.ts

  Client Component Browser:
    ./content/dsa/cpp-fundamentals/arrays.tsx [Client Component Browser]
    ./components/LessonLoader.tsx [Client Component Browser]
    ./components/LessonLoader.tsx [Server Component]
    ./app/curriculum/[subject]/[topic]/[lesson]/page.tsx [Server Component]

  Client Component SSR:
    ./content/dsa/cpp-fundamentals/arrays.tsx [Client Component SSR]
    ./components/LessonLoader.tsx [Client Component SSR]
    ./components/LessonLoader.tsx [Server Component]
    ./app/curriculum/[subject]/[topic]/[lesson]/page.tsx [Server Component]


./content/dsa/cpp-fundamentals/assignment-operators.tsx:32:1
Unexpected token. Did you mean `{'}'}` or `&rbrace;`?
  [90m30 |[0m           </div>
  [90m31 |[0m         ))});
[31m[1m>[0m [90m32 |[0m }
  [90m   |[0m [31m[1m^[0m
  [90m33 |[0m

Parsing ecmascript source code failed

Import traces:
  App Route:
    ./content/dsa/cpp-fundamentals/assignment-operators.tsx
    ./lib/content-registry.ts
    ./app/api/content/route.ts

  Client Component Browser:
    ./content/dsa/cpp-fundamentals/assignment-operators.tsx [Client Component Browser]
    ./components/LessonLoader.tsx [Client Component Browser]
    ./components/LessonLoader.tsx [Server Component]
    ./app/curriculum/[subject]/[topic]/[lesson]/page.tsx [Server Component]

  Client Component SSR:
    ./content/dsa/cpp-fundamentals/assignment-operators.tsx [Client Component SSR]
    ./components/LessonLoader.tsx [Client Component SSR]
    ./components/LessonLoader.tsx [Server Component]
    ./app/curriculum/[subject]/[topic]/[lesson]/page.tsx [Server Component]


./content/dsa/cpp-fundamentals/auto-keyword.tsx:31:1
Unexpected token. Did you mean `{'}'}` or `&rbrace;`?
  [90m29 |[0m         <p style={{ color: [32m"var(--text-secondary)"[0m, fontSize: [35m13[0m, lineHeight: 
[35m1.6[0m }}>[33mUse[0m <...
  [90m30 |[0m  );
[31m[1m>[0m [90m31 |[0m }
  [90m   |[0m [31m[1m^[0m
  [90m32 |[0m

Parsing ecmascript source code failed

Import traces:
  App Route:
    ./content/dsa/cpp-fundamentals/auto-keyword.tsx
    ./lib/content-registry.ts
    ./app/api/content/route.ts

  Client Component Browser:
    ./content/dsa/cpp-fundamentals/auto-keyword.tsx [Client Component Browser]
    ./components/LessonLoader.tsx [Client Component Browser]
    ./components/LessonLoader.tsx [Server Component]
    ./app/curriculum/[subject]/[topic]/[lesson]/page.tsx [Server Component]

  Client Component SSR:
    ./content/dsa/cpp-fundamentals/auto-keyword.tsx [Client Component SSR]
    ./components/LessonLoader.tsx [Client Component SSR]
    ./components/LessonLoader.tsx [Server Component]
    ./app/curriculum/[subject]/[topic]/[lesson]/page.tsx [Server Component]


./content/dsa/cpp-fundamentals/best-practices.tsx:32:1
Unexpected token. Did you mean `{'}'}` or `&rbrace;`?
  [90m30 |[0m         <p style={{ color: [32m"var(--text-secondary)"[0m, fontSize: [35m13[0m, lineHeight: 
[35m1.6[0m }}>[33mWheth..[0m.
  [90m31 |[0m [32m );[0m
[31m[1m>[0m [90m32 |[0m [32m}[0m
  [90m   |[0m [31m[1m^[0m
  [90m33 |[0m

Parsing ecmascript source code failed

Import traces:
  App Route:
    ./content/dsa/cpp-fundamentals/best-practices.tsx
    ./lib/content-registry.ts
    ./app/api/content/route.ts

  Client Component Browser:
    ./content/dsa/cpp-fundamentals/best-practices.tsx [Client Component Browser]
    ./components/LessonLoader.tsx [Client Component Browser]
    ./components/LessonLoader.tsx [Server Component]
    ./app/curriculum/[subject]/[topic]/[lesson]/page.tsx [Server Component]

  Client Component SSR:
    ./content/dsa/cpp-fundamentals/best-practices.tsx [Client Component SSR]
    ./components/LessonLoader.tsx [Client Component SSR]
    ./components/LessonLoader.tsx [Server Component]
    ./app/curriculum/[subject]/[topic]/[lesson]/page.tsx [Server Component]


./content/dsa/cpp-fundamentals/bitwise-operators.tsx:48:1
Unexpected token. Did you mean `{'}'}` or `&rbrace;`?
  [90m46 |[0m           </div>
  [90m47 |[0m         ))});
[31m[1m>[0m [90m48 |[0m }
  [90m   |[0m [31m[1m^[0m
  [90m49 |[0m

Parsing ecmascript source code failed

Import traces:
  App Route:
    ./content/dsa/cpp-fundamentals/bitwise-operators.tsx
    ./lib/content-registry.ts
    ./app/api/content/route.ts

  Client Component Browser:
    ./content/dsa/cpp-fundamentals/bitwise-operators.tsx [Client Component Browser]
    ./components/LessonLoader.tsx [Client Component Browser]
    ./components/LessonLoader.tsx [Server Component]
    ./app/curriculum/[subject]/[topic]/[lesson]/page.tsx [Server Component]

  Client Component SSR:
    ./content/dsa/cpp-fundamentals/bitwise-operators.tsx [Client Component SSR]
    ./components/LessonLoader.tsx [Client Component SSR]
    ./components/LessonLoader.tsx [Server Component]
    ./app/curriculum/[subject]/[topic]/[lesson]/page.tsx [Server Component]


./content/dsa/cpp-fundamentals/c-style-strings.tsx:30:1
Unexpected token. Did you mean `{'}'}` or `&rbrace;`?
  [90m28 |[0m         <p style={{ color: [32m"var(--text-secondary)"[0m, fontSize: [35m13[0m, lineHeight: 
[35m1.6[0m }}>[33mC[0m-sty...
  [90m29 |[0m  );
[31m[1m>[0m [90m30 |[0m }
  [90m   |[0m [31m[1m^[0m
  [90m31 |[0m

Parsing ecmascript source code failed

Import traces:
  App Route:
    ./content/dsa/cpp-fundamentals/c-style-strings.tsx
    ./lib/content-registry.ts
    ./app/api/content/route.ts

  Client Component Browser:
    ./content/dsa/cpp-fundamentals/c-style-strings.tsx [Client Component Browser]
    ./components/LessonLoader.tsx [Client Component Browser]
    ./components/LessonLoader.tsx [Server Component]
    ./app/curriculum/[subject]/[topic]/[lesson]/page.tsx [Server Component]

  Client Component SSR:
    ./content/dsa/cpp-fundamentals/c-style-strings.tsx [Client Component SSR]
    ./components/LessonLoader.tsx [Client Component SSR]
    ./components/LessonLoader.tsx [Server Component]
    ./app/curriculum/[subject]/[topic]/[lesson]/page.tsx [Server Component]


./content/dsa/cpp-fundamentals/character-arrays.tsx:33:1
Unexpected token. Did you mean `{'}'}` or `&rbrace;`?
  [90m31 |[0m             <code key={fn} style={{ fontSize: [35m11[0m, color: [32m"#fb923c"[0m, background: 
[32m"rgba(249,...[0m
  [90m32 |[0m           ))});
[31m[1m>[0m [90m33 |[0m }
  [90m   |[0m [31m[1m^[0m
  [90m34 |[0m

Parsing ecmascript source code failed

Import traces:
  App Route:
    ./content/dsa/cpp-fundamentals/character-arrays.tsx
    ./lib/content-registry.ts
    ./app/api/content/route.ts

  Client Component Browser:
    ./content/dsa/cpp-fundamentals/character-arrays.tsx [Client Component Browser]
    ./components/LessonLoader.tsx [Client Component Browser]
    ./components/LessonLoader.tsx [Server Component]
    ./app/curriculum/[subject]/[topic]/[lesson]/page.tsx [Server Component]

  Client Component SSR:
    ./content/dsa/cpp-fundamentals/character-arrays.tsx [Client Component SSR]
    ./components/LessonLoader.tsx [Client Component SSR]
    ./components/LessonLoader.tsx [Server Component]
    ./app/curriculum/[subject]/[topic]/[lesson]/page.tsx [Server Component]


./content/dsa/cpp-fundamentals/class-templates.tsx:31:1
Unexpected token. Did you mean `{'}'}` or `&rbrace;`?
  [90m29 |[0m         <p style={{ color: [32m"var(--text-secondary)"[0m, fontSize: [35m13[0m, lineHeight: 
[35m1.6[0m }}>[33mYou[0m c...
  [90m30 |[0m  );
[31m[1m>[0m [90m31 |[0m }
  [90m   |[0m [31m[1m^[0m
  [90m32 |[0m

Parsing ecmascript source code failed

Import traces:
  App Route:
    ./content/dsa/cpp-fundamentals/class-templates.tsx
    ./lib/content-registry.ts
    ./app/api/content/route.ts

  Client Component Browser:
    ./content/dsa/cpp-fundamentals/class-templates.tsx [Client Component Browser]
    ./components/LessonLoader.tsx [Client Component Browser]
    ./components/LessonLoader.tsx [Server Component]
    ./app/curriculum/[subject]/[topic]/[lesson]/page.tsx [Server Component]

  Client Component SSR:
    ./content/dsa/cpp-fundamentals/class-templates.tsx [Client Component SSR]
    ./components/LessonLoader.tsx [Client Component SSR]
    ./components/LessonLoader.tsx [Server Component]
    ./app/curriculum/[subject]/[topic]/[lesson]/page.tsx [Server Component]


./content/dsa/cpp-fundamentals/classes-objects.tsx:31:1
Unexpected token. Did you mean `{'}'}` or `&rbrace;`?
  [90m29 |[0m         <p style={{ color: [32m"var(--text-secondary)"[0m, fontSize: [35m13[0m, lineHeight: 
[35m1.6[0m }}>[33mUse[0m t...
  [90m30 |[0m  );
[31m[1m>[0m [90m31 |[0m }
  [90m   |[0m [31m[1m^[0m
  [90m32 |[0m

Parsing ecmascript source code failed

Import traces:
  App Route:
    ./content/dsa/cpp-fundamentals/classes-objects.tsx
    ./lib/content-registry.ts
    ./app/api/content/route.ts

  Client Component Browser:
    ./content/dsa/cpp-fundamentals/classes-objects.tsx [Client Component Browser]
    ./components/LessonLoader.tsx [Client Component Browser]
    ./components/LessonLoader.tsx [Server Component]
    ./app/curriculum/[subject]/[topic]/[lesson]/page.tsx [Server Component]

  Client Component SSR:
    ./content/dsa/cpp-fundamentals/classes-objects.tsx [Client Component SSR]
    ./components/LessonLoader.tsx [Client Component SSR]
    ./components/LessonLoader.tsx [Server Component]
    ./app/curriculum/[subject]/[topic]/[lesson]/page.tsx [Server Component]


./content/dsa/cpp-fundamentals/comments-in-cpp.tsx:68:1
Unexpected token. Did you mean `{'}'}` or `&rbrace;`?
  [90m66 |[0m           </div>
  [90m67 |[0m         ))});
[31m[1m>[0m [90m68 |[0m }
  [90m   |[0m [31m[1m^[0m
  [90m69 |[0m

Parsing ecmascript source code failed

Import traces:
  App Route:
    ./content/dsa/cpp-fundamentals/comments-in-cpp.tsx
    ./lib/content-registry.ts
    ./app/api/content/route.ts

  Client Component Browser:
    ./content/dsa/cpp-fundamentals/comments-in-cpp.tsx [Client Component Browser]
    ./components/LessonLoader.tsx [Client Component Browser]
    ./components/LessonLoader.tsx [Server Component]
    ./app/curriculum/[subject]/[topic]/[lesson]/page.tsx [Server Component]

  Client Component SSR:
    ./content/dsa/cpp-fundamentals/comments-in-cpp.tsx [Client Component SSR]
    ./components/LessonLoader.tsx [Client Component SSR]
    ./components/LessonLoader.tsx [Server Component]
    ./app/curriculum/[subject]/[topic]/[lesson]/page.tsx [Server Component]


./content/dsa/cpp-fundamentals/compilation-process.tsx:34:1
Unexpected token. Did you mean `{'}'}` or `&rbrace;`?
  [90m32 |[0m         <p style={{ color: [32m"var(--text-secondary)"[0m, fontSize: [35m13[0m, lineHeight: 
[35m1.6[0m }}>[33mIf[0m yo...
  [90m33 |[0m [32m );[0m
[31m[1m>[0m [90m34 |[0m [32m}[0m
  [90m   |[0m [31m[1m^[0m
  [90m35 |[0m

Parsing ecmascript source code failed

Import traces:
  App Route:
    ./content/dsa/cpp-fundamentals/compilation-process.tsx
    ./lib/content-registry.ts
    ./app/api/content/route.ts

  Client Component Browser:
    ./content/dsa/cpp-fundamentals/compilation-process.tsx [Client Component Browser]
    ./components/LessonLoader.tsx [Client Component Browser]
    ./components/LessonLoader.tsx [Server Component]
    ./app/curriculum/[subject]/[topic]/[lesson]/page.tsx [Server Component]

  Client Component SSR:
    ./content/dsa/cpp-fundamentals/compilation-process.tsx [Client Component SSR]
    ./components/LessonLoader.tsx [Client Component SSR]
    ./components/LessonLoader.tsx [Server Component]
    ./app/curriculum/[subject]/[topic]/[lesson]/page.tsx [Server Component]


./content/dsa/cpp-fundamentals/conditional-statements.tsx:37:1
Unexpected token. Did you mean `{'}'}` or `&rbrace;`?
  [90m35 |[0m         </p>
  [90m36 |[0m  );
[31m[1m>[0m [90m37 |[0m }
  [90m   |[0m [31m[1m^[0m
  [90m38 |[0m

Parsing ecmascript source code failed

Import traces:
  App Route:
    ./content/dsa/cpp-fundamentals/conditional-statements.tsx
    ./lib/content-registry.ts
    ./app/api/content/route.ts

  Client Component Browser:
    ./content/dsa/cpp-fundamentals/conditional-statements.tsx [Client Component Browser]
    ./components/LessonLoader.tsx [Client Component Browser]
    ./components/LessonLoader.tsx [Server Component]
    ./app/curriculum/[subject]/[topic]/[lesson]/page.tsx [Server Component]

  Client Component SSR:
    ./content/dsa/cpp-fundamentals/conditional-statements.tsx [Client Component SSR]
    ./components/LessonLoader.tsx [Client Component SSR]
    ./components/LessonLoader.tsx [Server Component]
    ./app/curriculum/[subject]/[topic]/[lesson]/page.tsx [Server Component]


./content/dsa/cpp-fundamentals/constants-literals.tsx:41:1
Unexpected token. Did you mean `{'}'}` or `&rbrace;`?
  [90m39 |[0m         </div>
  [90m40 |[0m       ))});
[31m[1m>[0m [90m41 |[0m }
  [90m   |[0m [31m[1m^[0m
  [90m42 |[0m

Parsing ecmascript source code failed

Import traces:
  App Route:
    ./content/dsa/cpp-fundamentals/constants-literals.tsx
    ./lib/content-registry.ts
    ./app/api/content/route.ts

  Client Component Browser:
    ./content/dsa/cpp-fundamentals/constants-literals.tsx [Client Component Browser]
    ./components/LessonLoader.tsx [Client Component Browser]
    ./components/LessonLoader.tsx [Server Component]
    ./app/curriculum/[subject]/[topic]/[lesson]/page.tsx [Server Component]

  Client Component SSR:
    ./content/dsa/cpp-fundamentals/constants-literals.tsx [Client Component SSR]
    ./components/LessonLoader.tsx [Client Component SSR]
    ./components/LessonLoader.tsx [Server Component]
    ./app/curriculum/[subject]/[topic]/[lesson]/page.tsx [Server Component]


./content/dsa/cpp-fundamentals/constructors.tsx:29:1
Unexpected token. Did you mean `{'}'}` or `&rbrace;`?
  [90m27 |[0m         <p style={{ color: [32m"var(--text-secondary)"[0m, fontSize: [35m13[0m, lineHeight: 
[35m1.6[0m }}>[33mConst...[0m
  [90m28 |[0m  );
[31m[1m>[0m [90m29 |[0m }
  [90m   |[0m [31m[1m^[0m
  [90m30 |[0m

Parsing ecmascript source code failed

Import traces:
  App Route:
    ./content/dsa/cpp-fundamentals/constructors.tsx
    ./lib/content-registry.ts
    ./app/api/content/route.ts

  Client Component Browser:
    ./content/dsa/cpp-fundamentals/constructors.tsx [Client Component Browser]
    ./components/LessonLoader.tsx [Client Component Browser]
    ./components/LessonLoader.tsx [Server Component]
    ./app/curriculum/[subject]/[topic]/[lesson]/page.tsx [Server Component]

  Client Component SSR:
    ./content/dsa/cpp-fundamentals/constructors.tsx [Client Component SSR]
    ./components/LessonLoader.tsx [Client Component SSR]
    ./components/LessonLoader.tsx [Server Component]
    ./app/curriculum/[subject]/[topic]/[lesson]/page.tsx [Server Component]


./content/dsa/cpp-fundamentals/copy-constructor.tsx:36:1
Unexpected token. Did you mean `{'}'}` or `&rbrace;`?
  [90m34 |[0m         </ul>
  [90m35 |[0m  );
[31m[1m>[0m [90m36 |[0m }
  [90m   |[0m [31m[1m^[0m
  [90m37 |[0m

Parsing ecmascript source code failed

Import traces:
  App Route:
    ./content/dsa/cpp-fundamentals/copy-constructor.tsx
    ./lib/content-registry.ts
    ./app/api/content/route.ts

  Client Component Browser:
    ./content/dsa/cpp-fundamentals/copy-constructor.tsx [Client Component Browser]
    ./components/LessonLoader.tsx [Client Component Browser]
    ./components/LessonLoader.tsx [Server Component]
    ./app/curriculum/[subject]/[topic]/[lesson]/page.tsx [Server Component]

  Client Component SSR:
    ./content/dsa/cpp-fundamentals/copy-constructor.tsx [Client Component SSR]
    ./components/LessonLoader.tsx [Client Component SSR]
    ./components/LessonLoader.tsx [Server Component]
    ./app/curriculum/[subject]/[topic]/[lesson]/page.tsx [Server Component]


./content/dsa/cpp-fundamentals/course-introduction.tsx:26:1
Unexpected token. Did you mean `{'}'}` or `&rbrace;`?
  [90m24 |[0m         <p style={{ color: [32m"var(--text-secondary)"[0m, fontSize: [35m13[0m, lineHeight: 
[35m1.6[0m }}>[33mC[0m++ g...
  [90m25 |[0m [32m );[0m
[31m[1m>[0m [90m26 |[0m [32m}[0m
  [90m   |[0m [31m[1m^[0m
  [90m27 |[0m

Parsing ecmascript source code failed

Import traces:
  App Route:
    ./content/dsa/cpp-fundamentals/course-introduction.tsx
    ./lib/content-registry.ts
    ./app/api/content/route.ts

  Client Component Browser:
    ./content/dsa/cpp-fundamentals/course-introduction.tsx [Client Component Browser]
    ./components/LessonLoader.tsx [Client Component Browser]
    ./components/LessonLoader.tsx [Server Component]
    ./app/curriculum/[subject]/[topic]/[lesson]/page.tsx [Server Component]

  Client Component SSR:
    ./content/dsa/cpp-fundamentals/course-introduction.tsx [Client Component SSR]
    ./components/LessonLoader.tsx [Client Component SSR]
    ./components/LessonLoader.tsx [Server Component]
    ./app/curriculum/[subject]/[topic]/[lesson]/page.tsx [Server Component]


./content/dsa/cpp-fundamentals/data-types.tsx:70:1
Unexpected token. Did you mean `{'}'}` or `&rbrace;`?
  [90m68 |[0m           </p>
  [90m69 |[0m  );
[31m[1m>[0m [90m70 |[0m }
  [90m   |[0m [31m[1m^[0m
  [90m71 |[0m

Parsing ecmascript source code failed

Import traces:
  App Route:
    ./content/dsa/cpp-fundamentals/data-types.tsx
    ./lib/content-registry.ts
    ./app/api/content/route.ts

  Client Component Browser:
    ./content/dsa/cpp-fundamentals/data-types.tsx [Client Component Browser]
    ./components/LessonLoader.tsx [Client Component Browser]
    ./components/LessonLoader.tsx [Server Component]
    ./app/curriculum/[subject]/[topic]/[lesson]/page.tsx [Server Component]

  Client Component SSR:
    ./content/dsa/cpp-fundamentals/data-types.tsx [Client Component SSR]
    ./components/LessonLoader.tsx [Client Component SSR]
    ./components/LessonLoader.tsx [Server Component]
    ./app/curriculum/[subject]/[topic]/[lesson]/page.tsx [Server Component]


./content/dsa/cpp-fundamentals/debugging-basics.tsx:37:1
Unexpected token. Did you mean `{'}'}` or `&rbrace;`?
  [90m35 |[0m         <p style={{ color: [32m"var(--text-secondary)"[0m, fontSize: [35m13[0m, lineHeight: 
[35m1.6[0m }}>[33mAlway.[0m.[36m.[0m
  [90m36 |[0m  );
[31m[1m>[0m [90m37 |[0m }
  [90m   |[0m [31m[1m^[0m
  [90m38 |[0m

Parsing ecmascript source code failed

Import traces:
  App Route:
    ./content/dsa/cpp-fundamentals/debugging-basics.tsx
    ./lib/content-registry.ts
    ./app/api/content/route.ts

  Client Component Browser:
    ./content/dsa/cpp-fundamentals/debugging-basics.tsx [Client Component Browser]
    ./components/LessonLoader.tsx [Client Component Browser]
    ./components/LessonLoader.tsx [Server Component]
    ./app/curriculum/[subject]/[topic]/[lesson]/page.tsx [Server Component]

  Client Component SSR:
    ./content/dsa/cpp-fundamentals/debugging-basics.tsx [Client Component SSR]
    ./components/LessonLoader.tsx [Client Component SSR]
    ./components/LessonLoader.tsx [Server Component]
    ./app/curriculum/[subject]/[topic]/[lesson]/page.tsx [Server Component]


./content/dsa/cpp-fundamentals/default-arguments.tsx:33:1
Unexpected token. Did you mean `{'}'}` or `&rbrace;`?
  [90m31 |[0m         <p style={{ color: [32m"var(--text-secondary)"[0m, fontSize: [35m13[0m, lineHeight: 
[35m1.6[0m }}>[33mDefau..[0m.
  [90m32 |[0m  );
[31m[1m>[0m [90m33 |[0m }
  [90m   |[0m [31m[1m^[0m
  [90m34 |[0m

Parsing ecmascript source code failed

Import traces:
  App Route:
    ./content/dsa/cpp-fundamentals/default-arguments.tsx
    ./lib/content-registry.ts
    ./app/api/content/route.ts

  Client Component Browser:
    ./content/dsa/cpp-fundamentals/default-arguments.tsx [Client Component Browser]
    ./components/LessonLoader.tsx [Client Component Browser]
    ./components/LessonLoader.tsx [Server Component]
    ./app/curriculum/[subject]/[topic]/[lesson]/page.tsx [Server Component]

  Client Component SSR:
    ./content/dsa/cpp-fundamentals/default-arguments.tsx [Client Component SSR]
    ./components/LessonLoader.tsx [Client Component SSR]
    ./components/LessonLoader.tsx [Server Component]
    ./app/curriculum/[subject]/[topic]/[lesson]/page.tsx [Server Component]


./content/dsa/cpp-fundamentals/destructors.tsx:36:1
Unexpected token. Did you mean `{'}'}` or `&rbrace;`?
  [90m34 |[0m         </ul>
  [90m35 |[0m  );
[31m[1m>[0m [90m36 |[0m }
  [90m   |[0m [31m[1m^[0m
  [90m37 |[0m

Parsing ecmascript source code failed

Import traces:
  App Route:
    ./content/dsa/cpp-fundamentals/destructors.tsx
    ./lib/content-registry.ts
    ./app/api/content/route.ts

  Client Component Browser:
    ./content/dsa/cpp-fundamentals/destructors.tsx [Client Component Browser]
    ./components/LessonLoader.tsx [Client Component Browser]
    ./components/LessonLoader.tsx [Server Component]
    ./app/curriculum/[subject]/[topic]/[lesson]/page.tsx [Server Component]

  Client Component SSR:
    ./content/dsa/cpp-fundamentals/destructors.tsx [Client Component SSR]
    ./components/LessonLoader.tsx [Client Component SSR]
    ./components/LessonLoader.tsx [Server Component]
    ./app/curriculum/[subject]/[topic]/[lesson]/page.tsx [Server Component]


./content/dsa/cpp-fundamentals/do-while-loop.tsx:30:1
Unexpected token. Did you mean `{'}'}` or `&rbrace;`?
  [90m28 |[0m           <p style={{ color: [32m"var(--text-secondary)"[0m, fontSize: [35m12[0m 
}}>[33mChecks[0m condition [33mAFT..[0m.
  [90m29 |[0m  );
[31m[1m>[0m [90m30 |[0m }
  [90m   |[0m [31m[1m^[0m
  [90m31 |[0m

Parsing ecmascript source code failed

Import traces:
  App Route:
    ./content/dsa/cpp-fundamentals/do-while-loop.tsx
    ./lib/content-registry.ts
    ./app/api/content/route.ts

  Client Component Browser:
    ./content/dsa/cpp-fundamentals/do-while-loop.tsx [Client Component Browser]
    ./components/LessonLoader.tsx [Client Component Browser]
    ./components/LessonLoader.tsx [Server Component]
    ./app/curriculum/[subject]/[topic]/[lesson]/page.tsx [Server Component]

  Client Component SSR:
    ./content/dsa/cpp-fundamentals/do-while-loop.tsx [Client Component SSR]
    ./components/LessonLoader.tsx [Client Component SSR]
    ./components/LessonLoader.tsx [Server Component]
    ./app/curriculum/[subject]/[topic]/[lesson]/page.tsx [Server Component]


./content/dsa/cpp-fundamentals/dynamic-memory-allocation.tsx:34:1
Unexpected token. Did you mean `{'}'}` or `&rbrace;`?
  [90m32 |[0m         <p style={{ color: [32m"var(--text-secondary)"[0m, fontSize: [35m13[0m, lineHeight: 
[35m1.6[0m }}>[33mIf[0m yo...
  [90m33 |[0m  );
[31m[1m>[0m [90m34 |[0m }
  [90m   |[0m [31m[1m^[0m
  [90m35 |[0m

Parsing ecmascript source code failed

Import traces:
  App Route:
    ./content/dsa/cpp-fundamentals/dynamic-memory-allocation.tsx
    ./lib/content-registry.ts
    ./app/api/content/route.ts

  Client Component Browser:
    ./content/dsa/cpp-fundamentals/dynamic-memory-allocation.tsx [Client Component Browser]
    ./components/LessonLoader.tsx [Client Component Browser]
    ./components/LessonLoader.tsx [Server Component]
    ./app/curriculum/[subject]/[topic]/[lesson]/page.tsx [Server Component]

  Client Component SSR:
    ./content/dsa/cpp-fundamentals/dynamic-memory-allocation.tsx [Client Component SSR]
    ./components/LessonLoader.tsx [Client Component SSR]
    ./components/LessonLoader.tsx [Server Component]
    ./app/curriculum/[subject]/[topic]/[lesson]/page.tsx [Server Component]


./content/dsa/cpp-fundamentals/else-if-ladder.tsx:36:1
Unexpected token. Did you mean `{'}'}` or `&rbrace;`?
  [90m34 |[0m         <p style={{ color: [32m"var(--text-secondary)"[0m, fontSize: [35m13[0m, lineHeight: 
[35m1.6[0m }}>[33mCondi...[0m
  [90m35 |[0m  );
[31m[1m>[0m [90m36 |[0m }
  [90m   |[0m [31m[1m^[0m
  [90m37 |[0m

Parsing ecmascript source code failed

Import traces:
  App Route:
    ./content/dsa/cpp-fundamentals/else-if-ladder.tsx
    ./lib/content-registry.ts
    ./app/api/content/route.ts

  Client Component Browser:
    ./content/dsa/cpp-fundamentals/else-if-ladder.tsx [Client Component Browser]
    ./components/LessonLoader.tsx [Client Component Browser]
    ./components/LessonLoader.tsx [Server Component]
    ./app/curriculum/[subject]/[topic]/[lesson]/page.tsx [Server Component]

  Client Component SSR:
    ./content/dsa/cpp-fundamentals/else-if-ladder.tsx [Client Component SSR]
    ./components/LessonLoader.tsx [Client Component SSR]
    ./components/LessonLoader.tsx [Server Component]
    ./app/curriculum/[subject]/[topic]/[lesson]/page.tsx [Server Component]


./content/dsa/cpp-fundamentals/encapsulation.tsx:31:1
Unexpected token. Did you mean `{'}'}` or `&rbrace;`?
  [90m29 |[0m         <p style={{ color: [32m"var(--text-secondary)"[0m, fontSize: [35m13[0m, lineHeight: 
[35m1.6[0m }}>[33mAn[0m ob...
  [90m30 |[0m  );
[31m[1m>[0m [90m31 |[0m }
  [90m   |[0m [31m[1m^[0m
  [90m32 |[0m

Parsing ecmascript source code failed

Import traces:
  App Route:
    ./content/dsa/cpp-fundamentals/encapsulation.tsx
    ./lib/content-registry.ts
    ./app/api/content/route.ts

  Client Component Browser:
    ./content/dsa/cpp-fundamentals/encapsulation.tsx [Client Component Browser]
    ./components/LessonLoader.tsx [Client Component Browser]
    ./components/LessonLoader.tsx [Server Component]
    ./app/curriculum/[subject]/[topic]/[lesson]/page.tsx [Server Component]

  Client Component SSR:
    ./content/dsa/cpp-fundamentals/encapsulation.tsx [Client Component SSR]
    ./components/LessonLoader.tsx [Client Component SSR]
    ./components/LessonLoader.tsx [Server Component]
    ./app/curriculum/[subject]/[topic]/[lesson]/page.tsx [Server Component]


./content/dsa/cpp-fundamentals/enumerations.tsx:27:1
Unexpected token. Did you mean `{'}'}` or `&rbrace;`?
  [90m25 |[0m         <code style={{ fontSize: [35m12[0m, color: [32m"#fb923c"[0m, display: [32m"block"[0m, 
marginTop: [35m8[0m }}>[36me...[0m
  [90m26 |[0m  );
[31m[1m>[0m [90m27 |[0m }
  [90m   |[0m [31m[1m^[0m
  [90m28 |[0m

Parsing ecmascript source code failed

Import traces:
  App Route:
    ./content/dsa/cpp-fundamentals/enumerations.tsx
    ./lib/content-registry.ts
    ./app/api/content/route.ts

  Client Component Browser:
    ./content/dsa/cpp-fundamentals/enumerations.tsx [Client Component Browser]
    ./components/LessonLoader.tsx [Client Component Browser]
    ./components/LessonLoader.tsx [Server Component]
    ./app/curriculum/[subject]/[topic]/[lesson]/page.tsx [Server Component]

  Client Component SSR:
    ./content/dsa/cpp-fundamentals/enumerations.tsx [Client Component SSR]
    ./components/LessonLoader.tsx [Client Component SSR]
    ./components/LessonLoader.tsx [Server Component]
    ./app/curriculum/[subject]/[topic]/[lesson]/page.tsx [Server Component]


./content/dsa/cpp-fundamentals/escape-sequences.tsx:36:1
Unexpected token. Did you mean `{'}'}` or `&rbrace;`?
  [90m34 |[0m         <pre style={{ margin: [35m0[0m, color: [32m"#fb923c"[0m, fontSize: [35m13[0m, 
fontFamily: [32m"monospace"[0m, ...
  [90m35 |[0m  );
[31m[1m>[0m [90m36 |[0m }
  [90m   |[0m [31m[1m^[0m
  [90m37 |[0m

Parsing ecmascript source code failed

Import traces:
  App Route:
    ./content/dsa/cpp-fundamentals/escape-sequences.tsx
    ./lib/content-registry.ts
    ./app/api/content/route.ts

  Client Component Browser:
    ./content/dsa/cpp-fundamentals/escape-sequences.tsx [Client Component Browser]
    ./components/LessonLoader.tsx [Client Component Browser]
    ./components/LessonLoader.tsx [Server Component]
    ./app/curriculum/[subject]/[topic]/[lesson]/page.tsx [Server Component]

  Client Component SSR:
    ./content/dsa/cpp-fundamentals/escape-sequences.tsx [Client Component SSR]
    ./components/LessonLoader.tsx [Client Component SSR]
    ./components/LessonLoader.tsx [Server Component]
    ./app/curriculum/[subject]/[topic]/[lesson]/page.tsx [Server Component]


./content/dsa/cpp-fundamentals/exception-handling.tsx:33:1
Unexpected token. Did you mean `{'}'}` or `&rbrace;`?
  [90m31 |[0m         <p style={{ color: [32m"var(--text-secondary)"[0m, fontSize: [35m13[0m, lineHeight: 
[35m1.6[0m }}>[33mC[0m++ p...
  [90m32 |[0m  );
[31m[1m>[0m [90m33 |[0m }
  [90m   |[0m [31m[1m^[0m
  [90m34 |[0m

Parsing ecmascript source code failed

Import traces:
  App Route:
    ./content/dsa/cpp-fundamentals/exception-handling.tsx
    ./lib/content-registry.ts
    ./app/api/content/route.ts

  Client Component Browser:
    ./content/dsa/cpp-fundamentals/exception-handling.tsx [Client Component Browser]
    ./components/LessonLoader.tsx [Client Component Browser]
    ./components/LessonLoader.tsx [Server Component]
    ./app/curriculum/[subject]/[topic]/[lesson]/page.tsx [Server Component]

  Client Component SSR:
    ./content/dsa/cpp-fundamentals/exception-handling.tsx [Client Component SSR]
    ./components/LessonLoader.tsx [Client Component SSR]
    ./components/LessonLoader.tsx [Server Component]
    ./app/curriculum/[subject]/[topic]/[lesson]/page.tsx [Server Component]


./content/dsa/cpp-fundamentals/file-handling.tsx:33:1
Unexpected token. Did you mean `{'}'}` or `&rbrace;`?
  [90m31 |[0m         <p style={{ color: [32m"var(--text-muted)"[0m, fontSize: [35m12[0m, marginTop: [35m12[0m 
}}>[33mAlways[0m clos...
  [90m32 |[0m  );
[31m[1m>[0m [90m33 |[0m }
  [90m   |[0m [31m[1m^[0m
  [90m34 |[0m

Parsing ecmascript source code failed

Import traces:
  App Route:
    ./content/dsa/cpp-fundamentals/file-handling.tsx
    ./lib/content-registry.ts
    ./app/api/content/route.ts

  Client Component Browser:
    ./content/dsa/cpp-fundamentals/file-handling.tsx [Client Component Browser]
    ./components/LessonLoader.tsx [Client Component Browser]
    ./components/LessonLoader.tsx [Server Component]
    ./app/curriculum/[subject]/[topic]/[lesson]/page.tsx [Server Component]

  Client Component SSR:
    ./content/dsa/cpp-fundamentals/file-handling.tsx [Client Component SSR]
    ./components/LessonLoader.tsx [Client Component SSR]
    ./components/LessonLoader.tsx [Server Component]
    ./app/curriculum/[subject]/[topic]/[lesson]/page.tsx [Server Component]


./content/dsa/cpp-fundamentals/for-loop.tsx:35:1
Unexpected token. Did you mean `{'}'}` or `&rbrace;`?
  [90m33 |[0m [32m          </div>[0m
  [90m34 |[0m [32m        ))});[0m
[31m[1m>[0m [90m35 |[0m [32m}[0m
  [90m   |[0m [31m[1m^[0m
  [90m36 |[0m

Parsing ecmascript source code failed

Import traces:
  App Route:
    ./content/dsa/cpp-fundamentals/for-loop.tsx
    ./lib/content-registry.ts
    ./app/api/content/route.ts

  Client Component Browser:
    ./content/dsa/cpp-fundamentals/for-loop.tsx [Client Component Browser]
    ./components/LessonLoader.tsx [Client Component Browser]
    ./components/LessonLoader.tsx [Server Component]
    ./app/curriculum/[subject]/[topic]/[lesson]/page.tsx [Server Component]

  Client Component SSR:
    ./content/dsa/cpp-fundamentals/for-loop.tsx [Client Component SSR]
    ./components/LessonLoader.tsx [Client Component SSR]
    ./components/LessonLoader.tsx [Server Component]
    ./app/curriculum/[subject]/[topic]/[lesson]/page.tsx [Server Component]


./content/dsa/cpp-fundamentals/friend-function.tsx:31:1
Unexpected token. Did you mean `{'}'}` or `&rbrace;`?
  [90m29 |[0m         <p style={{ color: [32m"var(--text-secondary)"[0m, fontSize: [35m13[0m, lineHeight: 
[35m1.6[0m }}>[33mFrien.[0m..
  [90m30 |[0m  );
[31m[1m>[0m [90m31 |[0m }
  [90m   |[0m [31m[1m^[0m
  [90m32 |[0m

Parsing ecmascript source code failed

Import traces:
  App Route:
    ./content/dsa/cpp-fundamentals/friend-function.tsx
    ./lib/content-registry.ts
    ./app/api/content/route.ts

  Client Component Browser:
    ./content/dsa/cpp-fundamentals/friend-function.tsx [Client Component Browser]
    ./components/LessonLoader.tsx [Client Component Browser]
    ./components/LessonLoader.tsx [Server Component]
    ./app/curriculum/[subject]/[topic]/[lesson]/page.tsx [Server Component]

  Client Component SSR:
    ./content/dsa/cpp-fundamentals/friend-function.tsx [Client Component SSR]
    ./components/LessonLoader.tsx [Client Component SSR]
    ./components/LessonLoader.tsx [Server Component]
    ./app/curriculum/[subject]/[topic]/[lesson]/page.tsx [Server Component]


./content/dsa/cpp-fundamentals/function-calling.tsx:34:1
Unexpected token. Did you mean `{'}'}` or `&rbrace;`?
  [90m32 |[0m         <code style={{ fontSize: [35m12[0m, color: [32m"#fb923c"[0m, display: [32m"block"[0m, 
marginTop: [35m8[0m }}>[36mv...[0m
  [90m33 |[0m  );
[31m[1m>[0m [90m34 |[0m }
  [90m   |[0m [31m[1m^[0m
  [90m35 |[0m

Parsing ecmascript source code failed

Import traces:
  App Route:
    ./content/dsa/cpp-fundamentals/function-calling.tsx
    ./lib/content-registry.ts
    ./app/api/content/route.ts

  Client Component Browser:
    ./content/dsa/cpp-fundamentals/function-calling.tsx [Client Component Browser]
    ./components/LessonLoader.tsx [Client Component Browser]
    ./components/LessonLoader.tsx [Server Component]
    ./app/curriculum/[subject]/[topic]/[lesson]/page.tsx [Server Component]

  Client Component SSR:
    ./content/dsa/cpp-fundamentals/function-calling.tsx [Client Component SSR]
    ./components/LessonLoader.tsx [Client Component SSR]
    ./components/LessonLoader.tsx [Server Component]
    ./app/curriculum/[subject]/[topic]/[lesson]/page.tsx [Server Component]


./content/dsa/cpp-fundamentals/function-declaration-definition.tsx:29:1
Unexpected token. Did you mean `{'}'}` or `&rbrace;`?
  [90m27 |[0m         <p style={{ color: [32m"var(--text-secondary)"[0m, fontSize: [35m13[0m, lineHeight: 
[35m1.6[0m }}>[33mDecla...[0m
  [90m28 |[0m [32m );[0m
[31m[1m>[0m [90m29 |[0m [32m}[0m
  [90m   |[0m [31m[1m^[0m
  [90m30 |[0m

Parsing ecmascript source code failed

Import traces:
  App Route:
    ./content/dsa/cpp-fundamentals/function-declaration-definition.tsx
    ./lib/content-registry.ts
    ./app/api/content/route.ts

  Client Component Browser:
    ./content/dsa/cpp-fundamentals/function-declaration-definition.tsx [Client Component Browser]
    ./components/LessonLoader.tsx [Client Component Browser]
    ./components/LessonLoader.tsx [Server Component]
    ./app/curriculum/[subject]/[topic]/[lesson]/page.tsx [Server Component]

  Client Component SSR:
    ./content/dsa/cpp-fundamentals/function-declaration-definition.tsx [Client Component SSR]
    ./components/LessonLoader.tsx [Client Component SSR]
    ./components/LessonLoader.tsx [Server Component]
    ./app/curriculum/[subject]/[topic]/[lesson]/page.tsx [Server Component]


./content/dsa/cpp-fundamentals/function-overloading.tsx:33:1
Unexpected token. Did you mean `{'}'}` or `&rbrace;`?
  [90m31 |[0m         <p style={{ color: [32m"var(--text-secondary)"[0m, fontSize: [35m13[0m, lineHeight: 
[35m1.6[0m }}>[33mThis[0m ...
  [90m32 |[0m [32m );[0m
[31m[1m>[0m [90m33 |[0m [32m}[0m
  [90m   |[0m [31m[1m^[0m
  [90m34 |[0m

Parsing ecmascript source code failed

Import traces:
  App Route:
    ./content/dsa/cpp-fundamentals/function-overloading.tsx
    ./lib/content-registry.ts
    ./app/api/content/route.ts

  Client Component Browser:
    ./content/dsa/cpp-fundamentals/function-overloading.tsx [Client Component Browser]
    ./components/LessonLoader.tsx [Client Component Browser]
    ./components/LessonLoader.tsx [Server Component]
    ./app/curriculum/[subject]/[topic]/[lesson]/page.tsx [Server Component]

  Client Component SSR:
    ./content/dsa/cpp-fundamentals/function-overloading.tsx [Client Component SSR]
    ./components/LessonLoader.tsx [Client Component SSR]
    ./components/LessonLoader.tsx [Server Component]
    ./app/curriculum/[subject]/[topic]/[lesson]/page.tsx [Server Component]


./content/dsa/cpp-fundamentals/function-overriding.tsx:31:1
Unexpected token. Did you mean `{'}'}` or `&rbrace;`?
  [90m29 |[0m         <p style={{ color: [32m"var(--text-secondary)"[0m, fontSize: [35m13[0m, lineHeight: 
[35m1.6[0m }}>[33mInsid.[0m..
  [90m30 |[0m  );
[31m[1m>[0m [90m31 |[0m }
  [90m   |[0m [31m[1m^[0m
  [90m32 |[0m

Parsing ecmascript source code failed

Import traces:
  App Route:
    ./content/dsa/cpp-fundamentals/function-overriding.tsx
    ./lib/content-registry.ts
    ./app/api/content/route.ts

  Client Component Browser:
    ./content/dsa/cpp-fundamentals/function-overriding.tsx [Client Component Browser]
    ./components/LessonLoader.tsx [Client Component Browser]
    ./components/LessonLoader.tsx [Server Component]
    ./app/curriculum/[subject]/[topic]/[lesson]/page.tsx [Server Component]

  Client Component SSR:
    ./content/dsa/cpp-fundamentals/function-overriding.tsx [Client Component SSR]
    ./components/LessonLoader.tsx [Client Component SSR]
    ./components/LessonLoader.tsx [Server Component]
    ./app/curriculum/[subject]/[topic]/[lesson]/page.tsx [Server Component]


./content/dsa/cpp-fundamentals/function-templates.tsx:32:1
Unexpected token. Did you mean `{'}'}` or `&rbrace;`?
  [90m30 |[0m [32m        <code style={{ fontSize: 12, color: "#fb923c", display: "block", marginTop: 8 }}>g...[0m
  [90m31 |[0m [32m );[0m
[31m[1m>[0m [90m32 |[0m [32m}[0m
  [90m   |[0m [31m[1m^[0m
  [90m33 |[0m

Parsing ecmascript source code failed

Import traces:
  App Route:
    ./content/dsa/cpp-fundamentals/function-templates.tsx
    ./lib/content-registry.ts
    ./app/api/content/route.ts

  Client Component Browser:
    ./content/dsa/cpp-fundamentals/function-templates.tsx [Client Component Browser]
    ./components/LessonLoader.tsx [Client Component Browser]
    ./components/LessonLoader.tsx [Server Component]
    ./app/curriculum/[subject]/[topic]/[lesson]/page.tsx [Server Component]

  Client Component SSR:
    ./content/dsa/cpp-fundamentals/function-templates.tsx [Client Component SSR]
    ./components/LessonLoader.tsx [Client Component SSR]
    ./components/LessonLoader.tsx [Server Component]
    ./app/curriculum/[subject]/[topic]/[lesson]/page.tsx [Server Component]


./content/dsa/cpp-fundamentals/functions.tsx:31:1
Unexpected token. Did you mean `{'}'}` or `&rbrace;`?
  [90m29 |[0m         <p style={{ color: [32m"var(--text-secondary)"[0m, fontSize: [35m13[0m, lineHeight: 
[35m1.6[0m }}>[33mFunct...[0m
  [90m30 |[0m [32m );[0m
[31m[1m>[0m [90m31 |[0m [32m}[0m
  [90m   |[0m [31m[1m^[0m
  [90m32 |[0m

Parsing ecmascript source code failed

Import traces:
  App Route:
    ./content/dsa/cpp-fundamentals/functions.tsx
    ./lib/content-registry.ts
    ./app/api/content/route.ts

  Client Component Browser:
    ./content/dsa/cpp-fundamentals/functions.tsx [Client Component Browser]
    ./components/LessonLoader.tsx [Client Component Browser]
    ./components/LessonLoader.tsx [Server Component]
    ./app/curriculum/[subject]/[topic]/[lesson]/page.tsx [Server Component]

  Client Component SSR:
    ./content/dsa/cpp-fundamentals/functions.tsx [Client Component SSR]
    ./components/LessonLoader.tsx [Client Component SSR]
    ./components/LessonLoader.tsx [Server Component]
    ./app/curriculum/[subject]/[topic]/[lesson]/page.tsx [Server Component]


./content/dsa/cpp-fundamentals/getting-started.tsx:24:1
Unexpected token. Did you mean `{'}'}` or `&rbrace;`?
  [90m22 |[0m         <p style={{ color: [32m"var(--text-secondary)"[0m, fontSize: [35m13[0m, lineHeight: 
[35m1.6[0m }}>[33mIn[0m th...
  [90m23 |[0m [32m );[0m
[31m[1m>[0m [90m24 |[0m [32m}[0m
  [90m   |[0m [31m[1m^[0m
  [90m25 |[0m

Parsing ecmascript source code failed

Import traces:
  App Route:
    ./content/dsa/cpp-fundamentals/getting-started.tsx
    ./lib/content-registry.ts
    ./app/api/content/route.ts

  Client Component Browser:
    ./content/dsa/cpp-fundamentals/getting-started.tsx [Client Component Browser]
    ./components/LessonLoader.tsx [Client Component Browser]
    ./components/LessonLoader.tsx [Server Component]
    ./app/curriculum/[subject]/[topic]/[lesson]/page.tsx [Server Component]

  Client Component SSR:
    ./content/dsa/cpp-fundamentals/getting-started.tsx [Client Component SSR]
    ./components/LessonLoader.tsx [Client Component SSR]
    ./components/LessonLoader.tsx [Server Component]
    ./app/curriculum/[subject]/[topic]/[lesson]/page.tsx [Server Component]


./content/dsa/cpp-fundamentals/global-variables.tsx:34:1
Unexpected token. Did you mean `{'}'}` or `&rbrace;`?
  [90m32 |[0m           <p style={{ color: [32m"var(--text-secondary)"[0m, fontSize: [35m12[0m 
}}>[33mExcessive[0m use [36mof[0m glo...
  [90m33 |[0m  );
[31m[1m>[0m [90m34 |[0m }
  [90m   |[0m [31m[1m^[0m
  [90m35 |[0m

Parsing ecmascript source code failed

Import traces:
  App Route:
    ./content/dsa/cpp-fundamentals/global-variables.tsx
    ./lib/content-registry.ts
    ./app/api/content/route.ts

  Client Component Browser:
    ./content/dsa/cpp-fundamentals/global-variables.tsx [Client Component Browser]
    ./components/LessonLoader.tsx [Client Component Browser]
    ./components/LessonLoader.tsx [Server Component]
    ./app/curriculum/[subject]/[topic]/[lesson]/page.tsx [Server Component]

  Client Component SSR:
    ./content/dsa/cpp-fundamentals/global-variables.tsx [Client Component SSR]
    ./components/LessonLoader.tsx [Client Component SSR]
    ./components/LessonLoader.tsx [Server Component]
    ./app/curriculum/[subject]/[topic]/[lesson]/page.tsx [Server Component]


./content/dsa/cpp-fundamentals/header-files.tsx:63:1
Unexpected token. Did you mean `{'}'}` or `&rbrace;`?
  [90m61 |[0m           </p>
  [90m62 |[0m  );
[31m[1m>[0m [90m63 |[0m }
  [90m   |[0m [31m[1m^[0m
  [90m64 |[0m

Parsing ecmascript source code failed

Import traces:
  App Route:
    ./content/dsa/cpp-fundamentals/header-files.tsx
    ./lib/content-registry.ts
    ./app/api/content/route.ts

  Client Component Browser:
    ./content/dsa/cpp-fundamentals/header-files.tsx [Client Component Browser]
    ./components/LessonLoader.tsx [Client Component Browser]
    ./components/LessonLoader.tsx [Server Component]
    ./app/curriculum/[subject]/[topic]/[lesson]/page.tsx [Server Component]

  Client Component SSR:
    ./content/dsa/cpp-fundamentals/header-files.tsx [Client Component SSR]
    ./components/LessonLoader.tsx [Client Component SSR]
    ./components/LessonLoader.tsx [Server Component]
    ./app/curriculum/[subject]/[topic]/[lesson]/page.tsx [Server Component]


./content/dsa/cpp-fundamentals/header-guards.tsx:26:1
Unexpected token. Did you mean `{'}'}` or `&rbrace;`?
  [90m24 |[0m         <p style={{ color: [32m"var(--text-secondary)"[0m, fontSize: [35m13[0m, lineHeight: 
[35m1.6[0m }}>[33mIf[0m [33mFi..[0m.
  [90m25 |[0m  );
[31m[1m>[0m [90m26 |[0m }
  [90m   |[0m [31m[1m^[0m
  [90m27 |[0m

Parsing ecmascript source code failed

Import traces:
  App Route:
    ./content/dsa/cpp-fundamentals/header-guards.tsx
    ./lib/content-registry.ts
    ./app/api/content/route.ts

  Client Component Browser:
    ./content/dsa/cpp-fundamentals/header-guards.tsx [Client Component Browser]
    ./components/LessonLoader.tsx [Client Component Browser]
    ./components/LessonLoader.tsx [Server Component]
    ./app/curriculum/[subject]/[topic]/[lesson]/page.tsx [Server Component]

  Client Component SSR:
    ./content/dsa/cpp-fundamentals/header-guards.tsx [Client Component SSR]
    ./components/LessonLoader.tsx [Client Component SSR]
    ./components/LessonLoader.tsx [Server Component]
    ./app/curriculum/[subject]/[topic]/[lesson]/page.tsx [Server Component]


./content/dsa/cpp-fundamentals/if-else-statement.tsx:31:1
Unexpected token. Did you mean `{'}'}` or `&rbrace;`?
  [90m29 |[0m         <pre style={{ margin: [35m0[0m, color: [32m"#fb923c"[0m, fontSize: [35m13[0m, 
fontFamily: [32m"monospace"[0m, ...
  [90m30 |[0m  );
[31m[1m>[0m [90m31 |[0m }
  [90m   |[0m [31m[1m^[0m
  [90m32 |[0m

Parsing ecmascript source code failed

Import traces:
  App Route:
    ./content/dsa/cpp-fundamentals/if-else-statement.tsx
    ./lib/content-registry.ts
    ./app/api/content/route.ts

  Client Component Browser:
    ./content/dsa/cpp-fundamentals/if-else-statement.tsx [Client Component Browser]
    ./components/LessonLoader.tsx [Client Component Browser]
    ./components/LessonLoader.tsx [Server Component]
    ./app/curriculum/[subject]/[topic]/[lesson]/page.tsx [Server Component]

  Client Component SSR:
    ./content/dsa/cpp-fundamentals/if-else-statement.tsx [Client Component SSR]
    ./components/LessonLoader.tsx [Client Component SSR]
    ./components/LessonLoader.tsx [Server Component]
    ./app/curriculum/[subject]/[topic]/[lesson]/page.tsx [Server Component]


./content/dsa/cpp-fundamentals/if-statement.tsx:30:1
Unexpected token. Did you mean `{'}'}` or `&rbrace;`?
  [90m28 |[0m         <p style={{ color: [32m"var(--text-secondary)"[0m, fontSize: [35m13[0m, lineHeight: 
[35m1.6[0m }}>[33mIf[0m th...
  [90m29 |[0m  );
[31m[1m>[0m [90m30 |[0m }
  [90m   |[0m [31m[1m^[0m
  [90m31 |[0m

Parsing ecmascript source code failed

Import traces:
  App Route:
    ./content/dsa/cpp-fundamentals/if-statement.tsx
    ./lib/content-registry.ts
    ./app/api/content/route.ts

  Client Component Browser:
    ./content/dsa/cpp-fundamentals/if-statement.tsx [Client Component Browser]
    ./components/LessonLoader.tsx [Client Component Browser]
    ./components/LessonLoader.tsx [Server Component]
    ./app/curriculum/[subject]/[topic]/[lesson]/page.tsx [Server Component]

  Client Component SSR:
    ./content/dsa/cpp-fundamentals/if-statement.tsx [Client Component SSR]
    ./components/LessonLoader.tsx [Client Component SSR]
    ./components/LessonLoader.tsx [Server Component]
    ./app/curriculum/[subject]/[topic]/[lesson]/page.tsx [Server Component]


./content/dsa/cpp-fundamentals/increment-decrement-operators.tsx:35:1
Unexpected token. Did you mean `{'}'}` or `&rbrace;`?
  [90m33 |[0m         <p style={{ color: [32m"var(--text-secondary)"[0m, fontSize: [35m13[0m, lineHeight: 
[35m1.6[0m }}>[33mIn[0m lo...
  [90m34 |[0m  );
[31m[1m>[0m [90m35 |[0m }
  [90m   |[0m [31m[1m^[0m
  [90m36 |[0m

Parsing ecmascript source code failed

Import traces:
  App Route:
    ./content/dsa/cpp-fundamentals/increment-decrement-operators.tsx
    ./lib/content-registry.ts
    ./app/api/content/route.ts

  Client Component Browser:
    ./content/dsa/cpp-fundamentals/increment-decrement-operators.tsx [Client Component Browser]
    ./components/LessonLoader.tsx [Client Component Browser]
    ./components/LessonLoader.tsx [Server Component]
    ./app/curriculum/[subject]/[topic]/[lesson]/page.tsx [Server Component]

  Client Component SSR:
    ./content/dsa/cpp-fundamentals/increment-decrement-operators.tsx [Client Component SSR]
    ./components/LessonLoader.tsx [Client Component SSR]
    ./components/LessonLoader.tsx [Server Component]
    ./app/curriculum/[subject]/[topic]/[lesson]/page.tsx [Server Component]


./content/dsa/cpp-fundamentals/inheritance.tsx:31:1
Unexpected token. Did you mean `{'}'}` or `&rbrace;`?
  [90m29 |[0m         <p style={{ color: [32m"var(--text-secondary)"[0m, fontSize: [35m13[0m, lineHeight: 
[35m1.6[0m }}>[33mMembe..[0m.
  [90m30 |[0m  );
[31m[1m>[0m [90m31 |[0m }
  [90m   |[0m [31m[1m^[0m
  [90m32 |[0m

Parsing ecmascript source code failed

Import traces:
  App Route:
    ./content/dsa/cpp-fundamentals/inheritance.tsx
    ./lib/content-registry.ts
    ./app/api/content/route.ts

  Client Component Browser:
    ./content/dsa/cpp-fundamentals/inheritance.tsx [Client Component Browser]
    ./components/LessonLoader.tsx [Client Component Browser]
    ./components/LessonLoader.tsx [Server Component]
    ./app/curriculum/[subject]/[topic]/[lesson]/page.tsx [Server Component]

  Client Component SSR:
    ./content/dsa/cpp-fundamentals/inheritance.tsx [Client Component SSR]
    ./components/LessonLoader.tsx [Client Component SSR]
    ./components/LessonLoader.tsx [Server Component]
    ./app/curriculum/[subject]/[topic]/[lesson]/page.tsx [Server Component]


./content/dsa/cpp-fundamentals/inline-functions.tsx:31:1
Unexpected token. Did you mean `{'}'}` or `&rbrace;`?
  [90m29 |[0m         <p style={{ color: [32m"var(--text-secondary)"[0m, fontSize: [35m13[0m, lineHeight: 
[35m1.6[0m }}><code...
  [90m30 |[0m  );
[31m[1m>[0m [90m31 |[0m }
  [90m   |[0m [31m[1m^[0m
  [90m32 |[0m

Parsing ecmascript source code failed

Import traces:
  App Route:
    ./content/dsa/cpp-fundamentals/inline-functions.tsx
    ./lib/content-registry.ts
    ./app/api/content/route.ts

  Client Component Browser:
    ./content/dsa/cpp-fundamentals/inline-functions.tsx [Client Component Browser]
    ./components/LessonLoader.tsx [Client Component Browser]
    ./components/LessonLoader.tsx [Server Component]
    ./app/curriculum/[subject]/[topic]/[lesson]/page.tsx [Server Component]

  Client Component SSR:
    ./content/dsa/cpp-fundamentals/inline-functions.tsx [Client Component SSR]
    ./components/LessonLoader.tsx [Client Component SSR]
    ./components/LessonLoader.tsx [Server Component]
    ./app/curriculum/[subject]/[topic]/[lesson]/page.tsx [Server Component]


./content/dsa/cpp-fundamentals/input-output.tsx:69:1
Unexpected token. Did you mean `{'}'}` or `&rbrace;`?
  [90m67 |[0m           </p>
  [90m68 |[0m  );
[31m[1m>[0m [90m69 |[0m }
  [90m   |[0m [31m[1m^[0m
  [90m70 |[0m

Parsing ecmascript source code failed

Import traces:
  App Route:
    ./content/dsa/cpp-fundamentals/input-output.tsx
    ./lib/content-registry.ts
    ./app/api/content/route.ts

  Client Component Browser:
    ./content/dsa/cpp-fundamentals/input-output.tsx [Client Component Browser]
    ./components/LessonLoader.tsx [Client Component Browser]
    ./components/LessonLoader.tsx [Server Component]
    ./app/curriculum/[subject]/[topic]/[lesson]/page.tsx [Server Component]

  Client Component SSR:
    ./content/dsa/cpp-fundamentals/input-output.tsx [Client Component SSR]
    ./components/LessonLoader.tsx [Client Component SSR]
    ./components/LessonLoader.tsx [Server Component]
    ./app/curriculum/[subject]/[topic]/[lesson]/page.tsx [Server Component]


./content/dsa/cpp-fundamentals/introduction-to-cpp.tsx:127:1
Unexpected token. Did you mean `{'}'}` or `&rbrace;`?
  [90m125 |[0m           <[33mShieldCheck[0m size={[35m14[0m} className=[32m"text-emerald-500"[0m />
  [90m126 |[0m           [33mStandard[0m: [33mC[0m++[35m20[0m / [33mC[0m++[35m23[0m [33mOptimized[0m);
[31m[1m>[0m [90m127 |[0m }
  [90m    |[0m [31m[1m^[0m
  [90m128 |[0m
  [90m129 |[0m
  [90m130 |[0m

Parsing ecmascript source code failed

Import traces:
  App Route:
    ./content/dsa/cpp-fundamentals/introduction-to-cpp.tsx
    ./lib/content-registry.ts
    ./app/api/content/route.ts

  Client Component Browser:
    ./content/dsa/cpp-fundamentals/introduction-to-cpp.tsx [Client Component Browser]
    ./components/LessonLoader.tsx [Client Component Browser]
    ./components/LessonLoader.tsx [Server Component]
    ./app/curriculum/[subject]/[topic]/[lesson]/page.tsx [Server Component]

  Client Component SSR:
    ./content/dsa/cpp-fundamentals/introduction-to-cpp.tsx [Client Component SSR]
    ./components/LessonLoader.tsx [Client Component SSR]
    ./components/LessonLoader.tsx [Server Component]
    ./app/curriculum/[subject]/[topic]/[lesson]/page.tsx [Server Component]


./content/dsa/cpp-fundamentals/iterators.tsx:33:1
Unexpected token. Did you mean `{'}'}` or `&rbrace;`?
  [90m31 |[0m         <code style={{ fontSize: [35m12[0m, color: [32m"#fb923c"[0m, display: [32m"block"[0m, 
marginTop: [35m8[0m }}>[36mf..[0m.
  [90m32 |[0m  );
[31m[1m>[0m [90m33 |[0m }
  [90m   |[0m [31m[1m^[0m
  [90m34 |[0m

Parsing ecmascript source code failed

Import traces:
  App Route:
    ./content/dsa/cpp-fundamentals/iterators.tsx
    ./lib/content-registry.ts
    ./app/api/content/route.ts

  Client Component Browser:
    ./content/dsa/cpp-fundamentals/iterators.tsx [Client Component Browser]
    ./components/LessonLoader.tsx [Client Component Browser]
    ./components/LessonLoader.tsx [Server Component]
    ./app/curriculum/[subject]/[topic]/[lesson]/page.tsx [Server Component]

  Client Component SSR:
    ./content/dsa/cpp-fundamentals/iterators.tsx [Client Component SSR]
    ./components/LessonLoader.tsx [Client Component SSR]
    ./components/LessonLoader.tsx [Server Component]
    ./app/curriculum/[subject]/[topic]/[lesson]/page.tsx [Server Component]


./content/dsa/cpp-fundamentals/keywords-identifiers.tsx:45:1
Unexpected token. Did you mean `{'}'}` or `&rbrace;`?
  [90m43 |[0m         </div>
  [90m44 |[0m       ))});
[31m[1m>[0m [90m45 |[0m }
  [90m   |[0m [31m[1m^[0m
  [90m46 |[0m

Parsing ecmascript source code failed

Import traces:
  App Route:
    ./content/dsa/cpp-fundamentals/keywords-identifiers.tsx
    ./lib/content-registry.ts
    ./app/api/content/route.ts

  Client Component Browser:
    ./content/dsa/cpp-fundamentals/keywords-identifiers.tsx [Client Component Browser]
    ./components/LessonLoader.tsx [Client Component Browser]
    ./components/LessonLoader.tsx [Server Component]
    ./app/curriculum/[subject]/[topic]/[lesson]/page.tsx [Server Component]

  Client Component SSR:
    ./content/dsa/cpp-fundamentals/keywords-identifiers.tsx [Client Component SSR]
    ./components/LessonLoader.tsx [Client Component SSR]
    ./components/LessonLoader.tsx [Server Component]
    ./app/curriculum/[subject]/[topic]/[lesson]/page.tsx [Server Component]


./content/dsa/cpp-fundamentals/lambda-functions.tsx:30:1
Unexpected token. Did you mean `{'}'}` or `&rbrace;`?
  [90m28 |[0m           <p style={{ color: [32m"var(--text-secondary)"[0m, fontSize: [35m12[0m }}>[33mGreat[0m 
[36mfor[0m short-live...
  [90m29 |[0m [32m );[0m
[31m[1m>[0m [90m30 |[0m [32m}[0m
  [90m   |[0m [31m[1m^[0m
  [90m31 |[0m

Parsing ecmascript source code failed

Import traces:
  App Route:
    ./content/dsa/cpp-fundamentals/lambda-functions.tsx
    ./lib/content-registry.ts
    ./app/api/content/route.ts

  Client Component Browser:
    ./content/dsa/cpp-fundamentals/lambda-functions.tsx [Client Component Browser]
    ./components/LessonLoader.tsx [Client Component Browser]
    ./components/LessonLoader.tsx [Server Component]
    ./app/curriculum/[subject]/[topic]/[lesson]/page.tsx [Server Component]

  Client Component SSR:
    ./content/dsa/cpp-fundamentals/lambda-functions.tsx [Client Component SSR]
    ./components/LessonLoader.tsx [Client Component SSR]
    ./components/LessonLoader.tsx [Server Component]
    ./app/curriculum/[subject]/[topic]/[lesson]/page.tsx [Server Component]


./content/dsa/cpp-fundamentals/local-variables.tsx:35:1
Unexpected token. Did you mean `{'}'}` or `&rbrace;`?
  [90m33 |[0m         <p style={{ color: [32m"var(--text-secondary)"[0m, fontSize: [35m13[0m, lineHeight: 
[35m1.6[0m }}>[33mA[0m loc...
  [90m34 |[0m  );
[31m[1m>[0m [90m35 |[0m }
  [90m   |[0m [31m[1m^[0m
  [90m36 |[0m

Parsing ecmascript source code failed

Import traces:
  App Route:
    ./content/dsa/cpp-fundamentals/local-variables.tsx
    ./lib/content-registry.ts
    ./app/api/content/route.ts

  Client Component Browser:
    ./content/dsa/cpp-fundamentals/local-variables.tsx [Client Component Browser]
    ./components/LessonLoader.tsx [Client Component Browser]
    ./components/LessonLoader.tsx [Server Component]
    ./app/curriculum/[subject]/[topic]/[lesson]/page.tsx [Server Component]

  Client Component SSR:
    ./content/dsa/cpp-fundamentals/local-variables.tsx [Client Component SSR]
    ./components/LessonLoader.tsx [Client Component SSR]
    ./components/LessonLoader.tsx [Server Component]
    ./app/curriculum/[subject]/[topic]/[lesson]/page.tsx [Server Component]


./content/dsa/cpp-fundamentals/logical-operators.tsx:39:1
Unexpected token. Did you mean `{'}'}` or `&rbrace;`?
  [90m37 |[0m         <p style={{ color: [32m"var(--text-muted)"[0m, fontSize: [35m12[0m, marginTop: [35m8[0m 
}}>[33mThe[0m second c...
  [90m38 |[0m [32m );[0m
[31m[1m>[0m [90m39 |[0m [32m}[0m
  [90m   |[0m [31m[1m^[0m
  [90m40 |[0m

Parsing ecmascript source code failed

Import traces:
  App Route:
    ./content/dsa/cpp-fundamentals/logical-operators.tsx
    ./lib/content-registry.ts
    ./app/api/content/route.ts

  Client Component Browser:
    ./content/dsa/cpp-fundamentals/logical-operators.tsx [Client Component Browser]
    ./components/LessonLoader.tsx [Client Component Browser]
    ./components/LessonLoader.tsx [Server Component]
    ./app/curriculum/[subject]/[topic]/[lesson]/page.tsx [Server Component]

  Client Component SSR:
    ./content/dsa/cpp-fundamentals/logical-operators.tsx [Client Component SSR]
    ./components/LessonLoader.tsx [Client Component SSR]
    ./components/LessonLoader.tsx [Server Component]
    ./app/curriculum/[subject]/[topic]/[lesson]/page.tsx [Server Component]


./content/dsa/cpp-fundamentals/loop-control.tsx:33:1
Unexpected token. Did you mean `{'}'}` or `&rbrace;`?
  [90m31 |[0m         <p style={{ color: [32m"var(--text-secondary)"[0m, fontSize: [35m13[0m, lineHeight: 
[35m1.6[0m }}>[33mA[0m <co...
  [90m32 |[0m  );
[31m[1m>[0m [90m33 |[0m }
  [90m   |[0m [31m[1m^[0m
  [90m34 |[0m

Parsing ecmascript source code failed

Import traces:
  App Route:
    ./content/dsa/cpp-fundamentals/loop-control.tsx
    ./lib/content-registry.ts
    ./app/api/content/route.ts

  Client Component Browser:
    ./content/dsa/cpp-fundamentals/loop-control.tsx [Client Component Browser]
    ./components/LessonLoader.tsx [Client Component Browser]
    ./components/LessonLoader.tsx [Server Component]
    ./app/curriculum/[subject]/[topic]/[lesson]/page.tsx [Server Component]

  Client Component SSR:
    ./content/dsa/cpp-fundamentals/loop-control.tsx [Client Component SSR]
    ./components/LessonLoader.tsx [Client Component SSR]
    ./components/LessonLoader.tsx [Server Component]
    ./app/curriculum/[subject]/[topic]/[lesson]/page.tsx [Server Component]


./content/dsa/cpp-fundamentals/loops.tsx:35:1
Unexpected token. Did you mean `{'}'}` or `&rbrace;`?
  [90m33 |[0m [32m        <p style={{ color: "[0m[36mvar[0m(--text-muted)[32m", fontSize: 12, marginTop: 8 
}}>Use with bre...[0m
  [90m34 |[0m [32m );[0m
[31m[1m>[0m [90m35 |[0m [32m}[0m
  [90m   |[0m [31m[1m^[0m
  [90m36 |[0m

Parsing ecmascript source code failed

Import traces:
  App Route:
    ./content/dsa/cpp-fundamentals/loops.tsx
    ./lib/content-registry.ts
    ./app/api/content/route.ts

  Client Component Browser:
    ./content/dsa/cpp-fundamentals/loops.tsx [Client Component Browser]
    ./components/LessonLoader.tsx [Client Component Browser]
    ./components/LessonLoader.tsx [Server Component]
    ./app/curriculum/[subject]/[topic]/[lesson]/page.tsx [Server Component]

  Client Component SSR:
    ./content/dsa/cpp-fundamentals/loops.tsx [Client Component SSR]
    ./components/LessonLoader.tsx [Client Component SSR]
    ./components/LessonLoader.tsx [Server Component]
    ./app/curriculum/[subject]/[topic]/[lesson]/page.tsx [Server Component]


./content/dsa/cpp-fundamentals/macros.tsx:25:1
Unexpected token. Did you mean `{'}'}` or `&rbrace;`?
  [90m23 |[0m         <p style={{ color: [32m"var(--text-secondary)"[0m, fontSize: [35m13[0m, lineHeight: 
[35m1.6[0m }}>[33mMacro.[0m..
  [90m24 |[0m [32m );[0m
[31m[1m>[0m [90m25 |[0m [32m}[0m
  [90m   |[0m [31m[1m^[0m
  [90m26 |[0m

Parsing ecmascript source code failed

Import traces:
  App Route:
    ./content/dsa/cpp-fundamentals/macros.tsx
    ./lib/content-registry.ts
    ./app/api/content/route.ts

  Client Component Browser:
    ./content/dsa/cpp-fundamentals/macros.tsx [Client Component Browser]
    ./components/LessonLoader.tsx [Client Component Browser]
    ./components/LessonLoader.tsx [Server Component]
    ./app/curriculum/[subject]/[topic]/[lesson]/page.tsx [Server Component]

  Client Component SSR:
    ./content/dsa/cpp-fundamentals/macros.tsx [Client Component SSR]
    ./components/LessonLoader.tsx [Client Component SSR]
    ./components/LessonLoader.tsx [Server Component]
    ./app/curriculum/[subject]/[topic]/[lesson]/page.tsx [Server Component]


./content/dsa/cpp-fundamentals/multidimensional-arrays.tsx:26:1
Unexpected token. Did you mean `{'}'}` or `&rbrace;`?
  [90m24 |[0m         <p style={{ color: [32m"var(--text-secondary)"[0m, fontSize: [35m13[0m, lineHeight: 
[35m1.6[0m }}>[33mN[0m-dim...
  [90m25 |[0m  );
[31m[1m>[0m [90m26 |[0m }
  [90m   |[0m [31m[1m^[0m
  [90m27 |[0m

Parsing ecmascript source code failed

Import traces:
  App Route:
    ./content/dsa/cpp-fundamentals/multidimensional-arrays.tsx
    ./lib/content-registry.ts
    ./app/api/content/route.ts

  Client Component Browser:
    ./content/dsa/cpp-fundamentals/multidimensional-arrays.tsx [Client Component Browser]
    ./components/LessonLoader.tsx [Client Component Browser]
    ./components/LessonLoader.tsx [Server Component]
    ./app/curriculum/[subject]/[topic]/[lesson]/page.tsx [Server Component]

  Client Component SSR:
    ./content/dsa/cpp-fundamentals/multidimensional-arrays.tsx [Client Component SSR]
    ./components/LessonLoader.tsx [Client Component SSR]
    ./components/LessonLoader.tsx [Server Component]
    ./app/curriculum/[subject]/[topic]/[lesson]/page.tsx [Server Component]


./content/dsa/cpp-fundamentals/namespaces.tsx:26:1
Unexpected token. Did you mean `{'}'}` or `&rbrace;`?
  [90m24 |[0m         <p style={{ color: [32m"var(--text-secondary)"[0m, fontSize: [35m13[0m, lineHeight: 
[35m1.6[0m }}>[33mAvoid[0m...
  [90m25 |[0m  );
[31m[1m>[0m [90m26 |[0m }
  [90m   |[0m [31m[1m^[0m
  [90m27 |[0m

Parsing ecmascript source code failed

Import traces:
  App Route:
    ./content/dsa/cpp-fundamentals/namespaces.tsx
    ./lib/content-registry.ts
    ./app/api/content/route.ts

  Client Component Browser:
    ./content/dsa/cpp-fundamentals/namespaces.tsx [Client Component Browser]
    ./components/LessonLoader.tsx [Client Component Browser]
    ./components/LessonLoader.tsx [Server Component]
    ./app/curriculum/[subject]/[topic]/[lesson]/page.tsx [Server Component]

  Client Component SSR:
    ./content/dsa/cpp-fundamentals/namespaces.tsx [Client Component SSR]
    ./components/LessonLoader.tsx [Client Component SSR]
    ./components/LessonLoader.tsx [Server Component]
    ./app/curriculum/[subject]/[topic]/[lesson]/page.tsx [Server Component]


./content/dsa/cpp-fundamentals/nested-if.tsx:25:1
Unexpected token. Did you mean `{'}'}` or `&rbrace;`?
  [90m23 |[0m         <p style={{ color: [32m"var(--text-secondary)"[0m, fontSize: [35m13[0m, lineHeight: 
[35m1.6[0m }}>[33mAvoid[0m...
  [90m24 |[0m  );
[31m[1m>[0m [90m25 |[0m }
  [90m   |[0m [31m[1m^[0m
  [90m26 |[0m

Parsing ecmascript source code failed

Import traces:
  App Route:
    ./content/dsa/cpp-fundamentals/nested-if.tsx
    ./lib/content-registry.ts
    ./app/api/content/route.ts

  Client Component Browser:
    ./content/dsa/cpp-fundamentals/nested-if.tsx [Client Component Browser]
    ./components/LessonLoader.tsx [Client Component Browser]
    ./components/LessonLoader.tsx [Server Component]
    ./app/curriculum/[subject]/[topic]/[lesson]/page.tsx [Server Component]

  Client Component SSR:
    ./content/dsa/cpp-fundamentals/nested-if.tsx [Client Component SSR]
    ./components/LessonLoader.tsx [Client Component SSR]
    ./components/LessonLoader.tsx [Server Component]
    ./app/curriculum/[subject]/[topic]/[lesson]/page.tsx [Server Component]


./content/dsa/cpp-fundamentals/nested-loops.tsx:25:1
Unexpected token. Did you mean `{'}'}` or `&rbrace;`?
  [90m23 |[0m         <p style={{ color: [32m"var(--text-secondary)"[0m, fontSize: [35m13[0m, lineHeight: 
[35m1.6[0m }}>[35m2[0m nes...
  [90m24 |[0m  );
[31m[1m>[0m [90m25 |[0m }
  [90m   |[0m [31m[1m^[0m
  [90m26 |[0m

Parsing ecmascript source code failed

Import traces:
  App Route:
    ./content/dsa/cpp-fundamentals/nested-loops.tsx
    ./lib/content-registry.ts
    ./app/api/content/route.ts

  Client Component Browser:
    ./content/dsa/cpp-fundamentals/nested-loops.tsx [Client Component Browser]
    ./components/LessonLoader.tsx [Client Component Browser]
    ./components/LessonLoader.tsx [Server Component]
    ./app/curriculum/[subject]/[topic]/[lesson]/page.tsx [Server Component]

  Client Component SSR:
    ./content/dsa/cpp-fundamentals/nested-loops.tsx [Client Component SSR]
    ./components/LessonLoader.tsx [Client Component SSR]
    ./components/LessonLoader.tsx [Server Component]
    ./app/curriculum/[subject]/[topic]/[lesson]/page.tsx [Server Component]


./content/dsa/cpp-fundamentals/null-pointers.tsx:26:1
Unexpected token. Did you mean `{'}'}` or `&rbrace;`?
  [90m24 |[0m         <p style={{ color: [32m"var(--text-secondary)"[0m, fontSize: [35m13[0m, lineHeight: 
[35m1.6[0m }}>[33mDeref...[0m
  [90m25 |[0m  );
[31m[1m>[0m [90m26 |[0m }
  [90m   |[0m [31m[1m^[0m
  [90m27 |[0m

Parsing ecmascript source code failed

Import traces:
  App Route:
    ./content/dsa/cpp-fundamentals/null-pointers.tsx
    ./lib/content-registry.ts
    ./app/api/content/route.ts

  Client Component Browser:
    ./content/dsa/cpp-fundamentals/null-pointers.tsx [Client Component Browser]
    ./components/LessonLoader.tsx [Client Component Browser]
    ./components/LessonLoader.tsx [Server Component]
    ./app/curriculum/[subject]/[topic]/[lesson]/page.tsx [Server Component]

  Client Component SSR:
    ./content/dsa/cpp-fundamentals/null-pointers.tsx [Client Component SSR]
    ./components/LessonLoader.tsx [Client Component SSR]
    ./components/LessonLoader.tsx [Server Component]
    ./app/curriculum/[subject]/[topic]/[lesson]/page.tsx [Server Component]


./content/dsa/cpp-fundamentals/one-d-arrays.tsx:25:1
Unexpected token. Did you mean `{'}'}` or `&rbrace;`?
  [90m23 |[0m         <p style={{ color: [32m"var(--text-secondary)"[0m, fontSize: [35m13[0m, lineHeight: 
[35m1.6[0m }}>[35m1[0m[33mD[0m ar...
  [90m24 |[0m  );
[31m[1m>[0m [90m25 |[0m }
  [90m   |[0m [31m[1m^[0m
  [90m26 |[0m

Parsing ecmascript source code failed

Import traces:
  App Route:
    ./content/dsa/cpp-fundamentals/one-d-arrays.tsx
    ./lib/content-registry.ts
    ./app/api/content/route.ts

  Client Component Browser:
    ./content/dsa/cpp-fundamentals/one-d-arrays.tsx [Client Component Browser]
    ./components/LessonLoader.tsx [Client Component Browser]
    ./components/LessonLoader.tsx [Server Component]
    ./app/curriculum/[subject]/[topic]/[lesson]/page.tsx [Server Component]

  Client Component SSR:
    ./content/dsa/cpp-fundamentals/one-d-arrays.tsx [Client Component SSR]
    ./components/LessonLoader.tsx [Client Component SSR]
    ./components/LessonLoader.tsx [Server Component]
    ./app/curriculum/[subject]/[topic]/[lesson]/page.tsx [Server Component]


./content/dsa/cpp-fundamentals/oop-basics.tsx:38:1
Unexpected token. Did you mean `{'}'}` or `&rbrace;`?
  [90m36 |[0m             <div style={{ fontSize: [35m10[0m, color: [32m"#10b981"[0m, marginBottom: [35m2[0m 
}}>[33mOBJECT[0m</div>
  [90m37 |[0m             <div style={{ fontSize: [35m13[0m }}>[33mThe[0m [33mReal[0m [33mInstance[0m);
[31m[1m>[0m [90m38 |[0m }
  [90m   |[0m [31m[1m^[0m
  [90m39 |[0m

Parsing ecmascript source code failed

Import traces:
  App Route:
    ./content/dsa/cpp-fundamentals/oop-basics.tsx
    ./lib/content-registry.ts
    ./app/api/content/route.ts

  Client Component Browser:
    ./content/dsa/cpp-fundamentals/oop-basics.tsx [Client Component Browser]
    ./components/LessonLoader.tsx [Client Component Browser]
    ./components/LessonLoader.tsx [Server Component]
    ./app/curriculum/[subject]/[topic]/[lesson]/page.tsx [Server Component]

  Client Component SSR:
    ./content/dsa/cpp-fundamentals/oop-basics.tsx [Client Component SSR]
    ./components/LessonLoader.tsx [Client Component SSR]
    ./components/LessonLoader.tsx [Server Component]
    ./app/curriculum/[subject]/[topic]/[lesson]/page.tsx [Server Component]


./content/dsa/cpp-fundamentals/operator-overloading.tsx:31:1
Unexpected token. Did you mean `{'}'}` or `&rbrace;`?
  [90m29 |[0m         <p style={{ color: [32m"var(--text-secondary)"[0m, fontSize: [35m13[0m, lineHeight: 
[35m1.6[0m }}>[33mThe[0m a...
  [90m30 |[0m  );
[31m[1m>[0m [90m31 |[0m }
  [90m   |[0m [31m[1m^[0m
  [90m32 |[0m

Parsing ecmascript source code failed

Import traces:
  App Route:
    ./content/dsa/cpp-fundamentals/operator-overloading.tsx
    ./lib/content-registry.ts
    ./app/api/content/route.ts

  Client Component Browser:
    ./content/dsa/cpp-fundamentals/operator-overloading.tsx [Client Component Browser]
    ./components/LessonLoader.tsx [Client Component Browser]
    ./components/LessonLoader.tsx [Server Component]
    ./app/curriculum/[subject]/[topic]/[lesson]/page.tsx [Server Component]

  Client Component SSR:
    ./content/dsa/cpp-fundamentals/operator-overloading.tsx [Client Component SSR]
    ./components/LessonLoader.tsx [Client Component SSR]
    ./components/LessonLoader.tsx [Server Component]
    ./app/curriculum/[subject]/[topic]/[lesson]/page.tsx [Server Component]


./content/dsa/cpp-fundamentals/operator-precedence.tsx:43:1
Unexpected token. Did you mean `{'}'}` or `&rbrace;`?
  [90m41 |[0m         <p style={{ color: [32m"var(--text-secondary)"[0m, fontSize: [35m13[0m, lineHeight: 
[35m1.6[0m }}>[33mWhen[0m [36m..[0m.
  [90m42 |[0m  );
[31m[1m>[0m [90m43 |[0m }
  [90m   |[0m [31m[1m^[0m
  [90m44 |[0m

Parsing ecmascript source code failed

Import traces:
  App Route:
    ./content/dsa/cpp-fundamentals/operator-precedence.tsx
    ./lib/content-registry.ts
    ./app/api/content/route.ts

  Client Component Browser:
    ./content/dsa/cpp-fundamentals/operator-precedence.tsx [Client Component Browser]
    ./components/LessonLoader.tsx [Client Component Browser]
    ./components/LessonLoader.tsx [Server Component]
    ./app/curriculum/[subject]/[topic]/[lesson]/page.tsx [Server Component]

  Client Component SSR:
    ./content/dsa/cpp-fundamentals/operator-precedence.tsx [Client Component SSR]
    ./components/LessonLoader.tsx [Client Component SSR]
    ./components/LessonLoader.tsx [Server Component]
    ./app/curriculum/[subject]/[topic]/[lesson]/page.tsx [Server Component]


./content/dsa/cpp-fundamentals/operators.tsx:38:1
Unexpected token. Did you mean `{'}'}` or `&rbrace;`?
  [90m36 |[0m         <p style={{ color: [32m"var(--text-secondary)"[0m, fontSize: [35m13[0m, lineHeight: 
[35m1.6[0m }}>[33mOpera...[0m
  [90m37 |[0m  );
[31m[1m>[0m [90m38 |[0m }
  [90m   |[0m [31m[1m^[0m
  [90m39 |[0m

Parsing ecmascript source code failed

Import traces:
  App Route:
    ./content/dsa/cpp-fundamentals/operators.tsx
    ./lib/content-registry.ts
    ./app/api/content/route.ts

  Client Component Browser:
    ./content/dsa/cpp-fundamentals/operators.tsx [Client Component Browser]
    ./components/LessonLoader.tsx [Client Component Browser]
    ./components/LessonLoader.tsx [Server Component]
    ./app/curriculum/[subject]/[topic]/[lesson]/page.tsx [Server Component]

  Client Component SSR:
    ./content/dsa/cpp-fundamentals/operators.tsx [Client Component SSR]
    ./components/LessonLoader.tsx [Client Component SSR]
    ./components/LessonLoader.tsx [Server Component]
    ./app/curriculum/[subject]/[topic]/[lesson]/page.tsx [Server Component]


./content/dsa/cpp-fundamentals/pairs.tsx:31:1
Unexpected token. Did you mean `{'}'}` or `&rbrace;`?
  [90m29 |[0m         <p style={{ color: [32m"var(--text-secondary)"[0m, fontSize: [35m13[0m, lineHeight: 
[35m1.6[0m }}>[33mExcel...[0m
  [90m30 |[0m  );
[31m[1m>[0m [90m31 |[0m }
  [90m   |[0m [31m[1m^[0m
  [90m32 |[0m

Parsing ecmascript source code failed

Import traces:
  App Route:
    ./content/dsa/cpp-fundamentals/pairs.tsx
    ./lib/content-registry.ts
    ./app/api/content/route.ts

  Client Component Browser:
    ./content/dsa/cpp-fundamentals/pairs.tsx [Client Component Browser]
    ./components/LessonLoader.tsx [Client Component Browser]
    ./components/LessonLoader.tsx [Server Component]
    ./app/curriculum/[subject]/[topic]/[lesson]/page.tsx [Server Component]

  Client Component SSR:
    ./content/dsa/cpp-fundamentals/pairs.tsx [Client Component SSR]
    ./components/LessonLoader.tsx [Client Component SSR]
    ./components/LessonLoader.tsx [Server Component]
    ./app/curriculum/[subject]/[topic]/[lesson]/page.tsx [Server Component]


./content/dsa/cpp-fundamentals/parameters-arguments.tsx:30:1
Unexpected token. Did you mean `{'}'}` or `&rbrace;`?
  [90m28 |[0m         <code style={{ fontSize: [35m12[0m, color: [32m"#fb923c"[0m, display: [32m"block"[0m, 
marginTop: [35m8[0m }}>[36mv...[0m
  [90m29 |[0m  );
[31m[1m>[0m [90m30 |[0m }
  [90m   |[0m [31m[1m^[0m
  [90m31 |[0m

Parsing ecmascript source code failed

Import traces:
  App Route:
    ./content/dsa/cpp-fundamentals/parameters-arguments.tsx
    ./lib/content-registry.ts
    ./app/api/content/route.ts

  Client Component Browser:
    ./content/dsa/cpp-fundamentals/parameters-arguments.tsx [Client Component Browser]
    ./components/LessonLoader.tsx [Client Component Browser]
    ./components/LessonLoader.tsx [Server Component]
    ./app/curriculum/[subject]/[topic]/[lesson]/page.tsx [Server Component]

  Client Component SSR:
    ./content/dsa/cpp-fundamentals/parameters-arguments.tsx [Client Component SSR]
    ./components/LessonLoader.tsx [Client Component SSR]
    ./components/LessonLoader.tsx [Server Component]
    ./app/curriculum/[subject]/[topic]/[lesson]/page.tsx [Server Component]


./content/dsa/cpp-fundamentals/pass-by-reference.tsx:32:1
Unexpected token. Did you mean `{'}'}` or `&rbrace;`?
  [90m30 |[0m         <code style={{ fontSize: [35m12[0m, color: [32m"#fb923c"[0m, display: [32m"block"[0m, 
marginTop: [35m8[0m }}>[36mv...[0m
  [90m31 |[0m  );
[31m[1m>[0m [90m32 |[0m }
  [90m   |[0m [31m[1m^[0m
  [90m33 |[0m

Parsing ecmascript source code failed

Import traces:
  App Route:
    ./content/dsa/cpp-fundamentals/pass-by-reference.tsx
    ./lib/content-registry.ts
    ./app/api/content/route.ts

  Client Component Browser:
    ./content/dsa/cpp-fundamentals/pass-by-reference.tsx [Client Component Browser]
    ./components/LessonLoader.tsx [Client Component Browser]
    ./components/LessonLoader.tsx [Server Component]
    ./app/curriculum/[subject]/[topic]/[lesson]/page.tsx [Server Component]

  Client Component SSR:
    ./content/dsa/cpp-fundamentals/pass-by-reference.tsx [Client Component SSR]
    ./components/LessonLoader.tsx [Client Component SSR]
    ./components/LessonLoader.tsx [Server Component]
    ./app/curriculum/[subject]/[topic]/[lesson]/page.tsx [Server Component]


./content/dsa/cpp-fundamentals/pointer-arithmetic.tsx:37:1
Unexpected token. Did you mean `{'}'}` or `&rbrace;`?
  [90m35 |[0m         <p style={{ color: [32m"var(--text-secondary)"[0m, fontSize: [35m13[0m, lineHeight: 
[35m1.6[0m }}>[33mYou[0m c...
  [90m36 |[0m [32m );[0m
[31m[1m>[0m [90m37 |[0m [32m}[0m
  [90m   |[0m [31m[1m^[0m
  [90m38 |[0m

Parsing ecmascript source code failed

Import traces:
  App Route:
    ./content/dsa/cpp-fundamentals/pointer-arithmetic.tsx
    ./lib/content-registry.ts
    ./app/api/content/route.ts

  Client Component Browser:
    ./content/dsa/cpp-fundamentals/pointer-arithmetic.tsx [Client Component Browser]
    ./components/LessonLoader.tsx [Client Component Browser]
    ./components/LessonLoader.tsx [Server Component]
    ./app/curriculum/[subject]/[topic]/[lesson]/page.tsx [Server Component]

  Client Component SSR:
    ./content/dsa/cpp-fundamentals/pointer-arithmetic.tsx [Client Component SSR]
    ./components/LessonLoader.tsx [Client Component SSR]
    ./components/LessonLoader.tsx [Server Component]
    ./app/curriculum/[subject]/[topic]/[lesson]/page.tsx [Server Component]


./content/dsa/cpp-fundamentals/pointer-basics.tsx:29:1
Unexpected token. Did you mean `{'}'}` or `&rbrace;`?
  [90m27 |[0m         <pre style={{ margin: [35m0[0m, color: [32m"#fb923c"[0m, fontSize: [35m13[0m, 
fontFamily: [32m"monospace"[0m, ...
  [90m28 |[0m  );
[31m[1m>[0m [90m29 |[0m }
  [90m   |[0m [31m[1m^[0m
  [90m30 |[0m

Parsing ecmascript source code failed

Import traces:
  App Route:
    ./content/dsa/cpp-fundamentals/pointer-basics.tsx
    ./lib/content-registry.ts
    ./app/api/content/route.ts

  Client Component Browser:
    ./content/dsa/cpp-fundamentals/pointer-basics.tsx [Client Component Browser]
    ./components/LessonLoader.tsx [Client Component Browser]
    ./components/LessonLoader.tsx [Server Component]
    ./app/curriculum/[subject]/[topic]/[lesson]/page.tsx [Server Component]

  Client Component SSR:
    ./content/dsa/cpp-fundamentals/pointer-basics.tsx [Client Component SSR]
    ./components/LessonLoader.tsx [Client Component SSR]
    ./components/LessonLoader.tsx [Server Component]
    ./app/curriculum/[subject]/[topic]/[lesson]/page.tsx [Server Component]


./content/dsa/cpp-fundamentals/pointers-and-arrays.tsx:33:1
Unexpected token. Did you mean `{'}'}` or `&rbrace;`?
  [90m31 |[0m         <p style={{ color: [32m"var(--text-secondary)"[0m, fontSize: [35m13[0m, lineHeight: 
[35m1.6[0m }}>[33mAn[0m ar...
  [90m32 |[0m  );
[31m[1m>[0m [90m33 |[0m }
  [90m   |[0m [31m[1m^[0m
  [90m34 |[0m

Parsing ecmascript source code failed

Import traces:
  App Route:
    ./content/dsa/cpp-fundamentals/pointers-and-arrays.tsx
    ./lib/content-registry.ts
    ./app/api/content/route.ts

  Client Component Browser:
    ./content/dsa/cpp-fundamentals/pointers-and-arrays.tsx [Client Component Browser]
    ./components/LessonLoader.tsx [Client Component Browser]
    ./components/LessonLoader.tsx [Server Component]
    ./app/curriculum/[subject]/[topic]/[lesson]/page.tsx [Server Component]

  Client Component SSR:
    ./content/dsa/cpp-fundamentals/pointers-and-arrays.tsx [Client Component SSR]
    ./components/LessonLoader.tsx [Client Component SSR]
    ./components/LessonLoader.tsx [Server Component]
    ./app/curriculum/[subject]/[topic]/[lesson]/page.tsx [Server Component]


./content/dsa/cpp-fundamentals/pointers.tsx:42:1
Unexpected token. Did you mean `{'}'}` or `&rbrace;`?
  [90m40 |[0m         <p style={{ color: [32m"var(--text-secondary)"[0m, fontSize: [35m13[0m, lineHeight: 
[35m1.6[0m }}>[32m"With...[0m
  [90m41 |[0m  );
[31m[1m>[0m [90m42 |[0m }
  [90m   |[0m [31m[1m^[0m
  [90m43 |[0m

Parsing ecmascript source code failed

Import traces:
  App Route:
    ./content/dsa/cpp-fundamentals/pointers.tsx
    ./lib/content-registry.ts
    ./app/api/content/route.ts

  Client Component Browser:
    ./content/dsa/cpp-fundamentals/pointers.tsx [Client Component Browser]
    ./components/LessonLoader.tsx [Client Component Browser]
    ./components/LessonLoader.tsx [Server Component]
    ./app/curriculum/[subject]/[topic]/[lesson]/page.tsx [Server Component]

  Client Component SSR:
    ./content/dsa/cpp-fundamentals/pointers.tsx [Client Component SSR]
    ./components/LessonLoader.tsx [Client Component SSR]
    ./components/LessonLoader.tsx [Server Component]
    ./app/curriculum/[subject]/[topic]/[lesson]/page.tsx [Server Component]


./content/dsa/cpp-fundamentals/polymorphism.tsx:35:1
Unexpected token. Did you mean `{'}'}` or `&rbrace;`?
  [90m33 |[0m         <p style={{ color: [32m"var(--text-secondary)"[0m, fontSize: [35m13[0m, lineHeight: 
[35m1.6[0m }}>[33mIt[0m al...
  [90m34 |[0m  );
[31m[1m>[0m [90m35 |[0m }
  [90m   |[0m [31m[1m^[0m
  [90m36 |[0m

Parsing ecmascript source code failed

Import traces:
  App Route:
    ./content/dsa/cpp-fundamentals/polymorphism.tsx
    ./lib/content-registry.ts
    ./app/api/content/route.ts

  Client Component Browser:
    ./content/dsa/cpp-fundamentals/polymorphism.tsx [Client Component Browser]
    ./components/LessonLoader.tsx [Client Component Browser]
    ./components/LessonLoader.tsx [Server Component]
    ./app/curriculum/[subject]/[topic]/[lesson]/page.tsx [Server Component]

  Client Component SSR:
    ./content/dsa/cpp-fundamentals/polymorphism.tsx [Client Component SSR]
    ./components/LessonLoader.tsx [Client Component SSR]
    ./components/LessonLoader.tsx [Server Component]
    ./app/curriculum/[subject]/[topic]/[lesson]/page.tsx [Server Component]


./content/dsa/cpp-fundamentals/preprocessor-directives.tsx:29:1
Unexpected token. Did you mean `{'}'}` or `&rbrace;`?
  [90m27 |[0m         <p style={{ color: [32m"var(--text-secondary)"[0m, fontSize: [35m13[0m, lineHeight: 
[35m1.6[0m }}>[33mPrepr...[0m
  [90m28 |[0m  );
[31m[1m>[0m [90m29 |[0m }
  [90m   |[0m [31m[1m^[0m
  [90m30 |[0m

Parsing ecmascript source code failed

Import traces:
  App Route:
    ./content/dsa/cpp-fundamentals/preprocessor-directives.tsx
    ./lib/content-registry.ts
    ./app/api/content/route.ts

  Client Component Browser:
    ./content/dsa/cpp-fundamentals/preprocessor-directives.tsx [Client Component Browser]
    ./components/LessonLoader.tsx [Client Component Browser]
    ./components/LessonLoader.tsx [Server Component]
    ./app/curriculum/[subject]/[topic]/[lesson]/page.tsx [Server Component]

  Client Component SSR:
    ./content/dsa/cpp-fundamentals/preprocessor-directives.tsx [Client Component SSR]
    ./components/LessonLoader.tsx [Client Component SSR]
    ./components/LessonLoader.tsx [Server Component]
    ./app/curriculum/[subject]/[topic]/[lesson]/page.tsx [Server Component]


./content/dsa/cpp-fundamentals/range-based-loops.tsx:27:1
Unexpected token. Did you mean `{'}'}` or `&rbrace;`?
  [90m25 |[0m         <p style={{ color: [32m"var(--text-secondary)"[0m, fontSize: [35m13[0m, lineHeight: 
[35m1.6[0m }}>[33mUse[0m w...
  [90m26 |[0m [32m );[0m
[31m[1m>[0m [90m27 |[0m [32m}[0m
  [90m   |[0m [31m[1m^[0m
  [90m28 |[0m

Parsing ecmascript source code failed

Import traces:
  App Route:
    ./content/dsa/cpp-fundamentals/range-based-loops.tsx
    ./lib/content-registry.ts
    ./app/api/content/route.ts

  Client Component Browser:
    ./content/dsa/cpp-fundamentals/range-based-loops.tsx [Client Component Browser]
    ./components/LessonLoader.tsx [Client Component Browser]
    ./components/LessonLoader.tsx [Server Component]
    ./app/curriculum/[subject]/[topic]/[lesson]/page.tsx [Server Component]

  Client Component SSR:
    ./content/dsa/cpp-fundamentals/range-based-loops.tsx [Client Component SSR]
    ./components/LessonLoader.tsx [Client Component SSR]
    ./components/LessonLoader.tsx [Server Component]
    ./app/curriculum/[subject]/[topic]/[lesson]/page.tsx [Server Component]


./content/dsa/cpp-fundamentals/reading-from-files.tsx:30:1
Unexpected token. Did you mean `{'}'}` or `&rbrace;`?
  [90m28 |[0m           <p style={{ color: [32m"var(--text-secondary)"[0m, fontSize: [35m12[0m }}>[33mIf[0m 
the file doesn[32m't ...[0m
  [90m29 |[0m [32m );[0m
[31m[1m>[0m [90m30 |[0m [32m}[0m
  [90m   |[0m [31m[1m^[0m
  [90m31 |[0m

Parsing ecmascript source code failed

Import traces:
  App Route:
    ./content/dsa/cpp-fundamentals/reading-from-files.tsx
    ./lib/content-registry.ts
    ./app/api/content/route.ts

  Client Component Browser:
    ./content/dsa/cpp-fundamentals/reading-from-files.tsx [Client Component Browser]
    ./components/LessonLoader.tsx [Client Component Browser]
    ./components/LessonLoader.tsx [Server Component]
    ./app/curriculum/[subject]/[topic]/[lesson]/page.tsx [Server Component]

  Client Component SSR:
    ./content/dsa/cpp-fundamentals/reading-from-files.tsx [Client Component SSR]
    ./components/LessonLoader.tsx [Client Component SSR]
    ./components/LessonLoader.tsx [Server Component]
    ./app/curriculum/[subject]/[topic]/[lesson]/page.tsx [Server Component]


./content/dsa/cpp-fundamentals/recursion.tsx:34:1
Unexpected token. Did you mean `{'}'}` or `&rbrace;`?
  [90m32 |[0m         <p style={{ color: [32m"var(--text-secondary)"[0m, fontSize: [35m13[0m, lineHeight: 
[35m1.6[0m }}>[33mEach[0m ...
  [90m33 |[0m  );
[31m[1m>[0m [90m34 |[0m }
  [90m   |[0m [31m[1m^[0m
  [90m35 |[0m

Parsing ecmascript source code failed

Import traces:
  App Route:
    ./content/dsa/cpp-fundamentals/recursion.tsx
    ./lib/content-registry.ts
    ./app/api/content/route.ts

  Client Component Browser:
    ./content/dsa/cpp-fundamentals/recursion.tsx [Client Component Browser]
    ./components/LessonLoader.tsx [Client Component Browser]
    ./components/LessonLoader.tsx [Server Component]
    ./app/curriculum/[subject]/[topic]/[lesson]/page.tsx [Server Component]

  Client Component SSR:
    ./content/dsa/cpp-fundamentals/recursion.tsx [Client Component SSR]
    ./components/LessonLoader.tsx [Client Component SSR]
    ./components/LessonLoader.tsx [Server Component]
    ./app/curriculum/[subject]/[topic]/[lesson]/page.tsx [Server Component]


./content/dsa/cpp-fundamentals/reference-variables.tsx:25:1
Unexpected token. Did you mean `{'}'}` or `&rbrace;`?
  [90m23 |[0m         <pre style={{ margin: [35m0[0m, color: [32m"#fb923c"[0m, fontSize: [35m13[0m, 
fontFamily: [32m"monospace"[0m, ...
  [90m24 |[0m  );
[31m[1m>[0m [90m25 |[0m }
  [90m   |[0m [31m[1m^[0m
  [90m26 |[0m

Parsing ecmascript source code failed

Import traces:
  App Route:
    ./content/dsa/cpp-fundamentals/reference-variables.tsx
    ./lib/content-registry.ts
    ./app/api/content/route.ts

  Client Component Browser:
    ./content/dsa/cpp-fundamentals/reference-variables.tsx [Client Component Browser]
    ./components/LessonLoader.tsx [Client Component Browser]
    ./components/LessonLoader.tsx [Server Component]
    ./app/curriculum/[subject]/[topic]/[lesson]/page.tsx [Server Component]

  Client Component SSR:
    ./content/dsa/cpp-fundamentals/reference-variables.tsx [Client Component SSR]
    ./components/LessonLoader.tsx [Client Component SSR]
    ./components/LessonLoader.tsx [Server Component]
    ./app/curriculum/[subject]/[topic]/[lesson]/page.tsx [Server Component]


./content/dsa/cpp-fundamentals/references.tsx:31:1
Unexpected token. Did you mean `{'}'}` or `&rbrace;`?
  [90m29 |[0m         <p style={{ color: [32m"var(--text-secondary)"[0m, fontSize: [35m13[0m, lineHeight: 
[35m1.6[0m }}>[33mPoint...[0m
  [90m30 |[0m  );
[31m[1m>[0m [90m31 |[0m }
  [90m   |[0m [31m[1m^[0m
  [90m32 |[0m

Parsing ecmascript source code failed

Import traces:
  App Route:
    ./content/dsa/cpp-fundamentals/references.tsx
    ./lib/content-registry.ts
    ./app/api/content/route.ts

  Client Component Browser:
    ./content/dsa/cpp-fundamentals/references.tsx [Client Component Browser]
    ./components/LessonLoader.tsx [Client Component Browser]
    ./components/LessonLoader.tsx [Server Component]
    ./app/curriculum/[subject]/[topic]/[lesson]/page.tsx [Server Component]

  Client Component SSR:
    ./content/dsa/cpp-fundamentals/references.tsx [Client Component SSR]
    ./components/LessonLoader.tsx [Client Component SSR]
    ./components/LessonLoader.tsx [Server Component]
    ./app/curriculum/[subject]/[topic]/[lesson]/page.tsx [Server Component]


./content/dsa/cpp-fundamentals/relational-operators.tsx:36:1
Unexpected token. Did you mean `{'}'}` or `&rbrace;`?
  [90m34 |[0m         <p style={{ color: [32m"var(--text-secondary)"[0m, fontSize: [35m13[0m, lineHeight: 
[35m1.6[0m }}>[33mDon[0m[32m't...[0m
  [90m35 |[0m [32m );[0m
[31m[1m>[0m [90m36 |[0m [32m}[0m
  [90m   |[0m [31m[1m^[0m
  [90m37 |[0m

Parsing ecmascript source code failed

Import traces:
  App Route:
    ./content/dsa/cpp-fundamentals/relational-operators.tsx
    ./lib/content-registry.ts
    ./app/api/content/route.ts

  Client Component Browser:
    ./content/dsa/cpp-fundamentals/relational-operators.tsx [Client Component Browser]
    ./components/LessonLoader.tsx [Client Component Browser]
    ./components/LessonLoader.tsx [Server Component]
    ./app/curriculum/[subject]/[topic]/[lesson]/page.tsx [Server Component]

  Client Component SSR:
    ./content/dsa/cpp-fundamentals/relational-operators.tsx [Client Component SSR]
    ./components/LessonLoader.tsx [Client Component SSR]
    ./components/LessonLoader.tsx [Server Component]
    ./app/curriculum/[subject]/[topic]/[lesson]/page.tsx [Server Component]


./content/dsa/cpp-fundamentals/return-values.tsx:30:1
Unexpected token. Did you mean `{'}'}` or `&rbrace;`?
  [90m28 |[0m           <p style={{ color: [32m"var(--text-secondary)"[0m, fontSize: [35m12[0m }}>[33mUse[0m 
<code style={{ c...
  [90m29 |[0m  );
[31m[1m>[0m [90m30 |[0m }
  [90m   |[0m [31m[1m^[0m
  [90m31 |[0m

Parsing ecmascript source code failed

Import traces:
  App Route:
    ./content/dsa/cpp-fundamentals/return-values.tsx
    ./lib/content-registry.ts
    ./app/api/content/route.ts

  Client Component Browser:
    ./content/dsa/cpp-fundamentals/return-values.tsx [Client Component Browser]
    ./components/LessonLoader.tsx [Client Component Browser]
    ./components/LessonLoader.tsx [Server Component]
    ./app/curriculum/[subject]/[topic]/[lesson]/page.tsx [Server Component]

  Client Component SSR:
    ./content/dsa/cpp-fundamentals/return-values.tsx [Client Component SSR]
    ./components/LessonLoader.tsx [Client Component SSR]
    ./components/LessonLoader.tsx [Server Component]
    ./app/curriculum/[subject]/[topic]/[lesson]/page.tsx [Server Component]


./content/dsa/cpp-fundamentals/setting-up-environment.tsx:29:1
Unexpected token. Did you mean `{'}'}` or `&rbrace;`?
  [90m27 |[0m         <code style={{ fontSize: [35m13[0m, color: [32m"#fb923c"[0m, background: 
[32m"var(--accent-soft)"[0m, p...
  [90m28 |[0m  );
[31m[1m>[0m [90m29 |[0m }
  [90m   |[0m [31m[1m^[0m
  [90m30 |[0m

Parsing ecmascript source code failed

Import traces:
  App Route:
    ./content/dsa/cpp-fundamentals/setting-up-environment.tsx
    ./lib/content-registry.ts
    ./app/api/content/route.ts

  Client Component Browser:
    ./content/dsa/cpp-fundamentals/setting-up-environment.tsx [Client Component Browser]
    ./components/LessonLoader.tsx [Client Component Browser]
    ./components/LessonLoader.tsx [Server Component]
    ./app/curriculum/[subject]/[topic]/[lesson]/page.tsx [Server Component]

  Client Component SSR:
    ./content/dsa/cpp-fundamentals/setting-up-environment.tsx [Client Component SSR]
    ./components/LessonLoader.tsx [Client Component SSR]
    ./components/LessonLoader.tsx [Server Component]
    ./app/curriculum/[subject]/[topic]/[lesson]/page.tsx [Server Component]


./content/dsa/cpp-fundamentals/smart-pointers.tsx:33:1
Unexpected token. Did you mean `{'}'}` or `&rbrace;`?
  [90m31 |[0m         <p style={{ color: [32m"var(--text-secondary)"[0m, fontSize: [35m13[0m, lineHeight: 
[35m1.6[0m }}>[33mIn[0m mo...
  [90m32 |[0m  );
[31m[1m>[0m [90m33 |[0m }
  [90m   |[0m [31m[1m^[0m
  [90m34 |[0m

Parsing ecmascript source code failed

Import traces:
  App Route:
    ./content/dsa/cpp-fundamentals/smart-pointers.tsx
    ./lib/content-registry.ts
    ./app/api/content/route.ts

  Client Component Browser:
    ./content/dsa/cpp-fundamentals/smart-pointers.tsx [Client Component Browser]
    ./components/LessonLoader.tsx [Client Component Browser]
    ./components/LessonLoader.tsx [Server Component]
    ./app/curriculum/[subject]/[topic]/[lesson]/page.tsx [Server Component]

  Client Component SSR:
    ./content/dsa/cpp-fundamentals/smart-pointers.tsx [Client Component SSR]
    ./components/LessonLoader.tsx [Client Component SSR]
    ./components/LessonLoader.tsx [Server Component]
    ./app/curriculum/[subject]/[topic]/[lesson]/page.tsx [Server Component]


./content/dsa/cpp-fundamentals/static-members.tsx:30:1
Unexpected token. Did you mean `{'}'}` or `&rbrace;`?
  [90m28 |[0m         </ul>
  [90m29 |[0m  );
[31m[1m>[0m [90m30 |[0m }
  [90m   |[0m [31m[1m^[0m
  [90m31 |[0m

Parsing ecmascript source code failed

Import traces:
  App Route:
    ./content/dsa/cpp-fundamentals/static-members.tsx
    ./lib/content-registry.ts
    ./app/api/content/route.ts

  Client Component Browser:
    ./content/dsa/cpp-fundamentals/static-members.tsx [Client Component Browser]
    ./components/LessonLoader.tsx [Client Component Browser]
    ./components/LessonLoader.tsx [Server Component]
    ./app/curriculum/[subject]/[topic]/[lesson]/page.tsx [Server Component]

  Client Component SSR:
    ./content/dsa/cpp-fundamentals/static-members.tsx [Client Component SSR]
    ./components/LessonLoader.tsx [Client Component SSR]
    ./components/LessonLoader.tsx [Server Component]
    ./app/curriculum/[subject]/[topic]/[lesson]/page.tsx [Server Component]


./content/dsa/cpp-fundamentals/stl-algorithms.tsx:37:1
Unexpected token. Did you mean `{'}'}` or `&rbrace;`?
  [90m35 |[0m         <p style={{ color: [32m"var(--text-secondary)"[0m, fontSize: [35m13[0m, lineHeight: 
[35m1.6[0m }}>[33mKnowi..[0m.
  [90m36 |[0m  );
[31m[1m>[0m [90m37 |[0m }
  [90m   |[0m [31m[1m^[0m
  [90m38 |[0m

Parsing ecmascript source code failed

Import traces:
  App Route:
    ./content/dsa/cpp-fundamentals/stl-algorithms.tsx
    ./lib/content-registry.ts
    ./app/api/content/route.ts

  Client Component Browser:
    ./content/dsa/cpp-fundamentals/stl-algorithms.tsx [Client Component Browser]
    ./components/LessonLoader.tsx [Client Component Browser]
    ./components/LessonLoader.tsx [Server Component]
    ./app/curriculum/[subject]/[topic]/[lesson]/page.tsx [Server Component]

  Client Component SSR:
    ./content/dsa/cpp-fundamentals/stl-algorithms.tsx [Client Component SSR]
    ./components/LessonLoader.tsx [Client Component SSR]
    ./components/LessonLoader.tsx [Server Component]
    ./app/curriculum/[subject]/[topic]/[lesson]/page.tsx [Server Component]


./content/dsa/cpp-fundamentals/stl-deque.tsx:35:1
Unexpected token. Did you mean `{'}'}` or `&rbrace;`?
  [90m33 |[0m         <p style={{ color: [32m"var(--text-secondary)"[0m, fontSize: [35m13[0m, lineHeight: 
[35m1.6[0m }}>[33mInter...[0m
  [90m34 |[0m [32m );[0m
[31m[1m>[0m [90m35 |[0m [32m}[0m
  [90m   |[0m [31m[1m^[0m
  [90m36 |[0m

Parsing ecmascript source code failed

Import traces:
  App Route:
    ./content/dsa/cpp-fundamentals/stl-deque.tsx
    ./lib/content-registry.ts
    ./app/api/content/route.ts

  Client Component Browser:
    ./content/dsa/cpp-fundamentals/stl-deque.tsx [Client Component Browser]
    ./components/LessonLoader.tsx [Client Component Browser]
    ./components/LessonLoader.tsx [Server Component]
    ./app/curriculum/[subject]/[topic]/[lesson]/page.tsx [Server Component]

  Client Component SSR:
    ./content/dsa/cpp-fundamentals/stl-deque.tsx [Client Component SSR]
    ./components/LessonLoader.tsx [Client Component SSR]
    ./components/LessonLoader.tsx [Server Component]
    ./app/curriculum/[subject]/[topic]/[lesson]/page.tsx [Server Component]


./content/dsa/cpp-fundamentals/stl-introduction.tsx:29:1
Unexpected token. Did you mean `{'}'}` or `&rbrace;`?
  [90m27 |[0m         <p style={{ color: [32m"var(--text-secondary)"[0m, fontSize: [35m13[0m, lineHeight: 
[35m1.6[0m }}>[33mDon[0m[32m't...[0m
  [90m28 |[0m [32m );[0m
[31m[1m>[0m [90m29 |[0m [32m}[0m
  [90m   |[0m [31m[1m^[0m
  [90m30 |[0m

Parsing ecmascript source code failed

Import traces:
  App Route:
    ./content/dsa/cpp-fundamentals/stl-introduction.tsx
    ./lib/content-registry.ts
    ./app/api/content/route.ts

  Client Component Browser:
    ./content/dsa/cpp-fundamentals/stl-introduction.tsx [Client Component Browser]
    ./components/LessonLoader.tsx [Client Component Browser]
    ./components/LessonLoader.tsx [Server Component]
    ./app/curriculum/[subject]/[topic]/[lesson]/page.tsx [Server Component]

  Client Component SSR:
    ./content/dsa/cpp-fundamentals/stl-introduction.tsx [Client Component SSR]
    ./components/LessonLoader.tsx [Client Component SSR]
    ./components/LessonLoader.tsx [Server Component]
    ./app/curriculum/[subject]/[topic]/[lesson]/page.tsx [Server Component]


./content/dsa/cpp-fundamentals/stl-map.tsx:32:1
Unexpected token. Did you mean `{'}'}` or `&rbrace;`?
  [90m30 |[0m [32m        <p style={{ color: "var(--text-muted)", fontSize: 11, marginTop: 8 }}>The above st...[0m
  [90m31 |[0m [32m );[0m
[31m[1m>[0m [90m32 |[0m [32m}[0m
  [90m   |[0m [31m[1m^[0m
  [90m33 |[0m

Parsing ecmascript source code failed

Import traces:
  App Route:
    ./content/dsa/cpp-fundamentals/stl-map.tsx
    ./lib/content-registry.ts
    ./app/api/content/route.ts

  Client Component Browser:
    ./content/dsa/cpp-fundamentals/stl-map.tsx [Client Component Browser]
    ./components/LessonLoader.tsx [Client Component Browser]
    ./components/LessonLoader.tsx [Server Component]
    ./app/curriculum/[subject]/[topic]/[lesson]/page.tsx [Server Component]

  Client Component SSR:
    ./content/dsa/cpp-fundamentals/stl-map.tsx [Client Component SSR]
    ./components/LessonLoader.tsx [Client Component SSR]
    ./components/LessonLoader.tsx [Server Component]
    ./app/curriculum/[subject]/[topic]/[lesson]/page.tsx [Server Component]


./content/dsa/cpp-fundamentals/stl-priority-queue.tsx:29:1
Unexpected token. Did you mean `{'}'}` or `&rbrace;`?
  [90m27 |[0m         <p style={{ color: [32m"var(--text-secondary)"[0m, fontSize: [35m13[0m, lineHeight: 
[35m1.6[0m }}>[33mEssen...[0m
  [90m28 |[0m  );
[31m[1m>[0m [90m29 |[0m }
  [90m   |[0m [31m[1m^[0m
  [90m30 |[0m

Parsing ecmascript source code failed

Import traces:
  App Route:
    ./content/dsa/cpp-fundamentals/stl-priority-queue.tsx
    ./lib/content-registry.ts
    ./app/api/content/route.ts

  Client Component Browser:
    ./content/dsa/cpp-fundamentals/stl-priority-queue.tsx [Client Component Browser]
    ./components/LessonLoader.tsx [Client Component Browser]
    ./components/LessonLoader.tsx [Server Component]
    ./app/curriculum/[subject]/[topic]/[lesson]/page.tsx [Server Component]

  Client Component SSR:
    ./content/dsa/cpp-fundamentals/stl-priority-queue.tsx [Client Component SSR]
    ./components/LessonLoader.tsx [Client Component SSR]
    ./components/LessonLoader.tsx [Server Component]
    ./app/curriculum/[subject]/[topic]/[lesson]/page.tsx [Server Component]


./content/dsa/cpp-fundamentals/stl-queue.tsx:30:1
Unexpected token. Did you mean `{'}'}` or `&rbrace;`?
  [90m28 |[0m         <p style={{ color: [32m"var(--text-secondary)"[0m, fontSize: [35m13[0m, lineHeight: 
[35m1.6[0m }}>[33mUsed[0m [36m..[0m.
  [90m29 |[0m  );
[31m[1m>[0m [90m30 |[0m }
  [90m   |[0m [31m[1m^[0m
  [90m31 |[0m

Parsing ecmascript source code failed

Import traces:
  App Route:
    ./content/dsa/cpp-fundamentals/stl-queue.tsx
    ./lib/content-registry.ts
    ./app/api/content/route.ts

  Client Component Browser:
    ./content/dsa/cpp-fundamentals/stl-queue.tsx [Client Component Browser]
    ./components/LessonLoader.tsx [Client Component Browser]
    ./components/LessonLoader.tsx [Server Component]
    ./app/curriculum/[subject]/[topic]/[lesson]/page.tsx [Server Component]

  Client Component SSR:
    ./content/dsa/cpp-fundamentals/stl-queue.tsx [Client Component SSR]
    ./components/LessonLoader.tsx [Client Component SSR]
    ./components/LessonLoader.tsx [Server Component]
    ./app/curriculum/[subject]/[topic]/[lesson]/page.tsx [Server Component]


./content/dsa/cpp-fundamentals/stl-set.tsx:36:1
Unexpected token. Did you mean `{'}'}` or `&rbrace;`?
  [90m34 |[0m         <p style={{ color: [32m"var(--text-secondary)"[0m, fontSize: [35m13[0m, lineHeight: 
[35m1.6[0m }}>[33mIf[0m yo...
  [90m35 |[0m  );
[31m[1m>[0m [90m36 |[0m }
  [90m   |[0m [31m[1m^[0m
  [90m37 |[0m

Parsing ecmascript source code failed

Import traces:
  App Route:
    ./content/dsa/cpp-fundamentals/stl-set.tsx
    ./lib/content-registry.ts
    ./app/api/content/route.ts

  Client Component Browser:
    ./content/dsa/cpp-fundamentals/stl-set.tsx [Client Component Browser]
    ./components/LessonLoader.tsx [Client Component Browser]
    ./components/LessonLoader.tsx [Server Component]
    ./app/curriculum/[subject]/[topic]/[lesson]/page.tsx [Server Component]

  Client Component SSR:
    ./content/dsa/cpp-fundamentals/stl-set.tsx [Client Component SSR]
    ./components/LessonLoader.tsx [Client Component SSR]
    ./components/LessonLoader.tsx [Server Component]
    ./app/curriculum/[subject]/[topic]/[lesson]/page.tsx [Server Component]


./content/dsa/cpp-fundamentals/stl-stack.tsx:30:1
Unexpected token. Did you mean `{'}'}` or `&rbrace;`?
  [90m28 |[0m         <p style={{ color: [32m"var(--text-secondary)"[0m, fontSize: [35m13[0m, lineHeight: 
[35m1.6[0m }}>[33mUsed[0m [36m...[0m
  [90m29 |[0m  );
[31m[1m>[0m [90m30 |[0m }
  [90m   |[0m [31m[1m^[0m
  [90m31 |[0m

Parsing ecmascript source code failed

Import traces:
  App Route:
    ./content/dsa/cpp-fundamentals/stl-stack.tsx
    ./lib/content-registry.ts
    ./app/api/content/route.ts

  Client Component Browser:
    ./content/dsa/cpp-fundamentals/stl-stack.tsx [Client Component Browser]
    ./components/LessonLoader.tsx [Client Component Browser]
    ./components/LessonLoader.tsx [Server Component]
    ./app/curriculum/[subject]/[topic]/[lesson]/page.tsx [Server Component]

  Client Component SSR:
    ./content/dsa/cpp-fundamentals/stl-stack.tsx [Client Component SSR]
    ./components/LessonLoader.tsx [Client Component SSR]
    ./components/LessonLoader.tsx [Server Component]
    ./app/curriculum/[subject]/[topic]/[lesson]/page.tsx [Server Component]


./content/dsa/cpp-fundamentals/storage-classes.tsx:36:1
Unexpected token. Did you mean `{'}'}` or `&rbrace;`?
  [90m34 |[0m [90m// Calling counter() 3 times prints: 1 2 3`}</pre>[0m
  [90m35 |[0m  );
[31m[1m>[0m [90m36 |[0m }
  [90m   |[0m [31m[1m^[0m
  [90m37 |[0m

Parsing ecmascript source code failed

Import traces:
  App Route:
    ./content/dsa/cpp-fundamentals/storage-classes.tsx
    ./lib/content-registry.ts
    ./app/api/content/route.ts

  Client Component Browser:
    ./content/dsa/cpp-fundamentals/storage-classes.tsx [Client Component Browser]
    ./components/LessonLoader.tsx [Client Component Browser]
    ./components/LessonLoader.tsx [Server Component]
    ./app/curriculum/[subject]/[topic]/[lesson]/page.tsx [Server Component]

  Client Component SSR:
    ./content/dsa/cpp-fundamentals/storage-classes.tsx [Client Component SSR]
    ./components/LessonLoader.tsx [Client Component SSR]
    ./components/LessonLoader.tsx [Server Component]
    ./app/curriculum/[subject]/[topic]/[lesson]/page.tsx [Server Component]


./content/dsa/cpp-fundamentals/string-class.tsx:30:1
Unexpected token. Did you mean `{'}'}` or `&rbrace;`?
  [90m28 |[0m         <p style={{ color: [32m"var(--text-secondary)"[0m, fontSize: [35m13[0m, lineHeight: 
[35m1.6[0m }}>[33mSince[0m...
  [90m29 |[0m  );
[31m[1m>[0m [90m30 |[0m }
  [90m   |[0m [31m[1m^[0m
  [90m31 |[0m

Parsing ecmascript source code failed

Import traces:
  App Route:
    ./content/dsa/cpp-fundamentals/string-class.tsx
    ./lib/content-registry.ts
    ./app/api/content/route.ts

  Client Component Browser:
    ./content/dsa/cpp-fundamentals/string-class.tsx [Client Component Browser]
    ./components/LessonLoader.tsx [Client Component Browser]
    ./components/LessonLoader.tsx [Server Component]
    ./app/curriculum/[subject]/[topic]/[lesson]/page.tsx [Server Component]

  Client Component SSR:
    ./content/dsa/cpp-fundamentals/string-class.tsx [Client Component SSR]
    ./components/LessonLoader.tsx [Client Component SSR]
    ./components/LessonLoader.tsx [Server Component]
    ./app/curriculum/[subject]/[topic]/[lesson]/page.tsx [Server Component]


./content/dsa/cpp-fundamentals/string-functions.tsx:34:1
Unexpected token. Did you mean `{'}'}` or `&rbrace;`?
  [90m32 |[0m         <p style={{ color: [32m"var(--text-muted)"[0m, fontSize: [35m11[0m, marginTop: [35m10[0m 
}}><code style...
  [90m33 |[0m  );
[31m[1m>[0m [90m34 |[0m }
  [90m   |[0m [31m[1m^[0m
  [90m35 |[0m

Parsing ecmascript source code failed

Import traces:
  App Route:
    ./content/dsa/cpp-fundamentals/string-functions.tsx
    ./lib/content-registry.ts
    ./app/api/content/route.ts

  Client Component Browser:
    ./content/dsa/cpp-fundamentals/string-functions.tsx [Client Component Browser]
    ./components/LessonLoader.tsx [Client Component Browser]
    ./components/LessonLoader.tsx [Server Component]
    ./app/curriculum/[subject]/[topic]/[lesson]/page.tsx [Server Component]

  Client Component SSR:
    ./content/dsa/cpp-fundamentals/string-functions.tsx [Client Component SSR]
    ./components/LessonLoader.tsx [Client Component SSR]
    ./components/LessonLoader.tsx [Server Component]
    ./app/curriculum/[subject]/[topic]/[lesson]/page.tsx [Server Component]


./content/dsa/cpp-fundamentals/strings.tsx:31:1
Unexpected token. Did you mean `{'}'}` or `&rbrace;`?
  [90m29 |[0m         <p style={{ color: [32m"var(--text-secondary)"[0m, fontSize: [35m13[0m, lineHeight: 
[35m1.6[0m }}>[33mPrefe.[0m..
  [90m30 |[0m  );
[31m[1m>[0m [90m31 |[0m }
  [90m   |[0m [31m[1m^[0m
  [90m32 |[0m

Parsing ecmascript source code failed

Import traces:
  App Route:
    ./content/dsa/cpp-fundamentals/strings.tsx
    ./lib/content-registry.ts
    ./app/api/content/route.ts

  Client Component Browser:
    ./content/dsa/cpp-fundamentals/strings.tsx [Client Component Browser]
    ./components/LessonLoader.tsx [Client Component Browser]
    ./components/LessonLoader.tsx [Server Component]
    ./app/curriculum/[subject]/[topic]/[lesson]/page.tsx [Server Component]

  Client Component SSR:
    ./content/dsa/cpp-fundamentals/strings.tsx [Client Component SSR]
    ./components/LessonLoader.tsx [Client Component SSR]
    ./components/LessonLoader.tsx [Server Component]
    ./app/curriculum/[subject]/[topic]/[lesson]/page.tsx [Server Component]


./content/dsa/cpp-fundamentals/structure-of-cpp-program.tsx:114:1
Unexpected token. Did you mean `{'}'}` or `&rbrace;`?
  [90m112 |[0m           </p>
  [90m113 |[0m  );
[31m[1m>[0m [90m114 |[0m }
  [90m    |[0m [31m[1m^[0m
  [90m115 |[0m
  [90m116 |[0m
  [90m117 |[0m

Parsing ecmascript source code failed

Import traces:
  App Route:
    ./content/dsa/cpp-fundamentals/structure-of-cpp-program.tsx
    ./lib/content-registry.ts
    ./app/api/content/route.ts

  Client Component Browser:
    ./content/dsa/cpp-fundamentals/structure-of-cpp-program.tsx [Client Component Browser]
    ./components/LessonLoader.tsx [Client Component Browser]
    ./components/LessonLoader.tsx [Server Component]
    ./app/curriculum/[subject]/[topic]/[lesson]/page.tsx [Server Component]

  Client Component SSR:
    ./content/dsa/cpp-fundamentals/structure-of-cpp-program.tsx [Client Component SSR]
    ./components/LessonLoader.tsx [Client Component SSR]
    ./components/LessonLoader.tsx [Server Component]
    ./app/curriculum/[subject]/[topic]/[lesson]/page.tsx [Server Component]


./content/dsa/cpp-fundamentals/structures.tsx:32:1
Unexpected token. Did you mean `{'}'}` or `&rbrace;`?
  [90m30 |[0m         <code style={{ fontSize: [35m12[0m, color: [32m"#fb923c"[0m, display: [32m"block"[0m, 
marginTop: [35m8[0m }}>s...
  [90m31 |[0m  );
[31m[1m>[0m [90m32 |[0m }
  [90m   |[0m [31m[1m^[0m
  [90m33 |[0m

Parsing ecmascript source code failed

Import traces:
  App Route:
    ./content/dsa/cpp-fundamentals/structures.tsx
    ./lib/content-registry.ts
    ./app/api/content/route.ts

  Client Component Browser:
    ./content/dsa/cpp-fundamentals/structures.tsx [Client Component Browser]
    ./components/LessonLoader.tsx [Client Component Browser]
    ./components/LessonLoader.tsx [Server Component]
    ./app/curriculum/[subject]/[topic]/[lesson]/page.tsx [Server Component]

  Client Component SSR:
    ./content/dsa/cpp-fundamentals/structures.tsx [Client Component SSR]
    ./components/LessonLoader.tsx [Client Component SSR]
    ./components/LessonLoader.tsx [Server Component]
    ./app/curriculum/[subject]/[topic]/[lesson]/page.tsx [Server Component]


./content/dsa/cpp-fundamentals/summary-next-steps.tsx:27:1
Unexpected token. Did you mean `{'}'}` or `&rbrace;`?
  [90m25 |[0m         <p style={{ color: [32m"var(--text-secondary)"[0m, fontSize: [35m13[0m, lineHeight: 
[35m1.6[0m }}>[33mGet[0m r...
  [90m26 |[0m  );
[31m[1m>[0m [90m27 |[0m }
  [90m   |[0m [31m[1m^[0m
  [90m28 |[0m

Parsing ecmascript source code failed

Import traces:
  App Route:
    ./content/dsa/cpp-fundamentals/summary-next-steps.tsx
    ./lib/content-registry.ts
    ./app/api/content/route.ts

  Client Component Browser:
    ./content/dsa/cpp-fundamentals/summary-next-steps.tsx [Client Component Browser]
    ./components/LessonLoader.tsx [Client Component Browser]
    ./components/LessonLoader.tsx [Server Component]
    ./app/curriculum/[subject]/[topic]/[lesson]/page.tsx [Server Component]

  Client Component SSR:
    ./content/dsa/cpp-fundamentals/summary-next-steps.tsx [Client Component SSR]
    ./components/LessonLoader.tsx [Client Component SSR]
    ./components/LessonLoader.tsx [Server Component]
    ./app/curriculum/[subject]/[topic]/[lesson]/page.tsx [Server Component]


./content/dsa/cpp-fundamentals/switch-statement.tsx:30:1
Unexpected token. Did you mean `{'}'}` or `&rbrace;`?
  [90m28 |[0m           <p style={{ color: [32m"var(--text-secondary)"[0m, fontSize: [35m12[0m, lineHeight: 
[35m1.5[0m }}>[33mSwi...[0m
  [90m29 |[0m  );
[31m[1m>[0m [90m30 |[0m }
  [90m   |[0m [31m[1m^[0m
  [90m31 |[0m

Parsing ecmascript source code failed

Import traces:
  App Route:
    ./content/dsa/cpp-fundamentals/switch-statement.tsx
    ./lib/content-registry.ts
    ./app/api/content/route.ts

  Client Component Browser:
    ./content/dsa/cpp-fundamentals/switch-statement.tsx [Client Component Browser]
    ./components/LessonLoader.tsx [Client Component Browser]
    ./components/LessonLoader.tsx [Server Component]
    ./app/curriculum/[subject]/[topic]/[lesson]/page.tsx [Server Component]

  Client Component SSR:
    ./content/dsa/cpp-fundamentals/switch-statement.tsx [Client Component SSR]
    ./components/LessonLoader.tsx [Client Component SSR]
    ./components/LessonLoader.tsx [Server Component]
    ./app/curriculum/[subject]/[topic]/[lesson]/page.tsx [Server Component]


./content/dsa/cpp-fundamentals/templates.tsx:35:1
Unexpected token. Did you mean `{'}'}` or `&rbrace;`?
  [90m33 |[0m         </ul>
  [90m34 |[0m  );
[31m[1m>[0m [90m35 |[0m }
  [90m   |[0m [31m[1m^[0m
  [90m36 |[0m

Parsing ecmascript source code failed

Import traces:
  App Route:
    ./content/dsa/cpp-fundamentals/templates.tsx
    ./lib/content-registry.ts
    ./app/api/content/route.ts

  Client Component Browser:
    ./content/dsa/cpp-fundamentals/templates.tsx [Client Component Browser]
    ./components/LessonLoader.tsx [Client Component Browser]
    ./components/LessonLoader.tsx [Server Component]
    ./app/curriculum/[subject]/[topic]/[lesson]/page.tsx [Server Component]

  Client Component SSR:
    ./content/dsa/cpp-fundamentals/templates.tsx [Client Component SSR]
    ./components/LessonLoader.tsx [Client Component SSR]
    ./components/LessonLoader.tsx [Server Component]
    ./app/curriculum/[subject]/[topic]/[lesson]/page.tsx [Server Component]


./content/dsa/cpp-fundamentals/ternary-operator.tsx:42:1
Unexpected token. Did you mean `{'}'}` or `&rbrace;`?
  [90m40 |[0m         <p style={{ color: [32m"var(--text-secondary)"[0m, fontSize: [35m13[0m, lineHeight: 
[35m1.6[0m }}>[33mAvoid[0m...
  [90m41 |[0m  );
[31m[1m>[0m [90m42 |[0m }
  [90m   |[0m [31m[1m^[0m
  [90m43 |[0m

Parsing ecmascript source code failed

Import traces:
  App Route:
    ./content/dsa/cpp-fundamentals/ternary-operator.tsx
    ./lib/content-registry.ts
    ./app/api/content/route.ts

  Client Component Browser:
    ./content/dsa/cpp-fundamentals/ternary-operator.tsx [Client Component Browser]
    ./components/LessonLoader.tsx [Client Component Browser]
    ./components/LessonLoader.tsx [Server Component]
    ./app/curriculum/[subject]/[topic]/[lesson]/page.tsx [Server Component]

  Client Component SSR:
    ./content/dsa/cpp-fundamentals/ternary-operator.tsx [Client Component SSR]
    ./components/LessonLoader.tsx [Client Component SSR]
    ./components/LessonLoader.tsx [Server Component]
    ./app/curriculum/[subject]/[topic]/[lesson]/page.tsx [Server Component]


./content/dsa/cpp-fundamentals/this-pointer.tsx:31:1
Unexpected token. Did you mean `{'}'}` or `&rbrace;`?
  [90m29 |[0m         <p style={{ color: [32m"var(--text-secondary)"[0m, fontSize: [35m13[0m, lineHeight: 
[35m1.6[0m }}><code...
  [90m30 |[0m  );
[31m[1m>[0m [90m31 |[0m }
  [90m   |[0m [31m[1m^[0m
  [90m32 |[0m

Parsing ecmascript source code failed

Import traces:
  App Route:
    ./content/dsa/cpp-fundamentals/this-pointer.tsx
    ./lib/content-registry.ts
    ./app/api/content/route.ts

  Client Component Browser:
    ./content/dsa/cpp-fundamentals/this-pointer.tsx [Client Component Browser]
    ./components/LessonLoader.tsx [Client Component Browser]
    ./components/LessonLoader.tsx [Server Component]
    ./app/curriculum/[subject]/[topic]/[lesson]/page.tsx [Server Component]

  Client Component SSR:
    ./content/dsa/cpp-fundamentals/this-pointer.tsx [Client Component SSR]
    ./components/LessonLoader.tsx [Client Component SSR]
    ./components/LessonLoader.tsx [Server Component]
    ./app/curriculum/[subject]/[topic]/[lesson]/page.tsx [Server Component]


./content/dsa/cpp-fundamentals/time-complexity-basics.tsx:34:1
Unexpected token. Did you mean `{'}'}` or `&rbrace;`?
  [90m32 |[0m         <p style={{ color: [32m"var(--text-secondary)"[0m, fontSize: [35m13[0m, lineHeight: 
[35m1.6[0m }}>[33mAn[0m <c...
  [90m33 |[0m  );
[31m[1m>[0m [90m34 |[0m }
  [90m   |[0m [31m[1m^[0m
  [90m35 |[0m

Parsing ecmascript source code failed

Import traces:
  App Route:
    ./content/dsa/cpp-fundamentals/time-complexity-basics.tsx
    ./lib/content-registry.ts
    ./app/api/content/route.ts

  Client Component Browser:
    ./content/dsa/cpp-fundamentals/time-complexity-basics.tsx [Client Component Browser]
    ./components/LessonLoader.tsx [Client Component Browser]
    ./components/LessonLoader.tsx [Server Component]
    ./app/curriculum/[subject]/[topic]/[lesson]/page.tsx [Server Component]

  Client Component SSR:
    ./content/dsa/cpp-fundamentals/time-complexity-basics.tsx [Client Component SSR]
    ./components/LessonLoader.tsx [Client Component SSR]
    ./components/LessonLoader.tsx [Server Component]
    ./app/curriculum/[subject]/[topic]/[lesson]/page.tsx [Server Component]


./content/dsa/cpp-fundamentals/two-d-arrays.tsx:27:1
Unexpected token. Did you mean `{'}'}` or `&rbrace;`?
  [90m25 |[0m         <p style={{ color: [32m"var(--text-secondary)"[0m, fontSize: [35m13[0m, lineHeight: 
[35m1.6[0m }}>[35m2[0m[33mD[0m ar...
  [90m26 |[0m  );
[31m[1m>[0m [90m27 |[0m }
  [90m   |[0m [31m[1m^[0m
  [90m28 |[0m

Parsing ecmascript source code failed

Import traces:
  App Route:
    ./content/dsa/cpp-fundamentals/two-d-arrays.tsx
    ./lib/content-registry.ts
    ./app/api/content/route.ts

  Client Component Browser:
    ./content/dsa/cpp-fundamentals/two-d-arrays.tsx [Client Component Browser]
    ./components/LessonLoader.tsx [Client Component Browser]
    ./components/LessonLoader.tsx [Server Component]
    ./app/curriculum/[subject]/[topic]/[lesson]/page.tsx [Server Component]

  Client Component SSR:
    ./content/dsa/cpp-fundamentals/two-d-arrays.tsx [Client Component SSR]
    ./components/LessonLoader.tsx [Client Component SSR]
    ./components/LessonLoader.tsx [Server Component]
    ./app/curriculum/[subject]/[topic]/[lesson]/page.tsx [Server Component]


./content/dsa/cpp-fundamentals/type-casting.tsx:39:1
Unexpected token. Did you mean `{'}'}` or `&rbrace;`?
  [90m37 |[0m         <p style={{ color: [32m"var(--text-secondary)"[0m, fontSize: [35m13[0m, lineHeight: 
[35m1.6[0m }}>[33mPrefe.[0m..
  [90m38 |[0m [32m );[0m
[31m[1m>[0m [90m39 |[0m [32m}[0m
  [90m   |[0m [31m[1m^[0m
  [90m40 |[0m

Parsing ecmascript source code failed

Import traces:
  App Route:
    ./content/dsa/cpp-fundamentals/type-casting.tsx
    ./lib/content-registry.ts
    ./app/api/content/route.ts

  Client Component Browser:
    ./content/dsa/cpp-fundamentals/type-casting.tsx [Client Component Browser]
    ./components/LessonLoader.tsx [Client Component Browser]
    ./components/LessonLoader.tsx [Server Component]
    ./app/curriculum/[subject]/[topic]/[lesson]/page.tsx [Server Component]

  Client Component SSR:
    ./content/dsa/cpp-fundamentals/type-casting.tsx [Client Component SSR]
    ./components/LessonLoader.tsx [Client Component SSR]
    ./components/LessonLoader.tsx [Server Component]
    ./app/curriculum/[subject]/[topic]/[lesson]/page.tsx [Server Component]


./content/dsa/cpp-fundamentals/type-modifiers.tsx:44:1
Unexpected token. Did you mean `{'}'}` or `&rbrace;`?
  [90m42 |[0m           </div>
  [90m43 |[0m         ))});
[31m[1m>[0m [90m44 |[0m }
  [90m   |[0m [31m[1m^[0m
  [90m45 |[0m

Parsing ecmascript source code failed

Import traces:
  App Route:
    ./content/dsa/cpp-fundamentals/type-modifiers.tsx
    ./lib/content-registry.ts
    ./app/api/content/route.ts

  Client Component Browser:
    ./content/dsa/cpp-fundamentals/type-modifiers.tsx [Client Component Browser]
    ./components/LessonLoader.tsx [Client Component Browser]
    ./components/LessonLoader.tsx [Server Component]
    ./app/curriculum/[subject]/[topic]/[lesson]/page.tsx [Server Component]

  Client Component SSR:
    ./content/dsa/cpp-fundamentals/type-modifiers.tsx [Client Component SSR]
    ./components/LessonLoader.tsx [Client Component SSR]
    ./components/LessonLoader.tsx [Server Component]
    ./app/curriculum/[subject]/[topic]/[lesson]/page.tsx [Server Component]


./content/dsa/cpp-fundamentals/typedef.tsx:30:1
Unexpected token. Did you mean `{'}'}` or `&rbrace;`?
  [90m28 |[0m         </ul>
  [90m29 |[0m  );
[31m[1m>[0m [90m30 |[0m }
  [90m   |[0m [31m[1m^[0m
  [90m31 |[0m

Parsing ecmascript source code failed

Import traces:
  App Route:
    ./content/dsa/cpp-fundamentals/typedef.tsx
    ./lib/content-registry.ts
    ./app/api/content/route.ts

  Client Component Browser:
    ./content/dsa/cpp-fundamentals/typedef.tsx [Client Component Browser]
    ./components/LessonLoader.tsx [Client Component Browser]
    ./components/LessonLoader.tsx [Server Component]
    ./app/curriculum/[subject]/[topic]/[lesson]/page.tsx [Server Component]

  Client Component SSR:
    ./content/dsa/cpp-fundamentals/typedef.tsx [Client Component SSR]
    ./components/LessonLoader.tsx [Client Component SSR]
    ./components/LessonLoader.tsx [Server Component]
    ./app/curriculum/[subject]/[topic]/[lesson]/page.tsx [Server Component]


./content/dsa/cpp-fundamentals/types-of-inheritance.tsx:35:1
Unexpected token. Did you mean `{'}'}` or `&rbrace;`?
  [90m33 |[0m         <p style={{ color: [32m"var(--text-secondary)"[0m, fontSize: [35m13[0m, lineHeight: 
[35m1.6[0m }}>[33mOccur.[0m.[36m.[0m
  [90m34 |[0m  );
[31m[1m>[0m [90m35 |[0m }
  [90m   |[0m [31m[1m^[0m
  [90m36 |[0m

Parsing ecmascript source code failed

Import traces:
  App Route:
    ./content/dsa/cpp-fundamentals/types-of-inheritance.tsx
    ./lib/content-registry.ts
    ./app/api/content/route.ts

  Client Component Browser:
    ./content/dsa/cpp-fundamentals/types-of-inheritance.tsx [Client Component Browser]
    ./components/LessonLoader.tsx [Client Component Browser]
    ./components/LessonLoader.tsx [Server Component]
    ./app/curriculum/[subject]/[topic]/[lesson]/page.tsx [Server Component]

  Client Component SSR:
    ./content/dsa/cpp-fundamentals/types-of-inheritance.tsx [Client Component SSR]
    ./components/LessonLoader.tsx [Client Component SSR]
    ./components/LessonLoader.tsx [Server Component]
    ./app/curriculum/[subject]/[topic]/[lesson]/page.tsx [Server Component]


./content/dsa/cpp-fundamentals/unions.tsx:31:1
Unexpected token. Did you mean `{'}'}` or `&rbrace;`?
  [90m29 |[0m         <p style={{ color: [32m"var(--text-secondary)"[0m, fontSize: [35m13[0m, lineHeight: 
[35m1.6[0m }}>[33mModer.[0m.[33m.[0m
  [90m30 |[0m  );
[31m[1m>[0m [90m31 |[0m }
  [90m   |[0m [31m[1m^[0m
  [90m32 |[0m

Parsing ecmascript source code failed

Import traces:
  App Route:
    ./content/dsa/cpp-fundamentals/unions.tsx
    ./lib/content-registry.ts
    ./app/api/content/route.ts

  Client Component Browser:
    ./content/dsa/cpp-fundamentals/unions.tsx [Client Component Browser]
    ./components/LessonLoader.tsx [Client Component Browser]
    ./components/LessonLoader.tsx [Server Component]
    ./app/curriculum/[subject]/[topic]/[lesson]/page.tsx [Server Component]

  Client Component SSR:
    ./content/dsa/cpp-fundamentals/unions.tsx [Client Component SSR]
    ./components/LessonLoader.tsx [Client Component SSR]
    ./components/LessonLoader.tsx [Server Component]
    ./app/curriculum/[subject]/[topic]/[lesson]/page.tsx [Server Component]


./content/dsa/cpp-fundamentals/variable-scope.tsx:28:1
Unexpected token. Did you mean `{'}'}` or `&rbrace;`?
  [90m26 |[0m         <code style={{ fontSize: [35m12[0m, color: [32m"#fb923c"[0m, display: [32m"block"[0m, 
marginTop: [35m8[0m }}>c...
  [90m27 |[0m  );
[31m[1m>[0m [90m28 |[0m }
  [90m   |[0m [31m[1m^[0m
  [90m29 |[0m

Parsing ecmascript source code failed

Import traces:
  App Route:
    ./content/dsa/cpp-fundamentals/variable-scope.tsx
    ./lib/content-registry.ts
    ./app/api/content/route.ts

  Client Component Browser:
    ./content/dsa/cpp-fundamentals/variable-scope.tsx [Client Component Browser]
    ./components/LessonLoader.tsx [Client Component Browser]
    ./components/LessonLoader.tsx [Server Component]
    ./app/curriculum/[subject]/[topic]/[lesson]/page.tsx [Server Component]

  Client Component SSR:
    ./content/dsa/cpp-fundamentals/variable-scope.tsx [Client Component SSR]
    ./components/LessonLoader.tsx [Client Component SSR]
    ./components/LessonLoader.tsx [Server Component]
    ./app/curriculum/[subject]/[topic]/[lesson]/page.tsx [Server Component]


./content/dsa/cpp-fundamentals/variables-types.tsx:41:1
Unexpected token. Did you mean `{'}'}` or `&rbrace;`?
  [90m39 |[0m         </ul>
  [90m40 |[0m  );
[31m[1m>[0m [90m41 |[0m }
  [90m   |[0m [31m[1m^[0m
  [90m42 |[0m
  [90m43 |[0m

Parsing ecmascript source code failed

Import traces:
  App Route:
    ./content/dsa/cpp-fundamentals/variables-types.tsx
    ./lib/content-registry.ts
    ./app/api/content/route.ts

  Client Component Browser:
    ./content/dsa/cpp-fundamentals/variables-types.tsx [Client Component Browser]
    ./components/LessonLoader.tsx [Client Component Browser]
    ./components/LessonLoader.tsx [Server Component]
    ./app/curriculum/[subject]/[topic]/[lesson]/page.tsx [Server Component]

  Client Component SSR:
    ./content/dsa/cpp-fundamentals/variables-types.tsx [Client Component SSR]
    ./components/LessonLoader.tsx [Client Component SSR]
    ./components/LessonLoader.tsx [Server Component]
    ./app/curriculum/[subject]/[topic]/[lesson]/page.tsx [Server Component]


./content/dsa/cpp-fundamentals/variables.tsx:68:1
Unexpected token. Did you mean `{'}'}` or `&rbrace;`?
  [90m66 |[0m           </p>
  [90m67 |[0m  );
[31m[1m>[0m [90m68 |[0m }
  [90m   |[0m [31m[1m^[0m
  [90m69 |[0m

Parsing ecmascript source code failed

Import traces:
  App Route:
    ./content/dsa/cpp-fundamentals/variables.tsx
    ./lib/content-registry.ts
    ./app/api/content/route.ts

  Client Component Browser:
    ./content/dsa/cpp-fundamentals/variables.tsx [Client Component Browser]
    ./components/LessonLoader.tsx [Client Component Browser]
    ./components/LessonLoader.tsx [Server Component]
    ./app/curriculum/[subject]/[topic]/[lesson]/page.tsx [Server Component]

  Client Component SSR:
    ./content/dsa/cpp-fundamentals/variables.tsx [Client Component SSR]
    ./components/LessonLoader.tsx [Client Component SSR]
    ./components/LessonLoader.tsx [Server Component]
    ./app/curriculum/[subject]/[topic]/[lesson]/page.tsx [Server Component]


./content/dsa/cpp-fundamentals/vectors.tsx:31:1
Unexpected token. Did you mean `{'}'}` or `&rbrace;`?
  [90m29 |[0m         <p style={{ color: [32m"var(--text-secondary)"[0m, fontSize: [35m13[0m, lineHeight: 
[35m1.6[0m }}><b st...
  [90m30 |[0m  );
[31m[1m>[0m [90m31 |[0m }
  [90m   |[0m [31m[1m^[0m
  [90m32 |[0m

Parsing ecmascript source code failed

Import traces:
  App Route:
    ./content/dsa/cpp-fundamentals/vectors.tsx
    ./lib/content-registry.ts
    ./app/api/content/route.ts

  Client Component Browser:
    ./content/dsa/cpp-fundamentals/vectors.tsx [Client Component Browser]
    ./components/LessonLoader.tsx [Client Component Browser]
    ./components/LessonLoader.tsx [Server Component]
    ./app/curriculum/[subject]/[topic]/[lesson]/page.tsx [Server Component]

  Client Component SSR:
    ./content/dsa/cpp-fundamentals/vectors.tsx [Client Component SSR]
    ./components/LessonLoader.tsx [Client Component SSR]
    ./components/LessonLoader.tsx [Server Component]
    ./app/curriculum/[subject]/[topic]/[lesson]/page.tsx [Server Component]


./content/dsa/cpp-fundamentals/virtual-functions.tsx:26:1
Unexpected token. Did you mean `{'}'}` or `&rbrace;`?
  [90m24 |[0m         <p style={{ color: [32m"var(--text-secondary)"[0m, fontSize: [35m13[0m, lineHeight: 
[35m1.6[0m }}>[33mUnder[0m...
  [90m25 |[0m  );
[31m[1m>[0m [90m26 |[0m }
  [90m   |[0m [31m[1m^[0m
  [90m27 |[0m

Parsing ecmascript source code failed

Import traces:
  App Route:
    ./content/dsa/cpp-fundamentals/virtual-functions.tsx
    ./lib/content-registry.ts
    ./app/api/content/route.ts

  Client Component Browser:
    ./content/dsa/cpp-fundamentals/virtual-functions.tsx [Client Component Browser]
    ./components/LessonLoader.tsx [Client Component Browser]
    ./components/LessonLoader.tsx [Server Component]
    ./app/curriculum/[subject]/[topic]/[lesson]/page.tsx [Server Component]

  Client Component SSR:
    ./content/dsa/cpp-fundamentals/virtual-functions.tsx [Client Component SSR]
    ./components/LessonLoader.tsx [Client Component SSR]
    ./components/LessonLoader.tsx [Server Component]
    ./app/curriculum/[subject]/[topic]/[lesson]/page.tsx [Server Component]


./content/dsa/cpp-fundamentals/while-loop.tsx:31:1
Unexpected token. Did you mean `{'}'}` or `&rbrace;`?
  [90m29 |[0m         <p style={{ color: [32m"var(--text-secondary)"[0m, fontSize: [35m13[0m, lineHeight: 
[35m1.6[0m }}>[33mAlway.[0m..
  [90m30 |[0m  );
[31m[1m>[0m [90m31 |[0m }
  [90m   |[0m [31m[1m^[0m
  [90m32 |[0m

Parsing ecmascript source code failed

Import traces:
  App Route:
    ./content/dsa/cpp-fundamentals/while-loop.tsx
    ./lib/content-registry.ts
    ./app/api/content/route.ts

  Client Component Browser:
    ./content/dsa/cpp-fundamentals/while-loop.tsx [Client Component Browser]
    ./components/LessonLoader.tsx [Client Component Browser]
    ./components/LessonLoader.tsx [Server Component]
    ./app/curriculum/[subject]/[topic]/[lesson]/page.tsx [Server Component]

  Client Component SSR:
    ./content/dsa/cpp-fundamentals/while-loop.tsx [Client Component SSR]
    ./components/LessonLoader.tsx [Client Component SSR]
    ./components/LessonLoader.tsx [Server Component]
    ./app/curriculum/[subject]/[topic]/[lesson]/page.tsx [Server Component]


./content/dsa/cpp-fundamentals/writing-to-files.tsx:31:1
Unexpected token. Did you mean `{'}'}` or `&rbrace;`?
  [90m29 |[0m         <p style={{ color: [32m"var(--text-secondary)"[0m, fontSize: [35m13[0m, lineHeight: 
[35m1.6[0m }}>[33mAlway.[0m..
  [90m30 |[0m  );
[31m[1m>[0m [90m31 |[0m }
  [90m   |[0m [31m[1m^[0m
  [90m32 |[0m

Parsing ecmascript source code failed

Import traces:
  App Route:
    ./content/dsa/cpp-fundamentals/writing-to-files.tsx
    ./lib/content-registry.ts
    ./app/api/content/route.ts

  Client Component Browser:
    ./content/dsa/cpp-fundamentals/writing-to-files.tsx [Client Component Browser]
    ./components/LessonLoader.tsx [Client Component Browser]
    ./components/LessonLoader.tsx [Server Component]
    ./app/curriculum/[subject]/[topic]/[lesson]/page.tsx [Server Component]

  Client Component SSR:
    ./content/dsa/cpp-fundamentals/writing-to-files.tsx [Client Component SSR]
    ./components/LessonLoader.tsx [Client Component SSR]
    ./components/LessonLoader.tsx [Server Component]
    ./app/curriculum/[subject]/[topic]/[lesson]/page.tsx [Server Component]


./content/dsa/dynamic-programming/base-cases.tsx:10:1
Unexpected token. Did you mean `{'}'}` or `&rbrace;`?
  [90m 8 |[0m       <p className=[32m"text-sm opacity-10 mt-4 italic"[0m>[90m// Start writing your simulation 
here....[0m
  [90m 9 |[0m  );
[31m[1m>[0m [90m10 |[0m }
  [90m   |[0m [31m[1m^[0m
  [90m11 |[0m
  [90m12 |[0m
  [90m13 |[0m

Parsing ecmascript source code failed

Import traces:
  App Route:
    ./content/dsa/dynamic-programming/base-cases.tsx
    ./lib/content-registry.ts
    ./app/api/content/route.ts

  Client Component Browser:
    ./content/dsa/dynamic-programming/base-cases.tsx [Client Component Browser]
    ./components/LessonLoader.tsx [Client Component Browser]
    ./components/LessonLoader.tsx [Server Component]
    ./app/curriculum/[subject]/[topic]/[lesson]/page.tsx [Server Component]

  Client Component SSR:
    ./content/dsa/dynamic-programming/base-cases.tsx [Client Component SSR]
    ./components/LessonLoader.tsx [Client Component SSR]
    ./components/LessonLoader.tsx [Server Component]
    ./app/curriculum/[subject]/[topic]/[lesson]/page.tsx [Server Component]


./content/dsa/dynamic-programming/best-time-to-buy-sell-stock-i.tsx:10:1
Unexpected token. Did you mean `{'}'}` or `&rbrace;`?
  [90m 8 |[0m       <p className=[32m"text-sm opacity-10 mt-4 italic"[0m>[90m// Start writing your simulation 
here....[0m
  [90m 9 |[0m  );
[31m[1m>[0m [90m10 |[0m }
  [90m   |[0m [31m[1m^[0m
  [90m11 |[0m
  [90m12 |[0m
  [90m13 |[0m

Parsing ecmascript source code failed

Import traces:
  App Route:
    ./content/dsa/dynamic-programming/best-time-to-buy-sell-stock-i.tsx
    ./lib/content-registry.ts
    ./app/api/content/route.ts

  Client Component Browser:
    ./content/dsa/dynamic-programming/best-time-to-buy-sell-stock-i.tsx [Client Component Browser]
    ./components/LessonLoader.tsx [Client Component Browser]
    ./components/LessonLoader.tsx [Server Component]
    ./app/curriculum/[subject]/[topic]/[lesson]/page.tsx [Server Component]

  Client Component SSR:
    ./content/dsa/dynamic-programming/best-time-to-buy-sell-stock-i.tsx [Client Component SSR]
    ./components/LessonLoader.tsx [Client Component SSR]
    ./components/LessonLoader.tsx [Server Component]
    ./app/curriculum/[subject]/[topic]/[lesson]/page.tsx [Server Component]


./content/dsa/dynamic-programming/best-time-to-buy-sell-stock-ii.tsx:10:1
Unexpected token. Did you mean `{'}'}` or `&rbrace;`?
  [90m 8 |[0m       <p className=[32m"text-sm opacity-10 mt-4 italic"[0m>[90m// Start writing your simulation 
here....[0m
  [90m 9 |[0m  );
[31m[1m>[0m [90m10 |[0m }
  [90m   |[0m [31m[1m^[0m
  [90m11 |[0m
  [90m12 |[0m
  [90m13 |[0m

Parsing ecmascript source code failed

Import traces:
  App Route:
    ./content/dsa/dynamic-programming/best-time-to-buy-sell-stock-ii.tsx
    ./lib/content-registry.ts
    ./app/api/content/route.ts

  Client Component Browser:
    ./content/dsa/dynamic-programming/best-time-to-buy-sell-stock-ii.tsx [Client Component Browser]
    ./components/LessonLoader.tsx [Client Component Browser]
    ./components/LessonLoader.tsx [Server Component]
    ./app/curriculum/[subject]/[topic]/[lesson]/page.tsx [Server Component]

  Client Component SSR:
    ./content/dsa/dynamic-programming/best-time-to-buy-sell-stock-ii.tsx [Client Component SSR]
    ./components/LessonLoader.tsx [Client Component SSR]
    ./components/LessonLoader.tsx [Server Component]
    ./app/curriculum/[subject]/[topic]/[lesson]/page.tsx [Server Component]


./content/dsa/dynamic-programming/best-time-to-buy-sell-stock-iii.tsx:10:1
Unexpected token. Did you mean `{'}'}` or `&rbrace;`?
  [90m 8 |[0m       <p className=[32m"text-sm opacity-10 mt-4 italic"[0m>[90m// Start writing your simulation 
here....[0m
  [90m 9 |[0m  );
[31m[1m>[0m [90m10 |[0m }
  [90m   |[0m [31m[1m^[0m
  [90m11 |[0m
  [90m12 |[0m
  [90m13 |[0m

Parsing ecmascript source code failed

Import traces:
  App Route:
    ./content/dsa/dynamic-programming/best-time-to-buy-sell-stock-iii.tsx
    ./lib/content-registry.ts
    ./app/api/content/route.ts

  Client Component Browser:
    ./content/dsa/dynamic-programming/best-time-to-buy-sell-stock-iii.tsx [Client Component Browser]
    ./components/LessonLoader.tsx [Client Component Browser]
    ./components/LessonLoader.tsx [Server Component]
    ./app/curriculum/[subject]/[topic]/[lesson]/page.tsx [Server Component]

  Client Component SSR:
    ./content/dsa/dynamic-programming/best-time-to-buy-sell-stock-iii.tsx [Client Component SSR]
    ./components/LessonLoader.tsx [Client Component SSR]
    ./components/LessonLoader.tsx [Server Component]
    ./app/curriculum/[subject]/[topic]/[lesson]/page.tsx [Server Component]


./content/dsa/dynamic-programming/best-time-to-buy-sell-stock-iv.tsx:10:1
Unexpected token. Did you mean `{'}'}` or `&rbrace;`?
  [90m 8 |[0m       <p className=[32m"text-sm opacity-10 mt-4 italic"[0m>[90m// Start writing your simulation 
here....[0m
  [90m 9 |[0m  );
[31m[1m>[0m [90m10 |[0m }
  [90m   |[0m [31m[1m^[0m
  [90m11 |[0m
  [90m12 |[0m
  [90m13 |[0m

Parsing ecmascript source code failed

Import traces:
  App Route:
    ./content/dsa/dynamic-programming/best-time-to-buy-sell-stock-iv.tsx
    ./lib/content-registry.ts
    ./app/api/content/route.ts

  Client Component Browser:
    ./content/dsa/dynamic-programming/best-time-to-buy-sell-stock-iv.tsx [Client Component Browser]
    ./components/LessonLoader.tsx [Client Component Browser]
    ./components/LessonLoader.tsx [Server Component]
    ./app/curriculum/[subject]/[topic]/[lesson]/page.tsx [Server Component]

  Client Component SSR:
    ./content/dsa/dynamic-programming/best-time-to-buy-sell-stock-iv.tsx [Client Component SSR]
    ./components/LessonLoader.tsx [Client Component SSR]
    ./components/LessonLoader.tsx [Server Component]
    ./app/curriculum/[subject]/[topic]/[lesson]/page.tsx [Server Component]


./content/dsa/dynamic-programming/bitmask-dp.tsx:10:1
Unexpected token. Did you mean `{'}'}` or `&rbrace;`?
  [90m 8 |[0m       <p className=[32m"text-sm opacity-10 mt-4 italic"[0m>[90m// Start writing your simulation 
here....[0m
  [90m 9 |[0m  );
[31m[1m>[0m [90m10 |[0m }
  [90m   |[0m [31m[1m^[0m
  [90m11 |[0m
  [90m12 |[0m
  [90m13 |[0m

Parsing ecmascript source code failed

Import traces:
  App Route:
    ./content/dsa/dynamic-programming/bitmask-dp.tsx
    ./lib/content-registry.ts
    ./app/api/content/route.ts

  Client Component Browser:
    ./content/dsa/dynamic-programming/bitmask-dp.tsx [Client Component Browser]
    ./components/LessonLoader.tsx [Client Component Browser]
    ./components/LessonLoader.tsx [Server Component]
    ./app/curriculum/[subject]/[topic]/[lesson]/page.tsx [Server Component]

  Client Component SSR:
    ./content/dsa/dynamic-programming/bitmask-dp.tsx [Client Component SSR]
    ./components/LessonLoader.tsx [Client Component SSR]
    ./components/LessonLoader.tsx [Server Component]
    ./app/curriculum/[subject]/[topic]/[lesson]/page.tsx [Server Component]


./content/dsa/dynamic-programming/bitmasking-plus-dp.tsx:10:1
Unexpected token. Did you mean `{'}'}` or `&rbrace;`?
  [90m 8 |[0m       <p className=[32m"text-sm opacity-10 mt-4 italic"[0m>[90m// Start writing your simulation 
here....[0m
  [90m 9 |[0m  );
[31m[1m>[0m [90m10 |[0m }
  [90m   |[0m [31m[1m^[0m
  [90m11 |[0m
  [90m12 |[0m
  [90m13 |[0m

Parsing ecmascript source code failed

Import traces:
  App Route:
    ./content/dsa/dynamic-programming/bitmasking-plus-dp.tsx
    ./lib/content-registry.ts
    ./app/api/content/route.ts

  Client Component Browser:
    ./content/dsa/dynamic-programming/bitmasking-plus-dp.tsx [Client Component Browser]
    ./components/LessonLoader.tsx [Client Component Browser]
    ./components/LessonLoader.tsx [Server Component]
    ./app/curriculum/[subject]/[topic]/[lesson]/page.tsx [Server Component]

  Client Component SSR:
    ./content/dsa/dynamic-programming/bitmasking-plus-dp.tsx [Client Component SSR]
    ./components/LessonLoader.tsx [Client Component SSR]
    ./components/LessonLoader.tsx [Server Component]
    ./app/curriculum/[subject]/[topic]/[lesson]/page.tsx [Server Component]


./content/dsa/dynamic-programming/bitonic-subsequence.tsx:10:1
Unexpected token. Did you mean `{'}'}` or `&rbrace;`?
  [90m 8 |[0m       <p className=[32m"text-sm opacity-10 mt-4 italic"[0m>[90m// Start writing your simulation 
here....[0m
  [90m 9 |[0m  );
[31m[1m>[0m [90m10 |[0m }
  [90m   |[0m [31m[1m^[0m
  [90m11 |[0m
  [90m12 |[0m
  [90m13 |[0m

Parsing ecmascript source code failed

Import traces:
  App Route:
    ./content/dsa/dynamic-programming/bitonic-subsequence.tsx
    ./lib/content-registry.ts
    ./app/api/content/route.ts

  Client Component Browser:
    ./content/dsa/dynamic-programming/bitonic-subsequence.tsx [Client Component Browser]
    ./components/LessonLoader.tsx [Client Component Browser]
    ./components/LessonLoader.tsx [Server Component]
    ./app/curriculum/[subject]/[topic]/[lesson]/page.tsx [Server Component]

  Client Component SSR:
    ./content/dsa/dynamic-programming/bitonic-subsequence.tsx [Client Component SSR]
    ./components/LessonLoader.tsx [Client Component SSR]
    ./components/LessonLoader.tsx [Server Component]
    ./app/curriculum/[subject]/[topic]/[lesson]/page.tsx [Server Component]


./content/dsa/dynamic-programming/boolean-parenthesization.tsx:10:1
Unexpected token. Did you mean `{'}'}` or `&rbrace;`?
  [90m 8 |[0m       <p className=[32m"text-sm opacity-10 mt-4 italic"[0m>[90m// Start writing your simulation 
here....[0m
  [90m 9 |[0m  );
[31m[1m>[0m [90m10 |[0m }
  [90m   |[0m [31m[1m^[0m
  [90m11 |[0m
  [90m12 |[0m
  [90m13 |[0m

Parsing ecmascript source code failed

Import traces:
  App Route:
    ./content/dsa/dynamic-programming/boolean-parenthesization.tsx
    ./lib/content-registry.ts
    ./app/api/content/route.ts

  Client Component Browser:
    ./content/dsa/dynamic-programming/boolean-parenthesization.tsx [Client Component Browser]
    ./components/LessonLoader.tsx [Client Component Browser]
    ./components/LessonLoader.tsx [Server Component]
    ./app/curriculum/[subject]/[topic]/[lesson]/page.tsx [Server Component]

  Client Component SSR:
    ./content/dsa/dynamic-programming/boolean-parenthesization.tsx [Client Component SSR]
    ./components/LessonLoader.tsx [Client Component SSR]
    ./components/LessonLoader.tsx [Server Component]
    ./app/curriculum/[subject]/[topic]/[lesson]/page.tsx [Server Component]


./content/dsa/dynamic-programming/burst-balloons.tsx:10:1
Unexpected token. Did you mean `{'}'}` or `&rbrace;`?
  [90m 8 |[0m       <p className=[32m"text-sm opacity-10 mt-4 italic"[0m>[90m// Start writing your simulation 
here....[0m
  [90m 9 |[0m  );
[31m[1m>[0m [90m10 |[0m }
  [90m   |[0m [31m[1m^[0m
  [90m11 |[0m
  [90m12 |[0m
  [90m13 |[0m

Parsing ecmascript source code failed

Import traces:
  App Route:
    ./content/dsa/dynamic-programming/burst-balloons.tsx
    ./lib/content-registry.ts
    ./app/api/content/route.ts

  Client Component Browser:
    ./content/dsa/dynamic-programming/burst-balloons.tsx [Client Component Browser]
    ./components/LessonLoader.tsx [Client Component Browser]
    ./components/LessonLoader.tsx [Server Component]
    ./app/curriculum/[subject]/[topic]/[lesson]/page.tsx [Server Component]

  Client Component SSR:
    ./content/dsa/dynamic-programming/burst-balloons.tsx [Client Component SSR]
    ./components/LessonLoader.tsx [Client Component SSR]
    ./components/LessonLoader.tsx [Server Component]
    ./app/curriculum/[subject]/[topic]/[lesson]/page.tsx [Server Component]


./content/dsa/dynamic-programming/cherry-pickup.tsx:10:1
Unexpected token. Did you mean `{'}'}` or `&rbrace;`?
  [90m 8 |[0m       <p className=[32m"text-sm opacity-10 mt-4 italic"[0m>[90m// Start writing your simulation 
here....[0m
  [90m 9 |[0m  );
[31m[1m>[0m [90m10 |[0m }
  [90m   |[0m [31m[1m^[0m
  [90m11 |[0m
  [90m12 |[0m
  [90m13 |[0m

Parsing ecmascript source code failed

Import traces:
  App Route:
    ./content/dsa/dynamic-programming/cherry-pickup.tsx
    ./lib/content-registry.ts
    ./app/api/content/route.ts

  Client Component Browser:
    ./content/dsa/dynamic-programming/cherry-pickup.tsx [Client Component Browser]
    ./components/LessonLoader.tsx [Client Component Browser]
    ./components/LessonLoader.tsx [Server Component]
    ./app/curriculum/[subject]/[topic]/[lesson]/page.tsx [Server Component]

  Client Component SSR:
    ./content/dsa/dynamic-programming/cherry-pickup.tsx [Client Component SSR]
    ./components/LessonLoader.tsx [Client Component SSR]
    ./components/LessonLoader.tsx [Server Component]
    ./app/curriculum/[subject]/[topic]/[lesson]/page.tsx [Server Component]


./content/dsa/dynamic-programming/climbing-stairs.tsx:308:1
Unexpected token. Did you mean `{'}'}` or `&rbrace;`?
  [90m306 |[0m     </main>
  [90m307 |[0m   );
[31m[1m>[0m [90m308 |[0m }
  [90m    |[0m [31m[1m^[0m
  [90m309 |[0m

Parsing ecmascript source code failed

Import traces:
  App Route:
    ./content/dsa/dynamic-programming/climbing-stairs.tsx
    ./lib/content-registry.ts
    ./app/api/content/route.ts

  Client Component Browser:
    ./content/dsa/dynamic-programming/climbing-stairs.tsx [Client Component Browser]
    ./components/LessonLoader.tsx [Client Component Browser]
    ./components/LessonLoader.tsx [Server Component]
    ./app/curriculum/[subject]/[topic]/[lesson]/page.tsx [Server Component]

  Client Component SSR:
    ./content/dsa/dynamic-programming/climbing-stairs.tsx [Client Component SSR]
    ./components/LessonLoader.tsx [Client Component SSR]
    ./components/LessonLoader.tsx [Server Component]
    ./app/curriculum/[subject]/[topic]/[lesson]/page.tsx [Server Component]


./content/dsa/dynamic-programming/coin-change-i.tsx:10:1
Unexpected token. Did you mean `{'}'}` or `&rbrace;`?
  [90m 8 |[0m       <p className=[32m"text-sm opacity-10 mt-4 italic"[0m>[90m// Start writing your simulation 
here....[0m
  [90m 9 |[0m  );
[31m[1m>[0m [90m10 |[0m }
  [90m   |[0m [31m[1m^[0m
  [90m11 |[0m
  [90m12 |[0m
  [90m13 |[0m

Parsing ecmascript source code failed

Import traces:
  App Route:
    ./content/dsa/dynamic-programming/coin-change-i.tsx
    ./lib/content-registry.ts
    ./app/api/content/route.ts

  Client Component Browser:
    ./content/dsa/dynamic-programming/coin-change-i.tsx [Client Component Browser]
    ./components/LessonLoader.tsx [Client Component Browser]
    ./components/LessonLoader.tsx [Server Component]
    ./app/curriculum/[subject]/[topic]/[lesson]/page.tsx [Server Component]

  Client Component SSR:
    ./content/dsa/dynamic-programming/coin-change-i.tsx [Client Component SSR]
    ./components/LessonLoader.tsx [Client Component SSR]
    ./components/LessonLoader.tsx [Server Component]
    ./app/curriculum/[subject]/[topic]/[lesson]/page.tsx [Server Component]


./content/dsa/dynamic-programming/coin-change-ii.tsx:10:1
Unexpected token. Did you mean `{'}'}` or `&rbrace;`?
  [90m 8 |[0m       <p className=[32m"text-sm opacity-10 mt-4 italic"[0m>[90m// Start writing your simulation 
here....[0m
  [90m 9 |[0m  );
[31m[1m>[0m [90m10 |[0m }
  [90m   |[0m [31m[1m^[0m
  [90m11 |[0m
  [90m12 |[0m
  [90m13 |[0m

Parsing ecmascript source code failed

Import traces:
  App Route:
    ./content/dsa/dynamic-programming/coin-change-ii.tsx
    ./lib/content-registry.ts
    ./app/api/content/route.ts

  Client Component Browser:
    ./content/dsa/dynamic-programming/coin-change-ii.tsx [Client Component Browser]
    ./components/LessonLoader.tsx [Client Component Browser]
    ./components/LessonLoader.tsx [Server Component]
    ./app/curriculum/[subject]/[topic]/[lesson]/page.tsx [Server Component]

  Client Component SSR:
    ./content/dsa/dynamic-programming/coin-change-ii.tsx [Client Component SSR]
    ./components/LessonLoader.tsx [Client Component SSR]
    ./components/LessonLoader.tsx [Server Component]
    ./app/curriculum/[subject]/[topic]/[lesson]/page.tsx [Server Component]


./content/dsa/dynamic-programming/coin-change.tsx:10:1
Unexpected token. Did you mean `{'}'}` or `&rbrace;`?
  [90m 8 |[0m       <p className=[32m"text-sm opacity-10 mt-4 italic"[0m>[90m// Start writing your simulation 
here....[0m
  [90m 9 |[0m  );
[31m[1m>[0m [90m10 |[0m }
  [90m   |[0m [31m[1m^[0m
  [90m11 |[0m
  [90m12 |[0m
  [90m13 |[0m

Parsing ecmascript source code failed

Import traces:
  App Route:
    ./content/dsa/dynamic-programming/coin-change.tsx
    ./lib/content-registry.ts
    ./app/api/content/route.ts

  Client Component Browser:
    ./content/dsa/dynamic-programming/coin-change.tsx [Client Component Browser]
    ./components/LessonLoader.tsx [Client Component Browser]
    ./components/LessonLoader.tsx [Server Component]
    ./app/curriculum/[subject]/[topic]/[lesson]/page.tsx [Server Component]

  Client Component SSR:
    ./content/dsa/dynamic-programming/coin-change.tsx [Client Component SSR]
    ./components/LessonLoader.tsx [Client Component SSR]
    ./components/LessonLoader.tsx [Server Component]
    ./app/curriculum/[subject]/[topic]/[lesson]/page.tsx [Server Component]


./content/dsa/dynamic-programming/convex-hull-trick.tsx:10:1
Unexpected token. Did you mean `{'}'}` or `&rbrace;`?
  [90m 8 |[0m       <p className=[32m"text-sm opacity-10 mt-4 italic"[0m>[90m// Start writing your simulation 
here....[0m
  [90m 9 |[0m  );
[31m[1m>[0m [90m10 |[0m }
  [90m   |[0m [31m[1m^[0m
  [90m11 |[0m
  [90m12 |[0m
  [90m13 |[0m

Parsing ecmascript source code failed

Import traces:
  App Route:
    ./content/dsa/dynamic-programming/convex-hull-trick.tsx
    ./lib/content-registry.ts
    ./app/api/content/route.ts

  Client Component Browser:
    ./content/dsa/dynamic-programming/convex-hull-trick.tsx [Client Component Browser]
    ./components/LessonLoader.tsx [Client Component Browser]
    ./components/LessonLoader.tsx [Server Component]
    ./app/curriculum/[subject]/[topic]/[lesson]/page.tsx [Server Component]

  Client Component SSR:
    ./content/dsa/dynamic-programming/convex-hull-trick.tsx [Client Component SSR]
    ./components/LessonLoader.tsx [Client Component SSR]
    ./components/LessonLoader.tsx [Server Component]
    ./app/curriculum/[subject]/[topic]/[lesson]/page.tsx [Server Component]


./content/dsa/dynamic-programming/count-subsets-sum-k.tsx:10:1
Unexpected token. Did you mean `{'}'}` or `&rbrace;`?
  [90m 8 |[0m       <p className=[32m"text-sm opacity-10 mt-4 italic"[0m>[90m// Start writing your simulation 
here....[0m
  [90m 9 |[0m  );
[31m[1m>[0m [90m10 |[0m }
  [90m   |[0m [31m[1m^[0m
  [90m11 |[0m
  [90m12 |[0m
  [90m13 |[0m

Parsing ecmascript source code failed

Import traces:
  App Route:
    ./content/dsa/dynamic-programming/count-subsets-sum-k.tsx
    ./lib/content-registry.ts
    ./app/api/content/route.ts

  Client Component Browser:
    ./content/dsa/dynamic-programming/count-subsets-sum-k.tsx [Client Component Browser]
    ./components/LessonLoader.tsx [Client Component Browser]
    ./components/LessonLoader.tsx [Server Component]
    ./app/curriculum/[subject]/[topic]/[lesson]/page.tsx [Server Component]

  Client Component SSR:
    ./content/dsa/dynamic-programming/count-subsets-sum-k.tsx [Client Component SSR]
    ./components/LessonLoader.tsx [Client Component SSR]
    ./components/LessonLoader.tsx [Server Component]
    ./app/curriculum/[subject]/[topic]/[lesson]/page.tsx [Server Component]


./content/dsa/dynamic-programming/dag-dp.tsx:10:1
Unexpected token. Did you mean `{'}'}` or `&rbrace;`?
  [90m 8 |[0m       <p className=[32m"text-sm opacity-10 mt-4 italic"[0m>[90m// Start writing your simulation 
here....[0m
  [90m 9 |[0m  );
[31m[1m>[0m [90m10 |[0m }
  [90m   |[0m [31m[1m^[0m
  [90m11 |[0m
  [90m12 |[0m
  [90m13 |[0m

Parsing ecmascript source code failed

Import traces:
  App Route:
    ./content/dsa/dynamic-programming/dag-dp.tsx
    ./lib/content-registry.ts
    ./app/api/content/route.ts

  Client Component Browser:
    ./content/dsa/dynamic-programming/dag-dp.tsx [Client Component Browser]
    ./components/LessonLoader.tsx [Client Component Browser]
    ./components/LessonLoader.tsx [Server Component]
    ./app/curriculum/[subject]/[topic]/[lesson]/page.tsx [Server Component]

  Client Component SSR:
    ./content/dsa/dynamic-programming/dag-dp.tsx [Client Component SSR]
    ./components/LessonLoader.tsx [Client Component SSR]
    ./components/LessonLoader.tsx [Server Component]
    ./app/curriculum/[subject]/[topic]/[lesson]/page.tsx [Server Component]


./content/dsa/dynamic-programming/decode-ways.tsx:10:1
Unexpected token. Did you mean `{'}'}` or `&rbrace;`?
  [90m 8 |[0m       <p className=[32m"text-sm opacity-10 mt-4 italic"[0m>[90m// Start writing your simulation 
here....[0m
  [90m 9 |[0m  );
[31m[1m>[0m [90m10 |[0m }
  [90m   |[0m [31m[1m^[0m
  [90m11 |[0m
  [90m12 |[0m
  [90m13 |[0m

Parsing ecmascript source code failed

Import traces:
  App Route:
    ./content/dsa/dynamic-programming/decode-ways.tsx
    ./lib/content-registry.ts
    ./app/api/content/route.ts

  Client Component Browser:
    ./content/dsa/dynamic-programming/decode-ways.tsx [Client Component Browser]
    ./components/LessonLoader.tsx [Client Component Browser]
    ./components/LessonLoader.tsx [Server Component]
    ./app/curriculum/[subject]/[topic]/[lesson]/page.tsx [Server Component]

  Client Component SSR:
    ./content/dsa/dynamic-programming/decode-ways.tsx [Client Component SSR]
    ./components/LessonLoader.tsx [Client Component SSR]
    ./components/LessonLoader.tsx [Server Component]
    ./app/curriculum/[subject]/[topic]/[lesson]/page.tsx [Server Component]


./content/dsa/dynamic-programming/diameter-based-dp.tsx:10:1
Unexpected token. Did you mean `{'}'}` or `&rbrace;`?
  [90m 8 |[0m       <p className=[32m"text-sm opacity-10 mt-4 italic"[0m>[90m// Start writing your simulation 
here....[0m
  [90m 9 |[0m  );
[31m[1m>[0m [90m10 |[0m }
  [90m   |[0m [31m[1m^[0m
  [90m11 |[0m
  [90m12 |[0m
  [90m13 |[0m

Parsing ecmascript source code failed

Import traces:
  App Route:
    ./content/dsa/dynamic-programming/diameter-based-dp.tsx
    ./lib/content-registry.ts
    ./app/api/content/route.ts

  Client Component Browser:
    ./content/dsa/dynamic-programming/diameter-based-dp.tsx [Client Component Browser]
    ./components/LessonLoader.tsx [Client Component Browser]
    ./components/LessonLoader.tsx [Server Component]
    ./app/curriculum/[subject]/[topic]/[lesson]/page.tsx [Server Component]

  Client Component SSR:
    ./content/dsa/dynamic-programming/diameter-based-dp.tsx [Client Component SSR]
    ./components/LessonLoader.tsx [Client Component SSR]
    ./components/LessonLoader.tsx [Server Component]
    ./app/curriculum/[subject]/[topic]/[lesson]/page.tsx [Server Component]


./content/dsa/dynamic-programming/digit-dp.tsx:10:1
Unexpected token. Did you mean `{'}'}` or `&rbrace;`?
  [90m 8 |[0m       <p className=[32m"text-sm opacity-10 mt-4 italic"[0m>[90m// Start writing your simulation 
here....[0m
  [90m 9 |[0m  );
[31m[1m>[0m [90m10 |[0m }
  [90m   |[0m [31m[1m^[0m
  [90m11 |[0m
  [90m12 |[0m
  [90m13 |[0m

Parsing ecmascript source code failed

Import traces:
  App Route:
    ./content/dsa/dynamic-programming/digit-dp.tsx
    ./lib/content-registry.ts
    ./app/api/content/route.ts

  Client Component Browser:
    ./content/dsa/dynamic-programming/digit-dp.tsx [Client Component Browser]
    ./components/LessonLoader.tsx [Client Component Browser]
    ./components/LessonLoader.tsx [Server Component]
    ./app/curriculum/[subject]/[topic]/[lesson]/page.tsx [Server Component]

  Client Component SSR:
    ./content/dsa/dynamic-programming/digit-dp.tsx [Client Component SSR]
    ./components/LessonLoader.tsx [Client Component SSR]
    ./components/LessonLoader.tsx [Server Component]
    ./app/curriculum/[subject]/[topic]/[lesson]/page.tsx [Server Component]


./content/dsa/dynamic-programming/distinct-subsequences.tsx:10:1
Unexpected token. Did you mean `{'}'}` or `&rbrace;`?
  [90m 8 |[0m       <p className=[32m"text-sm opacity-10 mt-4 italic"[0m>[90m// Start writing your simulation 
here....[0m
  [90m 9 |[0m  );
[31m[1m>[0m [90m10 |[0m }
  [90m   |[0m [31m[1m^[0m
  [90m11 |[0m
  [90m12 |[0m
  [90m13 |[0m

Parsing ecmascript source code failed

Import traces:
  App Route:
    ./content/dsa/dynamic-programming/distinct-subsequences.tsx
    ./lib/content-registry.ts
    ./app/api/content/route.ts

  Client Component Browser:
    ./content/dsa/dynamic-programming/distinct-subsequences.tsx [Client Component Browser]
    ./components/LessonLoader.tsx [Client Component Browser]
    ./components/LessonLoader.tsx [Server Component]
    ./app/curriculum/[subject]/[topic]/[lesson]/page.tsx [Server Component]

  Client Component SSR:
    ./content/dsa/dynamic-programming/distinct-subsequences.tsx [Client Component SSR]
    ./components/LessonLoader.tsx [Client Component SSR]
    ./components/LessonLoader.tsx [Server Component]
    ./app/curriculum/[subject]/[topic]/[lesson]/page.tsx [Server Component]


./content/dsa/dynamic-programming/divide-and-conquer-optimization.tsx:10:1
Unexpected token. Did you mean `{'}'}` or `&rbrace;`?
  [90m 8 |[0m       <p className=[32m"text-sm opacity-10 mt-4 italic"[0m>[90m// Start writing your simulation 
here....[0m
  [90m 9 |[0m  );
[31m[1m>[0m [90m10 |[0m }
  [90m   |[0m [31m[1m^[0m
  [90m11 |[0m
  [90m12 |[0m
  [90m13 |[0m

Parsing ecmascript source code failed

Import traces:
  App Route:
    ./content/dsa/dynamic-programming/divide-and-conquer-optimization.tsx
    ./lib/content-registry.ts
    ./app/api/content/route.ts

  Client Component Browser:
    ./content/dsa/dynamic-programming/divide-and-conquer-optimization.tsx [Client Component Browser]
    ./components/LessonLoader.tsx [Client Component Browser]
    ./components/LessonLoader.tsx [Server Component]
    ./app/curriculum/[subject]/[topic]/[lesson]/page.tsx [Server Component]

  Client Component SSR:
    ./content/dsa/dynamic-programming/divide-and-conquer-optimization.tsx [Client Component SSR]
    ./components/LessonLoader.tsx [Client Component SSR]
    ./components/LessonLoader.tsx [Server Component]
    ./app/curriculum/[subject]/[topic]/[lesson]/page.tsx [Server Component]


./content/dsa/dynamic-programming/dp-on-1d-arrays.tsx:10:1
Unexpected token. Did you mean `{'}'}` or `&rbrace;`?
  [90m 8 |[0m       <p className=[32m"text-sm opacity-10 mt-4 italic"[0m>[90m// Start writing your simulation 
here....[0m
  [90m 9 |[0m  );
[31m[1m>[0m [90m10 |[0m }
  [90m   |[0m [31m[1m^[0m
  [90m11 |[0m
  [90m12 |[0m
  [90m13 |[0m

Parsing ecmascript source code failed

Import traces:
  App Route:
    ./content/dsa/dynamic-programming/dp-on-1d-arrays.tsx
    ./lib/content-registry.ts
    ./app/api/content/route.ts

  Client Component Browser:
    ./content/dsa/dynamic-programming/dp-on-1d-arrays.tsx [Client Component Browser]
    ./components/LessonLoader.tsx [Client Component Browser]
    ./components/LessonLoader.tsx [Server Component]
    ./app/curriculum/[subject]/[topic]/[lesson]/page.tsx [Server Component]

  Client Component SSR:
    ./content/dsa/dynamic-programming/dp-on-1d-arrays.tsx [Client Component SSR]
    ./components/LessonLoader.tsx [Client Component SSR]
    ./components/LessonLoader.tsx [Server Component]
    ./app/curriculum/[subject]/[topic]/[lesson]/page.tsx [Server Component]


./content/dsa/dynamic-programming/dp-on-2d-grids.tsx:10:1
Unexpected token. Did you mean `{'}'}` or `&rbrace;`?
  [90m 8 |[0m       <p className=[32m"text-sm opacity-10 mt-4 italic"[0m>[90m// Start writing your simulation 
here....[0m
  [90m 9 |[0m  );
[31m[1m>[0m [90m10 |[0m }
  [90m   |[0m [31m[1m^[0m
  [90m11 |[0m
  [90m12 |[0m
  [90m13 |[0m

Parsing ecmascript source code failed

Import traces:
  App Route:
    ./content/dsa/dynamic-programming/dp-on-2d-grids.tsx
    ./lib/content-registry.ts
    ./app/api/content/route.ts

  Client Component Browser:
    ./content/dsa/dynamic-programming/dp-on-2d-grids.tsx [Client Component Browser]
    ./components/LessonLoader.tsx [Client Component Browser]
    ./components/LessonLoader.tsx [Server Component]
    ./app/curriculum/[subject]/[topic]/[lesson]/page.tsx [Server Component]

  Client Component SSR:
    ./content/dsa/dynamic-programming/dp-on-2d-grids.tsx [Client Component SSR]
    ./components/LessonLoader.tsx [Client Component SSR]
    ./components/LessonLoader.tsx [Server Component]
    ./app/curriculum/[subject]/[topic]/[lesson]/page.tsx [Server Component]


./content/dsa/dynamic-programming/dp-on-graphs.tsx:10:1
Unexpected token. Did you mean `{'}'}` or `&rbrace;`?
  [90m 8 |[0m       <p className=[32m"text-sm opacity-10 mt-4 italic"[0m>[90m// Start writing your simulation 
here....[0m
  [90m 9 |[0m  );
[31m[1m>[0m [90m10 |[0m }
  [90m   |[0m [31m[1m^[0m
  [90m11 |[0m
  [90m12 |[0m
  [90m13 |[0m

Parsing ecmascript source code failed

Import traces:
  App Route:
    ./content/dsa/dynamic-programming/dp-on-graphs.tsx
    ./lib/content-registry.ts
    ./app/api/content/route.ts

  Client Component Browser:
    ./content/dsa/dynamic-programming/dp-on-graphs.tsx [Client Component Browser]
    ./components/LessonLoader.tsx [Client Component Browser]
    ./components/LessonLoader.tsx [Server Component]
    ./app/curriculum/[subject]/[topic]/[lesson]/page.tsx [Server Component]

  Client Component SSR:
    ./content/dsa/dynamic-programming/dp-on-graphs.tsx [Client Component SSR]
    ./components/LessonLoader.tsx [Client Component SSR]
    ./components/LessonLoader.tsx [Server Component]
    ./app/curriculum/[subject]/[topic]/[lesson]/page.tsx [Server Component]


./content/dsa/dynamic-programming/dp-on-lis-pattern.tsx:10:1
Unexpected token. Did you mean `{'}'}` or `&rbrace;`?
  [90m 8 |[0m       <p className=[32m"text-sm opacity-10 mt-4 italic"[0m>[90m// Start writing your simulation 
here....[0m
  [90m 9 |[0m  );
[31m[1m>[0m [90m10 |[0m }
  [90m   |[0m [31m[1m^[0m
  [90m11 |[0m
  [90m12 |[0m
  [90m13 |[0m

Parsing ecmascript source code failed

Import traces:
  App Route:
    ./content/dsa/dynamic-programming/dp-on-lis-pattern.tsx
    ./lib/content-registry.ts
    ./app/api/content/route.ts

  Client Component Browser:
    ./content/dsa/dynamic-programming/dp-on-lis-pattern.tsx [Client Component Browser]
    ./components/LessonLoader.tsx [Client Component Browser]
    ./components/LessonLoader.tsx [Server Component]
    ./app/curriculum/[subject]/[topic]/[lesson]/page.tsx [Server Component]

  Client Component SSR:
    ./content/dsa/dynamic-programming/dp-on-lis-pattern.tsx [Client Component SSR]
    ./components/LessonLoader.tsx [Client Component SSR]
    ./components/LessonLoader.tsx [Server Component]
    ./app/curriculum/[subject]/[topic]/[lesson]/page.tsx [Server Component]


./content/dsa/dynamic-programming/dp-on-partition.tsx:10:1
Unexpected token. Did you mean `{'}'}` or `&rbrace;`?
  [90m 8 |[0m       <p className=[32m"text-sm opacity-10 mt-4 italic"[0m>[90m// Start writing your simulation 
here....[0m
  [90m 9 |[0m  );
[31m[1m>[0m [90m10 |[0m }
  [90m   |[0m [31m[1m^[0m
  [90m11 |[0m
  [90m12 |[0m
  [90m13 |[0m

Parsing ecmascript source code failed

Import traces:
  App Route:
    ./content/dsa/dynamic-programming/dp-on-partition.tsx
    ./lib/content-registry.ts
    ./app/api/content/route.ts

  Client Component Browser:
    ./content/dsa/dynamic-programming/dp-on-partition.tsx [Client Component Browser]
    ./components/LessonLoader.tsx [Client Component Browser]
    ./components/LessonLoader.tsx [Server Component]
    ./app/curriculum/[subject]/[topic]/[lesson]/page.tsx [Server Component]

  Client Component SSR:
    ./content/dsa/dynamic-programming/dp-on-partition.tsx [Client Component SSR]
    ./components/LessonLoader.tsx [Client Component SSR]
    ./components/LessonLoader.tsx [Server Component]
    ./app/curriculum/[subject]/[topic]/[lesson]/page.tsx [Server Component]


./content/dsa/dynamic-programming/dp-on-stocks.tsx:10:1
Unexpected token. Did you mean `{'}'}` or `&rbrace;`?
  [90m 8 |[0m       <p className=[32m"text-sm opacity-10 mt-4 italic"[0m>[90m// Start writing your simulation 
here....[0m
  [90m 9 |[0m  );
[31m[1m>[0m [90m10 |[0m }
  [90m   |[0m [31m[1m^[0m
  [90m11 |[0m
  [90m12 |[0m
  [90m13 |[0m

Parsing ecmascript source code failed

Import traces:
  App Route:
    ./content/dsa/dynamic-programming/dp-on-stocks.tsx
    ./lib/content-registry.ts
    ./app/api/content/route.ts

  Client Component Browser:
    ./content/dsa/dynamic-programming/dp-on-stocks.tsx [Client Component Browser]
    ./components/LessonLoader.tsx [Client Component Browser]
    ./components/LessonLoader.tsx [Server Component]
    ./app/curriculum/[subject]/[topic]/[lesson]/page.tsx [Server Component]

  Client Component SSR:
    ./content/dsa/dynamic-programming/dp-on-stocks.tsx [Client Component SSR]
    ./components/LessonLoader.tsx [Client Component SSR]
    ./components/LessonLoader.tsx [Server Component]
    ./app/curriculum/[subject]/[topic]/[lesson]/page.tsx [Server Component]


./content/dsa/dynamic-programming/dp-on-strings.tsx:10:1
Unexpected token. Did you mean `{'}'}` or `&rbrace;`?
  [90m 8 |[0m       <p className=[32m"text-sm opacity-10 mt-4 italic"[0m>[90m// Start writing your simulation 
here....[0m
  [90m 9 |[0m  );
[31m[1m>[0m [90m10 |[0m }
  [90m   |[0m [31m[1m^[0m
  [90m11 |[0m
  [90m12 |[0m
  [90m13 |[0m

Parsing ecmascript source code failed

Import traces:
  App Route:
    ./content/dsa/dynamic-programming/dp-on-strings.tsx
    ./lib/content-registry.ts
    ./app/api/content/route.ts

  Client Component Browser:
    ./content/dsa/dynamic-programming/dp-on-strings.tsx [Client Component Browser]
    ./components/LessonLoader.tsx [Client Component Browser]
    ./components/LessonLoader.tsx [Server Component]
    ./app/curriculum/[subject]/[topic]/[lesson]/page.tsx [Server Component]

  Client Component SSR:
    ./content/dsa/dynamic-programming/dp-on-strings.tsx [Client Component SSR]
    ./components/LessonLoader.tsx [Client Component SSR]
    ./components/LessonLoader.tsx [Server Component]
    ./app/curriculum/[subject]/[topic]/[lesson]/page.tsx [Server Component]


./content/dsa/dynamic-programming/dp-on-subsequences.tsx:10:1
Unexpected token. Did you mean `{'}'}` or `&rbrace;`?
  [90m 8 |[0m       <p className=[32m"text-sm opacity-10 mt-4 italic"[0m>[90m// Start writing your simulation 
here....[0m
  [90m 9 |[0m  );
[31m[1m>[0m [90m10 |[0m }
  [90m   |[0m [31m[1m^[0m
  [90m11 |[0m
  [90m12 |[0m
  [90m13 |[0m

Parsing ecmascript source code failed

Import traces:
  App Route:
    ./content/dsa/dynamic-programming/dp-on-subsequences.tsx
    ./lib/content-registry.ts
    ./app/api/content/route.ts

  Client Component Browser:
    ./content/dsa/dynamic-programming/dp-on-subsequences.tsx [Client Component Browser]
    ./components/LessonLoader.tsx [Client Component Browser]
    ./components/LessonLoader.tsx [Server Component]
    ./app/curriculum/[subject]/[topic]/[lesson]/page.tsx [Server Component]

  Client Component SSR:
    ./content/dsa/dynamic-programming/dp-on-subsequences.tsx [Client Component SSR]
    ./components/LessonLoader.tsx [Client Component SSR]
    ./components/LessonLoader.tsx [Server Component]
    ./app/curriculum/[subject]/[topic]/[lesson]/page.tsx [Server Component]


./content/dsa/dynamic-programming/dp-on-trees.tsx:10:1
Unexpected token. Did you mean `{'}'}` or `&rbrace;`?
  [90m 8 |[0m       <p className=[32m"text-sm opacity-10 mt-4 italic"[0m>[90m// Start writing your simulation 
here....[0m
  [90m 9 |[0m  );
[31m[1m>[0m [90m10 |[0m }
  [90m   |[0m [31m[1m^[0m
  [90m11 |[0m
  [90m12 |[0m
  [90m13 |[0m

Parsing ecmascript source code failed

Import traces:
  App Route:
    ./content/dsa/dynamic-programming/dp-on-trees.tsx
    ./lib/content-registry.ts
    ./app/api/content/route.ts

  Client Component Browser:
    ./content/dsa/dynamic-programming/dp-on-trees.tsx [Client Component Browser]
    ./components/LessonLoader.tsx [Client Component Browser]
    ./components/LessonLoader.tsx [Server Component]
    ./app/curriculum/[subject]/[topic]/[lesson]/page.tsx [Server Component]

  Client Component SSR:
    ./content/dsa/dynamic-programming/dp-on-trees.tsx [Client Component SSR]
    ./components/LessonLoader.tsx [Client Component SSR]
    ./components/LessonLoader.tsx [Server Component]
    ./app/curriculum/[subject]/[topic]/[lesson]/page.tsx [Server Component]


./content/dsa/dynamic-programming/dp-optimization-techniques.tsx:10:1
Unexpected token. Did you mean `{'}'}` or `&rbrace;`?
  [90m 8 |[0m       <p className=[32m"text-sm opacity-10 mt-4 italic"[0m>[90m// Start writing your simulation 
here....[0m
  [90m 9 |[0m  );
[31m[1m>[0m [90m10 |[0m }
  [90m   |[0m [31m[1m^[0m
  [90m11 |[0m
  [90m12 |[0m
  [90m13 |[0m

Parsing ecmascript source code failed

Import traces:
  App Route:
    ./content/dsa/dynamic-programming/dp-optimization-techniques.tsx
    ./lib/content-registry.ts
    ./app/api/content/route.ts

  Client Component Browser:
    ./content/dsa/dynamic-programming/dp-optimization-techniques.tsx [Client Component Browser]
    ./components/LessonLoader.tsx [Client Component Browser]
    ./components/LessonLoader.tsx [Server Component]
    ./app/curriculum/[subject]/[topic]/[lesson]/page.tsx [Server Component]

  Client Component SSR:
    ./content/dsa/dynamic-programming/dp-optimization-techniques.tsx [Client Component SSR]
    ./components/LessonLoader.tsx [Client Component SSR]
    ./components/LessonLoader.tsx [Server Component]
    ./app/curriculum/[subject]/[topic]/[lesson]/page.tsx [Server Component]


./content/dsa/dynamic-programming/dp-with-binary-search.tsx:10:1
Unexpected token. Did you mean `{'}'}` or `&rbrace;`?
  [90m 8 |[0m       <p className=[32m"text-sm opacity-10 mt-4 italic"[0m>[90m// Start writing your simulation 
here....[0m
  [90m 9 |[0m  );
[31m[1m>[0m [90m10 |[0m }
  [90m   |[0m [31m[1m^[0m
  [90m11 |[0m
  [90m12 |[0m
  [90m13 |[0m

Parsing ecmascript source code failed

Import traces:
  App Route:
    ./content/dsa/dynamic-programming/dp-with-binary-search.tsx
    ./lib/content-registry.ts
    ./app/api/content/route.ts

  Client Component Browser:
    ./content/dsa/dynamic-programming/dp-with-binary-search.tsx [Client Component Browser]
    ./components/LessonLoader.tsx [Client Component Browser]
    ./components/LessonLoader.tsx [Server Component]
    ./app/curriculum/[subject]/[topic]/[lesson]/page.tsx [Server Component]

  Client Component SSR:
    ./content/dsa/dynamic-programming/dp-with-binary-search.tsx [Client Component SSR]
    ./components/LessonLoader.tsx [Client Component SSR]
    ./components/LessonLoader.tsx [Server Component]
    ./app/curriculum/[subject]/[topic]/[lesson]/page.tsx [Server Component]


./content/dsa/dynamic-programming/edit-distance.tsx:10:1
Unexpected token. Did you mean `{'}'}` or `&rbrace;`?
  [90m 8 |[0m       <p className=[32m"text-sm opacity-10 mt-4 italic"[0m>[90m// Start writing your simulation 
here....[0m
  [90m 9 |[0m  );
[31m[1m>[0m [90m10 |[0m }
  [90m   |[0m [31m[1m^[0m
  [90m11 |[0m
  [90m12 |[0m
  [90m13 |[0m

Parsing ecmascript source code failed

Import traces:
  App Route:
    ./content/dsa/dynamic-programming/edit-distance.tsx
    ./lib/content-registry.ts
    ./app/api/content/route.ts

  Client Component Browser:
    ./content/dsa/dynamic-programming/edit-distance.tsx [Client Component Browser]
    ./components/LessonLoader.tsx [Client Component Browser]
    ./components/LessonLoader.tsx [Server Component]
    ./app/curriculum/[subject]/[topic]/[lesson]/page.tsx [Server Component]

  Client Component SSR:
    ./content/dsa/dynamic-programming/edit-distance.tsx [Client Component SSR]
    ./components/LessonLoader.tsx [Client Component SSR]
    ./components/LessonLoader.tsx [Server Component]
    ./app/curriculum/[subject]/[topic]/[lesson]/page.tsx [Server Component]


./content/dsa/dynamic-programming/fibonacci-dp.tsx:540:1
Unexpected token. Did you mean `{'}'}` or `&rbrace;`?
  [90m538 |[0m     </main>
  [90m539 |[0m   );
[31m[1m>[0m [90m540 |[0m }
  [90m    |[0m [31m[1m^[0m
  [90m541 |[0m

Parsing ecmascript source code failed

Import traces:
  App Route:
    ./content/dsa/dynamic-programming/fibonacci-dp.tsx
    ./lib/content-registry.ts
    ./app/api/content/route.ts

  Client Component Browser:
    ./content/dsa/dynamic-programming/fibonacci-dp.tsx [Client Component Browser]
    ./components/LessonLoader.tsx [Client Component Browser]
    ./components/LessonLoader.tsx [Server Component]
    ./app/curriculum/[subject]/[topic]/[lesson]/page.tsx [Server Component]

  Client Component SSR:
    ./content/dsa/dynamic-programming/fibonacci-dp.tsx [Client Component SSR]
    ./components/LessonLoader.tsx [Client Component SSR]
    ./components/LessonLoader.tsx [Server Component]
    ./app/curriculum/[subject]/[topic]/[lesson]/page.tsx [Server Component]


./content/dsa/dynamic-programming/frog-jump.tsx:10:1
Unexpected token. Did you mean `{'}'}` or `&rbrace;`?
  [90m 8 |[0m       <p className=[32m"text-sm opacity-10 mt-4 italic"[0m>[90m// Start writing your simulation 
here....[0m
  [90m 9 |[0m  );
[31m[1m>[0m [90m10 |[0m }
  [90m   |[0m [31m[1m^[0m
  [90m11 |[0m
  [90m12 |[0m
  [90m13 |[0m

Parsing ecmascript source code failed

Import traces:
  App Route:
    ./content/dsa/dynamic-programming/frog-jump.tsx
    ./lib/content-registry.ts
    ./app/api/content/route.ts

  Client Component Browser:
    ./content/dsa/dynamic-programming/frog-jump.tsx [Client Component Browser]
    ./components/LessonLoader.tsx [Client Component Browser]
    ./components/LessonLoader.tsx [Server Component]
    ./app/curriculum/[subject]/[topic]/[lesson]/page.tsx [Server Component]

  Client Component SSR:
    ./content/dsa/dynamic-programming/frog-jump.tsx [Client Component SSR]
    ./components/LessonLoader.tsx [Client Component SSR]
    ./components/LessonLoader.tsx [Server Component]
    ./app/curriculum/[subject]/[topic]/[lesson]/page.tsx [Server Component]


./content/dsa/dynamic-programming/game-theory-dp.tsx:10:1
Unexpected token. Did you mean `{'}'}` or `&rbrace;`?
  [90m 8 |[0m       <p className=[32m"text-sm opacity-10 mt-4 italic"[0m>[90m// Start writing your simulation 
here....[0m
  [90m 9 |[0m  );
[31m[1m>[0m [90m10 |[0m }
  [90m   |[0m [31m[1m^[0m
  [90m11 |[0m
  [90m12 |[0m
  [90m13 |[0m

Parsing ecmascript source code failed

Import traces:
  App Route:
    ./content/dsa/dynamic-programming/game-theory-dp.tsx
    ./lib/content-registry.ts
    ./app/api/content/route.ts

  Client Component Browser:
    ./content/dsa/dynamic-programming/game-theory-dp.tsx [Client Component Browser]
    ./components/LessonLoader.tsx [Client Component Browser]
    ./components/LessonLoader.tsx [Server Component]
    ./app/curriculum/[subject]/[topic]/[lesson]/page.tsx [Server Component]

  Client Component SSR:
    ./content/dsa/dynamic-programming/game-theory-dp.tsx [Client Component SSR]
    ./components/LessonLoader.tsx [Client Component SSR]
    ./components/LessonLoader.tsx [Server Component]
    ./app/curriculum/[subject]/[topic]/[lesson]/page.tsx [Server Component]


./content/dsa/dynamic-programming/grid-unique-paths.tsx:10:1
Unexpected token. Did you mean `{'}'}` or `&rbrace;`?
  [90m 8 |[0m       <p className=[32m"text-sm opacity-10 mt-4 italic"[0m>[90m// Start writing your simulation 
here....[0m
  [90m 9 |[0m  );
[31m[1m>[0m [90m10 |[0m }
  [90m   |[0m [31m[1m^[0m
  [90m11 |[0m
  [90m12 |[0m
  [90m13 |[0m

Parsing ecmascript source code failed

Import traces:
  App Route:
    ./content/dsa/dynamic-programming/grid-unique-paths.tsx
    ./lib/content-registry.ts
    ./app/api/content/route.ts

  Client Component Browser:
    ./content/dsa/dynamic-programming/grid-unique-paths.tsx [Client Component Browser]
    ./components/LessonLoader.tsx [Client Component Browser]
    ./components/LessonLoader.tsx [Server Component]
    ./app/curriculum/[subject]/[topic]/[lesson]/page.tsx [Server Component]

  Client Component SSR:
    ./content/dsa/dynamic-programming/grid-unique-paths.tsx [Client Component SSR]
    ./components/LessonLoader.tsx [Client Component SSR]
    ./components/LessonLoader.tsx [Server Component]
    ./app/curriculum/[subject]/[topic]/[lesson]/page.tsx [Server Component]


./content/dsa/dynamic-programming/house-robber-tree.tsx:10:1
Unexpected token. Did you mean `{'}'}` or `&rbrace;`?
  [90m 8 |[0m       <p className=[32m"text-sm opacity-10 mt-4 italic"[0m>[90m// Start writing your simulation 
here....[0m
  [90m 9 |[0m  );
[31m[1m>[0m [90m10 |[0m }
  [90m   |[0m [31m[1m^[0m
  [90m11 |[0m
  [90m12 |[0m
  [90m13 |[0m

Parsing ecmascript source code failed

Import traces:
  App Route:
    ./content/dsa/dynamic-programming/house-robber-tree.tsx
    ./lib/content-registry.ts
    ./app/api/content/route.ts

  Client Component Browser:
    ./content/dsa/dynamic-programming/house-robber-tree.tsx [Client Component Browser]
    ./components/LessonLoader.tsx [Client Component Browser]
    ./components/LessonLoader.tsx [Server Component]
    ./app/curriculum/[subject]/[topic]/[lesson]/page.tsx [Server Component]

  Client Component SSR:
    ./content/dsa/dynamic-programming/house-robber-tree.tsx [Client Component SSR]
    ./components/LessonLoader.tsx [Client Component SSR]
    ./components/LessonLoader.tsx [Server Component]
    ./app/curriculum/[subject]/[topic]/[lesson]/page.tsx [Server Component]


./content/dsa/dynamic-programming/house-robber.tsx:10:1
Unexpected token. Did you mean `{'}'}` or `&rbrace;`?
  [90m 8 |[0m       <p className=[32m"text-sm opacity-10 mt-4 italic"[0m>[90m// Start writing your simulation 
here....[0m
  [90m 9 |[0m  );
[31m[1m>[0m [90m10 |[0m }
  [90m   |[0m [31m[1m^[0m
  [90m11 |[0m
  [90m12 |[0m
  [90m13 |[0m

Parsing ecmascript source code failed

Import traces:
  App Route:
    ./content/dsa/dynamic-programming/house-robber.tsx
    ./lib/content-registry.ts
    ./app/api/content/route.ts

  Client Component Browser:
    ./content/dsa/dynamic-programming/house-robber.tsx [Client Component Browser]
    ./components/LessonLoader.tsx [Client Component Browser]
    ./components/LessonLoader.tsx [Server Component]
    ./app/curriculum/[subject]/[topic]/[lesson]/page.tsx [Server Component]

  Client Component SSR:
    ./content/dsa/dynamic-programming/house-robber.tsx [Client Component SSR]
    ./components/LessonLoader.tsx [Client Component SSR]
    ./components/LessonLoader.tsx [Server Component]
    ./app/curriculum/[subject]/[topic]/[lesson]/page.tsx [Server Component]


./content/dsa/dynamic-programming/integer-break.tsx:10:1
Unexpected token. Did you mean `{'}'}` or `&rbrace;`?
  [90m 8 |[0m       <p className=[32m"text-sm opacity-10 mt-4 italic"[0m>[90m// Start writing your simulation 
here....[0m
  [90m 9 |[0m  );
[31m[1m>[0m [90m10 |[0m }
  [90m   |[0m [31m[1m^[0m
  [90m11 |[0m
  [90m12 |[0m
  [90m13 |[0m

Parsing ecmascript source code failed

Import traces:
  App Route:
    ./content/dsa/dynamic-programming/integer-break.tsx
    ./lib/content-registry.ts
    ./app/api/content/route.ts

  Client Component Browser:
    ./content/dsa/dynamic-programming/integer-break.tsx [Client Component Browser]
    ./components/LessonLoader.tsx [Client Component Browser]
    ./components/LessonLoader.tsx [Server Component]
    ./app/curriculum/[subject]/[topic]/[lesson]/page.tsx [Server Component]

  Client Component SSR:
    ./content/dsa/dynamic-programming/integer-break.tsx [Client Component SSR]
    ./components/LessonLoader.tsx [Client Component SSR]
    ./components/LessonLoader.tsx [Server Component]
    ./app/curriculum/[subject]/[topic]/[lesson]/page.tsx [Server Component]


./content/dsa/dynamic-programming/interval-dp.tsx:11:1
Unexpected token. Did you mean `{'}'}` or `&rbrace;`?
  [90m 9 |[0m  
  [90m10 |[0m   );
[31m[1m>[0m [90m11 |[0m }
  [90m   |[0m [31m[1m^[0m
  [90m12 |[0m
  [90m13 |[0m
  [90m14 |[0m

Parsing ecmascript source code failed

Import traces:
  App Route:
    ./content/dsa/dynamic-programming/interval-dp.tsx
    ./lib/content-registry.ts
    ./app/api/content/route.ts

  Client Component Browser:
    ./content/dsa/dynamic-programming/interval-dp.tsx [Client Component Browser]
    ./components/LessonLoader.tsx [Client Component Browser]
    ./components/LessonLoader.tsx [Server Component]
    ./app/curriculum/[subject]/[topic]/[lesson]/page.tsx [Server Component]

  Client Component SSR:
    ./content/dsa/dynamic-programming/interval-dp.tsx [Client Component SSR]
    ./components/LessonLoader.tsx [Client Component SSR]
    ./components/LessonLoader.tsx [Server Component]
    ./app/curriculum/[subject]/[topic]/[lesson]/page.tsx [Server Component]


./content/dsa/dynamic-programming/kadanes-algorithm-dp.tsx:11:1
Unexpected token. Did you mean `{'}'}` or `&rbrace;`?
  [90m 9 |[0m [32m [0m
  [90m10 |[0m [32m  );[0m
[31m[1m>[0m [90m11 |[0m [32m}[0m
  [90m   |[0m [31m[1m^[0m
  [90m12 |[0m
  [90m13 |[0m
  [90m14 |[0m

Parsing ecmascript source code failed

Import traces:
  App Route:
    ./content/dsa/dynamic-programming/kadanes-algorithm-dp.tsx
    ./lib/content-registry.ts
    ./app/api/content/route.ts

  Client Component Browser:
    ./content/dsa/dynamic-programming/kadanes-algorithm-dp.tsx [Client Component Browser]
    ./components/LessonLoader.tsx [Client Component Browser]
    ./components/LessonLoader.tsx [Server Component]
    ./app/curriculum/[subject]/[topic]/[lesson]/page.tsx [Server Component]

  Client Component SSR:
    ./content/dsa/dynamic-programming/kadanes-algorithm-dp.tsx [Client Component SSR]
    ./components/LessonLoader.tsx [Client Component SSR]
    ./components/LessonLoader.tsx [Server Component]
    ./app/curriculum/[subject]/[topic]/[lesson]/page.tsx [Server Component]


./content/dsa/dynamic-programming/knuth-optimization.tsx:10:1
Unexpected token. Did you mean `{'}'}` or `&rbrace;`?
  [90m 8 |[0m       <p className=[32m"text-sm opacity-10 mt-4 italic"[0m>[90m// Start writing your simulation 
here....[0m
  [90m 9 |[0m  );
[31m[1m>[0m [90m10 |[0m }
  [90m   |[0m [31m[1m^[0m
  [90m11 |[0m
  [90m12 |[0m
  [90m13 |[0m

Parsing ecmascript source code failed

Import traces:
  App Route:
    ./content/dsa/dynamic-programming/knuth-optimization.tsx
    ./lib/content-registry.ts
    ./app/api/content/route.ts

  Client Component Browser:
    ./content/dsa/dynamic-programming/knuth-optimization.tsx [Client Component Browser]
    ./components/LessonLoader.tsx [Client Component Browser]
    ./components/LessonLoader.tsx [Server Component]
    ./app/curriculum/[subject]/[topic]/[lesson]/page.tsx [Server Component]

  Client Component SSR:
    ./content/dsa/dynamic-programming/knuth-optimization.tsx [Client Component SSR]
    ./components/LessonLoader.tsx [Client Component SSR]
    ./components/LessonLoader.tsx [Server Component]
    ./app/curriculum/[subject]/[topic]/[lesson]/page.tsx [Server Component]


./content/dsa/dynamic-programming/largest-divisible-subset.tsx:11:1
Unexpected token. Did you mean `{'}'}` or `&rbrace;`?
  [90m 9 |[0m  
  [90m10 |[0m   );
[31m[1m>[0m [90m11 |[0m }
  [90m   |[0m [31m[1m^[0m
  [90m12 |[0m
  [90m13 |[0m
  [90m14 |[0m

Parsing ecmascript source code failed

Import traces:
  App Route:
    ./content/dsa/dynamic-programming/largest-divisible-subset.tsx
    ./lib/content-registry.ts
    ./app/api/content/route.ts

  Client Component Browser:
    ./content/dsa/dynamic-programming/largest-divisible-subset.tsx [Client Component Browser]
    ./components/LessonLoader.tsx [Client Component Browser]
    ./components/LessonLoader.tsx [Server Component]
    ./app/curriculum/[subject]/[topic]/[lesson]/page.tsx [Server Component]

  Client Component SSR:
    ./content/dsa/dynamic-programming/largest-divisible-subset.tsx [Client Component SSR]
    ./components/LessonLoader.tsx [Client Component SSR]
    ./components/LessonLoader.tsx [Server Component]
    ./app/curriculum/[subject]/[topic]/[lesson]/page.tsx [Server Component]


./content/dsa/dynamic-programming/longest-common-subsequence.tsx:10:1
Unexpected token. Did you mean `{'}'}` or `&rbrace;`?
  [90m 8 |[0m       <p className=[32m"text-sm opacity-10 mt-4 italic"[0m>[90m// Start writing your simulation 
here....[0m
  [90m 9 |[0m  );
[31m[1m>[0m [90m10 |[0m }
  [90m   |[0m [31m[1m^[0m
  [90m11 |[0m
  [90m12 |[0m
  [90m13 |[0m

Parsing ecmascript source code failed

Import traces:
  App Route:
    ./content/dsa/dynamic-programming/longest-common-subsequence.tsx
    ./lib/content-registry.ts
    ./app/api/content/route.ts

  Client Component Browser:
    ./content/dsa/dynamic-programming/longest-common-subsequence.tsx [Client Component Browser]
    ./components/LessonLoader.tsx [Client Component Browser]
    ./components/LessonLoader.tsx [Server Component]
    ./app/curriculum/[subject]/[topic]/[lesson]/page.tsx [Server Component]

  Client Component SSR:
    ./content/dsa/dynamic-programming/longest-common-subsequence.tsx [Client Component SSR]
    ./components/LessonLoader.tsx [Client Component SSR]
    ./components/LessonLoader.tsx [Server Component]
    ./app/curriculum/[subject]/[topic]/[lesson]/page.tsx [Server Component]


./content/dsa/dynamic-programming/longest-common-substring.tsx:10:1
Unexpected token. Did you mean `{'}'}` or `&rbrace;`?
  [90m 8 |[0m       <p className=[32m"text-sm opacity-10 mt-4 italic"[0m>[90m// Start writing your simulation 
here....[0m
  [90m 9 |[0m  );
[31m[1m>[0m [90m10 |[0m }
  [90m   |[0m [31m[1m^[0m
  [90m11 |[0m
  [90m12 |[0m
  [90m13 |[0m

Parsing ecmascript source code failed

Import traces:
  App Route:
    ./content/dsa/dynamic-programming/longest-common-substring.tsx
    ./lib/content-registry.ts
    ./app/api/content/route.ts

  Client Component Browser:
    ./content/dsa/dynamic-programming/longest-common-substring.tsx [Client Component Browser]
    ./components/LessonLoader.tsx [Client Component Browser]
    ./components/LessonLoader.tsx [Server Component]
    ./app/curriculum/[subject]/[topic]/[lesson]/page.tsx [Server Component]

  Client Component SSR:
    ./content/dsa/dynamic-programming/longest-common-substring.tsx [Client Component SSR]
    ./components/LessonLoader.tsx [Client Component SSR]
    ./components/LessonLoader.tsx [Server Component]
    ./app/curriculum/[subject]/[topic]/[lesson]/page.tsx [Server Component]


./content/dsa/dynamic-programming/longest-increasing-subsequence.tsx:10:1
Unexpected token. Did you mean `{'}'}` or `&rbrace;`?
  [90m 8 |[0m       <p className=[32m"text-sm opacity-10 mt-4 italic"[0m>[90m// Start writing your simulation 
here....[0m
  [90m 9 |[0m  );
[31m[1m>[0m [90m10 |[0m }
  [90m   |[0m [31m[1m^[0m
  [90m11 |[0m
  [90m12 |[0m
  [90m13 |[0m

Parsing ecmascript source code failed

Import traces:
  App Route:
    ./content/dsa/dynamic-programming/longest-increasing-subsequence.tsx
    ./lib/content-registry.ts
    ./app/api/content/route.ts

  Client Component Browser:
    ./content/dsa/dynamic-programming/longest-increasing-subsequence.tsx [Client Component Browser]
    ./components/LessonLoader.tsx [Client Component Browser]
    ./components/LessonLoader.tsx [Server Component]
    ./app/curriculum/[subject]/[topic]/[lesson]/page.tsx [Server Component]

  Client Component SSR:
    ./content/dsa/dynamic-programming/longest-increasing-subsequence.tsx [Client Component SSR]
    ./components/LessonLoader.tsx [Client Component SSR]
    ./components/LessonLoader.tsx [Server Component]
    ./app/curriculum/[subject]/[topic]/[lesson]/page.tsx [Server Component]


./content/dsa/dynamic-programming/longest-palindromic-subsequence.tsx:10:1
Unexpected token. Did you mean `{'}'}` or `&rbrace;`?
  [90m 8 |[0m       <p className=[32m"text-sm opacity-10 mt-4 italic"[0m>[90m// Start writing your simulation 
here....[0m
  [90m 9 |[0m  );
[31m[1m>[0m [90m10 |[0m }
  [90m   |[0m [31m[1m^[0m
  [90m11 |[0m
  [90m12 |[0m
  [90m13 |[0m

Parsing ecmascript source code failed

Import traces:
  App Route:
    ./content/dsa/dynamic-programming/longest-palindromic-subsequence.tsx
    ./lib/content-registry.ts
    ./app/api/content/route.ts

  Client Component Browser:
    ./content/dsa/dynamic-programming/longest-palindromic-subsequence.tsx [Client Component Browser]
    ./components/LessonLoader.tsx [Client Component Browser]
    ./components/LessonLoader.tsx [Server Component]
    ./app/curriculum/[subject]/[topic]/[lesson]/page.tsx [Server Component]

  Client Component SSR:
    ./content/dsa/dynamic-programming/longest-palindromic-subsequence.tsx [Client Component SSR]
    ./components/LessonLoader.tsx [Client Component SSR]
    ./components/LessonLoader.tsx [Server Component]
    ./app/curriculum/[subject]/[topic]/[lesson]/page.tsx [Server Component]


./content/dsa/dynamic-programming/longest-string-chain.tsx:10:1
Unexpected token. Did you mean `{'}'}` or `&rbrace;`?
  [90m 8 |[0m       <p className=[32m"text-sm opacity-10 mt-4 italic"[0m>[90m// Start writing your simulation 
here....[0m
  [90m 9 |[0m  );
[31m[1m>[0m [90m10 |[0m }
  [90m   |[0m [31m[1m^[0m
  [90m11 |[0m
  [90m12 |[0m
  [90m13 |[0m

Parsing ecmascript source code failed

Import traces:
  App Route:
    ./content/dsa/dynamic-programming/longest-string-chain.tsx
    ./lib/content-registry.ts
    ./app/api/content/route.ts

  Client Component Browser:
    ./content/dsa/dynamic-programming/longest-string-chain.tsx [Client Component Browser]
    ./components/LessonLoader.tsx [Client Component Browser]
    ./components/LessonLoader.tsx [Server Component]
    ./app/curriculum/[subject]/[topic]/[lesson]/page.tsx [Server Component]

  Client Component SSR:
    ./content/dsa/dynamic-programming/longest-string-chain.tsx [Client Component SSR]
    ./components/LessonLoader.tsx [Client Component SSR]
    ./components/LessonLoader.tsx [Server Component]
    ./app/curriculum/[subject]/[topic]/[lesson]/page.tsx [Server Component]


./content/dsa/dynamic-programming/matrix-chain-multiplication.tsx:11:1
Unexpected token. Did you mean `{'}'}` or `&rbrace;`?
  [90m 9 |[0m  
  [90m10 |[0m   );
[31m[1m>[0m [90m11 |[0m }
  [90m   |[0m [31m[1m^[0m
  [90m12 |[0m
  [90m13 |[0m
  [90m14 |[0m

Parsing ecmascript source code failed

Import traces:
  App Route:
    ./content/dsa/dynamic-programming/matrix-chain-multiplication.tsx
    ./lib/content-registry.ts
    ./app/api/content/route.ts

  Client Component Browser:
    ./content/dsa/dynamic-programming/matrix-chain-multiplication.tsx [Client Component Browser]
    ./components/LessonLoader.tsx [Client Component Browser]
    ./components/LessonLoader.tsx [Server Component]
    ./app/curriculum/[subject]/[topic]/[lesson]/page.tsx [Server Component]

  Client Component SSR:
    ./content/dsa/dynamic-programming/matrix-chain-multiplication.tsx [Client Component SSR]
    ./components/LessonLoader.tsx [Client Component SSR]
    ./components/LessonLoader.tsx [Server Component]
    ./app/curriculum/[subject]/[topic]/[lesson]/page.tsx [Server Component]


./content/dsa/dynamic-programming/max-path-sum-tree.tsx:10:1
Unexpected token. Did you mean `{'}'}` or `&rbrace;`?
  [90m 8 |[0m       <p className=[32m"text-sm opacity-10 mt-4 italic"[0m>[90m// Start writing your simulation 
here....[0m
  [90m 9 |[0m  );
[31m[1m>[0m [90m10 |[0m }
  [90m   |[0m [31m[1m^[0m
  [90m11 |[0m
  [90m12 |[0m
  [90m13 |[0m

Parsing ecmascript source code failed

Import traces:
  App Route:
    ./content/dsa/dynamic-programming/max-path-sum-tree.tsx
    ./lib/content-registry.ts
    ./app/api/content/route.ts

  Client Component Browser:
    ./content/dsa/dynamic-programming/max-path-sum-tree.tsx [Client Component Browser]
    ./components/LessonLoader.tsx [Client Component Browser]
    ./components/LessonLoader.tsx [Server Component]
    ./app/curriculum/[subject]/[topic]/[lesson]/page.tsx [Server Component]

  Client Component SSR:
    ./content/dsa/dynamic-programming/max-path-sum-tree.tsx [Client Component SSR]
    ./components/LessonLoader.tsx [Client Component SSR]
    ./components/LessonLoader.tsx [Server Component]
    ./app/curriculum/[subject]/[topic]/[lesson]/page.tsx [Server Component]


./content/dsa/dynamic-programming/maximum-path-sum-matrix.tsx:10:1
Unexpected token. Did you mean `{'}'}` or `&rbrace;`?
  [90m 8 |[0m       <p className=[32m"text-sm opacity-10 mt-4 italic"[0m>[90m// Start writing your simulation 
here....[0m
  [90m 9 |[0m  );
[31m[1m>[0m [90m10 |[0m }
  [90m   |[0m [31m[1m^[0m
  [90m11 |[0m
  [90m12 |[0m
  [90m13 |[0m

Parsing ecmascript source code failed

Import traces:
  App Route:
    ./content/dsa/dynamic-programming/maximum-path-sum-matrix.tsx
    ./lib/content-registry.ts
    ./app/api/content/route.ts

  Client Component Browser:
    ./content/dsa/dynamic-programming/maximum-path-sum-matrix.tsx [Client Component Browser]
    ./components/LessonLoader.tsx [Client Component Browser]
    ./components/LessonLoader.tsx [Server Component]
    ./app/curriculum/[subject]/[topic]/[lesson]/page.tsx [Server Component]

  Client Component SSR:
    ./content/dsa/dynamic-programming/maximum-path-sum-matrix.tsx [Client Component SSR]
    ./components/LessonLoader.tsx [Client Component SSR]
    ./components/LessonLoader.tsx [Server Component]
    ./app/curriculum/[subject]/[topic]/[lesson]/page.tsx [Server Component]


./content/dsa/dynamic-programming/memoization.tsx:10:1
Unexpected token. Did you mean `{'}'}` or `&rbrace;`?
  [90m 8 |[0m       <p className=[32m"text-sm opacity-10 mt-4 italic"[0m>[90m// Start writing your simulation 
here....[0m
  [90m 9 |[0m  );
[31m[1m>[0m [90m10 |[0m }
  [90m   |[0m [31m[1m^[0m
  [90m11 |[0m
  [90m12 |[0m
  [90m13 |[0m

Parsing ecmascript source code failed

Import traces:
  App Route:
    ./content/dsa/dynamic-programming/memoization.tsx
    ./lib/content-registry.ts
    ./app/api/content/route.ts

  Client Component Browser:
    ./content/dsa/dynamic-programming/memoization.tsx [Client Component Browser]
    ./components/LessonLoader.tsx [Client Component Browser]
    ./components/LessonLoader.tsx [Server Component]
    ./app/curriculum/[subject]/[topic]/[lesson]/page.tsx [Server Component]

  Client Component SSR:
    ./content/dsa/dynamic-programming/memoization.tsx [Client Component SSR]
    ./components/LessonLoader.tsx [Client Component SSR]
    ./components/LessonLoader.tsx [Server Component]
    ./app/curriculum/[subject]/[topic]/[lesson]/page.tsx [Server Component]


./content/dsa/dynamic-programming/min-cost-climbing-stairs.tsx:10:1
Unexpected token. Did you mean `{'}'}` or `&rbrace;`?
  [90m 8 |[0m       <p className=[32m"text-sm opacity-10 mt-4 italic"[0m>[90m// Start writing your simulation 
here....[0m
  [90m 9 |[0m  );
[31m[1m>[0m [90m10 |[0m }
  [90m   |[0m [31m[1m^[0m
  [90m11 |[0m
  [90m12 |[0m
  [90m13 |[0m

Parsing ecmascript source code failed

Import traces:
  App Route:
    ./content/dsa/dynamic-programming/min-cost-climbing-stairs.tsx
    ./lib/content-registry.ts
    ./app/api/content/route.ts

  Client Component Browser:
    ./content/dsa/dynamic-programming/min-cost-climbing-stairs.tsx [Client Component Browser]
    ./components/LessonLoader.tsx [Client Component Browser]
    ./components/LessonLoader.tsx [Server Component]
    ./app/curriculum/[subject]/[topic]/[lesson]/page.tsx [Server Component]

  Client Component SSR:
    ./content/dsa/dynamic-programming/min-cost-climbing-stairs.tsx [Client Component SSR]
    ./components/LessonLoader.tsx [Client Component SSR]
    ./components/LessonLoader.tsx [Server Component]
    ./app/curriculum/[subject]/[topic]/[lesson]/page.tsx [Server Component]


./content/dsa/dynamic-programming/min-cost-cut-stick.tsx:10:1
Unexpected token. Did you mean `{'}'}` or `&rbrace;`?
  [90m 8 |[0m       <p className=[32m"text-sm opacity-10 mt-4 italic"[0m>[90m// Start writing your simulation 
here....[0m
  [90m 9 |[0m  );
[31m[1m>[0m [90m10 |[0m }
  [90m   |[0m [31m[1m^[0m
  [90m11 |[0m
  [90m12 |[0m
  [90m13 |[0m

Parsing ecmascript source code failed

Import traces:
  App Route:
    ./content/dsa/dynamic-programming/min-cost-cut-stick.tsx
    ./lib/content-registry.ts
    ./app/api/content/route.ts

  Client Component Browser:
    ./content/dsa/dynamic-programming/min-cost-cut-stick.tsx [Client Component Browser]
    ./components/LessonLoader.tsx [Client Component Browser]
    ./components/LessonLoader.tsx [Server Component]
    ./app/curriculum/[subject]/[topic]/[lesson]/page.tsx [Server Component]

  Client Component SSR:
    ./content/dsa/dynamic-programming/min-cost-cut-stick.tsx [Client Component SSR]
    ./components/LessonLoader.tsx [Client Component SSR]
    ./components/LessonLoader.tsx [Server Component]
    ./app/curriculum/[subject]/[topic]/[lesson]/page.tsx [Server Component]


./content/dsa/dynamic-programming/minimum-path-sum.tsx:10:1
Unexpected token. Did you mean `{'}'}` or `&rbrace;`?
  [90m 8 |[0m       <p className=[32m"text-sm opacity-10 mt-4 italic"[0m>[90m// Start writing your simulation 
here....[0m
  [90m 9 |[0m  );
[31m[1m>[0m [90m10 |[0m }
  [90m   |[0m [31m[1m^[0m
  [90m11 |[0m
  [90m12 |[0m
  [90m13 |[0m

Parsing ecmascript source code failed

Import traces:
  App Route:
    ./content/dsa/dynamic-programming/minimum-path-sum.tsx
    ./lib/content-registry.ts
    ./app/api/content/route.ts

  Client Component Browser:
    ./content/dsa/dynamic-programming/minimum-path-sum.tsx [Client Component Browser]
    ./components/LessonLoader.tsx [Client Component Browser]
    ./components/LessonLoader.tsx [Server Component]
    ./app/curriculum/[subject]/[topic]/[lesson]/page.tsx [Server Component]

  Client Component SSR:
    ./content/dsa/dynamic-programming/minimum-path-sum.tsx [Client Component SSR]
    ./components/LessonLoader.tsx [Client Component SSR]
    ./components/LessonLoader.tsx [Server Component]
    ./app/curriculum/[subject]/[topic]/[lesson]/page.tsx [Server Component]


./content/dsa/dynamic-programming/number-of-lis.tsx:10:1
Unexpected token. Did you mean `{'}'}` or `&rbrace;`?
  [90m 8 |[0m       <p className=[32m"text-sm opacity-10 mt-4 italic"[0m>[90m// Start writing your simulation 
here....[0m
  [90m 9 |[0m  );
[31m[1m>[0m [90m10 |[0m }
  [90m   |[0m [31m[1m^[0m
  [90m11 |[0m
  [90m12 |[0m
  [90m13 |[0m

Parsing ecmascript source code failed

Import traces:
  App Route:
    ./content/dsa/dynamic-programming/number-of-lis.tsx
    ./lib/content-registry.ts
    ./app/api/content/route.ts

  Client Component Browser:
    ./content/dsa/dynamic-programming/number-of-lis.tsx [Client Component Browser]
    ./components/LessonLoader.tsx [Client Component Browser]
    ./components/LessonLoader.tsx [Server Component]
    ./app/curriculum/[subject]/[topic]/[lesson]/page.tsx [Server Component]

  Client Component SSR:
    ./content/dsa/dynamic-programming/number-of-lis.tsx [Client Component SSR]
    ./components/LessonLoader.tsx [Client Component SSR]
    ./components/LessonLoader.tsx [Server Component]
    ./app/curriculum/[subject]/[topic]/[lesson]/page.tsx [Server Component]


./content/dsa/dynamic-programming/optimal-substructure.tsx:10:1
Unexpected token. Did you mean `{'}'}` or `&rbrace;`?
  [90m 8 |[0m       <p className=[32m"text-sm opacity-10 mt-4 italic"[0m>[90m// Start writing your simulation 
here....[0m
  [90m 9 |[0m  );
[31m[1m>[0m [90m10 |[0m }
  [90m   |[0m [31m[1m^[0m
  [90m11 |[0m
  [90m12 |[0m
  [90m13 |[0m

Parsing ecmascript source code failed

Import traces:
  App Route:
    ./content/dsa/dynamic-programming/optimal-substructure.tsx
    ./lib/content-registry.ts
    ./app/api/content/route.ts

  Client Component Browser:
    ./content/dsa/dynamic-programming/optimal-substructure.tsx [Client Component Browser]
    ./components/LessonLoader.tsx [Client Component Browser]
    ./components/LessonLoader.tsx [Server Component]
    ./app/curriculum/[subject]/[topic]/[lesson]/page.tsx [Server Component]

  Client Component SSR:
    ./content/dsa/dynamic-programming/optimal-substructure.tsx [Client Component SSR]
    ./components/LessonLoader.tsx [Client Component SSR]
    ./components/LessonLoader.tsx [Server Component]
    ./app/curriculum/[subject]/[topic]/[lesson]/page.tsx [Server Component]


./content/dsa/dynamic-programming/overlapping-subproblems.tsx:10:1
Unexpected token. Did you mean `{'}'}` or `&rbrace;`?
  [90m 8 |[0m       <p className=[32m"text-sm opacity-10 mt-4 italic"[0m>[90m// Start writing your simulation 
here....[0m
  [90m 9 |[0m  );
[31m[1m>[0m [90m10 |[0m }
  [90m   |[0m [31m[1m^[0m
  [90m11 |[0m
  [90m12 |[0m
  [90m13 |[0m

Parsing ecmascript source code failed

Import traces:
  App Route:
    ./content/dsa/dynamic-programming/overlapping-subproblems.tsx
    ./lib/content-registry.ts
    ./app/api/content/route.ts

  Client Component Browser:
    ./content/dsa/dynamic-programming/overlapping-subproblems.tsx [Client Component Browser]
    ./components/LessonLoader.tsx [Client Component Browser]
    ./components/LessonLoader.tsx [Server Component]
    ./app/curriculum/[subject]/[topic]/[lesson]/page.tsx [Server Component]

  Client Component SSR:
    ./content/dsa/dynamic-programming/overlapping-subproblems.tsx [Client Component SSR]
    ./components/LessonLoader.tsx [Client Component SSR]
    ./components/LessonLoader.tsx [Server Component]
    ./app/curriculum/[subject]/[topic]/[lesson]/page.tsx [Server Component]


./content/dsa/dynamic-programming/palindrome-partitioning.tsx:10:1
Unexpected token. Did you mean `{'}'}` or `&rbrace;`?
  [90m 8 |[0m       <p className=[32m"text-sm opacity-10 mt-4 italic"[0m>[90m// Start writing your simulation 
here....[0m
  [90m 9 |[0m  );
[31m[1m>[0m [90m10 |[0m }
  [90m   |[0m [31m[1m^[0m
  [90m11 |[0m
  [90m12 |[0m
  [90m13 |[0m

Parsing ecmascript source code failed

Import traces:
  App Route:
    ./content/dsa/dynamic-programming/palindrome-partitioning.tsx
    ./lib/content-registry.ts
    ./app/api/content/route.ts

  Client Component Browser:
    ./content/dsa/dynamic-programming/palindrome-partitioning.tsx [Client Component Browser]
    ./components/LessonLoader.tsx [Client Component Browser]
    ./components/LessonLoader.tsx [Server Component]
    ./app/curriculum/[subject]/[topic]/[lesson]/page.tsx [Server Component]

  Client Component SSR:
    ./content/dsa/dynamic-programming/palindrome-partitioning.tsx [Client Component SSR]
    ./components/LessonLoader.tsx [Client Component SSR]
    ./components/LessonLoader.tsx [Server Component]
    ./app/curriculum/[subject]/[topic]/[lesson]/page.tsx [Server Component]


./content/dsa/dynamic-programming/partition-array-max-sum.tsx:10:1
Unexpected token. Did you mean `{'}'}` or `&rbrace;`?
  [90m 8 |[0m       <p className=[32m"text-sm opacity-10 mt-4 italic"[0m>[90m// Start writing your simulation 
here....[0m
  [90m 9 |[0m  );
[31m[1m>[0m [90m10 |[0m }
  [90m   |[0m [31m[1m^[0m
  [90m11 |[0m
  [90m12 |[0m
  [90m13 |[0m

Parsing ecmascript source code failed

Import traces:
  App Route:
    ./content/dsa/dynamic-programming/partition-array-max-sum.tsx
    ./lib/content-registry.ts
    ./app/api/content/route.ts

  Client Component Browser:
    ./content/dsa/dynamic-programming/partition-array-max-sum.tsx [Client Component Browser]
    ./components/LessonLoader.tsx [Client Component Browser]
    ./components/LessonLoader.tsx [Server Component]
    ./app/curriculum/[subject]/[topic]/[lesson]/page.tsx [Server Component]

  Client Component SSR:
    ./content/dsa/dynamic-programming/partition-array-max-sum.tsx [Client Component SSR]
    ./components/LessonLoader.tsx [Client Component SSR]
    ./components/LessonLoader.tsx [Server Component]
    ./app/curriculum/[subject]/[topic]/[lesson]/page.tsx [Server Component]


./content/dsa/dynamic-programming/partition-equal-subset-sum.tsx:10:1
Unexpected token. Did you mean `{'}'}` or `&rbrace;`?
  [90m 8 |[0m       <p className=[32m"text-sm opacity-10 mt-4 italic"[0m>[90m// Start writing your simulation 
here....[0m
  [90m 9 |[0m  );
[31m[1m>[0m [90m10 |[0m }
  [90m   |[0m [31m[1m^[0m
  [90m11 |[0m
  [90m12 |[0m
  [90m13 |[0m

Parsing ecmascript source code failed

Import traces:
  App Route:
    ./content/dsa/dynamic-programming/partition-equal-subset-sum.tsx
    ./lib/content-registry.ts
    ./app/api/content/route.ts

  Client Component Browser:
    ./content/dsa/dynamic-programming/partition-equal-subset-sum.tsx [Client Component Browser]
    ./components/LessonLoader.tsx [Client Component Browser]
    ./components/LessonLoader.tsx [Server Component]
    ./app/curriculum/[subject]/[topic]/[lesson]/page.tsx [Server Component]

  Client Component SSR:
    ./content/dsa/dynamic-programming/partition-equal-subset-sum.tsx [Client Component SSR]
    ./components/LessonLoader.tsx [Client Component SSR]
    ./components/LessonLoader.tsx [Server Component]
    ./app/curriculum/[subject]/[topic]/[lesson]/page.tsx [Server Component]


./content/dsa/dynamic-programming/perfect-squares.tsx:10:1
Unexpected token. Did you mean `{'}'}` or `&rbrace;`?
  [90m 8 |[0m       <p className=[32m"text-sm opacity-10 mt-4 italic"[0m>[90m// Start writing your simulation 
here....[0m
  [90m 9 |[0m  );
[31m[1m>[0m [90m10 |[0m }
  [90m   |[0m [31m[1m^[0m
  [90m11 |[0m
  [90m12 |[0m
  [90m13 |[0m

Parsing ecmascript source code failed

Import traces:
  App Route:
    ./content/dsa/dynamic-programming/perfect-squares.tsx
    ./lib/content-registry.ts
    ./app/api/content/route.ts

  Client Component Browser:
    ./content/dsa/dynamic-programming/perfect-squares.tsx [Client Component Browser]
    ./components/LessonLoader.tsx [Client Component Browser]
    ./components/LessonLoader.tsx [Server Component]
    ./app/curriculum/[subject]/[topic]/[lesson]/page.tsx [Server Component]

  Client Component SSR:
    ./content/dsa/dynamic-programming/perfect-squares.tsx [Client Component SSR]
    ./components/LessonLoader.tsx [Client Component SSR]
    ./components/LessonLoader.tsx [Server Component]
    ./app/curriculum/[subject]/[topic]/[lesson]/page.tsx [Server Component]


./content/dsa/dynamic-programming/print-lcs.tsx:10:1
Unexpected token. Did you mean `{'}'}` or `&rbrace;`?
  [90m 8 |[0m       <p className=[32m"text-sm opacity-10 mt-4 italic"[0m>[90m// Start writing your simulation 
here....[0m
  [90m 9 |[0m  );
[31m[1m>[0m [90m10 |[0m }
  [90m   |[0m [31m[1m^[0m
  [90m11 |[0m
  [90m12 |[0m
  [90m13 |[0m

Parsing ecmascript source code failed

Import traces:
  App Route:
    ./content/dsa/dynamic-programming/print-lcs.tsx
    ./lib/content-registry.ts
    ./app/api/content/route.ts

  Client Component Browser:
    ./content/dsa/dynamic-programming/print-lcs.tsx [Client Component Browser]
    ./components/LessonLoader.tsx [Client Component Browser]
    ./components/LessonLoader.tsx [Server Component]
    ./app/curriculum/[subject]/[topic]/[lesson]/page.tsx [Server Component]

  Client Component SSR:
    ./content/dsa/dynamic-programming/print-lcs.tsx [Client Component SSR]
    ./components/LessonLoader.tsx [Client Component SSR]
    ./components/LessonLoader.tsx [Server Component]
    ./app/curriculum/[subject]/[topic]/[lesson]/page.tsx [Server Component]


./content/dsa/dynamic-programming/print-lis.tsx:10:1
Unexpected token. Did you mean `{'}'}` or `&rbrace;`?
  [90m 8 |[0m       <p className=[32m"text-sm opacity-10 mt-4 italic"[0m>[90m// Start writing your simulation 
here....[0m
  [90m 9 |[0m  );
[31m[1m>[0m [90m10 |[0m }
  [90m   |[0m [31m[1m^[0m
  [90m11 |[0m
  [90m12 |[0m
  [90m13 |[0m

Parsing ecmascript source code failed

Import traces:
  App Route:
    ./content/dsa/dynamic-programming/print-lis.tsx
    ./lib/content-registry.ts
    ./app/api/content/route.ts

  Client Component Browser:
    ./content/dsa/dynamic-programming/print-lis.tsx [Client Component Browser]
    ./components/LessonLoader.tsx [Client Component Browser]
    ./components/LessonLoader.tsx [Server Component]
    ./app/curriculum/[subject]/[topic]/[lesson]/page.tsx [Server Component]

  Client Component SSR:
    ./content/dsa/dynamic-programming/print-lis.tsx [Client Component SSR]
    ./components/LessonLoader.tsx [Client Component SSR]
    ./components/LessonLoader.tsx [Server Component]
    ./app/curriculum/[subject]/[topic]/[lesson]/page.tsx [Server Component]


./content/dsa/dynamic-programming/probability-dp.tsx:10:1
Unexpected token. Did you mean `{'}'}` or `&rbrace;`?
  [90m 8 |[0m       <p className=[32m"text-sm opacity-10 mt-4 italic"[0m>[90m// Start writing your simulation 
here....[0m
  [90m 9 |[0m  );
[31m[1m>[0m [90m10 |[0m }
  [90m   |[0m [31m[1m^[0m
  [90m11 |[0m
  [90m12 |[0m
  [90m13 |[0m

Parsing ecmascript source code failed

Import traces:
  App Route:
    ./content/dsa/dynamic-programming/probability-dp.tsx
    ./lib/content-registry.ts
    ./app/api/content/route.ts

  Client Component Browser:
    ./content/dsa/dynamic-programming/probability-dp.tsx [Client Component Browser]
    ./components/LessonLoader.tsx [Client Component Browser]
    ./components/LessonLoader.tsx [Server Component]
    ./app/curriculum/[subject]/[topic]/[lesson]/page.tsx [Server Component]

  Client Component SSR:
    ./content/dsa/dynamic-programming/probability-dp.tsx [Client Component SSR]
    ./components/LessonLoader.tsx [Client Component SSR]
    ./components/LessonLoader.tsx [Server Component]
    ./app/curriculum/[subject]/[topic]/[lesson]/page.tsx [Server Component]


./content/dsa/dynamic-programming/problem-recognition.tsx:10:1
Unexpected token. Did you mean `{'}'}` or `&rbrace;`?
  [90m 8 |[0m       <p className=[32m"text-sm opacity-10 mt-4 italic"[0m>[90m// Start writing your simulation 
here....[0m
  [90m 9 |[0m  );
[31m[1m>[0m [90m10 |[0m }
  [90m   |[0m [31m[1m^[0m
  [90m11 |[0m
  [90m12 |[0m
  [90m13 |[0m

Parsing ecmascript source code failed

Import traces:
  App Route:
    ./content/dsa/dynamic-programming/problem-recognition.tsx
    ./lib/content-registry.ts
    ./app/api/content/route.ts

  Client Component Browser:
    ./content/dsa/dynamic-programming/problem-recognition.tsx [Client Component Browser]
    ./components/LessonLoader.tsx [Client Component Browser]
    ./components/LessonLoader.tsx [Server Component]
    ./app/curriculum/[subject]/[topic]/[lesson]/page.tsx [Server Component]

  Client Component SSR:
    ./content/dsa/dynamic-programming/problem-recognition.tsx [Client Component SSR]
    ./components/LessonLoader.tsx [Client Component SSR]
    ./components/LessonLoader.tsx [Server Component]
    ./app/curriculum/[subject]/[topic]/[lesson]/page.tsx [Server Component]


./content/dsa/dynamic-programming/recursion-vs-dp.tsx:10:1
Unexpected token. Did you mean `{'}'}` or `&rbrace;`?
  [90m 8 |[0m       <p className=[32m"text-sm opacity-10 mt-4 italic"[0m>[90m// Start writing your simulation 
here....[0m
  [90m 9 |[0m  );
[31m[1m>[0m [90m10 |[0m }
  [90m   |[0m [31m[1m^[0m
  [90m11 |[0m
  [90m12 |[0m
  [90m13 |[0m

Parsing ecmascript source code failed

Import traces:
  App Route:
    ./content/dsa/dynamic-programming/recursion-vs-dp.tsx
    ./lib/content-registry.ts
    ./app/api/content/route.ts

  Client Component Browser:
    ./content/dsa/dynamic-programming/recursion-vs-dp.tsx [Client Component Browser]
    ./components/LessonLoader.tsx [Client Component Browser]
    ./components/LessonLoader.tsx [Server Component]
    ./app/curriculum/[subject]/[topic]/[lesson]/page.tsx [Server Component]

  Client Component SSR:
    ./content/dsa/dynamic-programming/recursion-vs-dp.tsx [Client Component SSR]
    ./components/LessonLoader.tsx [Client Component SSR]
    ./components/LessonLoader.tsx [Server Component]
    ./app/curriculum/[subject]/[topic]/[lesson]/page.tsx [Server Component]


./content/dsa/dynamic-programming/rerooting-dp.tsx:11:1
Unexpected token. Did you mean `{'}'}` or `&rbrace;`?
  [90m 9 |[0m  
  [90m10 |[0m   );
[31m[1m>[0m [90m11 |[0m }
  [90m   |[0m [31m[1m^[0m
  [90m12 |[0m
  [90m13 |[0m
  [90m14 |[0m

Parsing ecmascript source code failed

Import traces:
  App Route:
    ./content/dsa/dynamic-programming/rerooting-dp.tsx
    ./lib/content-registry.ts
    ./app/api/content/route.ts

  Client Component Browser:
    ./content/dsa/dynamic-programming/rerooting-dp.tsx [Client Component Browser]
    ./components/LessonLoader.tsx [Client Component Browser]
    ./components/LessonLoader.tsx [Server Component]
    ./app/curriculum/[subject]/[topic]/[lesson]/page.tsx [Server Component]

  Client Component SSR:
    ./content/dsa/dynamic-programming/rerooting-dp.tsx [Client Component SSR]
    ./components/LessonLoader.tsx [Client Component SSR]
    ./components/LessonLoader.tsx [Server Component]
    ./app/curriculum/[subject]/[topic]/[lesson]/page.tsx [Server Component]


./content/dsa/dynamic-programming/rod-cutting.tsx:10:1
Unexpected token. Did you mean `{'}'}` or `&rbrace;`?
  [90m 8 |[0m       <p className=[32m"text-sm opacity-10 mt-4 italic"[0m>[90m// Start writing your simulation 
here....[0m
  [90m 9 |[0m  );
[31m[1m>[0m [90m10 |[0m }
  [90m   |[0m [31m[1m^[0m
  [90m11 |[0m
  [90m12 |[0m
  [90m13 |[0m

Parsing ecmascript source code failed

Import traces:
  App Route:
    ./content/dsa/dynamic-programming/rod-cutting.tsx
    ./lib/content-registry.ts
    ./app/api/content/route.ts

  Client Component Browser:
    ./content/dsa/dynamic-programming/rod-cutting.tsx [Client Component Browser]
    ./components/LessonLoader.tsx [Client Component Browser]
    ./components/LessonLoader.tsx [Server Component]
    ./app/curriculum/[subject]/[topic]/[lesson]/page.tsx [Server Component]

  Client Component SSR:
    ./content/dsa/dynamic-programming/rod-cutting.tsx [Client Component SSR]
    ./components/LessonLoader.tsx [Client Component SSR]
    ./components/LessonLoader.tsx [Server Component]
    ./app/curriculum/[subject]/[topic]/[lesson]/page.tsx [Server Component]


./content/dsa/dynamic-programming/shortest-common-supersequence.tsx:10:1
Unexpected token. Did you mean `{'}'}` or `&rbrace;`?
  [90m 8 |[0m       <p className=[32m"text-sm opacity-10 mt-4 italic"[0m>[90m// Start writing your simulation 
here....[0m
  [90m 9 |[0m  );
[31m[1m>[0m [90m10 |[0m }
  [90m   |[0m [31m[1m^[0m
  [90m11 |[0m
  [90m12 |[0m
  [90m13 |[0m

Parsing ecmascript source code failed

Import traces:
  App Route:
    ./content/dsa/dynamic-programming/shortest-common-supersequence.tsx
    ./lib/content-registry.ts
    ./app/api/content/route.ts

  Client Component Browser:
    ./content/dsa/dynamic-programming/shortest-common-supersequence.tsx [Client Component Browser]
    ./components/LessonLoader.tsx [Client Component Browser]
    ./components/LessonLoader.tsx [Server Component]
    ./app/curriculum/[subject]/[topic]/[lesson]/page.tsx [Server Component]

  Client Component SSR:
    ./content/dsa/dynamic-programming/shortest-common-supersequence.tsx [Client Component SSR]
    ./components/LessonLoader.tsx [Client Component SSR]
    ./components/LessonLoader.tsx [Server Component]
    ./app/curriculum/[subject]/[topic]/[lesson]/page.tsx [Server Component]


./content/dsa/dynamic-programming/sos-dp.tsx:10:1
Unexpected token. Did you mean `{'}'}` or `&rbrace;`?
  [90m 8 |[0m       <p className=[32m"text-sm opacity-10 mt-4 italic"[0m>[90m// Start writing your simulation 
here....[0m
  [90m 9 |[0m  );
[31m[1m>[0m [90m10 |[0m }
  [90m   |[0m [31m[1m^[0m
  [90m11 |[0m
  [90m12 |[0m
  [90m13 |[0m

Parsing ecmascript source code failed

Import traces:
  App Route:
    ./content/dsa/dynamic-programming/sos-dp.tsx
    ./lib/content-registry.ts
    ./app/api/content/route.ts

  Client Component Browser:
    ./content/dsa/dynamic-programming/sos-dp.tsx [Client Component Browser]
    ./components/LessonLoader.tsx [Client Component Browser]
    ./components/LessonLoader.tsx [Server Component]
    ./app/curriculum/[subject]/[topic]/[lesson]/page.tsx [Server Component]

  Client Component SSR:
    ./content/dsa/dynamic-programming/sos-dp.tsx [Client Component SSR]
    ./components/LessonLoader.tsx [Client Component SSR]
    ./components/LessonLoader.tsx [Server Component]
    ./app/curriculum/[subject]/[topic]/[lesson]/page.tsx [Server Component]


./content/dsa/dynamic-programming/space-optimization.tsx:10:1
Unexpected token. Did you mean `{'}'}` or `&rbrace;`?
  [90m 8 |[0m       <p className=[32m"text-sm opacity-10 mt-4 italic"[0m>[90m// Start writing your simulation 
here....[0m
  [90m 9 |[0m  );
[31m[1m>[0m [90m10 |[0m }
  [90m   |[0m [31m[1m^[0m
  [90m11 |[0m
  [90m12 |[0m
  [90m13 |[0m

Parsing ecmascript source code failed

Import traces:
  App Route:
    ./content/dsa/dynamic-programming/space-optimization.tsx
    ./lib/content-registry.ts
    ./app/api/content/route.ts

  Client Component Browser:
    ./content/dsa/dynamic-programming/space-optimization.tsx [Client Component Browser]
    ./components/LessonLoader.tsx [Client Component Browser]
    ./components/LessonLoader.tsx [Server Component]
    ./app/curriculum/[subject]/[topic]/[lesson]/page.tsx [Server Component]

  Client Component SSR:
    ./content/dsa/dynamic-programming/space-optimization.tsx [Client Component SSR]
    ./components/LessonLoader.tsx [Client Component SSR]
    ./components/LessonLoader.tsx [Server Component]
    ./app/curriculum/[subject]/[topic]/[lesson]/page.tsx [Server Component]


./content/dsa/dynamic-programming/state-compression-dp.tsx:10:1
Unexpected token. Did you mean `{'}'}` or `&rbrace;`?
  [90m 8 |[0m       <p className=[32m"text-sm opacity-10 mt-4 italic"[0m>[90m// Start writing your simulation 
here....[0m
  [90m 9 |[0m  );
[31m[1m>[0m [90m10 |[0m }
  [90m   |[0m [31m[1m^[0m
  [90m11 |[0m
  [90m12 |[0m
  [90m13 |[0m

Parsing ecmascript source code failed

Import traces:
  App Route:
    ./content/dsa/dynamic-programming/state-compression-dp.tsx
    ./lib/content-registry.ts
    ./app/api/content/route.ts

  Client Component Browser:
    ./content/dsa/dynamic-programming/state-compression-dp.tsx [Client Component Browser]
    ./components/LessonLoader.tsx [Client Component Browser]
    ./components/LessonLoader.tsx [Server Component]
    ./app/curriculum/[subject]/[topic]/[lesson]/page.tsx [Server Component]

  Client Component SSR:
    ./content/dsa/dynamic-programming/state-compression-dp.tsx [Client Component SSR]
    ./components/LessonLoader.tsx [Client Component SSR]
    ./components/LessonLoader.tsx [Server Component]
    ./app/curriculum/[subject]/[topic]/[lesson]/page.tsx [Server Component]


./content/dsa/dynamic-programming/state-definition.tsx:11:1
Unexpected token. Did you mean `{'}'}` or `&rbrace;`?
  [90m 9 |[0m  
  [90m10 |[0m   );
[31m[1m>[0m [90m11 |[0m }
  [90m   |[0m [31m[1m^[0m
  [90m12 |[0m
  [90m13 |[0m
  [90m14 |[0m

Parsing ecmascript source code failed

Import traces:
  App Route:
    ./content/dsa/dynamic-programming/state-definition.tsx
    ./lib/content-registry.ts
    ./app/api/content/route.ts

  Client Component Browser:
    ./content/dsa/dynamic-programming/state-definition.tsx [Client Component Browser]
    ./components/LessonLoader.tsx [Client Component Browser]
    ./components/LessonLoader.tsx [Server Component]
    ./app/curriculum/[subject]/[topic]/[lesson]/page.tsx [Server Component]

  Client Component SSR:
    ./content/dsa/dynamic-programming/state-definition.tsx [Client Component SSR]
    ./components/LessonLoader.tsx [Client Component SSR]
    ./components/LessonLoader.tsx [Server Component]
    ./app/curriculum/[subject]/[topic]/[lesson]/page.tsx [Server Component]


./content/dsa/dynamic-programming/stock-with-cooldown.tsx:10:1
Unexpected token. Did you mean `{'}'}` or `&rbrace;`?
  [90m 8 |[0m       <p className=[32m"text-sm opacity-10 mt-4 italic"[0m>[90m// Start writing your simulation 
here....[0m
  [90m 9 |[0m  );
[31m[1m>[0m [90m10 |[0m }
  [90m   |[0m [31m[1m^[0m
  [90m11 |[0m
  [90m12 |[0m
  [90m13 |[0m

Parsing ecmascript source code failed

Import traces:
  App Route:
    ./content/dsa/dynamic-programming/stock-with-cooldown.tsx
    ./lib/content-registry.ts
    ./app/api/content/route.ts

  Client Component Browser:
    ./content/dsa/dynamic-programming/stock-with-cooldown.tsx [Client Component Browser]
    ./components/LessonLoader.tsx [Client Component Browser]
    ./components/LessonLoader.tsx [Server Component]
    ./app/curriculum/[subject]/[topic]/[lesson]/page.tsx [Server Component]

  Client Component SSR:
    ./content/dsa/dynamic-programming/stock-with-cooldown.tsx [Client Component SSR]
    ./components/LessonLoader.tsx [Client Component SSR]
    ./components/LessonLoader.tsx [Server Component]
    ./app/curriculum/[subject]/[topic]/[lesson]/page.tsx [Server Component]


./content/dsa/dynamic-programming/stock-with-transaction-fee.tsx:10:1
Unexpected token. Did you mean `{'}'}` or `&rbrace;`?
  [90m 8 |[0m       <p className=[32m"text-sm opacity-10 mt-4 italic"[0m>[90m// Start writing your simulation 
here....[0m
  [90m 9 |[0m  );
[31m[1m>[0m [90m10 |[0m }
  [90m   |[0m [31m[1m^[0m
  [90m11 |[0m
  [90m12 |[0m
  [90m13 |[0m

Parsing ecmascript source code failed

Import traces:
  App Route:
    ./content/dsa/dynamic-programming/stock-with-transaction-fee.tsx
    ./lib/content-registry.ts
    ./app/api/content/route.ts

  Client Component Browser:
    ./content/dsa/dynamic-programming/stock-with-transaction-fee.tsx [Client Component Browser]
    ./components/LessonLoader.tsx [Client Component Browser]
    ./components/LessonLoader.tsx [Server Component]
    ./app/curriculum/[subject]/[topic]/[lesson]/page.tsx [Server Component]

  Client Component SSR:
    ./content/dsa/dynamic-programming/stock-with-transaction-fee.tsx [Client Component SSR]
    ./components/LessonLoader.tsx [Client Component SSR]
    ./components/LessonLoader.tsx [Server Component]
    ./app/curriculum/[subject]/[topic]/[lesson]/page.tsx [Server Component]


./content/dsa/dynamic-programming/subset-sum.tsx:10:1
Unexpected token. Did you mean `{'}'}` or `&rbrace;`?
  [90m 8 |[0m       <p className=[32m"text-sm opacity-10 mt-4 italic"[0m>[90m// Start writing your simulation 
here....[0m
  [90m 9 |[0m  );
[31m[1m>[0m [90m10 |[0m }
  [90m   |[0m [31m[1m^[0m
  [90m11 |[0m
  [90m12 |[0m
  [90m13 |[0m

Parsing ecmascript source code failed

Import traces:
  App Route:
    ./content/dsa/dynamic-programming/subset-sum.tsx
    ./lib/content-registry.ts
    ./app/api/content/route.ts

  Client Component Browser:
    ./content/dsa/dynamic-programming/subset-sum.tsx [Client Component Browser]
    ./components/LessonLoader.tsx [Client Component Browser]
    ./components/LessonLoader.tsx [Server Component]
    ./app/curriculum/[subject]/[topic]/[lesson]/page.tsx [Server Component]

  Client Component SSR:
    ./content/dsa/dynamic-programming/subset-sum.tsx [Client Component SSR]
    ./components/LessonLoader.tsx [Client Component SSR]
    ./components/LessonLoader.tsx [Server Component]
    ./app/curriculum/[subject]/[topic]/[lesson]/page.tsx [Server Component]


./content/dsa/dynamic-programming/tabulation.tsx:10:1
Unexpected token. Did you mean `{'}'}` or `&rbrace;`?
  [90m 8 |[0m       <p className=[32m"text-sm opacity-10 mt-4 italic"[0m>[90m// Start writing your simulation 
here....[0m
  [90m 9 |[0m  );
[31m[1m>[0m [90m10 |[0m }
  [90m   |[0m [31m[1m^[0m
  [90m11 |[0m
  [90m12 |[0m
  [90m13 |[0m

Parsing ecmascript source code failed

Import traces:
  App Route:
    ./content/dsa/dynamic-programming/tabulation.tsx
    ./lib/content-registry.ts
    ./app/api/content/route.ts

  Client Component Browser:
    ./content/dsa/dynamic-programming/tabulation.tsx [Client Component Browser]
    ./components/LessonLoader.tsx [Client Component Browser]
    ./components/LessonLoader.tsx [Server Component]
    ./app/curriculum/[subject]/[topic]/[lesson]/page.tsx [Server Component]

  Client Component SSR:
    ./content/dsa/dynamic-programming/tabulation.tsx [Client Component SSR]
    ./components/LessonLoader.tsx [Client Component SSR]
    ./components/LessonLoader.tsx [Server Component]
    ./app/curriculum/[subject]/[topic]/[lesson]/page.tsx [Server Component]


./content/dsa/dynamic-programming/target-sum.tsx:10:1
Unexpected token. Did you mean `{'}'}` or `&rbrace;`?
  [90m 8 |[0m       <p className=[32m"text-sm opacity-10 mt-4 italic"[0m>[90m// Start writing your simulation 
here....[0m
  [90m 9 |[0m  );
[31m[1m>[0m [90m10 |[0m }
  [90m   |[0m [31m[1m^[0m
  [90m11 |[0m
  [90m12 |[0m
  [90m13 |[0m

Parsing ecmascript source code failed

Import traces:
  App Route:
    ./content/dsa/dynamic-programming/target-sum.tsx
    ./lib/content-registry.ts
    ./app/api/content/route.ts

  Client Component Browser:
    ./content/dsa/dynamic-programming/target-sum.tsx [Client Component Browser]
    ./components/LessonLoader.tsx [Client Component Browser]
    ./components/LessonLoader.tsx [Server Component]
    ./app/curriculum/[subject]/[topic]/[lesson]/page.tsx [Server Component]

  Client Component SSR:
    ./content/dsa/dynamic-programming/target-sum.tsx [Client Component SSR]
    ./components/LessonLoader.tsx [Client Component SSR]
    ./components/LessonLoader.tsx [Server Component]
    ./app/curriculum/[subject]/[topic]/[lesson]/page.tsx [Server Component]


./content/dsa/dynamic-programming/transition-relation.tsx:10:1
Unexpected token. Did you mean `{'}'}` or `&rbrace;`?
  [90m 8 |[0m       <p className=[32m"text-sm opacity-10 mt-4 italic"[0m>[90m// Start writing your simulation 
here....[0m
  [90m 9 |[0m  );
[31m[1m>[0m [90m10 |[0m }
  [90m   |[0m [31m[1m^[0m
  [90m11 |[0m
  [90m12 |[0m
  [90m13 |[0m

Parsing ecmascript source code failed

Import traces:
  App Route:
    ./content/dsa/dynamic-programming/transition-relation.tsx
    ./lib/content-registry.ts
    ./app/api/content/route.ts

  Client Component Browser:
    ./content/dsa/dynamic-programming/transition-relation.tsx [Client Component Browser]
    ./components/LessonLoader.tsx [Client Component Browser]
    ./components/LessonLoader.tsx [Server Component]
    ./app/curriculum/[subject]/[topic]/[lesson]/page.tsx [Server Component]

  Client Component SSR:
    ./content/dsa/dynamic-programming/transition-relation.tsx [Client Component SSR]
    ./components/LessonLoader.tsx [Client Component SSR]
    ./components/LessonLoader.tsx [Server Component]
    ./app/curriculum/[subject]/[topic]/[lesson]/page.tsx [Server Component]


./content/dsa/dynamic-programming/tree-dp-basics.tsx:10:1
Unexpected token. Did you mean `{'}'}` or `&rbrace;`?
  [90m 8 |[0m       <p className=[32m"text-sm opacity-10 mt-4 italic"[0m>[90m// Start writing your simulation 
here....[0m
  [90m 9 |[0m  );
[31m[1m>[0m [90m10 |[0m }
  [90m   |[0m [31m[1m^[0m
  [90m11 |[0m
  [90m12 |[0m
  [90m13 |[0m

Parsing ecmascript source code failed

Import traces:
  App Route:
    ./content/dsa/dynamic-programming/tree-dp-basics.tsx
    ./lib/content-registry.ts
    ./app/api/content/route.ts

  Client Component Browser:
    ./content/dsa/dynamic-programming/tree-dp-basics.tsx [Client Component Browser]
    ./components/LessonLoader.tsx [Client Component Browser]
    ./components/LessonLoader.tsx [Server Component]
    ./app/curriculum/[subject]/[topic]/[lesson]/page.tsx [Server Component]

  Client Component SSR:
    ./content/dsa/dynamic-programming/tree-dp-basics.tsx [Client Component SSR]
    ./components/LessonLoader.tsx [Client Component SSR]
    ./components/LessonLoader.tsx [Server Component]
    ./app/curriculum/[subject]/[topic]/[lesson]/page.tsx [Server Component]


./content/dsa/dynamic-programming/triangle-minimum-path-sum.tsx:10:1
Unexpected token. Did you mean `{'}'}` or `&rbrace;`?
  [90m 8 |[0m       <p className=[32m"text-sm opacity-10 mt-4 italic"[0m>[90m// Start writing your simulation 
here....[0m
  [90m 9 |[0m  );
[31m[1m>[0m [90m10 |[0m }
  [90m   |[0m [31m[1m^[0m
  [90m11 |[0m
  [90m12 |[0m
  [90m13 |[0m

Parsing ecmascript source code failed

Import traces:
  App Route:
    ./content/dsa/dynamic-programming/triangle-minimum-path-sum.tsx
    ./lib/content-registry.ts
    ./app/api/content/route.ts

  Client Component Browser:
    ./content/dsa/dynamic-programming/triangle-minimum-path-sum.tsx [Client Component Browser]
    ./components/LessonLoader.tsx [Client Component Browser]
    ./components/LessonLoader.tsx [Server Component]
    ./app/curriculum/[subject]/[topic]/[lesson]/page.tsx [Server Component]

  Client Component SSR:
    ./content/dsa/dynamic-programming/triangle-minimum-path-sum.tsx [Client Component SSR]
    ./components/LessonLoader.tsx [Client Component SSR]
    ./components/LessonLoader.tsx [Server Component]
    ./app/curriculum/[subject]/[topic]/[lesson]/page.tsx [Server Component]


./content/dsa/dynamic-programming/tsp.tsx:10:1
Unexpected token. Did you mean `{'}'}` or `&rbrace;`?
  [90m 8 |[0m       <p className=[32m"text-sm opacity-10 mt-4 italic"[0m>[90m// Start writing your simulation 
here....[0m
  [90m 9 |[0m  );
[31m[1m>[0m [90m10 |[0m }
  [90m   |[0m [31m[1m^[0m
  [90m11 |[0m
  [90m12 |[0m
  [90m13 |[0m

Parsing ecmascript source code failed

Import traces:
  App Route:
    ./content/dsa/dynamic-programming/tsp.tsx
    ./lib/content-registry.ts
    ./app/api/content/route.ts

  Client Component Browser:
    ./content/dsa/dynamic-programming/tsp.tsx [Client Component Browser]
    ./components/LessonLoader.tsx [Client Component Browser]
    ./components/LessonLoader.tsx [Server Component]
    ./app/curriculum/[subject]/[topic]/[lesson]/page.tsx [Server Component]

  Client Component SSR:
    ./content/dsa/dynamic-programming/tsp.tsx [Client Component SSR]
    ./components/LessonLoader.tsx [Client Component SSR]
    ./components/LessonLoader.tsx [Server Component]
    ./app/curriculum/[subject]/[topic]/[lesson]/page.tsx [Server Component]


./content/dsa/dynamic-programming/unbounded-knapsack.tsx:10:1
Unexpected token. Did you mean `{'}'}` or `&rbrace;`?
  [90m 8 |[0m       <p className=[32m"text-sm opacity-10 mt-4 italic"[0m>[90m// Start writing your simulation 
here....[0m
  [90m 9 |[0m  );
[31m[1m>[0m [90m10 |[0m }
  [90m   |[0m [31m[1m^[0m
  [90m11 |[0m
  [90m12 |[0m
  [90m13 |[0m

Parsing ecmascript source code failed

Import traces:
  App Route:
    ./content/dsa/dynamic-programming/unbounded-knapsack.tsx
    ./lib/content-registry.ts
    ./app/api/content/route.ts

  Client Component Browser:
    ./content/dsa/dynamic-programming/unbounded-knapsack.tsx [Client Component Browser]
    ./components/LessonLoader.tsx [Client Component Browser]
    ./components/LessonLoader.tsx [Server Component]
    ./app/curriculum/[subject]/[topic]/[lesson]/page.tsx [Server Component]

  Client Component SSR:
    ./content/dsa/dynamic-programming/unbounded-knapsack.tsx [Client Component SSR]
    ./components/LessonLoader.tsx [Client Component SSR]
    ./components/LessonLoader.tsx [Server Component]
    ./app/curriculum/[subject]/[topic]/[lesson]/page.tsx [Server Component]


./content/dsa/dynamic-programming/unique-paths-obstacles.tsx:10:1
Unexpected token. Did you mean `{'}'}` or `&rbrace;`?
  [90m 8 |[0m       <p className=[32m"text-sm opacity-10 mt-4 italic"[0m>[90m// Start writing your simulation 
here....[0m
  [90m 9 |[0m  );
[31m[1m>[0m [90m10 |[0m }
  [90m   |[0m [31m[1m^[0m
  [90m11 |[0m
  [90m12 |[0m
  [90m13 |[0m

Parsing ecmascript source code failed

Import traces:
  App Route:
    ./content/dsa/dynamic-programming/unique-paths-obstacles.tsx
    ./lib/content-registry.ts
    ./app/api/content/route.ts

  Client Component Browser:
    ./content/dsa/dynamic-programming/unique-paths-obstacles.tsx [Client Component Browser]
    ./components/LessonLoader.tsx [Client Component Browser]
    ./components/LessonLoader.tsx [Server Component]
    ./app/curriculum/[subject]/[topic]/[lesson]/page.tsx [Server Component]

  Client Component SSR:
    ./content/dsa/dynamic-programming/unique-paths-obstacles.tsx [Client Component SSR]
    ./components/LessonLoader.tsx [Client Component SSR]
    ./components/LessonLoader.tsx [Server Component]
    ./app/curriculum/[subject]/[topic]/[lesson]/page.tsx [Server Component]


./content/dsa/dynamic-programming/wildcard-matching.tsx:10:1
Unexpected token. Did you mean `{'}'}` or `&rbrace;`?
  [90m 8 |[0m       <p className=[32m"text-sm opacity-10 mt-4 italic"[0m>[90m// Start writing your simulation 
here....[0m
  [90m 9 |[0m  );
[31m[1m>[0m [90m10 |[0m }
  [90m   |[0m [31m[1m^[0m
  [90m11 |[0m
  [90m12 |[0m
  [90m13 |[0m

Parsing ecmascript source code failed

Import traces:
  App Route:
    ./content/dsa/dynamic-programming/wildcard-matching.tsx
    ./lib/content-registry.ts
    ./app/api/content/route.ts

  Client Component Browser:
    ./content/dsa/dynamic-programming/wildcard-matching.tsx [Client Component Browser]
    ./components/LessonLoader.tsx [Client Component Browser]
    ./components/LessonLoader.tsx [Server Component]
    ./app/curriculum/[subject]/[topic]/[lesson]/page.tsx [Server Component]

  Client Component SSR:
    ./content/dsa/dynamic-programming/wildcard-matching.tsx [Client Component SSR]
    ./components/LessonLoader.tsx [Client Component SSR]
    ./components/LessonLoader.tsx [Server Component]
    ./app/curriculum/[subject]/[topic]/[lesson]/page.tsx [Server Component]


./content/dsa/dynamic-programming/zero-one-knapsack.tsx:10:1
Unexpected token. Did you mean `{'}'}` or `&rbrace;`?
  [90m 8 |[0m       <p className=[32m"text-sm opacity-10 mt-4 italic"[0m>[90m// Start writing your simulation 
here....[0m
  [90m 9 |[0m  );
[31m[1m>[0m [90m10 |[0m }
  [90m   |[0m [31m[1m^[0m
  [90m11 |[0m
  [90m12 |[0m
  [90m13 |[0m

Parsing ecmascript source code failed

Import traces:
  App Route:
    ./content/dsa/dynamic-programming/zero-one-knapsack.tsx
    ./lib/content-registry.ts
    ./app/api/content/route.ts

  Client Component Browser:
    ./content/dsa/dynamic-programming/zero-one-knapsack.tsx [Client Component Browser]
    ./components/LessonLoader.tsx [Client Component Browser]
    ./components/LessonLoader.tsx [Server Component]
    ./app/curriculum/[subject]/[topic]/[lesson]/page.tsx [Server Component]

  Client Component SSR:
    ./content/dsa/dynamic-programming/zero-one-knapsack.tsx [Client Component SSR]
    ./components/LessonLoader.tsx [Client Component SSR]
    ./components/LessonLoader.tsx [Server Component]
    ./app/curriculum/[subject]/[topic]/[lesson]/page.tsx [Server Component]


./content/dsa/graphs/bfs.tsx:355:1
Unexpected token. Did you mean `{'}'}` or `&rbrace;`?
  [90m353 |[0m     </main>
  [90m354 |[0m   );
[31m[1m>[0m [90m355 |[0m }
  [90m    |[0m [31m[1m^[0m
  [90m356 |[0m

Parsing ecmascript source code failed

Import traces:
  App Route:
    ./content/dsa/graphs/bfs.tsx
    ./lib/content-registry.ts
    ./app/api/content/route.ts

  Client Component Browser:
    ./content/dsa/graphs/bfs.tsx [Client Component Browser]
    ./components/LessonLoader.tsx [Client Component Browser]
    ./components/LessonLoader.tsx [Server Component]
    ./app/curriculum/[subject]/[topic]/[lesson]/page.tsx [Server Component]

  Client Component SSR:
    ./content/dsa/graphs/bfs.tsx [Client Component SSR]
    ./components/LessonLoader.tsx [Client Component SSR]
    ./components/LessonLoader.tsx [Server Component]
    ./app/curriculum/[subject]/[topic]/[lesson]/page.tsx [Server Component]


./content/dsa/graphs/detect-cycle-grid.tsx:235:19
Unexpected token. Did you mean `{'}'}` or `&rbrace;`?
  [90m233 |[0m                         {isCurrent && <div className=[32m"radar"[0m />}
  [90m234 |[0m                     );
[31m[1m>[0m [90m235 |[0m                   })}
  [90m    |[0m                   [31m[1m^[0m
  [90m236 |[0m                 </div>
  [90m237 |[0m               ))}
  [90m238 |[0m             </div>

Parsing ecmascript source code failed

Import traces:
  App Route:
    ./content/dsa/graphs/detect-cycle-grid.tsx
    ./lib/content-registry.ts
    ./app/api/content/route.ts

  Client Component Browser:
    ./content/dsa/graphs/detect-cycle-grid.tsx [Client Component Browser]
    ./components/LessonLoader.tsx [Client Component Browser]
    ./components/LessonLoader.tsx [Server Component]
    ./app/curriculum/[subject]/[topic]/[lesson]/page.tsx [Server Component]

  Client Component SSR:
    ./content/dsa/graphs/detect-cycle-grid.tsx [Client Component SSR]
    ./components/LessonLoader.tsx [Client Component SSR]
    ./components/LessonLoader.tsx [Server Component]
    ./app/curriculum/[subject]/[topic]/[lesson]/page.tsx [Server Component]


./content/dsa/graphs/detect-cycle-grid.tsx:235:21
Unexpected token. Did you mean `{'}'}` or `&rbrace;`?
  [90m233 |[0m                         {isCurrent && <div className=[32m"radar"[0m />}
  [90m234 |[0m                     );
[31m[1m>[0m [90m235 |[0m                   })}
  [90m    |[0m                     [31m[1m^[0m
  [90m236 |[0m                 </div>
  [90m237 |[0m               ))}
  [90m238 |[0m             </div>

Parsing ecmascript source code failed

Import traces:
  App Route:
    ./content/dsa/graphs/detect-cycle-grid.tsx
    ./lib/content-registry.ts
    ./app/api/content/route.ts

  Client Component Browser:
    ./content/dsa/graphs/detect-cycle-grid.tsx [Client Component Browser]
    ./components/LessonLoader.tsx [Client Component Browser]
    ./components/LessonLoader.tsx [Server Component]
    ./app/curriculum/[subject]/[topic]/[lesson]/page.tsx [Server Component]

  Client Component SSR:
    ./content/dsa/graphs/detect-cycle-grid.tsx [Client Component SSR]
    ./components/LessonLoader.tsx [Client Component SSR]
    ./components/LessonLoader.tsx [Server Component]
    ./app/curriculum/[subject]/[topic]/[lesson]/page.tsx [Server Component]


./content/dsa/graphs/dfs.tsx:389:1
Unexpected token. Did you mean `{'}'}` or `&rbrace;`?
  [90m387 |[0m     </main>
  [90m388 |[0m   );
[31m[1m>[0m [90m389 |[0m }
  [90m    |[0m [31m[1m^[0m
  [90m390 |[0m

Parsing ecmascript source code failed

Import traces:
  App Route:
    ./content/dsa/graphs/dfs.tsx
    ./lib/content-registry.ts
    ./app/api/content/route.ts

  Client Component Browser:
    ./content/dsa/graphs/dfs.tsx [Client Component Browser]
    ./components/LessonLoader.tsx [Client Component Browser]
    ./components/LessonLoader.tsx [Server Component]
    ./app/curriculum/[subject]/[topic]/[lesson]/page.tsx [Server Component]

  Client Component SSR:
    ./content/dsa/graphs/dfs.tsx [Client Component SSR]
    ./components/LessonLoader.tsx [Client Component SSR]
    ./components/LessonLoader.tsx [Server Component]
    ./app/curriculum/[subject]/[topic]/[lesson]/page.tsx [Server Component]


./content/dsa/graphs/flood-fill.tsx:248:21
Unexpected token. Did you mean `{'}'}` or `&rbrace;`?
  [90m246 |[0m                           {isStart && !isVisited && <div 
className=[32m"start-indicator"[0m>Γîû</d...
  [90m247 |[0m                       );
[31m[1m>[0m [90m248 |[0m                     })}
  [90m    |[0m                     [31m[1m^[0m
  [90m249 |[0m                   </div>
  [90m250 |[0m                 ))}
  [90m251 |[0m               </div>

Parsing ecmascript source code failed

Import traces:
  App Route:
    ./content/dsa/graphs/flood-fill.tsx
    ./lib/content-registry.ts
    ./app/api/content/route.ts

  Client Component Browser:
    ./content/dsa/graphs/flood-fill.tsx [Client Component Browser]
    ./components/LessonLoader.tsx [Client Component Browser]
    ./components/LessonLoader.tsx [Server Component]
    ./app/curriculum/[subject]/[topic]/[lesson]/page.tsx [Server Component]

  Client Component SSR:
    ./content/dsa/graphs/flood-fill.tsx [Client Component SSR]
    ./components/LessonLoader.tsx [Client Component SSR]
    ./components/LessonLoader.tsx [Server Component]
    ./app/curriculum/[subject]/[topic]/[lesson]/page.tsx [Server Component]


./content/dsa/graphs/flood-fill.tsx:248:23
Unexpected token. Did you mean `{'}'}` or `&rbrace;`?
  [90m246 |[0m                           {isStart && !isVisited && <div 
className=[32m"start-indicator"[0m>Γîû</d...
  [90m247 |[0m                       );
[31m[1m>[0m [90m248 |[0m                     })}
  [90m    |[0m                       [31m[1m^[0m
  [90m249 |[0m                   </div>
  [90m250 |[0m                 ))}
  [90m251 |[0m               </div>

Parsing ecmascript source code failed

Import traces:
  App Route:
    ./content/dsa/graphs/flood-fill.tsx
    ./lib/content-registry.ts
    ./app/api/content/route.ts

  Client Component Browser:
    ./content/dsa/graphs/flood-fill.tsx [Client Component Browser]
    ./components/LessonLoader.tsx [Client Component Browser]
    ./components/LessonLoader.tsx [Server Component]
    ./app/curriculum/[subject]/[topic]/[lesson]/page.tsx [Server Component]

  Client Component SSR:
    ./content/dsa/graphs/flood-fill.tsx [Client Component SSR]
    ./components/LessonLoader.tsx [Client Component SSR]
    ./components/LessonLoader.tsx [Server Component]
    ./app/curriculum/[subject]/[topic]/[lesson]/page.tsx [Server Component]


./content/dsa/graphs/grid-based-graphs.tsx:121:17
Unexpected token. Did you mean `{'}'}` or `&rbrace;`?
  [90m119 |[0m                       {isHovered && <div className=[32m"cell-pulse"[0m />}
  [90m120 |[0m                   );
[31m[1m>[0m [90m121 |[0m                 })}
  [90m    |[0m                 [31m[1m^[0m
  [90m122 |[0m               </div>
  [90m123 |[0m       </section>
  [90m124 |[0m

Parsing ecmascript source code failed

Import traces:
  App Route:
    ./content/dsa/graphs/grid-based-graphs.tsx
    ./lib/content-registry.ts
    ./app/api/content/route.ts

  Client Component Browser:
    ./content/dsa/graphs/grid-based-graphs.tsx [Client Component Browser]
    ./components/LessonLoader.tsx [Client Component Browser]
    ./components/LessonLoader.tsx [Server Component]
    ./app/curriculum/[subject]/[topic]/[lesson]/page.tsx [Server Component]

  Client Component SSR:
    ./content/dsa/graphs/grid-based-graphs.tsx [Client Component SSR]
    ./components/LessonLoader.tsx [Client Component SSR]
    ./components/LessonLoader.tsx [Server Component]
    ./app/curriculum/[subject]/[topic]/[lesson]/page.tsx [Server Component]


./content/dsa/graphs/grid-based-graphs.tsx:121:19
Unexpected token. Did you mean `{'}'}` or `&rbrace;`?
  [90m119 |[0m                       {isHovered && <div className=[32m"cell-pulse"[0m />}
  [90m120 |[0m                   );
[31m[1m>[0m [90m121 |[0m                 })}
  [90m    |[0m                   [31m[1m^[0m
  [90m122 |[0m               </div>
  [90m123 |[0m       </section>
  [90m124 |[0m

Parsing ecmascript source code failed

Import traces:
  App Route:
    ./content/dsa/graphs/grid-based-graphs.tsx
    ./lib/content-registry.ts
    ./app/api/content/route.ts

  Client Component Browser:
    ./content/dsa/graphs/grid-based-graphs.tsx [Client Component Browser]
    ./components/LessonLoader.tsx [Client Component Browser]
    ./components/LessonLoader.tsx [Server Component]
    ./app/curriculum/[subject]/[topic]/[lesson]/page.tsx [Server Component]

  Client Component SSR:
    ./content/dsa/graphs/grid-based-graphs.tsx [Client Component SSR]
    ./components/LessonLoader.tsx [Client Component SSR]
    ./components/LessonLoader.tsx [Server Component]
    ./app/curriculum/[subject]/[topic]/[lesson]/page.tsx [Server Component]


./content/dsa/graphs/hamiltonian-path-cycle.tsx:325:17
Unexpected token. Did you mean `{'}'}` or `&rbrace;`?
  [90m323 |[0m  
  [90m324 |[0m                   );
[31m[1m>[0m [90m325 |[0m                 })}
  [90m    |[0m                 [31m[1m^[0m
  [90m326 |[0m               </div>
  [90m327 |[0m             </div>
  [90m328 |[0m

Parsing ecmascript source code failed

Import traces:
  App Route:
    ./content/dsa/graphs/hamiltonian-path-cycle.tsx
    ./lib/content-registry.ts
    ./app/api/content/route.ts

  Client Component Browser:
    ./content/dsa/graphs/hamiltonian-path-cycle.tsx [Client Component Browser]
    ./components/LessonLoader.tsx [Client Component Browser]
    ./components/LessonLoader.tsx [Server Component]
    ./app/curriculum/[subject]/[topic]/[lesson]/page.tsx [Server Component]

  Client Component SSR:
    ./content/dsa/graphs/hamiltonian-path-cycle.tsx [Client Component SSR]
    ./components/LessonLoader.tsx [Client Component SSR]
    ./components/LessonLoader.tsx [Server Component]
    ./app/curriculum/[subject]/[topic]/[lesson]/page.tsx [Server Component]


./content/dsa/graphs/hamiltonian-path-cycle.tsx:325:19
Unexpected token. Did you mean `{'}'}` or `&rbrace;`?
  [90m323 |[0m  
  [90m324 |[0m                   );
[31m[1m>[0m [90m325 |[0m                 })}
  [90m    |[0m                   [31m[1m^[0m
  [90m326 |[0m               </div>
  [90m327 |[0m             </div>
  [90m328 |[0m

Parsing ecmascript source code failed

Import traces:
  App Route:
    ./content/dsa/graphs/hamiltonian-path-cycle.tsx
    ./lib/content-registry.ts
    ./app/api/content/route.ts

  Client Component Browser:
    ./content/dsa/graphs/hamiltonian-path-cycle.tsx [Client Component Browser]
    ./components/LessonLoader.tsx [Client Component Browser]
    ./components/LessonLoader.tsx [Server Component]
    ./app/curriculum/[subject]/[topic]/[lesson]/page.tsx [Server Component]

  Client Component SSR:
    ./content/dsa/graphs/hamiltonian-path-cycle.tsx [Client Component SSR]
    ./components/LessonLoader.tsx [Client Component SSR]
    ./components/LessonLoader.tsx [Server Component]
    ./app/curriculum/[subject]/[topic]/[lesson]/page.tsx [Server Component]


./content/dsa/graphs/network-flow.tsx:387:17
Unexpected token. Did you mean `{'}'}` or `&rbrace;`?
  [90m385 |[0m  
  [90m386 |[0m                   );
[31m[1m>[0m [90m387 |[0m                 })}
  [90m    |[0m                 [31m[1m^[0m
  [90m388 |[0m               </div>
  [90m389 |[0m             </div>
  [90m390 |[0m

Parsing ecmascript source code failed

Import traces:
  App Route:
    ./content/dsa/graphs/network-flow.tsx
    ./lib/content-registry.ts
    ./app/api/content/route.ts

  Client Component Browser:
    ./content/dsa/graphs/network-flow.tsx [Client Component Browser]
    ./components/LessonLoader.tsx [Client Component Browser]
    ./components/LessonLoader.tsx [Server Component]
    ./app/curriculum/[subject]/[topic]/[lesson]/page.tsx [Server Component]

  Client Component SSR:
    ./content/dsa/graphs/network-flow.tsx [Client Component SSR]
    ./components/LessonLoader.tsx [Client Component SSR]
    ./components/LessonLoader.tsx [Server Component]
    ./app/curriculum/[subject]/[topic]/[lesson]/page.tsx [Server Component]


./content/dsa/graphs/network-flow.tsx:387:19
Unexpected token. Did you mean `{'}'}` or `&rbrace;`?
  [90m385 |[0m  
  [90m386 |[0m                   );
[31m[1m>[0m [90m387 |[0m                 })}
  [90m    |[0m                   [31m[1m^[0m
  [90m388 |[0m               </div>
  [90m389 |[0m             </div>
  [90m390 |[0m

Parsing ecmascript source code failed

Import traces:
  App Route:
    ./content/dsa/graphs/network-flow.tsx
    ./lib/content-registry.ts
    ./app/api/content/route.ts

  Client Component Browser:
    ./content/dsa/graphs/network-flow.tsx [Client Component Browser]
    ./components/LessonLoader.tsx [Client Component Browser]
    ./components/LessonLoader.tsx [Server Component]
    ./app/curriculum/[subject]/[topic]/[lesson]/page.tsx [Server Component]

  Client Component SSR:
    ./content/dsa/graphs/network-flow.tsx [Client Component SSR]
    ./components/LessonLoader.tsx [Client Component SSR]
    ./components/LessonLoader.tsx [Server Component]
    ./app/curriculum/[subject]/[topic]/[lesson]/page.tsx [Server Component]


./content/dsa/graphs/number-of-islands.tsx:318:23
Unexpected token. Did you mean `{'}'}` or `&rbrace;`?
  [90m316 |[0m                             {isCurrent && <div className=[32m"scanner-line"[0m />}
  [90m317 |[0m                         );
[31m[1m>[0m [90m318 |[0m                       })}
  [90m    |[0m                       [31m[1m^[0m
  [90m319 |[0m                     </div>
  [90m320 |[0m                   ))}
  [90m321 |[0m                 </div>

Parsing ecmascript source code failed

Import traces:
  App Route:
    ./content/dsa/graphs/number-of-islands.tsx
    ./lib/content-registry.ts
    ./app/api/content/route.ts

  Client Component Browser:
    ./content/dsa/graphs/number-of-islands.tsx [Client Component Browser]
    ./components/LessonLoader.tsx [Client Component Browser]
    ./components/LessonLoader.tsx [Server Component]
    ./app/curriculum/[subject]/[topic]/[lesson]/page.tsx [Server Component]

  Client Component SSR:
    ./content/dsa/graphs/number-of-islands.tsx [Client Component SSR]
    ./components/LessonLoader.tsx [Client Component SSR]
    ./components/LessonLoader.tsx [Server Component]
    ./app/curriculum/[subject]/[topic]/[lesson]/page.tsx [Server Component]


./content/dsa/graphs/number-of-islands.tsx:318:25
Unexpected token. Did you mean `{'}'}` or `&rbrace;`?
  [90m316 |[0m                             {isCurrent && <div className=[32m"scanner-line"[0m />}
  [90m317 |[0m                         );
[31m[1m>[0m [90m318 |[0m                       })}
  [90m    |[0m                         [31m[1m^[0m
  [90m319 |[0m                     </div>
  [90m320 |[0m                   ))}
  [90m321 |[0m                 </div>

Parsing ecmascript source code failed

Import traces:
  App Route:
    ./content/dsa/graphs/number-of-islands.tsx
    ./lib/content-registry.ts
    ./app/api/content/route.ts

  Client Component Browser:
    ./content/dsa/graphs/number-of-islands.tsx [Client Component Browser]
    ./components/LessonLoader.tsx [Client Component Browser]
    ./components/LessonLoader.tsx [Server Component]
    ./app/curriculum/[subject]/[topic]/[lesson]/page.tsx [Server Component]

  Client Component SSR:
    ./content/dsa/graphs/number-of-islands.tsx [Client Component SSR]
    ./components/LessonLoader.tsx [Client Component SSR]
    ./components/LessonLoader.tsx [Server Component]
    ./app/curriculum/[subject]/[topic]/[lesson]/page.tsx [Server Component]


./content/dsa/graphs/rotten-oranges.tsx:250:19
Unexpected token. Did you mean `{'}'}` or `&rbrace;`?
  [90m248 |[0m                         {val === [35m2[0m && !isInitialSource && <div className=[32m"rot-wave"[0m 
/>}
  [90m249 |[0m                     );
[31m[1m>[0m [90m250 |[0m                   })}
  [90m    |[0m                   [31m[1m^[0m
  [90m251 |[0m                 </div>
  [90m252 |[0m               ))}
  [90m253 |[0m             </div>

Parsing ecmascript source code failed

Import traces:
  App Route:
    ./content/dsa/graphs/rotten-oranges.tsx
    ./lib/content-registry.ts
    ./app/api/content/route.ts

  Client Component Browser:
    ./content/dsa/graphs/rotten-oranges.tsx [Client Component Browser]
    ./components/LessonLoader.tsx [Client Component Browser]
    ./components/LessonLoader.tsx [Server Component]
    ./app/curriculum/[subject]/[topic]/[lesson]/page.tsx [Server Component]

  Client Component SSR:
    ./content/dsa/graphs/rotten-oranges.tsx [Client Component SSR]
    ./components/LessonLoader.tsx [Client Component SSR]
    ./components/LessonLoader.tsx [Server Component]
    ./app/curriculum/[subject]/[topic]/[lesson]/page.tsx [Server Component]


./content/dsa/graphs/rotten-oranges.tsx:250:21
Unexpected token. Did you mean `{'}'}` or `&rbrace;`?
  [90m248 |[0m                         {val === [35m2[0m && !isInitialSource && <div className=[32m"rot-wave"[0m 
/>}
  [90m249 |[0m                     );
[31m[1m>[0m [90m250 |[0m                   })}
  [90m    |[0m                     [31m[1m^[0m
  [90m251 |[0m                 </div>
  [90m252 |[0m               ))}
  [90m253 |[0m             </div>

Parsing ecmascript source code failed

Import traces:
  App Route:
    ./content/dsa/graphs/rotten-oranges.tsx
    ./lib/content-registry.ts
    ./app/api/content/route.ts

  Client Component Browser:
    ./content/dsa/graphs/rotten-oranges.tsx [Client Component Browser]
    ./components/LessonLoader.tsx [Client Component Browser]
    ./components/LessonLoader.tsx [Server Component]
    ./app/curriculum/[subject]/[topic]/[lesson]/page.tsx [Server Component]

  Client Component SSR:
    ./content/dsa/graphs/rotten-oranges.tsx [Client Component SSR]
    ./components/LessonLoader.tsx [Client Component SSR]
    ./components/LessonLoader.tsx [Server Component]
    ./app/curriculum/[subject]/[topic]/[lesson]/page.tsx [Server Component]


./content/dsa/graphs/shortest-path-matrix.tsx:200:19
Unexpected token. Did you mean `{'}'}` or `&rbrace;`?
  [90m198 |[0m                         {isCurrent && <div className=[32m"scanner"[0m />}
  [90m199 |[0m                     );
[31m[1m>[0m [90m200 |[0m                   })}
  [90m    |[0m                   [31m[1m^[0m
  [90m201 |[0m                 </div>
  [90m202 |[0m               ))}
  [90m203 |[0m       </section>

Parsing ecmascript source code failed

Import traces:
  App Route:
    ./content/dsa/graphs/shortest-path-matrix.tsx
    ./lib/content-registry.ts
    ./app/api/content/route.ts

  Client Component Browser:
    ./content/dsa/graphs/shortest-path-matrix.tsx [Client Component Browser]
    ./components/LessonLoader.tsx [Client Component Browser]
    ./components/LessonLoader.tsx [Server Component]
    ./app/curriculum/[subject]/[topic]/[lesson]/page.tsx [Server Component]

  Client Component SSR:
    ./content/dsa/graphs/shortest-path-matrix.tsx [Client Component SSR]
    ./components/LessonLoader.tsx [Client Component SSR]
    ./components/LessonLoader.tsx [Server Component]
    ./app/curriculum/[subject]/[topic]/[lesson]/page.tsx [Server Component]


./content/dsa/graphs/shortest-path-matrix.tsx:200:21
Unexpected token. Did you mean `{'}'}` or `&rbrace;`?
  [90m198 |[0m                         {isCurrent && <div className=[32m"scanner"[0m />}
  [90m199 |[0m                     );
[31m[1m>[0m [90m200 |[0m                   })}
  [90m    |[0m                     [31m[1m^[0m
  [90m201 |[0m                 </div>
  [90m202 |[0m               ))}
  [90m203 |[0m       </section>

Parsing ecmascript source code failed

Import traces:
  App Route:
    ./content/dsa/graphs/shortest-path-matrix.tsx
    ./lib/content-registry.ts
    ./app/api/content/route.ts

  Client Component Browser:
    ./content/dsa/graphs/shortest-path-matrix.tsx [Client Component Browser]
    ./components/LessonLoader.tsx [Client Component Browser]
    ./components/LessonLoader.tsx [Server Component]
    ./app/curriculum/[subject]/[topic]/[lesson]/page.tsx [Server Component]

  Client Component SSR:
    ./content/dsa/graphs/shortest-path-matrix.tsx [Client Component SSR]
    ./components/LessonLoader.tsx [Client Component SSR]
    ./components/LessonLoader.tsx [Server Component]
    ./app/curriculum/[subject]/[topic]/[lesson]/page.tsx [Server Component]


./content/dsa/graphs/word-ladder.tsx:215:17
Unexpected token. Did you mean `{'}'}` or `&rbrace;`?
  [90m213 |[0m                       {w}
  [90m214 |[0m                   );
[31m[1m>[0m [90m215 |[0m                 })}
  [90m    |[0m                 [31m[1m^[0m
  [90m216 |[0m               </div>
  [90m217 |[0m             </div>
  [90m218 |[0m

Parsing ecmascript source code failed

Import traces:
  App Route:
    ./content/dsa/graphs/word-ladder.tsx
    ./lib/content-registry.ts
    ./app/api/content/route.ts

  Client Component Browser:
    ./content/dsa/graphs/word-ladder.tsx [Client Component Browser]
    ./components/LessonLoader.tsx [Client Component Browser]
    ./components/LessonLoader.tsx [Server Component]
    ./app/curriculum/[subject]/[topic]/[lesson]/page.tsx [Server Component]

  Client Component SSR:
    ./content/dsa/graphs/word-ladder.tsx [Client Component SSR]
    ./components/LessonLoader.tsx [Client Component SSR]
    ./components/LessonLoader.tsx [Server Component]
    ./app/curriculum/[subject]/[topic]/[lesson]/page.tsx [Server Component]


./content/dsa/graphs/word-ladder.tsx:215:19
Unexpected token. Did you mean `{'}'}` or `&rbrace;`?
  [90m213 |[0m                       {w}
  [90m214 |[0m                   );
[31m[1m>[0m [90m215 |[0m                 })}
  [90m    |[0m                   [31m[1m^[0m
  [90m216 |[0m               </div>
  [90m217 |[0m             </div>
  [90m218 |[0m

Parsing ecmascript source code failed

Import traces:
  App Route:
    ./content/dsa/graphs/word-ladder.tsx
    ./lib/content-registry.ts
    ./app/api/content/route.ts

  Client Component Browser:
    ./content/dsa/graphs/word-ladder.tsx [Client Component Browser]
    ./components/LessonLoader.tsx [Client Component Browser]
    ./components/LessonLoader.tsx [Server Component]
    ./app/curriculum/[subject]/[topic]/[lesson]/page.tsx [Server Component]

  Client Component SSR:
    ./content/dsa/graphs/word-ladder.tsx [Client Component SSR]
    ./components/LessonLoader.tsx [Client Component SSR]
    ./components/LessonLoader.tsx [Server Component]
    ./app/curriculum/[subject]/[topic]/[lesson]/page.tsx [Server Component]


./content/dsa/hashing/bitmask-hashing.tsx:11:1
Unexpected token. Did you mean `{'}'}` or `&rbrace;`?
  [90m 9 |[0m  
  [90m10 |[0m   );
[31m[1m>[0m [90m11 |[0m }
  [90m   |[0m [31m[1m^[0m
  [90m12 |[0m
  [90m13 |[0m
  [90m14 |[0m

Parsing ecmascript source code failed

Import traces:
  App Route:
    ./content/dsa/hashing/bitmask-hashing.tsx
    ./lib/content-registry.ts
    ./app/api/content/route.ts

  Client Component Browser:
    ./content/dsa/hashing/bitmask-hashing.tsx [Client Component Browser]
    ./components/LessonLoader.tsx [Client Component Browser]
    ./components/LessonLoader.tsx [Server Component]
    ./app/curriculum/[subject]/[topic]/[lesson]/page.tsx [Server Component]

  Client Component SSR:
    ./content/dsa/hashing/bitmask-hashing.tsx [Client Component SSR]
    ./components/LessonLoader.tsx [Client Component SSR]
    ./components/LessonLoader.tsx [Server Component]
    ./app/curriculum/[subject]/[topic]/[lesson]/page.tsx [Server Component]


./content/dsa/hashing/bucket-concept.tsx:11:1
Unexpected token. Did you mean `{'}'}` or `&rbrace;`?
  [90m 9 |[0m  
  [90m10 |[0m   );
[31m[1m>[0m [90m11 |[0m }
  [90m   |[0m [31m[1m^[0m
  [90m12 |[0m
  [90m13 |[0m
  [90m14 |[0m

Parsing ecmascript source code failed

Import traces:
  App Route:
    ./content/dsa/hashing/bucket-concept.tsx
    ./lib/content-registry.ts
    ./app/api/content/route.ts

  Client Component Browser:
    ./content/dsa/hashing/bucket-concept.tsx [Client Component Browser]
    ./components/LessonLoader.tsx [Client Component Browser]
    ./components/LessonLoader.tsx [Server Component]
    ./app/curriculum/[subject]/[topic]/[lesson]/page.tsx [Server Component]

  Client Component SSR:
    ./content/dsa/hashing/bucket-concept.tsx [Client Component SSR]
    ./components/LessonLoader.tsx [Client Component SSR]
    ./components/LessonLoader.tsx [Server Component]
    ./app/curriculum/[subject]/[topic]/[lesson]/page.tsx [Server Component]


./content/dsa/hashing/character-hashing.tsx:11:1
Unexpected token. Did you mean `{'}'}` or `&rbrace;`?
  [90m 9 |[0m  
  [90m10 |[0m   );
[31m[1m>[0m [90m11 |[0m }
  [90m   |[0m [31m[1m^[0m
  [90m12 |[0m
  [90m13 |[0m
  [90m14 |[0m

Parsing ecmascript source code failed

Import traces:
  App Route:
    ./content/dsa/hashing/character-hashing.tsx
    ./lib/content-registry.ts
    ./app/api/content/route.ts

  Client Component Browser:
    ./content/dsa/hashing/character-hashing.tsx [Client Component Browser]
    ./components/LessonLoader.tsx [Client Component Browser]
    ./components/LessonLoader.tsx [Server Component]
    ./app/curriculum/[subject]/[topic]/[lesson]/page.tsx [Server Component]

  Client Component SSR:
    ./content/dsa/hashing/character-hashing.tsx [Client Component SSR]
    ./components/LessonLoader.tsx [Client Component SSR]
    ./components/LessonLoader.tsx [Server Component]
    ./app/curriculum/[subject]/[topic]/[lesson]/page.tsx [Server Component]


./content/dsa/hashing/collision-in-hashing.tsx:11:1
Unexpected token. Did you mean `{'}'}` or `&rbrace;`?
  [90m 9 |[0m  
  [90m10 |[0m   );
[31m[1m>[0m [90m11 |[0m }
  [90m   |[0m [31m[1m^[0m
  [90m12 |[0m
  [90m13 |[0m
  [90m14 |[0m

Parsing ecmascript source code failed

Import traces:
  App Route:
    ./content/dsa/hashing/collision-in-hashing.tsx
    ./lib/content-registry.ts
    ./app/api/content/route.ts

  Client Component Browser:
    ./content/dsa/hashing/collision-in-hashing.tsx [Client Component Browser]
    ./components/LessonLoader.tsx [Client Component Browser]
    ./components/LessonLoader.tsx [Server Component]
    ./app/curriculum/[subject]/[topic]/[lesson]/page.tsx [Server Component]

  Client Component SSR:
    ./content/dsa/hashing/collision-in-hashing.tsx [Client Component SSR]
    ./components/LessonLoader.tsx [Client Component SSR]
    ./components/LessonLoader.tsx [Server Component]
    ./app/curriculum/[subject]/[topic]/[lesson]/page.tsx [Server Component]


./content/dsa/hashing/collision-resolution.tsx:11:1
Unexpected token. Did you mean `{'}'}` or `&rbrace;`?
  [90m 9 |[0m  
  [90m10 |[0m   );
[31m[1m>[0m [90m11 |[0m }
  [90m   |[0m [31m[1m^[0m
  [90m12 |[0m
  [90m13 |[0m
  [90m14 |[0m

Parsing ecmascript source code failed

Import traces:
  App Route:
    ./content/dsa/hashing/collision-resolution.tsx
    ./lib/content-registry.ts
    ./app/api/content/route.ts

  Client Component Browser:
    ./content/dsa/hashing/collision-resolution.tsx [Client Component Browser]
    ./components/LessonLoader.tsx [Client Component Browser]
    ./components/LessonLoader.tsx [Server Component]
    ./app/curriculum/[subject]/[topic]/[lesson]/page.tsx [Server Component]

  Client Component SSR:
    ./content/dsa/hashing/collision-resolution.tsx [Client Component SSR]
    ./components/LessonLoader.tsx [Client Component SSR]
    ./components/LessonLoader.tsx [Server Component]
    ./app/curriculum/[subject]/[topic]/[lesson]/page.tsx [Server Component]


./content/dsa/hashing/coordinate-compression-hashing.tsx:11:1
Unexpected token. Did you mean `{'}'}` or `&rbrace;`?
  [90m 9 |[0m  
  [90m10 |[0m   );
[31m[1m>[0m [90m11 |[0m }
  [90m   |[0m [31m[1m^[0m
  [90m12 |[0m
  [90m13 |[0m
  [90m14 |[0m

Parsing ecmascript source code failed

Import traces:
  App Route:
    ./content/dsa/hashing/coordinate-compression-hashing.tsx
    ./lib/content-registry.ts
    ./app/api/content/route.ts

  Client Component Browser:
    ./content/dsa/hashing/coordinate-compression-hashing.tsx [Client Component Browser]
    ./components/LessonLoader.tsx [Client Component Browser]
    ./components/LessonLoader.tsx [Server Component]
    ./app/curriculum/[subject]/[topic]/[lesson]/page.tsx [Server Component]

  Client Component SSR:
    ./content/dsa/hashing/coordinate-compression-hashing.tsx [Client Component SSR]
    ./components/LessonLoader.tsx [Client Component SSR]
    ./components/LessonLoader.tsx [Server Component]
    ./app/curriculum/[subject]/[topic]/[lesson]/page.tsx [Server Component]


./content/dsa/hashing/count-subarrays-sum-k.tsx:11:1
Unexpected token. Did you mean `{'}'}` or `&rbrace;`?
  [90m 9 |[0m  
  [90m10 |[0m   );
[31m[1m>[0m [90m11 |[0m }
  [90m   |[0m [31m[1m^[0m
  [90m12 |[0m
  [90m13 |[0m
  [90m14 |[0m

Parsing ecmascript source code failed

Import traces:
  App Route:
    ./content/dsa/hashing/count-subarrays-sum-k.tsx
    ./lib/content-registry.ts
    ./app/api/content/route.ts

  Client Component Browser:
    ./content/dsa/hashing/count-subarrays-sum-k.tsx [Client Component Browser]
    ./components/LessonLoader.tsx [Client Component Browser]
    ./components/LessonLoader.tsx [Server Component]
    ./app/curriculum/[subject]/[topic]/[lesson]/page.tsx [Server Component]

  Client Component SSR:
    ./content/dsa/hashing/count-subarrays-sum-k.tsx [Client Component SSR]
    ./components/LessonLoader.tsx [Client Component SSR]
    ./components/LessonLoader.tsx [Server Component]
    ./app/curriculum/[subject]/[topic]/[lesson]/page.tsx [Server Component]


./content/dsa/hashing/counting-frequencies.tsx:11:1
Unexpected token. Did you mean `{'}'}` or `&rbrace;`?
  [90m 9 |[0m  
  [90m10 |[0m   );
[31m[1m>[0m [90m11 |[0m }
  [90m   |[0m [31m[1m^[0m
  [90m12 |[0m
  [90m13 |[0m
  [90m14 |[0m

Parsing ecmascript source code failed

Import traces:
  App Route:
    ./content/dsa/hashing/counting-frequencies.tsx
    ./lib/content-registry.ts
    ./app/api/content/route.ts

  Client Component Browser:
    ./content/dsa/hashing/counting-frequencies.tsx [Client Component Browser]
    ./components/LessonLoader.tsx [Client Component Browser]
    ./components/LessonLoader.tsx [Server Component]
    ./app/curriculum/[subject]/[topic]/[lesson]/page.tsx [Server Component]

  Client Component SSR:
    ./content/dsa/hashing/counting-frequencies.tsx [Client Component SSR]
    ./components/LessonLoader.tsx [Client Component SSR]
    ./components/LessonLoader.tsx [Server Component]
    ./app/curriculum/[subject]/[topic]/[lesson]/page.tsx [Server Component]


./content/dsa/hashing/custom-hash-functions.tsx:11:1
Unexpected token. Did you mean `{'}'}` or `&rbrace;`?
  [90m 9 |[0m  
  [90m10 |[0m   );
[31m[1m>[0m [90m11 |[0m }
  [90m   |[0m [31m[1m^[0m
  [90m12 |[0m
  [90m13 |[0m
  [90m14 |[0m

Parsing ecmascript source code failed

Import traces:
  App Route:
    ./content/dsa/hashing/custom-hash-functions.tsx
    ./lib/content-registry.ts
    ./app/api/content/route.ts

  Client Component Browser:
    ./content/dsa/hashing/custom-hash-functions.tsx [Client Component Browser]
    ./components/LessonLoader.tsx [Client Component Browser]
    ./components/LessonLoader.tsx [Server Component]
    ./app/curriculum/[subject]/[topic]/[lesson]/page.tsx [Server Component]

  Client Component SSR:
    ./content/dsa/hashing/custom-hash-functions.tsx [Client Component SSR]
    ./components/LessonLoader.tsx [Client Component SSR]
    ./components/LessonLoader.tsx [Server Component]
    ./app/curriculum/[subject]/[topic]/[lesson]/page.tsx [Server Component]


./content/dsa/hashing/direct-addressing.tsx:11:1
Unexpected token. Did you mean `{'}'}` or `&rbrace;`?
  [90m 9 |[0m  
  [90m10 |[0m   );
[31m[1m>[0m [90m11 |[0m }
  [90m   |[0m [31m[1m^[0m
  [90m12 |[0m
  [90m13 |[0m
  [90m14 |[0m

Parsing ecmascript source code failed

Import traces:
  App Route:
    ./content/dsa/hashing/direct-addressing.tsx
    ./lib/content-registry.ts
    ./app/api/content/route.ts

  Client Component Browser:
    ./content/dsa/hashing/direct-addressing.tsx [Client Component Browser]
    ./components/LessonLoader.tsx [Client Component Browser]
    ./components/LessonLoader.tsx [Server Component]
    ./app/curriculum/[subject]/[topic]/[lesson]/page.tsx [Server Component]

  Client Component SSR:
    ./content/dsa/hashing/direct-addressing.tsx [Client Component SSR]
    ./components/LessonLoader.tsx [Client Component SSR]
    ./components/LessonLoader.tsx [Server Component]
    ./app/curriculum/[subject]/[topic]/[lesson]/page.tsx [Server Component]


./content/dsa/hashing/double-hashing-strings.tsx:11:1
Unexpected token. Did you mean `{'}'}` or `&rbrace;`?
  [90m 9 |[0m  
  [90m10 |[0m   );
[31m[1m>[0m [90m11 |[0m }
  [90m   |[0m [31m[1m^[0m
  [90m12 |[0m
  [90m13 |[0m
  [90m14 |[0m

Parsing ecmascript source code failed

Import traces:
  App Route:
    ./content/dsa/hashing/double-hashing-strings.tsx
    ./lib/content-registry.ts
    ./app/api/content/route.ts

  Client Component Browser:
    ./content/dsa/hashing/double-hashing-strings.tsx [Client Component Browser]
    ./components/LessonLoader.tsx [Client Component Browser]
    ./components/LessonLoader.tsx [Server Component]
    ./app/curriculum/[subject]/[topic]/[lesson]/page.tsx [Server Component]

  Client Component SSR:
    ./content/dsa/hashing/double-hashing-strings.tsx [Client Component SSR]
    ./components/LessonLoader.tsx [Client Component SSR]
    ./components/LessonLoader.tsx [Server Component]
    ./app/curriculum/[subject]/[topic]/[lesson]/page.tsx [Server Component]


./content/dsa/hashing/double-hashing.tsx:11:1
Unexpected token. Did you mean `{'}'}` or `&rbrace;`?
  [90m 9 |[0m  
  [90m10 |[0m   );
[31m[1m>[0m [90m11 |[0m }
  [90m   |[0m [31m[1m^[0m
  [90m12 |[0m
  [90m13 |[0m
  [90m14 |[0m

Parsing ecmascript source code failed

Import traces:
  App Route:
    ./content/dsa/hashing/double-hashing.tsx
    ./lib/content-registry.ts
    ./app/api/content/route.ts

  Client Component Browser:
    ./content/dsa/hashing/double-hashing.tsx [Client Component Browser]
    ./components/LessonLoader.tsx [Client Component Browser]
    ./components/LessonLoader.tsx [Server Component]
    ./app/curriculum/[subject]/[topic]/[lesson]/page.tsx [Server Component]

  Client Component SSR:
    ./content/dsa/hashing/double-hashing.tsx [Client Component SSR]
    ./components/LessonLoader.tsx [Client Component SSR]
    ./components/LessonLoader.tsx [Server Component]
    ./app/curriculum/[subject]/[topic]/[lesson]/page.tsx [Server Component]


./content/dsa/hashing/duplicate-detection.tsx:11:1
Unexpected token. Did you mean `{'}'}` or `&rbrace;`?
  [90m 9 |[0m  
  [90m10 |[0m   );
[31m[1m>[0m [90m11 |[0m }
  [90m   |[0m [31m[1m^[0m
  [90m12 |[0m
  [90m13 |[0m
  [90m14 |[0m

Parsing ecmascript source code failed

Import traces:
  App Route:
    ./content/dsa/hashing/duplicate-detection.tsx
    ./lib/content-registry.ts
    ./app/api/content/route.ts

  Client Component Browser:
    ./content/dsa/hashing/duplicate-detection.tsx [Client Component Browser]
    ./components/LessonLoader.tsx [Client Component Browser]
    ./components/LessonLoader.tsx [Server Component]
    ./app/curriculum/[subject]/[topic]/[lesson]/page.tsx [Server Component]

  Client Component SSR:
    ./content/dsa/hashing/duplicate-detection.tsx [Client Component SSR]
    ./components/LessonLoader.tsx [Client Component SSR]
    ./components/LessonLoader.tsx [Server Component]
    ./app/curriculum/[subject]/[topic]/[lesson]/page.tsx [Server Component]


./content/dsa/hashing/first-non-repeating-char.tsx:11:1
Unexpected token. Did you mean `{'}'}` or `&rbrace;`?
  [90m 9 |[0m  
  [90m10 |[0m   );
[31m[1m>[0m [90m11 |[0m }
  [90m   |[0m [31m[1m^[0m
  [90m12 |[0m
  [90m13 |[0m
  [90m14 |[0m

Parsing ecmascript source code failed

Import traces:
  App Route:
    ./content/dsa/hashing/first-non-repeating-char.tsx
    ./lib/content-registry.ts
    ./app/api/content/route.ts

  Client Component Browser:
    ./content/dsa/hashing/first-non-repeating-char.tsx [Client Component Browser]
    ./components/LessonLoader.tsx [Client Component Browser]
    ./components/LessonLoader.tsx [Server Component]
    ./app/curriculum/[subject]/[topic]/[lesson]/page.tsx [Server Component]

  Client Component SSR:
    ./content/dsa/hashing/first-non-repeating-char.tsx [Client Component SSR]
    ./components/LessonLoader.tsx [Client Component SSR]
    ./components/LessonLoader.tsx [Server Component]
    ./app/curriculum/[subject]/[topic]/[lesson]/page.tsx [Server Component]


./content/dsa/hashing/frequency-array.tsx:11:1
Unexpected token. Did you mean `{'}'}` or `&rbrace;`?
  [90m 9 |[0m  
  [90m10 |[0m   );
[31m[1m>[0m [90m11 |[0m }
  [90m   |[0m [31m[1m^[0m
  [90m12 |[0m
  [90m13 |[0m
  [90m14 |[0m

Parsing ecmascript source code failed

Import traces:
  App Route:
    ./content/dsa/hashing/frequency-array.tsx
    ./lib/content-registry.ts
    ./app/api/content/route.ts

  Client Component Browser:
    ./content/dsa/hashing/frequency-array.tsx [Client Component Browser]
    ./components/LessonLoader.tsx [Client Component Browser]
    ./components/LessonLoader.tsx [Server Component]
    ./app/curriculum/[subject]/[topic]/[lesson]/page.tsx [Server Component]

  Client Component SSR:
    ./content/dsa/hashing/frequency-array.tsx [Client Component SSR]
    ./components/LessonLoader.tsx [Client Component SSR]
    ./components/LessonLoader.tsx [Server Component]
    ./app/curriculum/[subject]/[topic]/[lesson]/page.tsx [Server Component]


./content/dsa/hashing/frequency-map.tsx:11:1
Unexpected token. Did you mean `{'}'}` or `&rbrace;`?
  [90m 9 |[0m  
  [90m10 |[0m   );
[31m[1m>[0m [90m11 |[0m }
  [90m   |[0m [31m[1m^[0m
  [90m12 |[0m
  [90m13 |[0m
  [90m14 |[0m

Parsing ecmascript source code failed

Import traces:
  App Route:
    ./content/dsa/hashing/frequency-map.tsx
    ./lib/content-registry.ts
    ./app/api/content/route.ts

  Client Component Browser:
    ./content/dsa/hashing/frequency-map.tsx [Client Component Browser]
    ./components/LessonLoader.tsx [Client Component Browser]
    ./components/LessonLoader.tsx [Server Component]
    ./app/curriculum/[subject]/[topic]/[lesson]/page.tsx [Server Component]

  Client Component SSR:
    ./content/dsa/hashing/frequency-map.tsx [Client Component SSR]
    ./components/LessonLoader.tsx [Client Component SSR]
    ./components/LessonLoader.tsx [Server Component]
    ./app/curriculum/[subject]/[topic]/[lesson]/page.tsx [Server Component]


./content/dsa/hashing/good-hash-function.tsx:11:1
Unexpected token. Did you mean `{'}'}` or `&rbrace;`?
  [90m 9 |[0m  
  [90m10 |[0m   );
[31m[1m>[0m [90m11 |[0m }
  [90m   |[0m [31m[1m^[0m
  [90m12 |[0m
  [90m13 |[0m
  [90m14 |[0m

Parsing ecmascript source code failed

Import traces:
  App Route:
    ./content/dsa/hashing/good-hash-function.tsx
    ./lib/content-registry.ts
    ./app/api/content/route.ts

  Client Component Browser:
    ./content/dsa/hashing/good-hash-function.tsx [Client Component Browser]
    ./components/LessonLoader.tsx [Client Component Browser]
    ./components/LessonLoader.tsx [Server Component]
    ./app/curriculum/[subject]/[topic]/[lesson]/page.tsx [Server Component]

  Client Component SSR:
    ./content/dsa/hashing/good-hash-function.tsx [Client Component SSR]
    ./components/LessonLoader.tsx [Client Component SSR]
    ./components/LessonLoader.tsx [Server Component]
    ./app/curriculum/[subject]/[topic]/[lesson]/page.tsx [Server Component]


./content/dsa/hashing/group-anagrams.tsx:11:1
Unexpected token. Did you mean `{'}'}` or `&rbrace;`?
  [90m 9 |[0m  
  [90m10 |[0m   );
[31m[1m>[0m [90m11 |[0m }
  [90m   |[0m [31m[1m^[0m
  [90m12 |[0m
  [90m13 |[0m
  [90m14 |[0m

Parsing ecmascript source code failed

Import traces:
  App Route:
    ./content/dsa/hashing/group-anagrams.tsx
    ./lib/content-registry.ts
    ./app/api/content/route.ts

  Client Component Browser:
    ./content/dsa/hashing/group-anagrams.tsx [Client Component Browser]
    ./components/LessonLoader.tsx [Client Component Browser]
    ./components/LessonLoader.tsx [Server Component]
    ./app/curriculum/[subject]/[topic]/[lesson]/page.tsx [Server Component]

  Client Component SSR:
    ./content/dsa/hashing/group-anagrams.tsx [Client Component SSR]
    ./components/LessonLoader.tsx [Client Component SSR]
    ./components/LessonLoader.tsx [Server Component]
    ./app/curriculum/[subject]/[topic]/[lesson]/page.tsx [Server Component]


./content/dsa/hashing/hash-collision-strings.tsx:11:1
Unexpected token. Did you mean `{'}'}` or `&rbrace;`?
  [90m 9 |[0m  
  [90m10 |[0m   );
[31m[1m>[0m [90m11 |[0m }
  [90m   |[0m [31m[1m^[0m
  [90m12 |[0m
  [90m13 |[0m
  [90m14 |[0m

Parsing ecmascript source code failed

Import traces:
  App Route:
    ./content/dsa/hashing/hash-collision-strings.tsx
    ./lib/content-registry.ts
    ./app/api/content/route.ts

  Client Component Browser:
    ./content/dsa/hashing/hash-collision-strings.tsx [Client Component Browser]
    ./components/LessonLoader.tsx [Client Component Browser]
    ./components/LessonLoader.tsx [Server Component]
    ./app/curriculum/[subject]/[topic]/[lesson]/page.tsx [Server Component]

  Client Component SSR:
    ./content/dsa/hashing/hash-collision-strings.tsx [Client Component SSR]
    ./components/LessonLoader.tsx [Client Component SSR]
    ./components/LessonLoader.tsx [Server Component]
    ./app/curriculum/[subject]/[topic]/[lesson]/page.tsx [Server Component]


./content/dsa/hashing/hash-function.tsx:11:1
Unexpected token. Did you mean `{'}'}` or `&rbrace;`?
  [90m 9 |[0m  
  [90m10 |[0m   );
[31m[1m>[0m [90m11 |[0m }
  [90m   |[0m [31m[1m^[0m
  [90m12 |[0m
  [90m13 |[0m
  [90m14 |[0m

Parsing ecmascript source code failed

Import traces:
  App Route:
    ./content/dsa/hashing/hash-function.tsx
    ./lib/content-registry.ts
    ./app/api/content/route.ts

  Client Component Browser:
    ./content/dsa/hashing/hash-function.tsx [Client Component Browser]
    ./components/LessonLoader.tsx [Client Component Browser]
    ./components/LessonLoader.tsx [Server Component]
    ./app/curriculum/[subject]/[topic]/[lesson]/page.tsx [Server Component]

  Client Component SSR:
    ./content/dsa/hashing/hash-function.tsx [Client Component SSR]
    ./components/LessonLoader.tsx [Client Component SSR]
    ./components/LessonLoader.tsx [Server Component]
    ./app/curriculum/[subject]/[topic]/[lesson]/page.tsx [Server Component]


./content/dsa/hashing/hash-table.tsx:11:1
Unexpected token. Did you mean `{'}'}` or `&rbrace;`?
  [90m 9 |[0m  
  [90m10 |[0m   );
[31m[1m>[0m [90m11 |[0m }
  [90m   |[0m [31m[1m^[0m
  [90m12 |[0m
  [90m13 |[0m
  [90m14 |[0m

Parsing ecmascript source code failed

Import traces:
  App Route:
    ./content/dsa/hashing/hash-table.tsx
    ./lib/content-registry.ts
    ./app/api/content/route.ts

  Client Component Browser:
    ./content/dsa/hashing/hash-table.tsx [Client Component Browser]
    ./components/LessonLoader.tsx [Client Component Browser]
    ./components/LessonLoader.tsx [Server Component]
    ./app/curriculum/[subject]/[topic]/[lesson]/page.tsx [Server Component]

  Client Component SSR:
    ./content/dsa/hashing/hash-table.tsx [Client Component SSR]
    ./components/LessonLoader.tsx [Client Component SSR]
    ./components/LessonLoader.tsx [Server Component]
    ./app/curriculum/[subject]/[topic]/[lesson]/page.tsx [Server Component]


./content/dsa/hashing/hashing-binary-search-problems.tsx:11:1
Unexpected token. Did you mean `{'}'}` or `&rbrace;`?
  [90m 9 |[0m  
  [90m10 |[0m   );
[31m[1m>[0m [90m11 |[0m }
  [90m   |[0m [31m[1m^[0m
  [90m12 |[0m
  [90m13 |[0m
  [90m14 |[0m

Parsing ecmascript source code failed

Import traces:
  App Route:
    ./content/dsa/hashing/hashing-binary-search-problems.tsx
    ./lib/content-registry.ts
    ./app/api/content/route.ts

  Client Component Browser:
    ./content/dsa/hashing/hashing-binary-search-problems.tsx [Client Component Browser]
    ./components/LessonLoader.tsx [Client Component Browser]
    ./components/LessonLoader.tsx [Server Component]
    ./app/curriculum/[subject]/[topic]/[lesson]/page.tsx [Server Component]

  Client Component SSR:
    ./content/dsa/hashing/hashing-binary-search-problems.tsx [Client Component SSR]
    ./components/LessonLoader.tsx [Client Component SSR]
    ./components/LessonLoader.tsx [Server Component]
    ./app/curriculum/[subject]/[topic]/[lesson]/page.tsx [Server Component]


./content/dsa/hashing/hashing-for-caching.tsx:11:1
Unexpected token. Did you mean `{'}'}` or `&rbrace;`?
  [90m 9 |[0m  
  [90m10 |[0m   );
[31m[1m>[0m [90m11 |[0m }
  [90m   |[0m [31m[1m^[0m
  [90m12 |[0m
  [90m13 |[0m
  [90m14 |[0m

Parsing ecmascript source code failed

Import traces:
  App Route:
    ./content/dsa/hashing/hashing-for-caching.tsx
    ./lib/content-registry.ts
    ./app/api/content/route.ts

  Client Component Browser:
    ./content/dsa/hashing/hashing-for-caching.tsx [Client Component Browser]
    ./components/LessonLoader.tsx [Client Component Browser]
    ./components/LessonLoader.tsx [Server Component]
    ./app/curriculum/[subject]/[topic]/[lesson]/page.tsx [Server Component]

  Client Component SSR:
    ./content/dsa/hashing/hashing-for-caching.tsx [Client Component SSR]
    ./components/LessonLoader.tsx [Client Component SSR]
    ./components/LessonLoader.tsx [Server Component]
    ./app/curriculum/[subject]/[topic]/[lesson]/page.tsx [Server Component]


./content/dsa/hashing/hashing-greedy-problems.tsx:11:1
Unexpected token. Did you mean `{'}'}` or `&rbrace;`?
  [90m 9 |[0m  
  [90m10 |[0m   );
[31m[1m>[0m [90m11 |[0m }
  [90m   |[0m [31m[1m^[0m
  [90m12 |[0m
  [90m13 |[0m
  [90m14 |[0m

Parsing ecmascript source code failed

Import traces:
  App Route:
    ./content/dsa/hashing/hashing-greedy-problems.tsx
    ./lib/content-registry.ts
    ./app/api/content/route.ts

  Client Component Browser:
    ./content/dsa/hashing/hashing-greedy-problems.tsx [Client Component Browser]
    ./components/LessonLoader.tsx [Client Component Browser]
    ./components/LessonLoader.tsx [Server Component]
    ./app/curriculum/[subject]/[topic]/[lesson]/page.tsx [Server Component]

  Client Component SSR:
    ./content/dsa/hashing/hashing-greedy-problems.tsx [Client Component SSR]
    ./components/LessonLoader.tsx [Client Component SSR]
    ./components/LessonLoader.tsx [Server Component]
    ./app/curriculum/[subject]/[topic]/[lesson]/page.tsx [Server Component]


./content/dsa/hashing/hashing-in-stl.tsx:11:1
Unexpected token. Did you mean `{'}'}` or `&rbrace;`?
  [90m 9 |[0m  
  [90m10 |[0m   );
[31m[1m>[0m [90m11 |[0m }
  [90m   |[0m [31m[1m^[0m
  [90m12 |[0m
  [90m13 |[0m
  [90m14 |[0m

Parsing ecmascript source code failed

Import traces:
  App Route:
    ./content/dsa/hashing/hashing-in-stl.tsx
    ./lib/content-registry.ts
    ./app/api/content/route.ts

  Client Component Browser:
    ./content/dsa/hashing/hashing-in-stl.tsx [Client Component Browser]
    ./components/LessonLoader.tsx [Client Component Browser]
    ./components/LessonLoader.tsx [Server Component]
    ./app/curriculum/[subject]/[topic]/[lesson]/page.tsx [Server Component]

  Client Component SSR:
    ./content/dsa/hashing/hashing-in-stl.tsx [Client Component SSR]
    ./components/LessonLoader.tsx [Client Component SSR]
    ./components/LessonLoader.tsx [Server Component]
    ./app/curriculum/[subject]/[topic]/[lesson]/page.tsx [Server Component]


./content/dsa/hashing/hashing-pair-problems.tsx:11:1
Unexpected token. Did you mean `{'}'}` or `&rbrace;`?
  [90m 9 |[0m  
  [90m10 |[0m   );
[31m[1m>[0m [90m11 |[0m }
  [90m   |[0m [31m[1m^[0m
  [90m12 |[0m
  [90m13 |[0m
  [90m14 |[0m

Parsing ecmascript source code failed

Import traces:
  App Route:
    ./content/dsa/hashing/hashing-pair-problems.tsx
    ./lib/content-registry.ts
    ./app/api/content/route.ts

  Client Component Browser:
    ./content/dsa/hashing/hashing-pair-problems.tsx [Client Component Browser]
    ./components/LessonLoader.tsx [Client Component Browser]
    ./components/LessonLoader.tsx [Server Component]
    ./app/curriculum/[subject]/[topic]/[lesson]/page.tsx [Server Component]

  Client Component SSR:
    ./content/dsa/hashing/hashing-pair-problems.tsx [Client Component SSR]
    ./components/LessonLoader.tsx [Client Component SSR]
    ./components/LessonLoader.tsx [Server Component]
    ./app/curriculum/[subject]/[topic]/[lesson]/page.tsx [Server Component]


./content/dsa/hashing/hashing-practice-patterns.tsx:11:1
Unexpected token. Did you mean `{'}'}` or `&rbrace;`?
  [90m 9 |[0m  
  [90m10 |[0m   );
[31m[1m>[0m [90m11 |[0m }
  [90m   |[0m [31m[1m^[0m
  [90m12 |[0m
  [90m13 |[0m
  [90m14 |[0m

Parsing ecmascript source code failed

Import traces:
  App Route:
    ./content/dsa/hashing/hashing-practice-patterns.tsx
    ./lib/content-registry.ts
    ./app/api/content/route.ts

  Client Component Browser:
    ./content/dsa/hashing/hashing-practice-patterns.tsx [Client Component Browser]
    ./components/LessonLoader.tsx [Client Component Browser]
    ./components/LessonLoader.tsx [Server Component]
    ./app/curriculum/[subject]/[topic]/[lesson]/page.tsx [Server Component]

  Client Component SSR:
    ./content/dsa/hashing/hashing-practice-patterns.tsx [Client Component SSR]
    ./components/LessonLoader.tsx [Client Component SSR]
    ./components/LessonLoader.tsx [Server Component]
    ./app/curriculum/[subject]/[topic]/[lesson]/page.tsx [Server Component]


./content/dsa/hashing/hashmap-unordered-map.tsx:11:1
Unexpected token. Did you mean `{'}'}` or `&rbrace;`?
  [90m 9 |[0m  
  [90m10 |[0m   );
[31m[1m>[0m [90m11 |[0m }
  [90m   |[0m [31m[1m^[0m
  [90m12 |[0m
  [90m13 |[0m
  [90m14 |[0m

Parsing ecmascript source code failed

Import traces:
  App Route:
    ./content/dsa/hashing/hashmap-unordered-map.tsx
    ./lib/content-registry.ts
    ./app/api/content/route.ts

  Client Component Browser:
    ./content/dsa/hashing/hashmap-unordered-map.tsx [Client Component Browser]
    ./components/LessonLoader.tsx [Client Component Browser]
    ./components/LessonLoader.tsx [Server Component]
    ./app/curriculum/[subject]/[topic]/[lesson]/page.tsx [Server Component]

  Client Component SSR:
    ./content/dsa/hashing/hashmap-unordered-map.tsx [Client Component SSR]
    ./components/LessonLoader.tsx [Client Component SSR]
    ./components/LessonLoader.tsx [Server Component]
    ./app/curriculum/[subject]/[topic]/[lesson]/page.tsx [Server Component]


./content/dsa/hashing/hashset-unordered-set.tsx:11:1
Unexpected token. Did you mean `{'}'}` or `&rbrace;`?
  [90m 9 |[0m  
  [90m10 |[0m   );
[31m[1m>[0m [90m11 |[0m }
  [90m   |[0m [31m[1m^[0m
  [90m12 |[0m
  [90m13 |[0m
  [90m14 |[0m

Parsing ecmascript source code failed

Import traces:
  App Route:
    ./content/dsa/hashing/hashset-unordered-set.tsx
    ./lib/content-registry.ts
    ./app/api/content/route.ts

  Client Component Browser:
    ./content/dsa/hashing/hashset-unordered-set.tsx [Client Component Browser]
    ./components/LessonLoader.tsx [Client Component Browser]
    ./components/LessonLoader.tsx [Server Component]
    ./app/curriculum/[subject]/[topic]/[lesson]/page.tsx [Server Component]

  Client Component SSR:
    ./content/dsa/hashing/hashset-unordered-set.tsx [Client Component SSR]
    ./components/LessonLoader.tsx [Client Component SSR]
    ./components/LessonLoader.tsx [Server Component]
    ./app/curriculum/[subject]/[topic]/[lesson]/page.tsx [Server Component]


./content/dsa/hashing/integer-hashing.tsx:11:1
Unexpected token. Did you mean `{'}'}` or `&rbrace;`?
  [90m 9 |[0m  
  [90m10 |[0m   );
[31m[1m>[0m [90m11 |[0m }
  [90m   |[0m [31m[1m^[0m
  [90m12 |[0m
  [90m13 |[0m
  [90m14 |[0m

Parsing ecmascript source code failed

Import traces:
  App Route:
    ./content/dsa/hashing/integer-hashing.tsx
    ./lib/content-registry.ts
    ./app/api/content/route.ts

  Client Component Browser:
    ./content/dsa/hashing/integer-hashing.tsx [Client Component Browser]
    ./components/LessonLoader.tsx [Client Component Browser]
    ./components/LessonLoader.tsx [Server Component]
    ./app/curriculum/[subject]/[topic]/[lesson]/page.tsx [Server Component]

  Client Component SSR:
    ./content/dsa/hashing/integer-hashing.tsx [Client Component SSR]
    ./components/LessonLoader.tsx [Client Component SSR]
    ./components/LessonLoader.tsx [Server Component]
    ./app/curriculum/[subject]/[topic]/[lesson]/page.tsx [Server Component]


./content/dsa/hashing/introduction-to-hashing.tsx:11:1
Unexpected token. Did you mean `{'}'}` or `&rbrace;`?
  [90m 9 |[0m  
  [90m10 |[0m   );
[31m[1m>[0m [90m11 |[0m }
  [90m   |[0m [31m[1m^[0m
  [90m12 |[0m
  [90m13 |[0m
  [90m14 |[0m

Parsing ecmascript source code failed

Import traces:
  App Route:
    ./content/dsa/hashing/introduction-to-hashing.tsx
    ./lib/content-registry.ts
    ./app/api/content/route.ts

  Client Component Browser:
    ./content/dsa/hashing/introduction-to-hashing.tsx [Client Component Browser]
    ./components/LessonLoader.tsx [Client Component Browser]
    ./components/LessonLoader.tsx [Server Component]
    ./app/curriculum/[subject]/[topic]/[lesson]/page.tsx [Server Component]

  Client Component SSR:
    ./content/dsa/hashing/introduction-to-hashing.tsx [Client Component SSR]
    ./components/LessonLoader.tsx [Client Component SSR]
    ./components/LessonLoader.tsx [Server Component]
    ./app/curriculum/[subject]/[topic]/[lesson]/page.tsx [Server Component]


./content/dsa/hashing/iterating-hashmaps.tsx:11:1
Unexpected token. Did you mean `{'}'}` or `&rbrace;`?
  [90m 9 |[0m  
  [90m10 |[0m   );
[31m[1m>[0m [90m11 |[0m }
  [90m   |[0m [31m[1m^[0m
  [90m12 |[0m
  [90m13 |[0m
  [90m14 |[0m

Parsing ecmascript source code failed

Import traces:
  App Route:
    ./content/dsa/hashing/iterating-hashmaps.tsx
    ./lib/content-registry.ts
    ./app/api/content/route.ts

  Client Component Browser:
    ./content/dsa/hashing/iterating-hashmaps.tsx [Client Component Browser]
    ./components/LessonLoader.tsx [Client Component Browser]
    ./components/LessonLoader.tsx [Server Component]
    ./app/curriculum/[subject]/[topic]/[lesson]/page.tsx [Server Component]

  Client Component SSR:
    ./content/dsa/hashing/iterating-hashmaps.tsx [Client Component SSR]
    ./components/LessonLoader.tsx [Client Component SSR]
    ./components/LessonLoader.tsx [Server Component]
    ./app/curriculum/[subject]/[topic]/[lesson]/page.tsx [Server Component]


./content/dsa/hashing/linear-probing.tsx:11:1
Unexpected token. Did you mean `{'}'}` or `&rbrace;`?
  [90m 9 |[0m  
  [90m10 |[0m   );
[31m[1m>[0m [90m11 |[0m }
  [90m   |[0m [31m[1m^[0m
  [90m12 |[0m
  [90m13 |[0m
  [90m14 |[0m

Parsing ecmascript source code failed

Import traces:
  App Route:
    ./content/dsa/hashing/linear-probing.tsx
    ./lib/content-registry.ts
    ./app/api/content/route.ts

  Client Component Browser:
    ./content/dsa/hashing/linear-probing.tsx [Client Component Browser]
    ./components/LessonLoader.tsx [Client Component Browser]
    ./components/LessonLoader.tsx [Server Component]
    ./app/curriculum/[subject]/[topic]/[lesson]/page.tsx [Server Component]

  Client Component SSR:
    ./content/dsa/hashing/linear-probing.tsx [Client Component SSR]
    ./components/LessonLoader.tsx [Client Component SSR]
    ./components/LessonLoader.tsx [Server Component]
    ./app/curriculum/[subject]/[topic]/[lesson]/page.tsx [Server Component]


./content/dsa/hashing/load-factor.tsx:11:1
Unexpected token. Did you mean `{'}'}` or `&rbrace;`?
  [90m 9 |[0m  
  [90m10 |[0m   );
[31m[1m>[0m [90m11 |[0m }
  [90m   |[0m [31m[1m^[0m
  [90m12 |[0m
  [90m13 |[0m
  [90m14 |[0m

Parsing ecmascript source code failed

Import traces:
  App Route:
    ./content/dsa/hashing/load-factor.tsx
    ./lib/content-registry.ts
    ./app/api/content/route.ts

  Client Component Browser:
    ./content/dsa/hashing/load-factor.tsx [Client Component Browser]
    ./components/LessonLoader.tsx [Client Component Browser]
    ./components/LessonLoader.tsx [Server Component]
    ./app/curriculum/[subject]/[topic]/[lesson]/page.tsx [Server Component]

  Client Component SSR:
    ./content/dsa/hashing/load-factor.tsx [Client Component SSR]
    ./components/LessonLoader.tsx [Client Component SSR]
    ./components/LessonLoader.tsx [Server Component]
    ./app/curriculum/[subject]/[topic]/[lesson]/page.tsx [Server Component]


./content/dsa/hashing/longest-consecutive-sequence.tsx:11:1
Unexpected token. Did you mean `{'}'}` or `&rbrace;`?
  [90m 9 |[0m  
  [90m10 |[0m   );
[31m[1m>[0m [90m11 |[0m }
  [90m   |[0m [31m[1m^[0m
  [90m12 |[0m
  [90m13 |[0m
  [90m14 |[0m

Parsing ecmascript source code failed

Import traces:
  App Route:
    ./content/dsa/hashing/longest-consecutive-sequence.tsx
    ./lib/content-registry.ts
    ./app/api/content/route.ts

  Client Component Browser:
    ./content/dsa/hashing/longest-consecutive-sequence.tsx [Client Component Browser]
    ./components/LessonLoader.tsx [Client Component Browser]
    ./components/LessonLoader.tsx [Server Component]
    ./app/curriculum/[subject]/[topic]/[lesson]/page.tsx [Server Component]

  Client Component SSR:
    ./content/dsa/hashing/longest-consecutive-sequence.tsx [Client Component SSR]
    ./components/LessonLoader.tsx [Client Component SSR]
    ./components/LessonLoader.tsx [Server Component]
    ./app/curriculum/[subject]/[topic]/[lesson]/page.tsx [Server Component]


./content/dsa/hashing/longest-subarray-sum-k.tsx:11:1
Unexpected token. Did you mean `{'}'}` or `&rbrace;`?
  [90m 9 |[0m  
  [90m10 |[0m   );
[31m[1m>[0m [90m11 |[0m }
  [90m   |[0m [31m[1m^[0m
  [90m12 |[0m
  [90m13 |[0m
  [90m14 |[0m

Parsing ecmascript source code failed

Import traces:
  App Route:
    ./content/dsa/hashing/longest-subarray-sum-k.tsx
    ./lib/content-registry.ts
    ./app/api/content/route.ts

  Client Component Browser:
    ./content/dsa/hashing/longest-subarray-sum-k.tsx [Client Component Browser]
    ./components/LessonLoader.tsx [Client Component Browser]
    ./components/LessonLoader.tsx [Server Component]
    ./app/curriculum/[subject]/[topic]/[lesson]/page.tsx [Server Component]

  Client Component SSR:
    ./content/dsa/hashing/longest-subarray-sum-k.tsx [Client Component SSR]
    ./components/LessonLoader.tsx [Client Component SSR]
    ./components/LessonLoader.tsx [Server Component]
    ./app/curriculum/[subject]/[topic]/[lesson]/page.tsx [Server Component]


./content/dsa/hashing/lru-cache-basics.tsx:11:1
Unexpected token. Did you mean `{'}'}` or `&rbrace;`?
  [90m 9 |[0m  
  [90m10 |[0m   );
[31m[1m>[0m [90m11 |[0m }
  [90m   |[0m [31m[1m^[0m
  [90m12 |[0m
  [90m13 |[0m
  [90m14 |[0m

Parsing ecmascript source code failed

Import traces:
  App Route:
    ./content/dsa/hashing/lru-cache-basics.tsx
    ./lib/content-registry.ts
    ./app/api/content/route.ts

  Client Component Browser:
    ./content/dsa/hashing/lru-cache-basics.tsx [Client Component Browser]
    ./components/LessonLoader.tsx [Client Component Browser]
    ./components/LessonLoader.tsx [Server Component]
    ./app/curriculum/[subject]/[topic]/[lesson]/page.tsx [Server Component]

  Client Component SSR:
    ./content/dsa/hashing/lru-cache-basics.tsx [Client Component SSR]
    ./components/LessonLoader.tsx [Client Component SSR]
    ./components/LessonLoader.tsx [Server Component]
    ./app/curriculum/[subject]/[topic]/[lesson]/page.tsx [Server Component]


./content/dsa/hashing/multiset-unordered-multiset.tsx:11:1
Unexpected token. Did you mean `{'}'}` or `&rbrace;`?
  [90m 9 |[0m  
  [90m10 |[0m   );
[31m[1m>[0m [90m11 |[0m }
  [90m   |[0m [31m[1m^[0m
  [90m12 |[0m
  [90m13 |[0m
  [90m14 |[0m

Parsing ecmascript source code failed

Import traces:
  App Route:
    ./content/dsa/hashing/multiset-unordered-multiset.tsx
    ./lib/content-registry.ts
    ./app/api/content/route.ts

  Client Component Browser:
    ./content/dsa/hashing/multiset-unordered-multiset.tsx [Client Component Browser]
    ./components/LessonLoader.tsx [Client Component Browser]
    ./components/LessonLoader.tsx [Server Component]
    ./app/curriculum/[subject]/[topic]/[lesson]/page.tsx [Server Component]

  Client Component SSR:
    ./content/dsa/hashing/multiset-unordered-multiset.tsx [Client Component SSR]
    ./components/LessonLoader.tsx [Client Component SSR]
    ./components/LessonLoader.tsx [Server Component]
    ./app/curriculum/[subject]/[topic]/[lesson]/page.tsx [Server Component]


./content/dsa/hashing/need-for-hashing.tsx:11:1
Unexpected token. Did you mean `{'}'}` or `&rbrace;`?
  [90m 9 |[0m  
  [90m10 |[0m   );
[31m[1m>[0m [90m11 |[0m }
  [90m   |[0m [31m[1m^[0m
  [90m12 |[0m
  [90m13 |[0m
  [90m14 |[0m

Parsing ecmascript source code failed

Import traces:
  App Route:
    ./content/dsa/hashing/need-for-hashing.tsx
    ./lib/content-registry.ts
    ./app/api/content/route.ts

  Client Component Browser:
    ./content/dsa/hashing/need-for-hashing.tsx [Client Component Browser]
    ./components/LessonLoader.tsx [Client Component Browser]
    ./components/LessonLoader.tsx [Server Component]
    ./app/curriculum/[subject]/[topic]/[lesson]/page.tsx [Server Component]

  Client Component SSR:
    ./content/dsa/hashing/need-for-hashing.tsx [Client Component SSR]
    ./components/LessonLoader.tsx [Client Component SSR]
    ./components/LessonLoader.tsx [Server Component]
    ./app/curriculum/[subject]/[topic]/[lesson]/page.tsx [Server Component]


./content/dsa/hashing/open-addressing.tsx:11:1
Unexpected token. Did you mean `{'}'}` or `&rbrace;`?
  [90m 9 |[0m  
  [90m10 |[0m   );
[31m[1m>[0m [90m11 |[0m }
  [90m   |[0m [31m[1m^[0m
  [90m12 |[0m
  [90m13 |[0m
  [90m14 |[0m

Parsing ecmascript source code failed

Import traces:
  App Route:
    ./content/dsa/hashing/open-addressing.tsx
    ./lib/content-registry.ts
    ./app/api/content/route.ts

  Client Component Browser:
    ./content/dsa/hashing/open-addressing.tsx [Client Component Browser]
    ./components/LessonLoader.tsx [Client Component Browser]
    ./components/LessonLoader.tsx [Server Component]
    ./app/curriculum/[subject]/[topic]/[lesson]/page.tsx [Server Component]

  Client Component SSR:
    ./content/dsa/hashing/open-addressing.tsx [Client Component SSR]
    ./components/LessonLoader.tsx [Client Component SSR]
    ./components/LessonLoader.tsx [Server Component]
    ./app/curriculum/[subject]/[topic]/[lesson]/page.tsx [Server Component]


./content/dsa/hashing/ordered-vs-unordered-map.tsx:11:1
Unexpected token. Did you mean `{'}'}` or `&rbrace;`?
  [90m 9 |[0m  
  [90m10 |[0m   );
[31m[1m>[0m [90m11 |[0m }
  [90m   |[0m [31m[1m^[0m
  [90m12 |[0m
  [90m13 |[0m
  [90m14 |[0m

Parsing ecmascript source code failed

Import traces:
  App Route:
    ./content/dsa/hashing/ordered-vs-unordered-map.tsx
    ./lib/content-registry.ts
    ./app/api/content/route.ts

  Client Component Browser:
    ./content/dsa/hashing/ordered-vs-unordered-map.tsx [Client Component Browser]
    ./components/LessonLoader.tsx [Client Component Browser]
    ./components/LessonLoader.tsx [Server Component]
    ./app/curriculum/[subject]/[topic]/[lesson]/page.tsx [Server Component]

  Client Component SSR:
    ./content/dsa/hashing/ordered-vs-unordered-map.tsx [Client Component SSR]
    ./components/LessonLoader.tsx [Client Component SSR]
    ./components/LessonLoader.tsx [Server Component]
    ./app/curriculum/[subject]/[topic]/[lesson]/page.tsx [Server Component]


./content/dsa/hashing/pattern-matching-hashing.tsx:11:1
Unexpected token. Did you mean `{'}'}` or `&rbrace;`?
  [90m 9 |[0m  
  [90m10 |[0m   );
[31m[1m>[0m [90m11 |[0m }
  [90m   |[0m [31m[1m^[0m
  [90m12 |[0m
  [90m13 |[0m
  [90m14 |[0m

Parsing ecmascript source code failed

Import traces:
  App Route:
    ./content/dsa/hashing/pattern-matching-hashing.tsx
    ./lib/content-registry.ts
    ./app/api/content/route.ts

  Client Component Browser:
    ./content/dsa/hashing/pattern-matching-hashing.tsx [Client Component Browser]
    ./components/LessonLoader.tsx [Client Component Browser]
    ./components/LessonLoader.tsx [Server Component]
    ./app/curriculum/[subject]/[topic]/[lesson]/page.tsx [Server Component]

  Client Component SSR:
    ./content/dsa/hashing/pattern-matching-hashing.tsx [Client Component SSR]
    ./components/LessonLoader.tsx [Client Component SSR]
    ./components/LessonLoader.tsx [Server Component]
    ./app/curriculum/[subject]/[topic]/[lesson]/page.tsx [Server Component]


./content/dsa/hashing/polynomial-rolling-hash.tsx:11:1
Unexpected token. Did you mean `{'}'}` or `&rbrace;`?
  [90m 9 |[0m  
  [90m10 |[0m   );
[31m[1m>[0m [90m11 |[0m }
  [90m   |[0m [31m[1m^[0m
  [90m12 |[0m
  [90m13 |[0m
  [90m14 |[0m

Parsing ecmascript source code failed

Import traces:
  App Route:
    ./content/dsa/hashing/polynomial-rolling-hash.tsx
    ./lib/content-registry.ts
    ./app/api/content/route.ts

  Client Component Browser:
    ./content/dsa/hashing/polynomial-rolling-hash.tsx [Client Component Browser]
    ./components/LessonLoader.tsx [Client Component Browser]
    ./components/LessonLoader.tsx [Server Component]
    ./app/curriculum/[subject]/[topic]/[lesson]/page.tsx [Server Component]

  Client Component SSR:
    ./content/dsa/hashing/polynomial-rolling-hash.tsx [Client Component SSR]
    ./components/LessonLoader.tsx [Client Component SSR]
    ./components/LessonLoader.tsx [Server Component]
    ./app/curriculum/[subject]/[topic]/[lesson]/page.tsx [Server Component]


./content/dsa/hashing/prefix-hashing.tsx:11:1
Unexpected token. Did you mean `{'}'}` or `&rbrace;`?
  [90m 9 |[0m  
  [90m10 |[0m   );
[31m[1m>[0m [90m11 |[0m }
  [90m   |[0m [31m[1m^[0m
  [90m12 |[0m
  [90m13 |[0m
  [90m14 |[0m

Parsing ecmascript source code failed

Import traces:
  App Route:
    ./content/dsa/hashing/prefix-hashing.tsx
    ./lib/content-registry.ts
    ./app/api/content/route.ts

  Client Component Browser:
    ./content/dsa/hashing/prefix-hashing.tsx [Client Component Browser]
    ./components/LessonLoader.tsx [Client Component Browser]
    ./components/LessonLoader.tsx [Server Component]
    ./app/curriculum/[subject]/[topic]/[lesson]/page.tsx [Server Component]

  Client Component SSR:
    ./content/dsa/hashing/prefix-hashing.tsx [Client Component SSR]
    ./components/LessonLoader.tsx [Client Component SSR]
    ./components/LessonLoader.tsx [Server Component]
    ./app/curriculum/[subject]/[topic]/[lesson]/page.tsx [Server Component]


./content/dsa/hashing/prefix-sum-hashing.tsx:11:1
Unexpected token. Did you mean `{'}'}` or `&rbrace;`?
  [90m 9 |[0m  
  [90m10 |[0m   );
[31m[1m>[0m [90m11 |[0m }
  [90m   |[0m [31m[1m^[0m
  [90m12 |[0m
  [90m13 |[0m
  [90m14 |[0m

Parsing ecmascript source code failed

Import traces:
  App Route:
    ./content/dsa/hashing/prefix-sum-hashing.tsx
    ./lib/content-registry.ts
    ./app/api/content/route.ts

  Client Component Browser:
    ./content/dsa/hashing/prefix-sum-hashing.tsx [Client Component Browser]
    ./components/LessonLoader.tsx [Client Component Browser]
    ./components/LessonLoader.tsx [Server Component]
    ./app/curriculum/[subject]/[topic]/[lesson]/page.tsx [Server Component]

  Client Component SSR:
    ./content/dsa/hashing/prefix-sum-hashing.tsx [Client Component SSR]
    ./components/LessonLoader.tsx [Client Component SSR]
    ./components/LessonLoader.tsx [Server Component]
    ./app/curriculum/[subject]/[topic]/[lesson]/page.tsx [Server Component]


./content/dsa/hashing/quadratic-probing.tsx:11:1
Unexpected token. Did you mean `{'}'}` or `&rbrace;`?
  [90m 9 |[0m  
  [90m10 |[0m   );
[31m[1m>[0m [90m11 |[0m }
  [90m   |[0m [31m[1m^[0m
  [90m12 |[0m
  [90m13 |[0m
  [90m14 |[0m

Parsing ecmascript source code failed

Import traces:
  App Route:
    ./content/dsa/hashing/quadratic-probing.tsx
    ./lib/content-registry.ts
    ./app/api/content/route.ts

  Client Component Browser:
    ./content/dsa/hashing/quadratic-probing.tsx [Client Component Browser]
    ./components/LessonLoader.tsx [Client Component Browser]
    ./components/LessonLoader.tsx [Server Component]
    ./app/curriculum/[subject]/[topic]/[lesson]/page.tsx [Server Component]

  Client Component SSR:
    ./content/dsa/hashing/quadratic-probing.tsx [Client Component SSR]
    ./components/LessonLoader.tsx [Client Component SSR]
    ./components/LessonLoader.tsx [Server Component]
    ./app/curriculum/[subject]/[topic]/[lesson]/page.tsx [Server Component]


./content/dsa/hashing/rabin-karp-algorithm.tsx:11:1
Unexpected token. Did you mean `{'}'}` or `&rbrace;`?
  [90m 9 |[0m  
  [90m10 |[0m   );
[31m[1m>[0m [90m11 |[0m }
  [90m   |[0m [31m[1m^[0m
  [90m12 |[0m
  [90m13 |[0m
  [90m14 |[0m

Parsing ecmascript source code failed

Import traces:
  App Route:
    ./content/dsa/hashing/rabin-karp-algorithm.tsx
    ./lib/content-registry.ts
    ./app/api/content/route.ts

  Client Component Browser:
    ./content/dsa/hashing/rabin-karp-algorithm.tsx [Client Component Browser]
    ./components/LessonLoader.tsx [Client Component Browser]
    ./components/LessonLoader.tsx [Server Component]
    ./app/curriculum/[subject]/[topic]/[lesson]/page.tsx [Server Component]

  Client Component SSR:
    ./content/dsa/hashing/rabin-karp-algorithm.tsx [Client Component SSR]
    ./components/LessonLoader.tsx [Client Component SSR]
    ./components/LessonLoader.tsx [Server Component]
    ./app/curriculum/[subject]/[topic]/[lesson]/page.tsx [Server Component]


./content/dsa/hashing/rehashing.tsx:11:1
Unexpected token. Did you mean `{'}'}` or `&rbrace;`?
  [90m 9 |[0m  
  [90m10 |[0m   );
[31m[1m>[0m [90m11 |[0m }
  [90m   |[0m [31m[1m^[0m
  [90m12 |[0m
  [90m13 |[0m
  [90m14 |[0m

Parsing ecmascript source code failed

Import traces:
  App Route:
    ./content/dsa/hashing/rehashing.tsx
    ./lib/content-registry.ts
    ./app/api/content/route.ts

  Client Component Browser:
    ./content/dsa/hashing/rehashing.tsx [Client Component Browser]
    ./components/LessonLoader.tsx [Client Component Browser]
    ./components/LessonLoader.tsx [Server Component]
    ./app/curriculum/[subject]/[topic]/[lesson]/page.tsx [Server Component]

  Client Component SSR:
    ./content/dsa/hashing/rehashing.tsx [Client Component SSR]
    ./components/LessonLoader.tsx [Client Component SSR]
    ./components/LessonLoader.tsx [Server Component]
    ./app/curriculum/[subject]/[topic]/[lesson]/page.tsx [Server Component]


./content/dsa/hashing/separate-chaining.tsx:11:1
Unexpected token. Did you mean `{'}'}` or `&rbrace;`?
  [90m 9 |[0m  
  [90m10 |[0m   );
[31m[1m>[0m [90m11 |[0m }
  [90m   |[0m [31m[1m^[0m
  [90m12 |[0m
  [90m13 |[0m
  [90m14 |[0m

Parsing ecmascript source code failed

Import traces:
  App Route:
    ./content/dsa/hashing/separate-chaining.tsx
    ./lib/content-registry.ts
    ./app/api/content/route.ts

  Client Component Browser:
    ./content/dsa/hashing/separate-chaining.tsx [Client Component Browser]
    ./components/LessonLoader.tsx [Client Component Browser]
    ./components/LessonLoader.tsx [Server Component]
    ./app/curriculum/[subject]/[topic]/[lesson]/page.tsx [Server Component]

  Client Component SSR:
    ./content/dsa/hashing/separate-chaining.tsx [Client Component SSR]
    ./components/LessonLoader.tsx [Client Component SSR]
    ./components/LessonLoader.tsx [Server Component]
    ./app/curriculum/[subject]/[topic]/[lesson]/page.tsx [Server Component]


./content/dsa/hashing/set-vs-unordered-set.tsx:11:1
Unexpected token. Did you mean `{'}'}` or `&rbrace;`?
  [90m 9 |[0m  
  [90m10 |[0m   );
[31m[1m>[0m [90m11 |[0m }
  [90m   |[0m [31m[1m^[0m
  [90m12 |[0m
  [90m13 |[0m
  [90m14 |[0m

Parsing ecmascript source code failed

Import traces:
  App Route:
    ./content/dsa/hashing/set-vs-unordered-set.tsx
    ./lib/content-registry.ts
    ./app/api/content/route.ts

  Client Component Browser:
    ./content/dsa/hashing/set-vs-unordered-set.tsx [Client Component Browser]
    ./components/LessonLoader.tsx [Client Component Browser]
    ./components/LessonLoader.tsx [Server Component]
    ./app/curriculum/[subject]/[topic]/[lesson]/page.tsx [Server Component]

  Client Component SSR:
    ./content/dsa/hashing/set-vs-unordered-set.tsx [Client Component SSR]
    ./components/LessonLoader.tsx [Client Component SSR]
    ./components/LessonLoader.tsx [Server Component]
    ./app/curriculum/[subject]/[topic]/[lesson]/page.tsx [Server Component]


./content/dsa/hashing/sliding-window-hashing.tsx:11:1
Unexpected token. Did you mean `{'}'}` or `&rbrace;`?
  [90m 9 |[0m  
  [90m10 |[0m   );
[31m[1m>[0m [90m11 |[0m }
  [90m   |[0m [31m[1m^[0m
  [90m12 |[0m
  [90m13 |[0m
  [90m14 |[0m

Parsing ecmascript source code failed

Import traces:
  App Route:
    ./content/dsa/hashing/sliding-window-hashing.tsx
    ./lib/content-registry.ts
    ./app/api/content/route.ts

  Client Component Browser:
    ./content/dsa/hashing/sliding-window-hashing.tsx [Client Component Browser]
    ./components/LessonLoader.tsx [Client Component Browser]
    ./components/LessonLoader.tsx [Server Component]
    ./app/curriculum/[subject]/[topic]/[lesson]/page.tsx [Server Component]

  Client Component SSR:
    ./content/dsa/hashing/sliding-window-hashing.tsx [Client Component SSR]
    ./components/LessonLoader.tsx [Client Component SSR]
    ./components/LessonLoader.tsx [Server Component]
    ./app/curriculum/[subject]/[topic]/[lesson]/page.tsx [Server Component]


./content/dsa/hashing/string-hashing-intro.tsx:11:1
Unexpected token. Did you mean `{'}'}` or `&rbrace;`?
  [90m 9 |[0m  
  [90m10 |[0m   );
[31m[1m>[0m [90m11 |[0m }
  [90m   |[0m [31m[1m^[0m
  [90m12 |[0m
  [90m13 |[0m
  [90m14 |[0m

Parsing ecmascript source code failed

Import traces:
  App Route:
    ./content/dsa/hashing/string-hashing-intro.tsx
    ./lib/content-registry.ts
    ./app/api/content/route.ts

  Client Component Browser:
    ./content/dsa/hashing/string-hashing-intro.tsx [Client Component Browser]
    ./components/LessonLoader.tsx [Client Component Browser]
    ./components/LessonLoader.tsx [Server Component]
    ./app/curriculum/[subject]/[topic]/[lesson]/page.tsx [Server Component]

  Client Component SSR:
    ./content/dsa/hashing/string-hashing-intro.tsx [Client Component SSR]
    ./components/LessonLoader.tsx [Client Component SSR]
    ./components/LessonLoader.tsx [Server Component]
    ./app/curriculum/[subject]/[topic]/[lesson]/page.tsx [Server Component]


./content/dsa/hashing/string-hashing.tsx:11:1
Unexpected token. Did you mean `{'}'}` or `&rbrace;`?
  [90m 9 |[0m  
  [90m10 |[0m   );
[31m[1m>[0m [90m11 |[0m }
  [90m   |[0m [31m[1m^[0m
  [90m12 |[0m
  [90m13 |[0m
  [90m14 |[0m

Parsing ecmascript source code failed

Import traces:
  App Route:
    ./content/dsa/hashing/string-hashing.tsx
    ./lib/content-registry.ts
    ./app/api/content/route.ts

  Client Component Browser:
    ./content/dsa/hashing/string-hashing.tsx [Client Component Browser]
    ./components/LessonLoader.tsx [Client Component Browser]
    ./components/LessonLoader.tsx [Server Component]
    ./app/curriculum/[subject]/[topic]/[lesson]/page.tsx [Server Component]

  Client Component SSR:
    ./content/dsa/hashing/string-hashing.tsx [Client Component SSR]
    ./components/LessonLoader.tsx [Client Component SSR]
    ./components/LessonLoader.tsx [Server Component]
    ./app/curriculum/[subject]/[topic]/[lesson]/page.tsx [Server Component]


./content/dsa/hashing/subarray-problems-hashing.tsx:11:1
Unexpected token. Did you mean `{'}'}` or `&rbrace;`?
  [90m 9 |[0m  
  [90m10 |[0m   );
[31m[1m>[0m [90m11 |[0m }
  [90m   |[0m [31m[1m^[0m
  [90m12 |[0m
  [90m13 |[0m
  [90m14 |[0m

Parsing ecmascript source code failed

Import traces:
  App Route:
    ./content/dsa/hashing/subarray-problems-hashing.tsx
    ./lib/content-registry.ts
    ./app/api/content/route.ts

  Client Component Browser:
    ./content/dsa/hashing/subarray-problems-hashing.tsx [Client Component Browser]
    ./components/LessonLoader.tsx [Client Component Browser]
    ./components/LessonLoader.tsx [Server Component]
    ./app/curriculum/[subject]/[topic]/[lesson]/page.tsx [Server Component]

  Client Component SSR:
    ./content/dsa/hashing/subarray-problems-hashing.tsx [Client Component SSR]
    ./components/LessonLoader.tsx [Client Component SSR]
    ./components/LessonLoader.tsx [Server Component]
    ./app/curriculum/[subject]/[topic]/[lesson]/page.tsx [Server Component]


./content/dsa/hashing/three-sum-basics.tsx:11:1
Unexpected token. Did you mean `{'}'}` or `&rbrace;`?
  [90m 9 |[0m  
  [90m10 |[0m   );
[31m[1m>[0m [90m11 |[0m }
  [90m   |[0m [31m[1m^[0m
  [90m12 |[0m
  [90m13 |[0m
  [90m14 |[0m

Parsing ecmascript source code failed

Import traces:
  App Route:
    ./content/dsa/hashing/three-sum-basics.tsx
    ./lib/content-registry.ts
    ./app/api/content/route.ts

  Client Component Browser:
    ./content/dsa/hashing/three-sum-basics.tsx [Client Component Browser]
    ./components/LessonLoader.tsx [Client Component Browser]
    ./components/LessonLoader.tsx [Server Component]
    ./app/curriculum/[subject]/[topic]/[lesson]/page.tsx [Server Component]

  Client Component SSR:
    ./content/dsa/hashing/three-sum-basics.tsx [Client Component SSR]
    ./components/LessonLoader.tsx [Client Component SSR]
    ./components/LessonLoader.tsx [Server Component]
    ./app/curriculum/[subject]/[topic]/[lesson]/page.tsx [Server Component]


./content/dsa/hashing/time-complexity-hashing.tsx:11:1
Unexpected token. Did you mean `{'}'}` or `&rbrace;`?
  [90m 9 |[0m  
  [90m10 |[0m   );
[31m[1m>[0m [90m11 |[0m }
  [90m   |[0m [31m[1m^[0m
  [90m12 |[0m
  [90m13 |[0m
  [90m14 |[0m

Parsing ecmascript source code failed

Import traces:
  App Route:
    ./content/dsa/hashing/time-complexity-hashing.tsx
    ./lib/content-registry.ts
    ./app/api/content/route.ts

  Client Component Browser:
    ./content/dsa/hashing/time-complexity-hashing.tsx [Client Component Browser]
    ./components/LessonLoader.tsx [Client Component Browser]
    ./components/LessonLoader.tsx [Server Component]
    ./app/curriculum/[subject]/[topic]/[lesson]/page.tsx [Server Component]

  Client Component SSR:
    ./content/dsa/hashing/time-complexity-hashing.tsx [Client Component SSR]
    ./components/LessonLoader.tsx [Client Component SSR]
    ./components/LessonLoader.tsx [Server Component]
    ./app/curriculum/[subject]/[topic]/[lesson]/page.tsx [Server Component]


./content/dsa/hashing/two-sum-hashing.tsx:11:1
Unexpected token. Did you mean `{'}'}` or `&rbrace;`?
  [90m 9 |[0m  
  [90m10 |[0m   );
[31m[1m>[0m [90m11 |[0m }
  [90m   |[0m [31m[1m^[0m
  [90m12 |[0m
  [90m13 |[0m
  [90m14 |[0m

Parsing ecmascript source code failed

Import traces:
  App Route:
    ./content/dsa/hashing/two-sum-hashing.tsx
    ./lib/content-registry.ts
    ./app/api/content/route.ts

  Client Component Browser:
    ./content/dsa/hashing/two-sum-hashing.tsx [Client Component Browser]
    ./components/LessonLoader.tsx [Client Component Browser]
    ./components/LessonLoader.tsx [Server Component]
    ./app/curriculum/[subject]/[topic]/[lesson]/page.tsx [Server Component]

  Client Component SSR:
    ./content/dsa/hashing/two-sum-hashing.tsx [Client Component SSR]
    ./components/LessonLoader.tsx [Client Component SSR]
    ./components/LessonLoader.tsx [Server Component]
    ./app/curriculum/[subject]/[topic]/[lesson]/page.tsx [Server Component]


./content/dsa/linked-list/add-two-numbers.tsx:11:1
Unexpected token. Did you mean `{'}'}` or `&rbrace;`?
  [90m 9 |[0m  
  [90m10 |[0m   );
[31m[1m>[0m [90m11 |[0m }
  [90m   |[0m [31m[1m^[0m
  [90m12 |[0m
  [90m13 |[0m
  [90m14 |[0m

Parsing ecmascript source code failed

Import traces:
  App Route:
    ./content/dsa/linked-list/add-two-numbers.tsx
    ./lib/content-registry.ts
    ./app/api/content/route.ts

  Client Component Browser:
    ./content/dsa/linked-list/add-two-numbers.tsx [Client Component Browser]
    ./components/LessonLoader.tsx [Client Component Browser]
    ./components/LessonLoader.tsx [Server Component]
    ./app/curriculum/[subject]/[topic]/[lesson]/page.tsx [Server Component]

  Client Component SSR:
    ./content/dsa/linked-list/add-two-numbers.tsx [Client Component SSR]
    ./components/LessonLoader.tsx [Client Component SSR]
    ./components/LessonLoader.tsx [Server Component]
    ./app/curriculum/[subject]/[topic]/[lesson]/page.tsx [Server Component]


./content/dsa/linked-list/advantages-disadvantages.tsx:11:1
Unexpected token. Did you mean `{'}'}` or `&rbrace;`?
  [90m 9 |[0m  
  [90m10 |[0m   );
[31m[1m>[0m [90m11 |[0m }
  [90m   |[0m [31m[1m^[0m
  [90m12 |[0m
  [90m13 |[0m
  [90m14 |[0m

Parsing ecmascript source code failed

Import traces:
  App Route:
    ./content/dsa/linked-list/advantages-disadvantages.tsx
    ./lib/content-registry.ts
    ./app/api/content/route.ts

  Client Component Browser:
    ./content/dsa/linked-list/advantages-disadvantages.tsx [Client Component Browser]
    ./components/LessonLoader.tsx [Client Component Browser]
    ./components/LessonLoader.tsx [Server Component]
    ./app/curriculum/[subject]/[topic]/[lesson]/page.tsx [Server Component]

  Client Component SSR:
    ./content/dsa/linked-list/advantages-disadvantages.tsx [Client Component SSR]
    ./components/LessonLoader.tsx [Client Component SSR]
    ./components/LessonLoader.tsx [Server Component]
    ./app/curriculum/[subject]/[topic]/[lesson]/page.tsx [Server Component]


./content/dsa/linked-list/check-palindrome.tsx:11:1
Unexpected token. Did you mean `{'}'}` or `&rbrace;`?
  [90m 9 |[0m  
  [90m10 |[0m   );
[31m[1m>[0m [90m11 |[0m }
  [90m   |[0m [31m[1m^[0m
  [90m12 |[0m
  [90m13 |[0m
  [90m14 |[0m

Parsing ecmascript source code failed

Import traces:
  App Route:
    ./content/dsa/linked-list/check-palindrome.tsx
    ./lib/content-registry.ts
    ./app/api/content/route.ts

  Client Component Browser:
    ./content/dsa/linked-list/check-palindrome.tsx [Client Component Browser]
    ./components/LessonLoader.tsx [Client Component Browser]
    ./components/LessonLoader.tsx [Server Component]
    ./app/curriculum/[subject]/[topic]/[lesson]/page.tsx [Server Component]

  Client Component SSR:
    ./content/dsa/linked-list/check-palindrome.tsx [Client Component SSR]
    ./components/LessonLoader.tsx [Client Component SSR]
    ./components/LessonLoader.tsx [Server Component]
    ./app/curriculum/[subject]/[topic]/[lesson]/page.tsx [Server Component]


./content/dsa/linked-list/circular-doubly-linked-list.tsx:11:1
Unexpected token. Did you mean `{'}'}` or `&rbrace;`?
  [90m 9 |[0m  
  [90m10 |[0m   );
[31m[1m>[0m [90m11 |[0m }
  [90m   |[0m [31m[1m^[0m
  [90m12 |[0m
  [90m13 |[0m
  [90m14 |[0m

Parsing ecmascript source code failed

Import traces:
  App Route:
    ./content/dsa/linked-list/circular-doubly-linked-list.tsx
    ./lib/content-registry.ts
    ./app/api/content/route.ts

  Client Component Browser:
    ./content/dsa/linked-list/circular-doubly-linked-list.tsx [Client Component Browser]
    ./components/LessonLoader.tsx [Client Component Browser]
    ./components/LessonLoader.tsx [Server Component]
    ./app/curriculum/[subject]/[topic]/[lesson]/page.tsx [Server Component]

  Client Component SSR:
    ./content/dsa/linked-list/circular-doubly-linked-list.tsx [Client Component SSR]
    ./components/LessonLoader.tsx [Client Component SSR]
    ./components/LessonLoader.tsx [Server Component]
    ./app/curriculum/[subject]/[topic]/[lesson]/page.tsx [Server Component]


./content/dsa/linked-list/circular-linked-list.tsx:11:1
Unexpected token. Did you mean `{'}'}` or `&rbrace;`?
  [90m 9 |[0m  
  [90m10 |[0m   );
[31m[1m>[0m [90m11 |[0m }
  [90m   |[0m [31m[1m^[0m
  [90m12 |[0m
  [90m13 |[0m
  [90m14 |[0m

Parsing ecmascript source code failed

Import traces:
  App Route:
    ./content/dsa/linked-list/circular-linked-list.tsx
    ./lib/content-registry.ts
    ./app/api/content/route.ts

  Client Component Browser:
    ./content/dsa/linked-list/circular-linked-list.tsx [Client Component Browser]
    ./components/LessonLoader.tsx [Client Component Browser]
    ./components/LessonLoader.tsx [Server Component]
    ./app/curriculum/[subject]/[topic]/[lesson]/page.tsx [Server Component]

  Client Component SSR:
    ./content/dsa/linked-list/circular-linked-list.tsx [Client Component SSR]
    ./components/LessonLoader.tsx [Client Component SSR]
    ./components/LessonLoader.tsx [Server Component]
    ./app/curriculum/[subject]/[topic]/[lesson]/page.tsx [Server Component]


./content/dsa/linked-list/circular-operations.tsx:11:1
Unexpected token. Did you mean `{'}'}` or `&rbrace;`?
  [90m 9 |[0m  
  [90m10 |[0m   );
[31m[1m>[0m [90m11 |[0m }
  [90m   |[0m [31m[1m^[0m
  [90m12 |[0m
  [90m13 |[0m
  [90m14 |[0m

Parsing ecmascript source code failed

Import traces:
  App Route:
    ./content/dsa/linked-list/circular-operations.tsx
    ./lib/content-registry.ts
    ./app/api/content/route.ts

  Client Component Browser:
    ./content/dsa/linked-list/circular-operations.tsx [Client Component Browser]
    ./components/LessonLoader.tsx [Client Component Browser]
    ./components/LessonLoader.tsx [Server Component]
    ./app/curriculum/[subject]/[topic]/[lesson]/page.tsx [Server Component]

  Client Component SSR:
    ./content/dsa/linked-list/circular-operations.tsx [Client Component SSR]
    ./components/LessonLoader.tsx [Client Component SSR]
    ./components/LessonLoader.tsx [Server Component]
    ./app/curriculum/[subject]/[topic]/[lesson]/page.tsx [Server Component]


./content/dsa/linked-list/clone-with-random-pointer.tsx:11:1
Unexpected token. Did you mean `{'}'}` or `&rbrace;`?
  [90m 9 |[0m  
  [90m10 |[0m   );
[31m[1m>[0m [90m11 |[0m }
  [90m   |[0m [31m[1m^[0m
  [90m12 |[0m
  [90m13 |[0m
  [90m14 |[0m

Parsing ecmascript source code failed

Import traces:
  App Route:
    ./content/dsa/linked-list/clone-with-random-pointer.tsx
    ./lib/content-registry.ts
    ./app/api/content/route.ts

  Client Component Browser:
    ./content/dsa/linked-list/clone-with-random-pointer.tsx [Client Component Browser]
    ./components/LessonLoader.tsx [Client Component Browser]
    ./components/LessonLoader.tsx [Server Component]
    ./app/curriculum/[subject]/[topic]/[lesson]/page.tsx [Server Component]

  Client Component SSR:
    ./content/dsa/linked-list/clone-with-random-pointer.tsx [Client Component SSR]
    ./components/LessonLoader.tsx [Client Component SSR]
    ./components/LessonLoader.tsx [Server Component]
    ./app/curriculum/[subject]/[topic]/[lesson]/page.tsx [Server Component]


./content/dsa/linked-list/delete-nth-node-from-end.tsx:11:1
Unexpected token. Did you mean `{'}'}` or `&rbrace;`?
  [90m 9 |[0m  
  [90m10 |[0m   );
[31m[1m>[0m [90m11 |[0m }
  [90m   |[0m [31m[1m^[0m
  [90m12 |[0m
  [90m13 |[0m
  [90m14 |[0m

Parsing ecmascript source code failed

Import traces:
  App Route:
    ./content/dsa/linked-list/delete-nth-node-from-end.tsx
    ./lib/content-registry.ts
    ./app/api/content/route.ts

  Client Component Browser:
    ./content/dsa/linked-list/delete-nth-node-from-end.tsx [Client Component Browser]
    ./components/LessonLoader.tsx [Client Component Browser]
    ./components/LessonLoader.tsx [Server Component]
    ./app/curriculum/[subject]/[topic]/[lesson]/page.tsx [Server Component]

  Client Component SSR:
    ./content/dsa/linked-list/delete-nth-node-from-end.tsx [Client Component SSR]
    ./components/LessonLoader.tsx [Client Component SSR]
    ./components/LessonLoader.tsx [Server Component]
    ./app/curriculum/[subject]/[topic]/[lesson]/page.tsx [Server Component]


./content/dsa/linked-list/deletion-by-position.tsx:11:1
Unexpected token. Did you mean `{'}'}` or `&rbrace;`?
  [90m 9 |[0m  
  [90m10 |[0m   );
[31m[1m>[0m [90m11 |[0m }
  [90m   |[0m [31m[1m^[0m
  [90m12 |[0m
  [90m13 |[0m
  [90m14 |[0m

Parsing ecmascript source code failed

Import traces:
  App Route:
    ./content/dsa/linked-list/deletion-by-position.tsx
    ./lib/content-registry.ts
    ./app/api/content/route.ts

  Client Component Browser:
    ./content/dsa/linked-list/deletion-by-position.tsx [Client Component Browser]
    ./components/LessonLoader.tsx [Client Component Browser]
    ./components/LessonLoader.tsx [Server Component]
    ./app/curriculum/[subject]/[topic]/[lesson]/page.tsx [Server Component]

  Client Component SSR:
    ./content/dsa/linked-list/deletion-by-position.tsx [Client Component SSR]
    ./components/LessonLoader.tsx [Client Component SSR]
    ./components/LessonLoader.tsx [Server Component]
    ./app/curriculum/[subject]/[topic]/[lesson]/page.tsx [Server Component]


./content/dsa/linked-list/deletion-by-value.tsx:11:1
Unexpected token. Did you mean `{'}'}` or `&rbrace;`?
  [90m 9 |[0m  
  [90m10 |[0m   );
[31m[1m>[0m [90m11 |[0m }
  [90m   |[0m [31m[1m^[0m
  [90m12 |[0m
  [90m13 |[0m
  [90m14 |[0m

Parsing ecmascript source code failed

Import traces:
  App Route:
    ./content/dsa/linked-list/deletion-by-value.tsx
    ./lib/content-registry.ts
    ./app/api/content/route.ts

  Client Component Browser:
    ./content/dsa/linked-list/deletion-by-value.tsx [Client Component Browser]
    ./components/LessonLoader.tsx [Client Component Browser]
    ./components/LessonLoader.tsx [Server Component]
    ./app/curriculum/[subject]/[topic]/[lesson]/page.tsx [Server Component]

  Client Component SSR:
    ./content/dsa/linked-list/deletion-by-value.tsx [Client Component SSR]
    ./components/LessonLoader.tsx [Client Component SSR]
    ./components/LessonLoader.tsx [Server Component]
    ./app/curriculum/[subject]/[topic]/[lesson]/page.tsx [Server Component]


./content/dsa/linked-list/deletion-from-beginning.tsx:11:1
Unexpected token. Did you mean `{'}'}` or `&rbrace;`?
  [90m 9 |[0m  
  [90m10 |[0m   );
[31m[1m>[0m [90m11 |[0m }
  [90m   |[0m [31m[1m^[0m
  [90m12 |[0m
  [90m13 |[0m
  [90m14 |[0m

Parsing ecmascript source code failed

Import traces:
  App Route:
    ./content/dsa/linked-list/deletion-from-beginning.tsx
    ./lib/content-registry.ts
    ./app/api/content/route.ts

  Client Component Browser:
    ./content/dsa/linked-list/deletion-from-beginning.tsx [Client Component Browser]
    ./components/LessonLoader.tsx [Client Component Browser]
    ./components/LessonLoader.tsx [Server Component]
    ./app/curriculum/[subject]/[topic]/[lesson]/page.tsx [Server Component]

  Client Component SSR:
    ./content/dsa/linked-list/deletion-from-beginning.tsx [Client Component SSR]
    ./components/LessonLoader.tsx [Client Component SSR]
    ./components/LessonLoader.tsx [Server Component]
    ./app/curriculum/[subject]/[topic]/[lesson]/page.tsx [Server Component]


./content/dsa/linked-list/deletion-from-end.tsx:11:1
Unexpected token. Did you mean `{'}'}` or `&rbrace;`?
  [90m 9 |[0m  
  [90m10 |[0m   );
[31m[1m>[0m [90m11 |[0m }
  [90m   |[0m [31m[1m^[0m
  [90m12 |[0m
  [90m13 |[0m
  [90m14 |[0m

Parsing ecmascript source code failed

Import traces:
  App Route:
    ./content/dsa/linked-list/deletion-from-end.tsx
    ./lib/content-registry.ts
    ./app/api/content/route.ts

  Client Component Browser:
    ./content/dsa/linked-list/deletion-from-end.tsx [Client Component Browser]
    ./components/LessonLoader.tsx [Client Component Browser]
    ./components/LessonLoader.tsx [Server Component]
    ./app/curriculum/[subject]/[topic]/[lesson]/page.tsx [Server Component]

  Client Component SSR:
    ./content/dsa/linked-list/deletion-from-end.tsx [Client Component SSR]
    ./components/LessonLoader.tsx [Client Component SSR]
    ./components/LessonLoader.tsx [Server Component]
    ./app/curriculum/[subject]/[topic]/[lesson]/page.tsx [Server Component]


./content/dsa/linked-list/deletion-in-dll.tsx:11:1
Unexpected token. Did you mean `{'}'}` or `&rbrace;`?
  [90m 9 |[0m  
  [90m10 |[0m   );
[31m[1m>[0m [90m11 |[0m }
  [90m   |[0m [31m[1m^[0m
  [90m12 |[0m
  [90m13 |[0m
  [90m14 |[0m

Parsing ecmascript source code failed

Import traces:
  App Route:
    ./content/dsa/linked-list/deletion-in-dll.tsx
    ./lib/content-registry.ts
    ./app/api/content/route.ts

  Client Component Browser:
    ./content/dsa/linked-list/deletion-in-dll.tsx [Client Component Browser]
    ./components/LessonLoader.tsx [Client Component Browser]
    ./components/LessonLoader.tsx [Server Component]
    ./app/curriculum/[subject]/[topic]/[lesson]/page.tsx [Server Component]

  Client Component SSR:
    ./content/dsa/linked-list/deletion-in-dll.tsx [Client Component SSR]
    ./components/LessonLoader.tsx [Client Component SSR]
    ./components/LessonLoader.tsx [Server Component]
    ./app/curriculum/[subject]/[topic]/[lesson]/page.tsx [Server Component]


./content/dsa/linked-list/detect-loop.tsx:11:1
Unexpected token. Did you mean `{'}'}` or `&rbrace;`?
  [90m 9 |[0m  
  [90m10 |[0m   );
[31m[1m>[0m [90m11 |[0m }
  [90m   |[0m [31m[1m^[0m
  [90m12 |[0m
  [90m13 |[0m
  [90m14 |[0m

Parsing ecmascript source code failed

Import traces:
  App Route:
    ./content/dsa/linked-list/detect-loop.tsx
    ./lib/content-registry.ts
    ./app/api/content/route.ts

  Client Component Browser:
    ./content/dsa/linked-list/detect-loop.tsx [Client Component Browser]
    ./components/LessonLoader.tsx [Client Component Browser]
    ./components/LessonLoader.tsx [Server Component]
    ./app/curriculum/[subject]/[topic]/[lesson]/page.tsx [Server Component]

  Client Component SSR:
    ./content/dsa/linked-list/detect-loop.tsx [Client Component SSR]
    ./components/LessonLoader.tsx [Client Component SSR]
    ./components/LessonLoader.tsx [Server Component]
    ./app/curriculum/[subject]/[topic]/[lesson]/page.tsx [Server Component]


./content/dsa/linked-list/doubly-linked-list.tsx:11:1
Unexpected token. Did you mean `{'}'}` or `&rbrace;`?
  [90m 9 |[0m  
  [90m10 |[0m   );
[31m[1m>[0m [90m11 |[0m }
  [90m   |[0m [31m[1m^[0m
  [90m12 |[0m
  [90m13 |[0m
  [90m14 |[0m

Parsing ecmascript source code failed

Import traces:
  App Route:
    ./content/dsa/linked-list/doubly-linked-list.tsx
    ./lib/content-registry.ts
    ./app/api/content/route.ts

  Client Component Browser:
    ./content/dsa/linked-list/doubly-linked-list.tsx [Client Component Browser]
    ./components/LessonLoader.tsx [Client Component Browser]
    ./components/LessonLoader.tsx [Server Component]
    ./app/curriculum/[subject]/[topic]/[lesson]/page.tsx [Server Component]

  Client Component SSR:
    ./content/dsa/linked-list/doubly-linked-list.tsx [Client Component SSR]
    ./components/LessonLoader.tsx [Client Component SSR]
    ./components/LessonLoader.tsx [Server Component]
    ./app/curriculum/[subject]/[topic]/[lesson]/page.tsx [Server Component]


./content/dsa/linked-list/doubly-operations.tsx:11:1
Unexpected token. Did you mean `{'}'}` or `&rbrace;`?
  [90m 9 |[0m  
  [90m10 |[0m   );
[31m[1m>[0m [90m11 |[0m }
  [90m   |[0m [31m[1m^[0m
  [90m12 |[0m
  [90m13 |[0m
  [90m14 |[0m

Parsing ecmascript source code failed

Import traces:
  App Route:
    ./content/dsa/linked-list/doubly-operations.tsx
    ./lib/content-registry.ts
    ./app/api/content/route.ts

  Client Component Browser:
    ./content/dsa/linked-list/doubly-operations.tsx [Client Component Browser]
    ./components/LessonLoader.tsx [Client Component Browser]
    ./components/LessonLoader.tsx [Server Component]
    ./app/curriculum/[subject]/[topic]/[lesson]/page.tsx [Server Component]

  Client Component SSR:
    ./content/dsa/linked-list/doubly-operations.tsx [Client Component SSR]
    ./components/LessonLoader.tsx [Client Component SSR]
    ./components/LessonLoader.tsx [Server Component]
    ./app/curriculum/[subject]/[topic]/[lesson]/page.tsx [Server Component]


./content/dsa/linked-list/dynamic-memory-allocation.tsx:11:1
Unexpected token. Did you mean `{'}'}` or `&rbrace;`?
  [90m 9 |[0m  
  [90m10 |[0m   );
[31m[1m>[0m [90m11 |[0m }
  [90m   |[0m [31m[1m^[0m
  [90m12 |[0m
  [90m13 |[0m
  [90m14 |[0m

Parsing ecmascript source code failed

Import traces:
  App Route:
    ./content/dsa/linked-list/dynamic-memory-allocation.tsx
    ./lib/content-registry.ts
    ./app/api/content/route.ts

  Client Component Browser:
    ./content/dsa/linked-list/dynamic-memory-allocation.tsx [Client Component Browser]
    ./components/LessonLoader.tsx [Client Component Browser]
    ./components/LessonLoader.tsx [Server Component]
    ./app/curriculum/[subject]/[topic]/[lesson]/page.tsx [Server Component]

  Client Component SSR:
    ./content/dsa/linked-list/dynamic-memory-allocation.tsx [Client Component SSR]
    ./components/LessonLoader.tsx [Client Component SSR]
    ./components/LessonLoader.tsx [Server Component]
    ./app/curriculum/[subject]/[topic]/[lesson]/page.tsx [Server Component]


./content/dsa/linked-list/flatten-linked-list.tsx:11:1
Unexpected token. Did you mean `{'}'}` or `&rbrace;`?
  [90m 9 |[0m  
  [90m10 |[0m   );
[31m[1m>[0m [90m11 |[0m }
  [90m   |[0m [31m[1m^[0m
  [90m12 |[0m
  [90m13 |[0m
  [90m14 |[0m

Parsing ecmascript source code failed

Import traces:
  App Route:
    ./content/dsa/linked-list/flatten-linked-list.tsx
    ./lib/content-registry.ts
    ./app/api/content/route.ts

  Client Component Browser:
    ./content/dsa/linked-list/flatten-linked-list.tsx [Client Component Browser]
    ./components/LessonLoader.tsx [Client Component Browser]
    ./components/LessonLoader.tsx [Server Component]
    ./app/curriculum/[subject]/[topic]/[lesson]/page.tsx [Server Component]

  Client Component SSR:
    ./content/dsa/linked-list/flatten-linked-list.tsx [Client Component SSR]
    ./components/LessonLoader.tsx [Client Component SSR]
    ./components/LessonLoader.tsx [Server Component]
    ./app/curriculum/[subject]/[topic]/[lesson]/page.tsx [Server Component]


./content/dsa/linked-list/floyd-cycle-detection.tsx:11:1
Unexpected token. Did you mean `{'}'}` or `&rbrace;`?
  [90m 9 |[0m  
  [90m10 |[0m   );
[31m[1m>[0m [90m11 |[0m }
  [90m   |[0m [31m[1m^[0m
  [90m12 |[0m
  [90m13 |[0m
  [90m14 |[0m

Parsing ecmascript source code failed

Import traces:
  App Route:
    ./content/dsa/linked-list/floyd-cycle-detection.tsx
    ./lib/content-registry.ts
    ./app/api/content/route.ts

  Client Component Browser:
    ./content/dsa/linked-list/floyd-cycle-detection.tsx [Client Component Browser]
    ./components/LessonLoader.tsx [Client Component Browser]
    ./components/LessonLoader.tsx [Server Component]
    ./app/curriculum/[subject]/[topic]/[lesson]/page.tsx [Server Component]

  Client Component SSR:
    ./content/dsa/linked-list/floyd-cycle-detection.tsx [Client Component SSR]
    ./components/LessonLoader.tsx [Client Component SSR]
    ./components/LessonLoader.tsx [Server Component]
    ./app/curriculum/[subject]/[topic]/[lesson]/page.tsx [Server Component]


./content/dsa/linked-list/header-linked-list.tsx:11:1
Unexpected token. Did you mean `{'}'}` or `&rbrace;`?
  [90m 9 |[0m  
  [90m10 |[0m   );
[31m[1m>[0m [90m11 |[0m }
  [90m   |[0m [31m[1m^[0m
  [90m12 |[0m
  [90m13 |[0m
  [90m14 |[0m

Parsing ecmascript source code failed

Import traces:
  App Route:
    ./content/dsa/linked-list/header-linked-list.tsx
    ./lib/content-registry.ts
    ./app/api/content/route.ts

  Client Component Browser:
    ./content/dsa/linked-list/header-linked-list.tsx [Client Component Browser]
    ./components/LessonLoader.tsx [Client Component Browser]
    ./components/LessonLoader.tsx [Server Component]
    ./app/curriculum/[subject]/[topic]/[lesson]/page.tsx [Server Component]

  Client Component SSR:
    ./content/dsa/linked-list/header-linked-list.tsx [Client Component SSR]
    ./components/LessonLoader.tsx [Client Component SSR]
    ./components/LessonLoader.tsx [Server Component]
    ./app/curriculum/[subject]/[topic]/[lesson]/page.tsx [Server Component]


./content/dsa/linked-list/insertion-at-beginning.tsx:11:1
Unexpected token. Did you mean `{'}'}` or `&rbrace;`?
  [90m 9 |[0m  
  [90m10 |[0m   );
[31m[1m>[0m [90m11 |[0m }
  [90m   |[0m [31m[1m^[0m
  [90m12 |[0m
  [90m13 |[0m
  [90m14 |[0m

Parsing ecmascript source code failed

Import traces:
  App Route:
    ./content/dsa/linked-list/insertion-at-beginning.tsx
    ./lib/content-registry.ts
    ./app/api/content/route.ts

  Client Component Browser:
    ./content/dsa/linked-list/insertion-at-beginning.tsx [Client Component Browser]
    ./components/LessonLoader.tsx [Client Component Browser]
    ./components/LessonLoader.tsx [Server Component]
    ./app/curriculum/[subject]/[topic]/[lesson]/page.tsx [Server Component]

  Client Component SSR:
    ./content/dsa/linked-list/insertion-at-beginning.tsx [Client Component SSR]
    ./components/LessonLoader.tsx [Client Component SSR]
    ./components/LessonLoader.tsx [Server Component]
    ./app/curriculum/[subject]/[topic]/[lesson]/page.tsx [Server Component]


./content/dsa/linked-list/insertion-at-end.tsx:11:1
Unexpected token. Did you mean `{'}'}` or `&rbrace;`?
  [90m 9 |[0m  
  [90m10 |[0m   );
[31m[1m>[0m [90m11 |[0m }
  [90m   |[0m [31m[1m^[0m
  [90m12 |[0m
  [90m13 |[0m
  [90m14 |[0m

Parsing ecmascript source code failed

Import traces:
  App Route:
    ./content/dsa/linked-list/insertion-at-end.tsx
    ./lib/content-registry.ts
    ./app/api/content/route.ts

  Client Component Browser:
    ./content/dsa/linked-list/insertion-at-end.tsx [Client Component Browser]
    ./components/LessonLoader.tsx [Client Component Browser]
    ./components/LessonLoader.tsx [Server Component]
    ./app/curriculum/[subject]/[topic]/[lesson]/page.tsx [Server Component]

  Client Component SSR:
    ./content/dsa/linked-list/insertion-at-end.tsx [Client Component SSR]
    ./components/LessonLoader.tsx [Client Component SSR]
    ./components/LessonLoader.tsx [Server Component]
    ./app/curriculum/[subject]/[topic]/[lesson]/page.tsx [Server Component]


./content/dsa/linked-list/insertion-at-position.tsx:11:1
Unexpected token. Did you mean `{'}'}` or `&rbrace;`?
  [90m 9 |[0m  
  [90m10 |[0m   );
[31m[1m>[0m [90m11 |[0m }
  [90m   |[0m [31m[1m^[0m
  [90m12 |[0m
  [90m13 |[0m
  [90m14 |[0m

Parsing ecmascript source code failed

Import traces:
  App Route:
    ./content/dsa/linked-list/insertion-at-position.tsx
    ./lib/content-registry.ts
    ./app/api/content/route.ts

  Client Component Browser:
    ./content/dsa/linked-list/insertion-at-position.tsx [Client Component Browser]
    ./components/LessonLoader.tsx [Client Component Browser]
    ./components/LessonLoader.tsx [Server Component]
    ./app/curriculum/[subject]/[topic]/[lesson]/page.tsx [Server Component]

  Client Component SSR:
    ./content/dsa/linked-list/insertion-at-position.tsx [Client Component SSR]
    ./components/LessonLoader.tsx [Client Component SSR]
    ./components/LessonLoader.tsx [Server Component]
    ./app/curriculum/[subject]/[topic]/[lesson]/page.tsx [Server Component]


./content/dsa/linked-list/insertion-in-dll.tsx:11:1
Unexpected token. Did you mean `{'}'}` or `&rbrace;`?
  [90m 9 |[0m  
  [90m10 |[0m   );
[31m[1m>[0m [90m11 |[0m }
  [90m   |[0m [31m[1m^[0m
  [90m12 |[0m
  [90m13 |[0m
  [90m14 |[0m

Parsing ecmascript source code failed

Import traces:
  App Route:
    ./content/dsa/linked-list/insertion-in-dll.tsx
    ./lib/content-registry.ts
    ./app/api/content/route.ts

  Client Component Browser:
    ./content/dsa/linked-list/insertion-in-dll.tsx [Client Component Browser]
    ./components/LessonLoader.tsx [Client Component Browser]
    ./components/LessonLoader.tsx [Server Component]
    ./app/curriculum/[subject]/[topic]/[lesson]/page.tsx [Server Component]

  Client Component SSR:
    ./content/dsa/linked-list/insertion-in-dll.tsx [Client Component SSR]
    ./components/LessonLoader.tsx [Client Component SSR]
    ./components/LessonLoader.tsx [Server Component]
    ./app/curriculum/[subject]/[topic]/[lesson]/page.tsx [Server Component]


./content/dsa/linked-list/intersection-of-lists.tsx:11:1
Unexpected token. Did you mean `{'}'}` or `&rbrace;`?
  [90m 9 |[0m  
  [90m10 |[0m   );
[31m[1m>[0m [90m11 |[0m }
  [90m   |[0m [31m[1m^[0m
  [90m12 |[0m
  [90m13 |[0m
  [90m14 |[0m

Parsing ecmascript source code failed

Import traces:
  App Route:
    ./content/dsa/linked-list/intersection-of-lists.tsx
    ./lib/content-registry.ts
    ./app/api/content/route.ts

  Client Component Browser:
    ./content/dsa/linked-list/intersection-of-lists.tsx [Client Component Browser]
    ./components/LessonLoader.tsx [Client Component Browser]
    ./components/LessonLoader.tsx [Server Component]
    ./app/curriculum/[subject]/[topic]/[lesson]/page.tsx [Server Component]

  Client Component SSR:
    ./content/dsa/linked-list/intersection-of-lists.tsx [Client Component SSR]
    ./components/LessonLoader.tsx [Client Component SSR]
    ./components/LessonLoader.tsx [Server Component]
    ./app/curriculum/[subject]/[topic]/[lesson]/page.tsx [Server Component]


./content/dsa/linked-list/intersection-point.tsx:11:1
Unexpected token. Did you mean `{'}'}` or `&rbrace;`?
  [90m 9 |[0m  
  [90m10 |[0m   );
[31m[1m>[0m [90m11 |[0m }
  [90m   |[0m [31m[1m^[0m
  [90m12 |[0m
  [90m13 |[0m
  [90m14 |[0m

Parsing ecmascript source code failed

Import traces:
  App Route:
    ./content/dsa/linked-list/intersection-point.tsx
    ./lib/content-registry.ts
    ./app/api/content/route.ts

  Client Component Browser:
    ./content/dsa/linked-list/intersection-point.tsx [Client Component Browser]
    ./components/LessonLoader.tsx [Client Component Browser]
    ./components/LessonLoader.tsx [Server Component]
    ./app/curriculum/[subject]/[topic]/[lesson]/page.tsx [Server Component]

  Client Component SSR:
    ./content/dsa/linked-list/intersection-point.tsx [Client Component SSR]
    ./components/LessonLoader.tsx [Client Component SSR]
    ./components/LessonLoader.tsx [Server Component]
    ./app/curriculum/[subject]/[topic]/[lesson]/page.tsx [Server Component]


./content/dsa/linked-list/introduction-to-linked-list.tsx:11:1
Unexpected token. Did you mean `{'}'}` or `&rbrace;`?
  [90m 9 |[0m  
  [90m10 |[0m   );
[31m[1m>[0m [90m11 |[0m }
  [90m   |[0m [31m[1m^[0m
  [90m12 |[0m
  [90m13 |[0m
  [90m14 |[0m

Parsing ecmascript source code failed

Import traces:
  App Route:
    ./content/dsa/linked-list/introduction-to-linked-list.tsx
    ./lib/content-registry.ts
    ./app/api/content/route.ts

  Client Component Browser:
    ./content/dsa/linked-list/introduction-to-linked-list.tsx [Client Component Browser]
    ./components/LessonLoader.tsx [Client Component Browser]
    ./components/LessonLoader.tsx [Server Component]
    ./app/curriculum/[subject]/[topic]/[lesson]/page.tsx [Server Component]

  Client Component SSR:
    ./content/dsa/linked-list/introduction-to-linked-list.tsx [Client Component SSR]
    ./components/LessonLoader.tsx [Client Component SSR]
    ./components/LessonLoader.tsx [Server Component]
    ./app/curriculum/[subject]/[topic]/[lesson]/page.tsx [Server Component]


./content/dsa/linked-list/iterator-linked-list.tsx:11:1
Unexpected token. Did you mean `{'}'}` or `&rbrace;`?
  [90m 9 |[0m  
  [90m10 |[0m   );
[31m[1m>[0m [90m11 |[0m }
  [90m   |[0m [31m[1m^[0m
  [90m12 |[0m
  [90m13 |[0m
  [90m14 |[0m

Parsing ecmascript source code failed

Import traces:
  App Route:
    ./content/dsa/linked-list/iterator-linked-list.tsx
    ./lib/content-registry.ts
    ./app/api/content/route.ts

  Client Component Browser:
    ./content/dsa/linked-list/iterator-linked-list.tsx [Client Component Browser]
    ./components/LessonLoader.tsx [Client Component Browser]
    ./components/LessonLoader.tsx [Server Component]
    ./app/curriculum/[subject]/[topic]/[lesson]/page.tsx [Server Component]

  Client Component SSR:
    ./content/dsa/linked-list/iterator-linked-list.tsx [Client Component SSR]
    ./components/LessonLoader.tsx [Client Component SSR]
    ./components/LessonLoader.tsx [Server Component]
    ./app/curriculum/[subject]/[topic]/[lesson]/page.tsx [Server Component]


./content/dsa/linked-list/length.tsx:11:1
Unexpected token. Did you mean `{'}'}` or `&rbrace;`?
  [90m 9 |[0m  
  [90m10 |[0m   );
[31m[1m>[0m [90m11 |[0m }
  [90m   |[0m [31m[1m^[0m
  [90m12 |[0m
  [90m13 |[0m
  [90m14 |[0m

Parsing ecmascript source code failed

Import traces:
  App Route:
    ./content/dsa/linked-list/length.tsx
    ./lib/content-registry.ts
    ./app/api/content/route.ts

  Client Component Browser:
    ./content/dsa/linked-list/length.tsx [Client Component Browser]
    ./components/LessonLoader.tsx [Client Component Browser]
    ./components/LessonLoader.tsx [Server Component]
    ./app/curriculum/[subject]/[topic]/[lesson]/page.tsx [Server Component]

  Client Component SSR:
    ./content/dsa/linked-list/length.tsx [Client Component SSR]
    ./components/LessonLoader.tsx [Client Component SSR]
    ./components/LessonLoader.tsx [Server Component]
    ./app/curriculum/[subject]/[topic]/[lesson]/page.tsx [Server Component]


./content/dsa/linked-list/linked-list-basics.tsx:80:1
Unexpected token. Did you mean `{'}'}` or `&rbrace;`?
  [90m78 |[0m [32m    />[0m
  [90m79 |[0m [32m  );[0m
[31m[1m>[0m [90m80 |[0m [32m}[0m
  [90m   |[0m [31m[1m^[0m
  [90m81 |[0m
  [90m82 |[0m

Parsing ecmascript source code failed

Import traces:
  App Route:
    ./content/dsa/linked-list/linked-list-basics.tsx
    ./lib/content-registry.ts
    ./app/api/content/route.ts

  Client Component Browser:
    ./content/dsa/linked-list/linked-list-basics.tsx [Client Component Browser]
    ./components/LessonLoader.tsx [Client Component Browser]
    ./components/LessonLoader.tsx [Server Component]
    ./app/curriculum/[subject]/[topic]/[lesson]/page.tsx [Server Component]

  Client Component SSR:
    ./content/dsa/linked-list/linked-list-basics.tsx [Client Component SSR]
    ./components/LessonLoader.tsx [Client Component SSR]
    ./components/LessonLoader.tsx [Server Component]
    ./app/curriculum/[subject]/[topic]/[lesson]/page.tsx [Server Component]


./content/dsa/linked-list/loop-start-point.tsx:11:1
Unexpected token. Did you mean `{'}'}` or `&rbrace;`?
  [90m 9 |[0m  
  [90m10 |[0m   );
[31m[1m>[0m [90m11 |[0m }
  [90m   |[0m [31m[1m^[0m
  [90m12 |[0m
  [90m13 |[0m
  [90m14 |[0m

Parsing ecmascript source code failed

Import traces:
  App Route:
    ./content/dsa/linked-list/loop-start-point.tsx
    ./lib/content-registry.ts
    ./app/api/content/route.ts

  Client Component Browser:
    ./content/dsa/linked-list/loop-start-point.tsx [Client Component Browser]
    ./components/LessonLoader.tsx [Client Component Browser]
    ./components/LessonLoader.tsx [Server Component]
    ./app/curriculum/[subject]/[topic]/[lesson]/page.tsx [Server Component]

  Client Component SSR:
    ./content/dsa/linked-list/loop-start-point.tsx [Client Component SSR]
    ./components/LessonLoader.tsx [Client Component SSR]
    ./components/LessonLoader.tsx [Server Component]
    ./app/curriculum/[subject]/[topic]/[lesson]/page.tsx [Server Component]


./content/dsa/linked-list/lru-using-dll.tsx:11:1
Unexpected token. Did you mean `{'}'}` or `&rbrace;`?
  [90m 9 |[0m  
  [90m10 |[0m   );
[31m[1m>[0m [90m11 |[0m }
  [90m   |[0m [31m[1m^[0m
  [90m12 |[0m
  [90m13 |[0m
  [90m14 |[0m

Parsing ecmascript source code failed

Import traces:
  App Route:
    ./content/dsa/linked-list/lru-using-dll.tsx
    ./lib/content-registry.ts
    ./app/api/content/route.ts

  Client Component Browser:
    ./content/dsa/linked-list/lru-using-dll.tsx [Client Component Browser]
    ./components/LessonLoader.tsx [Client Component Browser]
    ./components/LessonLoader.tsx [Server Component]
    ./app/curriculum/[subject]/[topic]/[lesson]/page.tsx [Server Component]

  Client Component SSR:
    ./content/dsa/linked-list/lru-using-dll.tsx [Client Component SSR]
    ./components/LessonLoader.tsx [Client Component SSR]
    ./components/LessonLoader.tsx [Server Component]
    ./app/curriculum/[subject]/[topic]/[lesson]/page.tsx [Server Component]


./content/dsa/linked-list/memory-representation.tsx:11:1
Unexpected token. Did you mean `{'}'}` or `&rbrace;`?
  [90m 9 |[0m  
  [90m10 |[0m   );
[31m[1m>[0m [90m11 |[0m }
  [90m   |[0m [31m[1m^[0m
  [90m12 |[0m
  [90m13 |[0m
  [90m14 |[0m

Parsing ecmascript source code failed

Import traces:
  App Route:
    ./content/dsa/linked-list/memory-representation.tsx
    ./lib/content-registry.ts
    ./app/api/content/route.ts

  Client Component Browser:
    ./content/dsa/linked-list/memory-representation.tsx [Client Component Browser]
    ./components/LessonLoader.tsx [Client Component Browser]
    ./components/LessonLoader.tsx [Server Component]
    ./app/curriculum/[subject]/[topic]/[lesson]/page.tsx [Server Component]

  Client Component SSR:
    ./content/dsa/linked-list/memory-representation.tsx [Client Component SSR]
    ./components/LessonLoader.tsx [Client Component SSR]
    ./components/LessonLoader.tsx [Server Component]
    ./app/curriculum/[subject]/[topic]/[lesson]/page.tsx [Server Component]


./content/dsa/linked-list/merge-sort-linked-list.tsx:11:1
Unexpected token. Did you mean `{'}'}` or `&rbrace;`?
  [90m 9 |[0m  
  [90m10 |[0m   );
[31m[1m>[0m [90m11 |[0m }
  [90m   |[0m [31m[1m^[0m
  [90m12 |[0m
  [90m13 |[0m
  [90m14 |[0m

Parsing ecmascript source code failed

Import traces:
  App Route:
    ./content/dsa/linked-list/merge-sort-linked-list.tsx
    ./lib/content-registry.ts
    ./app/api/content/route.ts

  Client Component Browser:
    ./content/dsa/linked-list/merge-sort-linked-list.tsx [Client Component Browser]
    ./components/LessonLoader.tsx [Client Component Browser]
    ./components/LessonLoader.tsx [Server Component]
    ./app/curriculum/[subject]/[topic]/[lesson]/page.tsx [Server Component]

  Client Component SSR:
    ./content/dsa/linked-list/merge-sort-linked-list.tsx [Client Component SSR]
    ./components/LessonLoader.tsx [Client Component SSR]
    ./components/LessonLoader.tsx [Server Component]
    ./app/curriculum/[subject]/[topic]/[lesson]/page.tsx [Server Component]


./content/dsa/linked-list/merge-sorted-lists.tsx:11:1
Unexpected token. Did you mean `{'}'}` or `&rbrace;`?
  [90m 9 |[0m  
  [90m10 |[0m   );
[31m[1m>[0m [90m11 |[0m }
  [90m   |[0m [31m[1m^[0m
  [90m12 |[0m
  [90m13 |[0m
  [90m14 |[0m

Parsing ecmascript source code failed

Import traces:
  App Route:
    ./content/dsa/linked-list/merge-sorted-lists.tsx
    ./lib/content-registry.ts
    ./app/api/content/route.ts

  Client Component Browser:
    ./content/dsa/linked-list/merge-sorted-lists.tsx [Client Component Browser]
    ./components/LessonLoader.tsx [Client Component Browser]
    ./components/LessonLoader.tsx [Server Component]
    ./app/curriculum/[subject]/[topic]/[lesson]/page.tsx [Server Component]

  Client Component SSR:
    ./content/dsa/linked-list/merge-sorted-lists.tsx [Client Component SSR]
    ./components/LessonLoader.tsx [Client Component SSR]
    ./components/LessonLoader.tsx [Server Component]
    ./app/curriculum/[subject]/[topic]/[lesson]/page.tsx [Server Component]


./content/dsa/linked-list/middle-of-linked-list.tsx:11:1
Unexpected token. Did you mean `{'}'}` or `&rbrace;`?
  [90m 9 |[0m  
  [90m10 |[0m   );
[31m[1m>[0m [90m11 |[0m }
  [90m   |[0m [31m[1m^[0m
  [90m12 |[0m
  [90m13 |[0m
  [90m14 |[0m

Parsing ecmascript source code failed

Import traces:
  App Route:
    ./content/dsa/linked-list/middle-of-linked-list.tsx
    ./lib/content-registry.ts
    ./app/api/content/route.ts

  Client Component Browser:
    ./content/dsa/linked-list/middle-of-linked-list.tsx [Client Component Browser]
    ./components/LessonLoader.tsx [Client Component Browser]
    ./components/LessonLoader.tsx [Server Component]
    ./app/curriculum/[subject]/[topic]/[lesson]/page.tsx [Server Component]

  Client Component SSR:
    ./content/dsa/linked-list/middle-of-linked-list.tsx [Client Component SSR]
    ./components/LessonLoader.tsx [Client Component SSR]
    ./components/LessonLoader.tsx [Server Component]
    ./app/curriculum/[subject]/[topic]/[lesson]/page.tsx [Server Component]


./content/dsa/linked-list/multiply-linked-lists.tsx:11:1
Unexpected token. Did you mean `{'}'}` or `&rbrace;`?
  [90m 9 |[0m  
  [90m10 |[0m   );
[31m[1m>[0m [90m11 |[0m }
  [90m   |[0m [31m[1m^[0m
  [90m12 |[0m
  [90m13 |[0m
  [90m14 |[0m

Parsing ecmascript source code failed

Import traces:
  App Route:
    ./content/dsa/linked-list/multiply-linked-lists.tsx
    ./lib/content-registry.ts
    ./app/api/content/route.ts

  Client Component Browser:
    ./content/dsa/linked-list/multiply-linked-lists.tsx [Client Component Browser]
    ./components/LessonLoader.tsx [Client Component Browser]
    ./components/LessonLoader.tsx [Server Component]
    ./app/curriculum/[subject]/[topic]/[lesson]/page.tsx [Server Component]

  Client Component SSR:
    ./content/dsa/linked-list/multiply-linked-lists.tsx [Client Component SSR]
    ./components/LessonLoader.tsx [Client Component SSR]
    ./components/LessonLoader.tsx [Server Component]
    ./app/curriculum/[subject]/[topic]/[lesson]/page.tsx [Server Component]


./content/dsa/linked-list/node-structure.tsx:11:1
Unexpected token. Did you mean `{'}'}` or `&rbrace;`?
  [90m 9 |[0m  
  [90m10 |[0m   );
[31m[1m>[0m [90m11 |[0m }
  [90m   |[0m [31m[1m^[0m
  [90m12 |[0m
  [90m13 |[0m
  [90m14 |[0m

Parsing ecmascript source code failed

Import traces:
  App Route:
    ./content/dsa/linked-list/node-structure.tsx
    ./lib/content-registry.ts
    ./app/api/content/route.ts

  Client Component Browser:
    ./content/dsa/linked-list/node-structure.tsx [Client Component Browser]
    ./components/LessonLoader.tsx [Client Component Browser]
    ./components/LessonLoader.tsx [Server Component]
    ./app/curriculum/[subject]/[topic]/[lesson]/page.tsx [Server Component]

  Client Component SSR:
    ./content/dsa/linked-list/node-structure.tsx [Client Component SSR]
    ./components/LessonLoader.tsx [Client Component SSR]
    ./components/LessonLoader.tsx [Server Component]
    ./app/curriculum/[subject]/[topic]/[lesson]/page.tsx [Server Component]


./content/dsa/linked-list/nth-node-from-end.tsx:11:1
Unexpected token. Did you mean `{'}'}` or `&rbrace;`?
  [90m 9 |[0m  
  [90m10 |[0m   );
[31m[1m>[0m [90m11 |[0m }
  [90m   |[0m [31m[1m^[0m
  [90m12 |[0m
  [90m13 |[0m
  [90m14 |[0m

Parsing ecmascript source code failed

Import traces:
  App Route:
    ./content/dsa/linked-list/nth-node-from-end.tsx
    ./lib/content-registry.ts
    ./app/api/content/route.ts

  Client Component Browser:
    ./content/dsa/linked-list/nth-node-from-end.tsx [Client Component Browser]
    ./components/LessonLoader.tsx [Client Component Browser]
    ./components/LessonLoader.tsx [Server Component]
    ./app/curriculum/[subject]/[topic]/[lesson]/page.tsx [Server Component]

  Client Component SSR:
    ./content/dsa/linked-list/nth-node-from-end.tsx [Client Component SSR]
    ./components/LessonLoader.tsx [Client Component SSR]
    ./components/LessonLoader.tsx [Server Component]
    ./app/curriculum/[subject]/[topic]/[lesson]/page.tsx [Server Component]


./content/dsa/linked-list/odd-even-linked-list.tsx:11:1
Unexpected token. Did you mean `{'}'}` or `&rbrace;`?
  [90m 9 |[0m  
  [90m10 |[0m   );
[31m[1m>[0m [90m11 |[0m }
  [90m   |[0m [31m[1m^[0m
  [90m12 |[0m
  [90m13 |[0m
  [90m14 |[0m

Parsing ecmascript source code failed

Import traces:
  App Route:
    ./content/dsa/linked-list/odd-even-linked-list.tsx
    ./lib/content-registry.ts
    ./app/api/content/route.ts

  Client Component Browser:
    ./content/dsa/linked-list/odd-even-linked-list.tsx [Client Component Browser]
    ./components/LessonLoader.tsx [Client Component Browser]
    ./components/LessonLoader.tsx [Server Component]
    ./app/curriculum/[subject]/[topic]/[lesson]/page.tsx [Server Component]

  Client Component SSR:
    ./content/dsa/linked-list/odd-even-linked-list.tsx [Client Component SSR]
    ./components/LessonLoader.tsx [Client Component SSR]
    ./components/LessonLoader.tsx [Server Component]
    ./app/curriculum/[subject]/[topic]/[lesson]/page.tsx [Server Component]


./content/dsa/linked-list/partition-linked-list.tsx:11:1
Unexpected token. Did you mean `{'}'}` or `&rbrace;`?
  [90m 9 |[0m  
  [90m10 |[0m   );
[31m[1m>[0m [90m11 |[0m }
  [90m   |[0m [31m[1m^[0m
  [90m12 |[0m
  [90m13 |[0m
  [90m14 |[0m

Parsing ecmascript source code failed

Import traces:
  App Route:
    ./content/dsa/linked-list/partition-linked-list.tsx
    ./lib/content-registry.ts
    ./app/api/content/route.ts

  Client Component Browser:
    ./content/dsa/linked-list/partition-linked-list.tsx [Client Component Browser]
    ./components/LessonLoader.tsx [Client Component Browser]
    ./components/LessonLoader.tsx [Server Component]
    ./app/curriculum/[subject]/[topic]/[lesson]/page.tsx [Server Component]

  Client Component SSR:
    ./content/dsa/linked-list/partition-linked-list.tsx [Client Component SSR]
    ./components/LessonLoader.tsx [Client Component SSR]
    ./components/LessonLoader.tsx [Server Component]
    ./app/curriculum/[subject]/[topic]/[lesson]/page.tsx [Server Component]


./content/dsa/linked-list/polynomial-linked-list.tsx:11:1
Unexpected token. Did you mean `{'}'}` or `&rbrace;`?
  [90m 9 |[0m  
  [90m10 |[0m   );
[31m[1m>[0m [90m11 |[0m }
  [90m   |[0m [31m[1m^[0m
  [90m12 |[0m
  [90m13 |[0m
  [90m14 |[0m

Parsing ecmascript source code failed

Import traces:
  App Route:
    ./content/dsa/linked-list/polynomial-linked-list.tsx
    ./lib/content-registry.ts
    ./app/api/content/route.ts

  Client Component Browser:
    ./content/dsa/linked-list/polynomial-linked-list.tsx [Client Component Browser]
    ./components/LessonLoader.tsx [Client Component Browser]
    ./components/LessonLoader.tsx [Server Component]
    ./app/curriculum/[subject]/[topic]/[lesson]/page.tsx [Server Component]

  Client Component SSR:
    ./content/dsa/linked-list/polynomial-linked-list.tsx [Client Component SSR]
    ./components/LessonLoader.tsx [Client Component SSR]
    ./components/LessonLoader.tsx [Server Component]
    ./app/curriculum/[subject]/[topic]/[lesson]/page.tsx [Server Component]


./content/dsa/linked-list/practice-patterns.tsx:11:1
Unexpected token. Did you mean `{'}'}` or `&rbrace;`?
  [90m 9 |[0m  
  [90m10 |[0m   );
[31m[1m>[0m [90m11 |[0m }
  [90m   |[0m [31m[1m^[0m
  [90m12 |[0m
  [90m13 |[0m
  [90m14 |[0m

Parsing ecmascript source code failed

Import traces:
  App Route:
    ./content/dsa/linked-list/practice-patterns.tsx
    ./lib/content-registry.ts
    ./app/api/content/route.ts

  Client Component Browser:
    ./content/dsa/linked-list/practice-patterns.tsx [Client Component Browser]
    ./components/LessonLoader.tsx [Client Component Browser]
    ./components/LessonLoader.tsx [Server Component]
    ./app/curriculum/[subject]/[topic]/[lesson]/page.tsx [Server Component]

  Client Component SSR:
    ./content/dsa/linked-list/practice-patterns.tsx [Client Component SSR]
    ./components/LessonLoader.tsx [Client Component SSR]
    ./components/LessonLoader.tsx [Server Component]
    ./app/curriculum/[subject]/[topic]/[lesson]/page.tsx [Server Component]


./content/dsa/linked-list/queue-using-linked-list.tsx:11:1
Unexpected token. Did you mean `{'}'}` or `&rbrace;`?
  [90m 9 |[0m  
  [90m10 |[0m   );
[31m[1m>[0m [90m11 |[0m }
  [90m   |[0m [31m[1m^[0m
  [90m12 |[0m
  [90m13 |[0m
  [90m14 |[0m

Parsing ecmascript source code failed

Import traces:
  App Route:
    ./content/dsa/linked-list/queue-using-linked-list.tsx
    ./lib/content-registry.ts
    ./app/api/content/route.ts

  Client Component Browser:
    ./content/dsa/linked-list/queue-using-linked-list.tsx [Client Component Browser]
    ./components/LessonLoader.tsx [Client Component Browser]
    ./components/LessonLoader.tsx [Server Component]
    ./app/curriculum/[subject]/[topic]/[lesson]/page.tsx [Server Component]

  Client Component SSR:
    ./content/dsa/linked-list/queue-using-linked-list.tsx [Client Component SSR]
    ./components/LessonLoader.tsx [Client Component SSR]
    ./components/LessonLoader.tsx [Server Component]
    ./app/curriculum/[subject]/[topic]/[lesson]/page.tsx [Server Component]


./content/dsa/linked-list/recursive-reversal.tsx:11:1
Unexpected token. Did you mean `{'}'}` or `&rbrace;`?
  [90m 9 |[0m  
  [90m10 |[0m   );
[31m[1m>[0m [90m11 |[0m }
  [90m   |[0m [31m[1m^[0m
  [90m12 |[0m
  [90m13 |[0m
  [90m14 |[0m

Parsing ecmascript source code failed

Import traces:
  App Route:
    ./content/dsa/linked-list/recursive-reversal.tsx
    ./lib/content-registry.ts
    ./app/api/content/route.ts

  Client Component Browser:
    ./content/dsa/linked-list/recursive-reversal.tsx [Client Component Browser]
    ./components/LessonLoader.tsx [Client Component Browser]
    ./components/LessonLoader.tsx [Server Component]
    ./app/curriculum/[subject]/[topic]/[lesson]/page.tsx [Server Component]

  Client Component SSR:
    ./content/dsa/linked-list/recursive-reversal.tsx [Client Component SSR]
    ./components/LessonLoader.tsx [Client Component SSR]
    ./components/LessonLoader.tsx [Server Component]
    ./app/curriculum/[subject]/[topic]/[lesson]/page.tsx [Server Component]


./content/dsa/linked-list/remove-duplicates-sorted.tsx:11:1
Unexpected token. Did you mean `{'}'}` or `&rbrace;`?
  [90m 9 |[0m  
  [90m10 |[0m   );
[31m[1m>[0m [90m11 |[0m }
  [90m   |[0m [31m[1m^[0m
  [90m12 |[0m
  [90m13 |[0m
  [90m14 |[0m

Parsing ecmascript source code failed

Import traces:
  App Route:
    ./content/dsa/linked-list/remove-duplicates-sorted.tsx
    ./lib/content-registry.ts
    ./app/api/content/route.ts

  Client Component Browser:
    ./content/dsa/linked-list/remove-duplicates-sorted.tsx [Client Component Browser]
    ./components/LessonLoader.tsx [Client Component Browser]
    ./components/LessonLoader.tsx [Server Component]
    ./app/curriculum/[subject]/[topic]/[lesson]/page.tsx [Server Component]

  Client Component SSR:
    ./content/dsa/linked-list/remove-duplicates-sorted.tsx [Client Component SSR]
    ./components/LessonLoader.tsx [Client Component SSR]
    ./components/LessonLoader.tsx [Server Component]
    ./app/curriculum/[subject]/[topic]/[lesson]/page.tsx [Server Component]


./content/dsa/linked-list/remove-duplicates-unsorted.tsx:11:1
Unexpected token. Did you mean `{'}'}` or `&rbrace;`?
  [90m 9 |[0m  
  [90m10 |[0m   );
[31m[1m>[0m [90m11 |[0m }
  [90m   |[0m [31m[1m^[0m
  [90m12 |[0m
  [90m13 |[0m
  [90m14 |[0m

Parsing ecmascript source code failed

Import traces:
  App Route:
    ./content/dsa/linked-list/remove-duplicates-unsorted.tsx
    ./lib/content-registry.ts
    ./app/api/content/route.ts

  Client Component Browser:
    ./content/dsa/linked-list/remove-duplicates-unsorted.tsx [Client Component Browser]
    ./components/LessonLoader.tsx [Client Component Browser]
    ./components/LessonLoader.tsx [Server Component]
    ./app/curriculum/[subject]/[topic]/[lesson]/page.tsx [Server Component]

  Client Component SSR:
    ./content/dsa/linked-list/remove-duplicates-unsorted.tsx [Client Component SSR]
    ./components/LessonLoader.tsx [Client Component SSR]
    ./components/LessonLoader.tsx [Server Component]
    ./app/curriculum/[subject]/[topic]/[lesson]/page.tsx [Server Component]


./content/dsa/linked-list/remove-loop.tsx:11:1
Unexpected token. Did you mean `{'}'}` or `&rbrace;`?
  [90m 9 |[0m  
  [90m10 |[0m   );
[31m[1m>[0m [90m11 |[0m }
  [90m   |[0m [31m[1m^[0m
  [90m12 |[0m
  [90m13 |[0m
  [90m14 |[0m

Parsing ecmascript source code failed

Import traces:
  App Route:
    ./content/dsa/linked-list/remove-loop.tsx
    ./lib/content-registry.ts
    ./app/api/content/route.ts

  Client Component Browser:
    ./content/dsa/linked-list/remove-loop.tsx [Client Component Browser]
    ./components/LessonLoader.tsx [Client Component Browser]
    ./components/LessonLoader.tsx [Server Component]
    ./app/curriculum/[subject]/[topic]/[lesson]/page.tsx [Server Component]

  Client Component SSR:
    ./content/dsa/linked-list/remove-loop.tsx [Client Component SSR]
    ./components/LessonLoader.tsx [Client Component SSR]
    ./components/LessonLoader.tsx [Server Component]
    ./app/curriculum/[subject]/[topic]/[lesson]/page.tsx [Server Component]


./content/dsa/linked-list/reverse-dll.tsx:11:1
Unexpected token. Did you mean `{'}'}` or `&rbrace;`?
  [90m 9 |[0m  
  [90m10 |[0m   );
[31m[1m>[0m [90m11 |[0m }
  [90m   |[0m [31m[1m^[0m
  [90m12 |[0m
  [90m13 |[0m
  [90m14 |[0m

Parsing ecmascript source code failed

Import traces:
  App Route:
    ./content/dsa/linked-list/reverse-dll.tsx
    ./lib/content-registry.ts
    ./app/api/content/route.ts

  Client Component Browser:
    ./content/dsa/linked-list/reverse-dll.tsx [Client Component Browser]
    ./components/LessonLoader.tsx [Client Component Browser]
    ./components/LessonLoader.tsx [Server Component]
    ./app/curriculum/[subject]/[topic]/[lesson]/page.tsx [Server Component]

  Client Component SSR:
    ./content/dsa/linked-list/reverse-dll.tsx [Client Component SSR]
    ./components/LessonLoader.tsx [Client Component SSR]
    ./components/LessonLoader.tsx [Server Component]
    ./app/curriculum/[subject]/[topic]/[lesson]/page.tsx [Server Component]


./content/dsa/linked-list/reverse-in-k-groups.tsx:11:1
Unexpected token. Did you mean `{'}'}` or `&rbrace;`?
  [90m 9 |[0m  
  [90m10 |[0m   );
[31m[1m>[0m [90m11 |[0m }
  [90m   |[0m [31m[1m^[0m
  [90m12 |[0m
  [90m13 |[0m
  [90m14 |[0m

Parsing ecmascript source code failed

Import traces:
  App Route:
    ./content/dsa/linked-list/reverse-in-k-groups.tsx
    ./lib/content-registry.ts
    ./app/api/content/route.ts

  Client Component Browser:
    ./content/dsa/linked-list/reverse-in-k-groups.tsx [Client Component Browser]
    ./components/LessonLoader.tsx [Client Component Browser]
    ./components/LessonLoader.tsx [Server Component]
    ./app/curriculum/[subject]/[topic]/[lesson]/page.tsx [Server Component]

  Client Component SSR:
    ./content/dsa/linked-list/reverse-in-k-groups.tsx [Client Component SSR]
    ./components/LessonLoader.tsx [Client Component SSR]
    ./components/LessonLoader.tsx [Server Component]
    ./app/curriculum/[subject]/[topic]/[lesson]/page.tsx [Server Component]


./content/dsa/linked-list/reverse-linked-list.tsx:11:1
Unexpected token. Did you mean `{'}'}` or `&rbrace;`?
  [90m 9 |[0m  
  [90m10 |[0m   );
[31m[1m>[0m [90m11 |[0m }
  [90m   |[0m [31m[1m^[0m
  [90m12 |[0m
  [90m13 |[0m
  [90m14 |[0m

Parsing ecmascript source code failed

Import traces:
  App Route:
    ./content/dsa/linked-list/reverse-linked-list.tsx
    ./lib/content-registry.ts
    ./app/api/content/route.ts

  Client Component Browser:
    ./content/dsa/linked-list/reverse-linked-list.tsx [Client Component Browser]
    ./components/LessonLoader.tsx [Client Component Browser]
    ./components/LessonLoader.tsx [Server Component]
    ./app/curriculum/[subject]/[topic]/[lesson]/page.tsx [Server Component]

  Client Component SSR:
    ./content/dsa/linked-list/reverse-linked-list.tsx [Client Component SSR]
    ./components/LessonLoader.tsx [Client Component SSR]
    ./components/LessonLoader.tsx [Server Component]
    ./app/curriculum/[subject]/[topic]/[lesson]/page.tsx [Server Component]


./content/dsa/linked-list/rotate-linked-list.tsx:11:1
Unexpected token. Did you mean `{'}'}` or `&rbrace;`?
  [90m 9 |[0m  
  [90m10 |[0m   );
[31m[1m>[0m [90m11 |[0m }
  [90m   |[0m [31m[1m^[0m
  [90m12 |[0m
  [90m13 |[0m
  [90m14 |[0m

Parsing ecmascript source code failed

Import traces:
  App Route:
    ./content/dsa/linked-list/rotate-linked-list.tsx
    ./lib/content-registry.ts
    ./app/api/content/route.ts

  Client Component Browser:
    ./content/dsa/linked-list/rotate-linked-list.tsx [Client Component Browser]
    ./components/LessonLoader.tsx [Client Component Browser]
    ./components/LessonLoader.tsx [Server Component]
    ./app/curriculum/[subject]/[topic]/[lesson]/page.tsx [Server Component]

  Client Component SSR:
    ./content/dsa/linked-list/rotate-linked-list.tsx [Client Component SSR]
    ./components/LessonLoader.tsx [Client Component SSR]
    ./components/LessonLoader.tsx [Server Component]
    ./app/curriculum/[subject]/[topic]/[lesson]/page.tsx [Server Component]


./content/dsa/linked-list/searching.tsx:11:1
Unexpected token. Did you mean `{'}'}` or `&rbrace;`?
  [90m 9 |[0m  
  [90m10 |[0m   );
[31m[1m>[0m [90m11 |[0m }
  [90m   |[0m [31m[1m^[0m
  [90m12 |[0m
  [90m13 |[0m
  [90m14 |[0m

Parsing ecmascript source code failed

Import traces:
  App Route:
    ./content/dsa/linked-list/searching.tsx
    ./lib/content-registry.ts
    ./app/api/content/route.ts

  Client Component Browser:
    ./content/dsa/linked-list/searching.tsx [Client Component Browser]
    ./components/LessonLoader.tsx [Client Component Browser]
    ./components/LessonLoader.tsx [Server Component]
    ./app/curriculum/[subject]/[topic]/[lesson]/page.tsx [Server Component]

  Client Component SSR:
    ./content/dsa/linked-list/searching.tsx [Client Component SSR]
    ./components/LessonLoader.tsx [Client Component SSR]
    ./components/LessonLoader.tsx [Server Component]
    ./app/curriculum/[subject]/[topic]/[lesson]/page.tsx [Server Component]


./content/dsa/linked-list/segregate-even-odd.tsx:11:1
Unexpected token. Did you mean `{'}'}` or `&rbrace;`?
  [90m 9 |[0m  
  [90m10 |[0m   );
[31m[1m>[0m [90m11 |[0m }
  [90m   |[0m [31m[1m^[0m
  [90m12 |[0m
  [90m13 |[0m
  [90m14 |[0m

Parsing ecmascript source code failed

Import traces:
  App Route:
    ./content/dsa/linked-list/segregate-even-odd.tsx
    ./lib/content-registry.ts
    ./app/api/content/route.ts

  Client Component Browser:
    ./content/dsa/linked-list/segregate-even-odd.tsx [Client Component Browser]
    ./components/LessonLoader.tsx [Client Component Browser]
    ./components/LessonLoader.tsx [Server Component]
    ./app/curriculum/[subject]/[topic]/[lesson]/page.tsx [Server Component]

  Client Component SSR:
    ./content/dsa/linked-list/segregate-even-odd.tsx [Client Component SSR]
    ./components/LessonLoader.tsx [Client Component SSR]
    ./components/LessonLoader.tsx [Server Component]
    ./app/curriculum/[subject]/[topic]/[lesson]/page.tsx [Server Component]


./content/dsa/linked-list/singly-linked-list.tsx:11:1
Unexpected token. Did you mean `{'}'}` or `&rbrace;`?
  [90m 9 |[0m  
  [90m10 |[0m   );
[31m[1m>[0m [90m11 |[0m }
  [90m   |[0m [31m[1m^[0m
  [90m12 |[0m
  [90m13 |[0m
  [90m14 |[0m

Parsing ecmascript source code failed

Import traces:
  App Route:
    ./content/dsa/linked-list/singly-linked-list.tsx
    ./lib/content-registry.ts
    ./app/api/content/route.ts

  Client Component Browser:
    ./content/dsa/linked-list/singly-linked-list.tsx [Client Component Browser]
    ./components/LessonLoader.tsx [Client Component Browser]
    ./components/LessonLoader.tsx [Server Component]
    ./app/curriculum/[subject]/[topic]/[lesson]/page.tsx [Server Component]

  Client Component SSR:
    ./content/dsa/linked-list/singly-linked-list.tsx [Client Component SSR]
    ./components/LessonLoader.tsx [Client Component SSR]
    ./components/LessonLoader.tsx [Server Component]
    ./app/curriculum/[subject]/[topic]/[lesson]/page.tsx [Server Component]


./content/dsa/linked-list/skip-list-basics.tsx:11:1
Unexpected token. Did you mean `{'}'}` or `&rbrace;`?
  [90m 9 |[0m  
  [90m10 |[0m   );
[31m[1m>[0m [90m11 |[0m }
  [90m   |[0m [31m[1m^[0m
  [90m12 |[0m
  [90m13 |[0m
  [90m14 |[0m

Parsing ecmascript source code failed

Import traces:
  App Route:
    ./content/dsa/linked-list/skip-list-basics.tsx
    ./lib/content-registry.ts
    ./app/api/content/route.ts

  Client Component Browser:
    ./content/dsa/linked-list/skip-list-basics.tsx [Client Component Browser]
    ./components/LessonLoader.tsx [Client Component Browser]
    ./components/LessonLoader.tsx [Server Component]
    ./app/curriculum/[subject]/[topic]/[lesson]/page.tsx [Server Component]

  Client Component SSR:
    ./content/dsa/linked-list/skip-list-basics.tsx [Client Component SSR]
    ./components/LessonLoader.tsx [Client Component SSR]
    ./components/LessonLoader.tsx [Server Component]
    ./app/curriculum/[subject]/[topic]/[lesson]/page.tsx [Server Component]


./content/dsa/linked-list/sort-linked-list.tsx:11:1
Unexpected token. Did you mean `{'}'}` or `&rbrace;`?
  [90m 9 |[0m  
  [90m10 |[0m   );
[31m[1m>[0m [90m11 |[0m }
  [90m   |[0m [31m[1m^[0m
  [90m12 |[0m
  [90m13 |[0m
  [90m14 |[0m

Parsing ecmascript source code failed

Import traces:
  App Route:
    ./content/dsa/linked-list/sort-linked-list.tsx
    ./lib/content-registry.ts
    ./app/api/content/route.ts

  Client Component Browser:
    ./content/dsa/linked-list/sort-linked-list.tsx [Client Component Browser]
    ./components/LessonLoader.tsx [Client Component Browser]
    ./components/LessonLoader.tsx [Server Component]
    ./app/curriculum/[subject]/[topic]/[lesson]/page.tsx [Server Component]

  Client Component SSR:
    ./content/dsa/linked-list/sort-linked-list.tsx [Client Component SSR]
    ./components/LessonLoader.tsx [Client Component SSR]
    ./components/LessonLoader.tsx [Server Component]
    ./app/curriculum/[subject]/[topic]/[lesson]/page.tsx [Server Component]


./content/dsa/linked-list/sparse-matrix-linked-list.tsx:11:1
Unexpected token. Did you mean `{'}'}` or `&rbrace;`?
  [90m 9 |[0m  
  [90m10 |[0m   );
[31m[1m>[0m [90m11 |[0m }
  [90m   |[0m [31m[1m^[0m
  [90m12 |[0m
  [90m13 |[0m
  [90m14 |[0m

Parsing ecmascript source code failed

Import traces:
  App Route:
    ./content/dsa/linked-list/sparse-matrix-linked-list.tsx
    ./lib/content-registry.ts
    ./app/api/content/route.ts

  Client Component Browser:
    ./content/dsa/linked-list/sparse-matrix-linked-list.tsx [Client Component Browser]
    ./components/LessonLoader.tsx [Client Component Browser]
    ./components/LessonLoader.tsx [Server Component]
    ./app/curriculum/[subject]/[topic]/[lesson]/page.tsx [Server Component]

  Client Component SSR:
    ./content/dsa/linked-list/sparse-matrix-linked-list.tsx [Client Component SSR]
    ./components/LessonLoader.tsx [Client Component SSR]
    ./components/LessonLoader.tsx [Server Component]
    ./app/curriculum/[subject]/[topic]/[lesson]/page.tsx [Server Component]


./content/dsa/linked-list/stack-using-linked-list.tsx:11:1
Unexpected token. Did you mean `{'}'}` or `&rbrace;`?
  [90m 9 |[0m  
  [90m10 |[0m   );
[31m[1m>[0m [90m11 |[0m }
  [90m   |[0m [31m[1m^[0m
  [90m12 |[0m
  [90m13 |[0m
  [90m14 |[0m

Parsing ecmascript source code failed

Import traces:
  App Route:
    ./content/dsa/linked-list/stack-using-linked-list.tsx
    ./lib/content-registry.ts
    ./app/api/content/route.ts

  Client Component Browser:
    ./content/dsa/linked-list/stack-using-linked-list.tsx [Client Component Browser]
    ./components/LessonLoader.tsx [Client Component Browser]
    ./components/LessonLoader.tsx [Server Component]
    ./app/curriculum/[subject]/[topic]/[lesson]/page.tsx [Server Component]

  Client Component SSR:
    ./content/dsa/linked-list/stack-using-linked-list.tsx [Client Component SSR]
    ./components/LessonLoader.tsx [Client Component SSR]
    ./components/LessonLoader.tsx [Server Component]
    ./app/curriculum/[subject]/[topic]/[lesson]/page.tsx [Server Component]


./content/dsa/linked-list/stl-list.tsx:11:1
Unexpected token. Did you mean `{'}'}` or `&rbrace;`?
  [90m 9 |[0m  
  [90m10 |[0m   );
[31m[1m>[0m [90m11 |[0m }
  [90m   |[0m [31m[1m^[0m
  [90m12 |[0m
  [90m13 |[0m
  [90m14 |[0m

Parsing ecmascript source code failed

Import traces:
  App Route:
    ./content/dsa/linked-list/stl-list.tsx
    ./lib/content-registry.ts
    ./app/api/content/route.ts

  Client Component Browser:
    ./content/dsa/linked-list/stl-list.tsx [Client Component Browser]
    ./components/LessonLoader.tsx [Client Component Browser]
    ./components/LessonLoader.tsx [Server Component]
    ./app/curriculum/[subject]/[topic]/[lesson]/page.tsx [Server Component]

  Client Component SSR:
    ./content/dsa/linked-list/stl-list.tsx [Client Component SSR]
    ./components/LessonLoader.tsx [Client Component SSR]
    ./components/LessonLoader.tsx [Server Component]
    ./app/curriculum/[subject]/[topic]/[lesson]/page.tsx [Server Component]


./content/dsa/linked-list/swap-nodes-in-pairs.tsx:11:1
Unexpected token. Did you mean `{'}'}` or `&rbrace;`?
  [90m 9 |[0m  
  [90m10 |[0m   );
[31m[1m>[0m [90m11 |[0m }
  [90m   |[0m [31m[1m^[0m
  [90m12 |[0m
  [90m13 |[0m
  [90m14 |[0m

Parsing ecmascript source code failed

Import traces:
  App Route:
    ./content/dsa/linked-list/swap-nodes-in-pairs.tsx
    ./lib/content-registry.ts
    ./app/api/content/route.ts

  Client Component Browser:
    ./content/dsa/linked-list/swap-nodes-in-pairs.tsx [Client Component Browser]
    ./components/LessonLoader.tsx [Client Component Browser]
    ./components/LessonLoader.tsx [Server Component]
    ./app/curriculum/[subject]/[topic]/[lesson]/page.tsx [Server Component]

  Client Component SSR:
    ./content/dsa/linked-list/swap-nodes-in-pairs.tsx [Client Component SSR]
    ./components/LessonLoader.tsx [Client Component SSR]
    ./components/LessonLoader.tsx [Server Component]
    ./app/curriculum/[subject]/[topic]/[lesson]/page.tsx [Server Component]


./content/dsa/linked-list/traversal.tsx:11:1
Unexpected token. Did you mean `{'}'}` or `&rbrace;`?
  [90m 9 |[0m  
  [90m10 |[0m   );
[31m[1m>[0m [90m11 |[0m }
  [90m   |[0m [31m[1m^[0m
  [90m12 |[0m
  [90m13 |[0m
  [90m14 |[0m

Parsing ecmascript source code failed

Import traces:
  App Route:
    ./content/dsa/linked-list/traversal.tsx
    ./lib/content-registry.ts
    ./app/api/content/route.ts

  Client Component Browser:
    ./content/dsa/linked-list/traversal.tsx [Client Component Browser]
    ./components/LessonLoader.tsx [Client Component Browser]
    ./components/LessonLoader.tsx [Server Component]
    ./app/curriculum/[subject]/[topic]/[lesson]/page.tsx [Server Component]

  Client Component SSR:
    ./content/dsa/linked-list/traversal.tsx [Client Component SSR]
    ./components/LessonLoader.tsx [Client Component SSR]
    ./components/LessonLoader.tsx [Server Component]
    ./app/curriculum/[subject]/[topic]/[lesson]/page.tsx [Server Component]


./content/dsa/linked-list/types-of-linked-list.tsx:11:1
Unexpected token. Did you mean `{'}'}` or `&rbrace;`?
  [90m 9 |[0m  
  [90m10 |[0m   );
[31m[1m>[0m [90m11 |[0m }
  [90m   |[0m [31m[1m^[0m
  [90m12 |[0m
  [90m13 |[0m
  [90m14 |[0m

Parsing ecmascript source code failed

Import traces:
  App Route:
    ./content/dsa/linked-list/types-of-linked-list.tsx
    ./lib/content-registry.ts
    ./app/api/content/route.ts

  Client Component Browser:
    ./content/dsa/linked-list/types-of-linked-list.tsx [Client Component Browser]
    ./components/LessonLoader.tsx [Client Component Browser]
    ./components/LessonLoader.tsx [Server Component]
    ./app/curriculum/[subject]/[topic]/[lesson]/page.tsx [Server Component]

  Client Component SSR:
    ./content/dsa/linked-list/types-of-linked-list.tsx [Client Component SSR]
    ./components/LessonLoader.tsx [Client Component SSR]
    ./components/LessonLoader.tsx [Server Component]
    ./app/curriculum/[subject]/[topic]/[lesson]/page.tsx [Server Component]


./content/dsa/linked-list/updating-nodes.tsx:11:1
Unexpected token. Did you mean `{'}'}` or `&rbrace;`?
  [90m 9 |[0m  
  [90m10 |[0m   );
[31m[1m>[0m [90m11 |[0m }
  [90m   |[0m [31m[1m^[0m
  [90m12 |[0m
  [90m13 |[0m
  [90m14 |[0m

Parsing ecmascript source code failed

Import traces:
  App Route:
    ./content/dsa/linked-list/updating-nodes.tsx
    ./lib/content-registry.ts
    ./app/api/content/route.ts

  Client Component Browser:
    ./content/dsa/linked-list/updating-nodes.tsx [Client Component Browser]
    ./components/LessonLoader.tsx [Client Component Browser]
    ./components/LessonLoader.tsx [Server Component]
    ./app/curriculum/[subject]/[topic]/[lesson]/page.tsx [Server Component]

  Client Component SSR:
    ./content/dsa/linked-list/updating-nodes.tsx [Client Component SSR]
    ./components/LessonLoader.tsx [Client Component SSR]
    ./components/LessonLoader.tsx [Server Component]
    ./app/curriculum/[subject]/[topic]/[lesson]/page.tsx [Server Component]


./content/dsa/linked-list/xor-linked-list-basics.tsx:11:1
Unexpected token. Did you mean `{'}'}` or `&rbrace;`?
  [90m 9 |[0m  
  [90m10 |[0m   );
[31m[1m>[0m [90m11 |[0m }
  [90m   |[0m [31m[1m^[0m
  [90m12 |[0m
  [90m13 |[0m
  [90m14 |[0m

Parsing ecmascript source code failed

Import traces:
  App Route:
    ./content/dsa/linked-list/xor-linked-list-basics.tsx
    ./lib/content-registry.ts
    ./app/api/content/route.ts

  Client Component Browser:
    ./content/dsa/linked-list/xor-linked-list-basics.tsx [Client Component Browser]
    ./components/LessonLoader.tsx [Client Component Browser]
    ./components/LessonLoader.tsx [Server Component]
    ./app/curriculum/[subject]/[topic]/[lesson]/page.tsx [Server Component]

  Client Component SSR:
    ./content/dsa/linked-list/xor-linked-list-basics.tsx [Client Component SSR]
    ./components/LessonLoader.tsx [Client Component SSR]
    ./components/LessonLoader.tsx [Server Component]
    ./app/curriculum/[subject]/[topic]/[lesson]/page.tsx [Server Component]


./content/dsa/problem-solving-basics/ad-hoc-problems.tsx:46:1
Unexpected token. Did you mean `{'}'}` or `&rbrace;`?
  [90m44 |[0m  
  [90m45 |[0m   );
[31m[1m>[0m [90m46 |[0m }
  [90m   |[0m [31m[1m^[0m
  [90m47 |[0m

Parsing ecmascript source code failed

Import traces:
  App Route:
    ./content/dsa/problem-solving-basics/ad-hoc-problems.tsx
    ./lib/content-registry.ts
    ./app/api/content/route.ts

  Client Component Browser:
    ./content/dsa/problem-solving-basics/ad-hoc-problems.tsx [Client Component Browser]
    ./components/LessonLoader.tsx [Client Component Browser]
    ./components/LessonLoader.tsx [Server Component]
    ./app/curriculum/[subject]/[topic]/[lesson]/page.tsx [Server Component]

  Client Component SSR:
    ./content/dsa/problem-solving-basics/ad-hoc-problems.tsx [Client Component SSR]
    ./components/LessonLoader.tsx [Client Component SSR]
    ./components/LessonLoader.tsx [Server Component]
    ./app/curriculum/[subject]/[topic]/[lesson]/page.tsx [Server Component]


./content/dsa/problem-solving-basics/algorithmic-thinking.tsx:48:1
Unexpected token. Did you mean `{'}'}` or `&rbrace;`?
  [90m46 |[0m  
  [90m47 |[0m   );
[31m[1m>[0m [90m48 |[0m }
  [90m   |[0m [31m[1m^[0m
  [90m49 |[0m

Parsing ecmascript source code failed

Import traces:
  App Route:
    ./content/dsa/problem-solving-basics/algorithmic-thinking.tsx
    ./lib/content-registry.ts
    ./app/api/content/route.ts

  Client Component Browser:
    ./content/dsa/problem-solving-basics/algorithmic-thinking.tsx [Client Component Browser]
    ./components/LessonLoader.tsx [Client Component Browser]
    ./components/LessonLoader.tsx [Server Component]
    ./app/curriculum/[subject]/[topic]/[lesson]/page.tsx [Server Component]

  Client Component SSR:
    ./content/dsa/problem-solving-basics/algorithmic-thinking.tsx [Client Component SSR]
    ./components/LessonLoader.tsx [Client Component SSR]
    ./components/LessonLoader.tsx [Server Component]
    ./app/curriculum/[subject]/[topic]/[lesson]/page.tsx [Server Component]


./content/dsa/problem-solving-basics/array-manipulation-basics.tsx:50:1
Unexpected token. Did you mean `{'}'}` or `&rbrace;`?
  [90m48 |[0m  
  [90m49 |[0m   );
[31m[1m>[0m [90m50 |[0m }
  [90m   |[0m [31m[1m^[0m
  [90m51 |[0m

Parsing ecmascript source code failed

Import traces:
  App Route:
    ./content/dsa/problem-solving-basics/array-manipulation-basics.tsx
    ./lib/content-registry.ts
    ./app/api/content/route.ts

  Client Component Browser:
    ./content/dsa/problem-solving-basics/array-manipulation-basics.tsx [Client Component Browser]
    ./components/LessonLoader.tsx [Client Component Browser]
    ./components/LessonLoader.tsx [Server Component]
    ./app/curriculum/[subject]/[topic]/[lesson]/page.tsx [Server Component]

  Client Component SSR:
    ./content/dsa/problem-solving-basics/array-manipulation-basics.tsx [Client Component SSR]
    ./components/LessonLoader.tsx [Client Component SSR]
    ./components/LessonLoader.tsx [Server Component]
    ./app/curriculum/[subject]/[topic]/[lesson]/page.tsx [Server Component]


./content/dsa/problem-solving-basics/backtracking-basics.tsx:46:1
Unexpected token. Did you mean `{'}'}` or `&rbrace;`?
  [90m44 |[0m  
  [90m45 |[0m   );
[31m[1m>[0m [90m46 |[0m }
  [90m   |[0m [31m[1m^[0m
  [90m47 |[0m

Parsing ecmascript source code failed

Import traces:
  App Route:
    ./content/dsa/problem-solving-basics/backtracking-basics.tsx
    ./lib/content-registry.ts
    ./app/api/content/route.ts

  Client Component Browser:
    ./content/dsa/problem-solving-basics/backtracking-basics.tsx [Client Component Browser]
    ./components/LessonLoader.tsx [Client Component Browser]
    ./components/LessonLoader.tsx [Server Component]
    ./app/curriculum/[subject]/[topic]/[lesson]/page.tsx [Server Component]

  Client Component SSR:
    ./content/dsa/problem-solving-basics/backtracking-basics.tsx [Client Component SSR]
    ./components/LessonLoader.tsx [Client Component SSR]
    ./components/LessonLoader.tsx [Server Component]
    ./app/curriculum/[subject]/[topic]/[lesson]/page.tsx [Server Component]


./content/dsa/problem-solving-basics/basic-mathematics.tsx:47:1
Unexpected token. Did you mean `{'}'}` or `&rbrace;`?
  [90m45 |[0m  
  [90m46 |[0m   );
[31m[1m>[0m [90m47 |[0m }
  [90m   |[0m [31m[1m^[0m
  [90m48 |[0m

Parsing ecmascript source code failed

Import traces:
  App Route:
    ./content/dsa/problem-solving-basics/basic-mathematics.tsx
    ./lib/content-registry.ts
    ./app/api/content/route.ts

  Client Component Browser:
    ./content/dsa/problem-solving-basics/basic-mathematics.tsx [Client Component Browser]
    ./components/LessonLoader.tsx [Client Component Browser]
    ./components/LessonLoader.tsx [Server Component]
    ./app/curriculum/[subject]/[topic]/[lesson]/page.tsx [Server Component]

  Client Component SSR:
    ./content/dsa/problem-solving-basics/basic-mathematics.tsx [Client Component SSR]
    ./components/LessonLoader.tsx [Client Component SSR]
    ./components/LessonLoader.tsx [Server Component]
    ./app/curriculum/[subject]/[topic]/[lesson]/page.tsx [Server Component]


./content/dsa/problem-solving-basics/best-average-worst-case.tsx:49:1
Unexpected token. Did you mean `{'}'}` or `&rbrace;`?
  [90m47 |[0m  
  [90m48 |[0m   );
[31m[1m>[0m [90m49 |[0m }
  [90m   |[0m [31m[1m^[0m
  [90m50 |[0m

Parsing ecmascript source code failed

Import traces:
  App Route:
    ./content/dsa/problem-solving-basics/best-average-worst-case.tsx
    ./lib/content-registry.ts
    ./app/api/content/route.ts

  Client Component Browser:
    ./content/dsa/problem-solving-basics/best-average-worst-case.tsx [Client Component Browser]
    ./components/LessonLoader.tsx [Client Component Browser]
    ./components/LessonLoader.tsx [Server Component]
    ./app/curriculum/[subject]/[topic]/[lesson]/page.tsx [Server Component]

  Client Component SSR:
    ./content/dsa/problem-solving-basics/best-average-worst-case.tsx [Client Component SSR]
    ./components/LessonLoader.tsx [Client Component SSR]
    ./components/LessonLoader.tsx [Server Component]
    ./app/curriculum/[subject]/[topic]/[lesson]/page.tsx [Server Component]


./content/dsa/problem-solving-basics/binary-number-basics.tsx:49:1
Unexpected token. Did you mean `{'}'}` or `&rbrace;`?
  [90m47 |[0m  
  [90m48 |[0m   );
[31m[1m>[0m [90m49 |[0m }
  [90m   |[0m [31m[1m^[0m
  [90m50 |[0m

Parsing ecmascript source code failed

Import traces:
  App Route:
    ./content/dsa/problem-solving-basics/binary-number-basics.tsx
    ./lib/content-registry.ts
    ./app/api/content/route.ts

  Client Component Browser:
    ./content/dsa/problem-solving-basics/binary-number-basics.tsx [Client Component Browser]
    ./components/LessonLoader.tsx [Client Component Browser]
    ./components/LessonLoader.tsx [Server Component]
    ./app/curriculum/[subject]/[topic]/[lesson]/page.tsx [Server Component]

  Client Component SSR:
    ./content/dsa/problem-solving-basics/binary-number-basics.tsx [Client Component SSR]
    ./components/LessonLoader.tsx [Client Component SSR]
    ./components/LessonLoader.tsx [Server Component]
    ./app/curriculum/[subject]/[topic]/[lesson]/page.tsx [Server Component]


./content/dsa/problem-solving-basics/binary-search-basics.tsx:45:1
Unexpected token. Did you mean `{'}'}` or `&rbrace;`?
  [90m43 |[0m  
  [90m44 |[0m   );
[31m[1m>[0m [90m45 |[0m }
  [90m   |[0m [31m[1m^[0m
  [90m46 |[0m

Parsing ecmascript source code failed

Import traces:
  App Route:
    ./content/dsa/problem-solving-basics/binary-search-basics.tsx
    ./lib/content-registry.ts
    ./app/api/content/route.ts

  Client Component Browser:
    ./content/dsa/problem-solving-basics/binary-search-basics.tsx [Client Component Browser]
    ./components/LessonLoader.tsx [Client Component Browser]
    ./components/LessonLoader.tsx [Server Component]
    ./app/curriculum/[subject]/[topic]/[lesson]/page.tsx [Server Component]

  Client Component SSR:
    ./content/dsa/problem-solving-basics/binary-search-basics.tsx [Client Component SSR]
    ./components/LessonLoader.tsx [Client Component SSR]
    ./components/LessonLoader.tsx [Server Component]
    ./app/curriculum/[subject]/[topic]/[lesson]/page.tsx [Server Component]


./content/dsa/problem-solving-basics/bit-manipulation-basics.tsx:55:1
Unexpected token. Did you mean `{'}'}` or `&rbrace;`?
  [90m53 |[0m  
  [90m54 |[0m   );
[31m[1m>[0m [90m55 |[0m }
  [90m   |[0m [31m[1m^[0m
  [90m56 |[0m

Parsing ecmascript source code failed

Import traces:
  App Route:
    ./content/dsa/problem-solving-basics/bit-manipulation-basics.tsx
    ./lib/content-registry.ts
    ./app/api/content/route.ts

  Client Component Browser:
    ./content/dsa/problem-solving-basics/bit-manipulation-basics.tsx [Client Component Browser]
    ./components/LessonLoader.tsx [Client Component Browser]
    ./components/LessonLoader.tsx [Server Component]
    ./app/curriculum/[subject]/[topic]/[lesson]/page.tsx [Server Component]

  Client Component SSR:
    ./content/dsa/problem-solving-basics/bit-manipulation-basics.tsx [Client Component SSR]
    ./components/LessonLoader.tsx [Client Component SSR]
    ./components/LessonLoader.tsx [Server Component]
    ./app/curriculum/[subject]/[topic]/[lesson]/page.tsx [Server Component]


./content/dsa/problem-solving-basics/breaking-problems-subproblems.tsx:46:1
Unexpected token. Did you mean `{'}'}` or `&rbrace;`?
  [90m44 |[0m  
  [90m45 |[0m   );
[31m[1m>[0m [90m46 |[0m }
  [90m   |[0m [31m[1m^[0m
  [90m47 |[0m

Parsing ecmascript source code failed

Import traces:
  App Route:
    ./content/dsa/problem-solving-basics/breaking-problems-subproblems.tsx
    ./lib/content-registry.ts
    ./app/api/content/route.ts

  Client Component Browser:
    ./content/dsa/problem-solving-basics/breaking-problems-subproblems.tsx [Client Component Browser]
    ./components/LessonLoader.tsx [Client Component Browser]
    ./components/LessonLoader.tsx [Server Component]
    ./app/curriculum/[subject]/[topic]/[lesson]/page.tsx [Server Component]

  Client Component SSR:
    ./content/dsa/problem-solving-basics/breaking-problems-subproblems.tsx [Client Component SSR]
    ./components/LessonLoader.tsx [Client Component SSR]
    ./components/LessonLoader.tsx [Server Component]
    ./app/curriculum/[subject]/[topic]/[lesson]/page.tsx [Server Component]


./content/dsa/problem-solving-basics/brute-force-approach.tsx:45:1
Unexpected token. Did you mean `{'}'}` or `&rbrace;`?
  [90m43 |[0m  
  [90m44 |[0m   );
[31m[1m>[0m [90m45 |[0m }
  [90m   |[0m [31m[1m^[0m
  [90m46 |[0m

Parsing ecmascript source code failed

Import traces:
  App Route:
    ./content/dsa/problem-solving-basics/brute-force-approach.tsx
    ./lib/content-registry.ts
    ./app/api/content/route.ts

  Client Component Browser:
    ./content/dsa/problem-solving-basics/brute-force-approach.tsx [Client Component Browser]
    ./components/LessonLoader.tsx [Client Component Browser]
    ./components/LessonLoader.tsx [Server Component]
    ./app/curriculum/[subject]/[topic]/[lesson]/page.tsx [Server Component]

  Client Component SSR:
    ./content/dsa/problem-solving-basics/brute-force-approach.tsx [Client Component SSR]
    ./components/LessonLoader.tsx [Client Component SSR]
    ./components/LessonLoader.tsx [Server Component]
    ./app/curriculum/[subject]/[topic]/[lesson]/page.tsx [Server Component]


./content/dsa/problem-solving-basics/code-readability.tsx:50:1
Unexpected token. Did you mean `{'}'}` or `&rbrace;`?
  [90m48 |[0m  
  [90m49 |[0m   );
[31m[1m>[0m [90m50 |[0m }
  [90m   |[0m [31m[1m^[0m
  [90m51 |[0m

Parsing ecmascript source code failed

Import traces:
  App Route:
    ./content/dsa/problem-solving-basics/code-readability.tsx
    ./lib/content-registry.ts
    ./app/api/content/route.ts

  Client Component Browser:
    ./content/dsa/problem-solving-basics/code-readability.tsx [Client Component Browser]
    ./components/LessonLoader.tsx [Client Component Browser]
    ./components/LessonLoader.tsx [Server Component]
    ./app/curriculum/[subject]/[topic]/[lesson]/page.tsx [Server Component]

  Client Component SSR:
    ./content/dsa/problem-solving-basics/code-readability.tsx [Client Component SSR]
    ./components/LessonLoader.tsx [Client Component SSR]
    ./components/LessonLoader.tsx [Server Component]
    ./app/curriculum/[subject]/[topic]/[lesson]/page.tsx [Server Component]


./content/dsa/problem-solving-basics/competitive-programming-basics.tsx:48:1
Unexpected token. Did you mean `{'}'}` or `&rbrace;`?
  [90m46 |[0m  
  [90m47 |[0m   );
[31m[1m>[0m [90m48 |[0m }
  [90m   |[0m [31m[1m^[0m
  [90m49 |[0m

Parsing ecmascript source code failed

Import traces:
  App Route:
    ./content/dsa/problem-solving-basics/competitive-programming-basics.tsx
    ./lib/content-registry.ts
    ./app/api/content/route.ts

  Client Component Browser:
    ./content/dsa/problem-solving-basics/competitive-programming-basics.tsx [Client Component Browser]
    ./components/LessonLoader.tsx [Client Component Browser]
    ./components/LessonLoader.tsx [Server Component]
    ./app/curriculum/[subject]/[topic]/[lesson]/page.tsx [Server Component]

  Client Component SSR:
    ./content/dsa/problem-solving-basics/competitive-programming-basics.tsx [Client Component SSR]
    ./components/LessonLoader.tsx [Client Component SSR]
    ./components/LessonLoader.tsx [Server Component]
    ./app/curriculum/[subject]/[topic]/[lesson]/page.tsx [Server Component]


./content/dsa/problem-solving-basics/constraints-analysis.tsx:40:1
Unexpected token. Did you mean `{'}'}` or `&rbrace;`?
  [90m38 |[0m [32m [0m
  [90m39 |[0m [32m  );[0m
[31m[1m>[0m [90m40 |[0m [32m}[0m
  [90m   |[0m [31m[1m^[0m
  [90m41 |[0m

Parsing ecmascript source code failed

Import traces:
  App Route:
    ./content/dsa/problem-solving-basics/constraints-analysis.tsx
    ./lib/content-registry.ts
    ./app/api/content/route.ts

  Client Component Browser:
    ./content/dsa/problem-solving-basics/constraints-analysis.tsx [Client Component Browser]
    ./components/LessonLoader.tsx [Client Component Browser]
    ./components/LessonLoader.tsx [Server Component]
    ./app/curriculum/[subject]/[topic]/[lesson]/page.tsx [Server Component]

  Client Component SSR:
    ./content/dsa/problem-solving-basics/constraints-analysis.tsx [Client Component SSR]
    ./components/LessonLoader.tsx [Client Component SSR]
    ./components/LessonLoader.tsx [Server Component]
    ./app/curriculum/[subject]/[topic]/[lesson]/page.tsx [Server Component]


./content/dsa/problem-solving-basics/constructive-thinking.tsx:46:1
Unexpected token. Did you mean `{'}'}` or `&rbrace;`?
  [90m44 |[0m  
  [90m45 |[0m   );
[31m[1m>[0m [90m46 |[0m }
  [90m   |[0m [31m[1m^[0m
  [90m47 |[0m

Parsing ecmascript source code failed

Import traces:
  App Route:
    ./content/dsa/problem-solving-basics/constructive-thinking.tsx
    ./lib/content-registry.ts
    ./app/api/content/route.ts

  Client Component Browser:
    ./content/dsa/problem-solving-basics/constructive-thinking.tsx [Client Component Browser]
    ./components/LessonLoader.tsx [Client Component Browser]
    ./components/LessonLoader.tsx [Server Component]
    ./app/curriculum/[subject]/[topic]/[lesson]/page.tsx [Server Component]

  Client Component SSR:
    ./content/dsa/problem-solving-basics/constructive-thinking.tsx [Client Component SSR]
    ./components/LessonLoader.tsx [Client Component SSR]
    ./components/LessonLoader.tsx [Server Component]
    ./app/curriculum/[subject]/[topic]/[lesson]/page.tsx [Server Component]


./content/dsa/problem-solving-basics/debugging-techniques.tsx:47:1
Unexpected token. Did you mean `{'}'}` or `&rbrace;`?
  [90m45 |[0m [32m [0m
  [90m46 |[0m [32m  );[0m
[31m[1m>[0m [90m47 |[0m [32m}[0m
  [90m   |[0m [31m[1m^[0m
  [90m48 |[0m

Parsing ecmascript source code failed

Import traces:
  App Route:
    ./content/dsa/problem-solving-basics/debugging-techniques.tsx
    ./lib/content-registry.ts
    ./app/api/content/route.ts

  Client Component Browser:
    ./content/dsa/problem-solving-basics/debugging-techniques.tsx [Client Component Browser]
    ./components/LessonLoader.tsx [Client Component Browser]
    ./components/LessonLoader.tsx [Server Component]
    ./app/curriculum/[subject]/[topic]/[lesson]/page.tsx [Server Component]

  Client Component SSR:
    ./content/dsa/problem-solving-basics/debugging-techniques.tsx [Client Component SSR]
    ./components/LessonLoader.tsx [Client Component SSR]
    ./components/LessonLoader.tsx [Server Component]
    ./app/curriculum/[subject]/[topic]/[lesson]/page.tsx [Server Component]


./content/dsa/problem-solving-basics/divide-and-conquer-basics.tsx:46:1
Unexpected token. Did you mean `{'}'}` or `&rbrace;`?
  [90m44 |[0m  
  [90m45 |[0m   );
[31m[1m>[0m [90m46 |[0m }
  [90m   |[0m [31m[1m^[0m
  [90m47 |[0m

Parsing ecmascript source code failed

Import traces:
  App Route:
    ./content/dsa/problem-solving-basics/divide-and-conquer-basics.tsx
    ./lib/content-registry.ts
    ./app/api/content/route.ts

  Client Component Browser:
    ./content/dsa/problem-solving-basics/divide-and-conquer-basics.tsx [Client Component Browser]
    ./components/LessonLoader.tsx [Client Component Browser]
    ./components/LessonLoader.tsx [Server Component]
    ./app/curriculum/[subject]/[topic]/[lesson]/page.tsx [Server Component]

  Client Component SSR:
    ./content/dsa/problem-solving-basics/divide-and-conquer-basics.tsx [Client Component SSR]
    ./components/LessonLoader.tsx [Client Component SSR]
    ./components/LessonLoader.tsx [Server Component]
    ./app/curriculum/[subject]/[topic]/[lesson]/page.tsx [Server Component]


./content/dsa/problem-solving-basics/dry-run-technique.tsx:63:1
Unexpected token. Did you mean `{'}'}` or `&rbrace;`?
  [90m61 |[0m  
  [90m62 |[0m   );
[31m[1m>[0m [90m63 |[0m }
  [90m   |[0m [31m[1m^[0m
  [90m64 |[0m

Parsing ecmascript source code failed

Import traces:
  App Route:
    ./content/dsa/problem-solving-basics/dry-run-technique.tsx
    ./lib/content-registry.ts
    ./app/api/content/route.ts

  Client Component Browser:
    ./content/dsa/problem-solving-basics/dry-run-technique.tsx [Client Component Browser]
    ./components/LessonLoader.tsx [Client Component Browser]
    ./components/LessonLoader.tsx [Server Component]
    ./app/curriculum/[subject]/[topic]/[lesson]/page.tsx [Server Component]

  Client Component SSR:
    ./content/dsa/problem-solving-basics/dry-run-technique.tsx [Client Component SSR]
    ./components/LessonLoader.tsx [Client Component SSR]
    ./components/LessonLoader.tsx [Server Component]
    ./app/curriculum/[subject]/[topic]/[lesson]/page.tsx [Server Component]


./content/dsa/problem-solving-basics/edge-case-handling.tsx:47:1
Unexpected token. Did you mean `{'}'}` or `&rbrace;`?
  [90m45 |[0m  
  [90m46 |[0m   );
[31m[1m>[0m [90m47 |[0m }
  [90m   |[0m [31m[1m^[0m
  [90m48 |[0m

Parsing ecmascript source code failed

Import traces:
  App Route:
    ./content/dsa/problem-solving-basics/edge-case-handling.tsx
    ./lib/content-registry.ts
    ./app/api/content/route.ts

  Client Component Browser:
    ./content/dsa/problem-solving-basics/edge-case-handling.tsx [Client Component Browser]
    ./components/LessonLoader.tsx [Client Component Browser]
    ./components/LessonLoader.tsx [Server Component]
    ./app/curriculum/[subject]/[topic]/[lesson]/page.tsx [Server Component]

  Client Component SSR:
    ./content/dsa/problem-solving-basics/edge-case-handling.tsx [Client Component SSR]
    ./components/LessonLoader.tsx [Client Component SSR]
    ./components/LessonLoader.tsx [Server Component]
    ./app/curriculum/[subject]/[topic]/[lesson]/page.tsx [Server Component]


./content/dsa/problem-solving-basics/factors-and-multiples.tsx:49:1
Unexpected token. Did you mean `{'}'}` or `&rbrace;`?
  [90m47 |[0m  
  [90m48 |[0m   );
[31m[1m>[0m [90m49 |[0m }
  [90m   |[0m [31m[1m^[0m
  [90m50 |[0m

Parsing ecmascript source code failed

Import traces:
  App Route:
    ./content/dsa/problem-solving-basics/factors-and-multiples.tsx
    ./lib/content-registry.ts
    ./app/api/content/route.ts

  Client Component Browser:
    ./content/dsa/problem-solving-basics/factors-and-multiples.tsx [Client Component Browser]
    ./components/LessonLoader.tsx [Client Component Browser]
    ./components/LessonLoader.tsx [Server Component]
    ./app/curriculum/[subject]/[topic]/[lesson]/page.tsx [Server Component]

  Client Component SSR:
    ./content/dsa/problem-solving-basics/factors-and-multiples.tsx [Client Component SSR]
    ./components/LessonLoader.tsx [Client Component SSR]
    ./components/LessonLoader.tsx [Server Component]
    ./app/curriculum/[subject]/[topic]/[lesson]/page.tsx [Server Component]


./content/dsa/problem-solving-basics/flowcharts.tsx:47:1
Unexpected token. Did you mean `{'}'}` or `&rbrace;`?
  [90m45 |[0m  
  [90m46 |[0m   );
[31m[1m>[0m [90m47 |[0m }
  [90m   |[0m [31m[1m^[0m
  [90m48 |[0m

Parsing ecmascript source code failed

Import traces:
  App Route:
    ./content/dsa/problem-solving-basics/flowcharts.tsx
    ./lib/content-registry.ts
    ./app/api/content/route.ts

  Client Component Browser:
    ./content/dsa/problem-solving-basics/flowcharts.tsx [Client Component Browser]
    ./components/LessonLoader.tsx [Client Component Browser]
    ./components/LessonLoader.tsx [Server Component]
    ./app/curriculum/[subject]/[topic]/[lesson]/page.tsx [Server Component]

  Client Component SSR:
    ./content/dsa/problem-solving-basics/flowcharts.tsx [Client Component SSR]
    ./components/LessonLoader.tsx [Client Component SSR]
    ./components/LessonLoader.tsx [Server Component]
    ./app/curriculum/[subject]/[topic]/[lesson]/page.tsx [Server Component]


./content/dsa/problem-solving-basics/frequency-counting.tsx:46:1
Unexpected token. Did you mean `{'}'}` or `&rbrace;`?
  [90m44 |[0m  
  [90m45 |[0m   );
[31m[1m>[0m [90m46 |[0m }
  [90m   |[0m [31m[1m^[0m
  [90m47 |[0m

Parsing ecmascript source code failed

Import traces:
  App Route:
    ./content/dsa/problem-solving-basics/frequency-counting.tsx
    ./lib/content-registry.ts
    ./app/api/content/route.ts

  Client Component Browser:
    ./content/dsa/problem-solving-basics/frequency-counting.tsx [Client Component Browser]
    ./components/LessonLoader.tsx [Client Component Browser]
    ./components/LessonLoader.tsx [Server Component]
    ./app/curriculum/[subject]/[topic]/[lesson]/page.tsx [Server Component]

  Client Component SSR:
    ./content/dsa/problem-solving-basics/frequency-counting.tsx [Client Component SSR]
    ./components/LessonLoader.tsx [Client Component SSR]
    ./components/LessonLoader.tsx [Server Component]
    ./app/curriculum/[subject]/[topic]/[lesson]/page.tsx [Server Component]


./content/dsa/problem-solving-basics/gcd-and-lcm.tsx:46:1
Unexpected token. Did you mean `{'}'}` or `&rbrace;`?
  [90m44 |[0m [32m [0m
  [90m45 |[0m [32m  );[0m
[31m[1m>[0m [90m46 |[0m [32m}[0m
  [90m   |[0m [31m[1m^[0m
  [90m47 |[0m

Parsing ecmascript source code failed

Import traces:
  App Route:
    ./content/dsa/problem-solving-basics/gcd-and-lcm.tsx
    ./lib/content-registry.ts
    ./app/api/content/route.ts

  Client Component Browser:
    ./content/dsa/problem-solving-basics/gcd-and-lcm.tsx [Client Component Browser]
    ./components/LessonLoader.tsx [Client Component Browser]
    ./components/LessonLoader.tsx [Server Component]
    ./app/curriculum/[subject]/[topic]/[lesson]/page.tsx [Server Component]

  Client Component SSR:
    ./content/dsa/problem-solving-basics/gcd-and-lcm.tsx [Client Component SSR]
    ./components/LessonLoader.tsx [Client Component SSR]
    ./components/LessonLoader.tsx [Server Component]
    ./app/curriculum/[subject]/[topic]/[lesson]/page.tsx [Server Component]


./content/dsa/problem-solving-basics/greedy-basics.tsx:45:1
Unexpected token. Did you mean `{'}'}` or `&rbrace;`?
  [90m43 |[0m [32m [0m
  [90m44 |[0m [32m  );[0m
[31m[1m>[0m [90m45 |[0m [32m}[0m
  [90m   |[0m [31m[1m^[0m
  [90m46 |[0m

Parsing ecmascript source code failed

Import traces:
  App Route:
    ./content/dsa/problem-solving-basics/greedy-basics.tsx
    ./lib/content-registry.ts
    ./app/api/content/route.ts

  Client Component Browser:
    ./content/dsa/problem-solving-basics/greedy-basics.tsx [Client Component Browser]
    ./components/LessonLoader.tsx [Client Component Browser]
    ./components/LessonLoader.tsx [Server Component]
    ./app/curriculum/[subject]/[topic]/[lesson]/page.tsx [Server Component]

  Client Component SSR:
    ./content/dsa/problem-solving-basics/greedy-basics.tsx [Client Component SSR]
    ./components/LessonLoader.tsx [Client Component SSR]
    ./components/LessonLoader.tsx [Server Component]
    ./app/curriculum/[subject]/[topic]/[lesson]/page.tsx [Server Component]


./content/dsa/problem-solving-basics/hashing-basics.tsx:47:1
Unexpected token. Did you mean `{'}'}` or `&rbrace;`?
  [90m45 |[0m  
  [90m46 |[0m   );
[31m[1m>[0m [90m47 |[0m }
  [90m   |[0m [31m[1m^[0m
  [90m48 |[0m

Parsing ecmascript source code failed

Import traces:
  App Route:
    ./content/dsa/problem-solving-basics/hashing-basics.tsx
    ./lib/content-registry.ts
    ./app/api/content/route.ts

  Client Component Browser:
    ./content/dsa/problem-solving-basics/hashing-basics.tsx [Client Component Browser]
    ./components/LessonLoader.tsx [Client Component Browser]
    ./components/LessonLoader.tsx [Server Component]
    ./app/curriculum/[subject]/[topic]/[lesson]/page.tsx [Server Component]

  Client Component SSR:
    ./content/dsa/problem-solving-basics/hashing-basics.tsx [Client Component SSR]
    ./components/LessonLoader.tsx [Client Component SSR]
    ./components/LessonLoader.tsx [Server Component]
    ./app/curriculum/[subject]/[topic]/[lesson]/page.tsx [Server Component]


./content/dsa/problem-solving-basics/implementation-problems.tsx:46:1
Unexpected token. Did you mean `{'}'}` or `&rbrace;`?
  [90m44 |[0m  
  [90m45 |[0m   );
[31m[1m>[0m [90m46 |[0m }
  [90m   |[0m [31m[1m^[0m
  [90m47 |[0m

Parsing ecmascript source code failed

Import traces:
  App Route:
    ./content/dsa/problem-solving-basics/implementation-problems.tsx
    ./lib/content-registry.ts
    ./app/api/content/route.ts

  Client Component Browser:
    ./content/dsa/problem-solving-basics/implementation-problems.tsx [Client Component Browser]
    ./components/LessonLoader.tsx [Client Component Browser]
    ./components/LessonLoader.tsx [Server Component]
    ./app/curriculum/[subject]/[topic]/[lesson]/page.tsx [Server Component]

  Client Component SSR:
    ./content/dsa/problem-solving-basics/implementation-problems.tsx [Client Component SSR]
    ./components/LessonLoader.tsx [Client Component SSR]
    ./components/LessonLoader.tsx [Server Component]
    ./app/curriculum/[subject]/[topic]/[lesson]/page.tsx [Server Component]


./content/dsa/problem-solving-basics/input-optimization.tsx:44:1
Unexpected token. Did you mean `{'}'}` or `&rbrace;`?
  [90m42 |[0m [32m [0m
  [90m43 |[0m [32m  );[0m
[31m[1m>[0m [90m44 |[0m [32m}[0m
  [90m   |[0m [31m[1m^[0m
  [90m45 |[0m

Parsing ecmascript source code failed

Import traces:
  App Route:
    ./content/dsa/problem-solving-basics/input-optimization.tsx
    ./lib/content-registry.ts
    ./app/api/content/route.ts

  Client Component Browser:
    ./content/dsa/problem-solving-basics/input-optimization.tsx [Client Component Browser]
    ./components/LessonLoader.tsx [Client Component Browser]
    ./components/LessonLoader.tsx [Server Component]
    ./app/curriculum/[subject]/[topic]/[lesson]/page.tsx [Server Component]

  Client Component SSR:
    ./content/dsa/problem-solving-basics/input-optimization.tsx [Client Component SSR]
    ./components/LessonLoader.tsx [Client Component SSR]
    ./components/LessonLoader.tsx [Server Component]
    ./app/curriculum/[subject]/[topic]/[lesson]/page.tsx [Server Component]


./content/dsa/problem-solving-basics/input-output-analysis.tsx:48:1
Unexpected token. Did you mean `{'}'}` or `&rbrace;`?
  [90m46 |[0m  
  [90m47 |[0m   );
[31m[1m>[0m [90m48 |[0m }
  [90m   |[0m [31m[1m^[0m
  [90m49 |[0m

Parsing ecmascript source code failed

Import traces:
  App Route:
    ./content/dsa/problem-solving-basics/input-output-analysis.tsx
    ./lib/content-registry.ts
    ./app/api/content/route.ts

  Client Component Browser:
    ./content/dsa/problem-solving-basics/input-output-analysis.tsx [Client Component Browser]
    ./components/LessonLoader.tsx [Client Component Browser]
    ./components/LessonLoader.tsx [Server Component]
    ./app/curriculum/[subject]/[topic]/[lesson]/page.tsx [Server Component]

  Client Component SSR:
    ./content/dsa/problem-solving-basics/input-output-analysis.tsx [Client Component SSR]
    ./components/LessonLoader.tsx [Client Component SSR]
    ./components/LessonLoader.tsx [Server Component]
    ./app/curriculum/[subject]/[topic]/[lesson]/page.tsx [Server Component]


./content/dsa/problem-solving-basics/introduction-to-problem-solving.tsx:57:1
Unexpected token. Did you mean `{'}'}` or `&rbrace;`?
  [90m55 |[0m  
  [90m56 |[0m   );
[31m[1m>[0m [90m57 |[0m }
  [90m   |[0m [31m[1m^[0m
  [90m58 |[0m

Parsing ecmascript source code failed

Import traces:
  App Route:
    ./content/dsa/problem-solving-basics/introduction-to-problem-solving.tsx
    ./lib/content-registry.ts
    ./app/api/content/route.ts

  Client Component Browser:
    ./content/dsa/problem-solving-basics/introduction-to-problem-solving.tsx [Client Component Browser]
    ./components/LessonLoader.tsx [Client Component Browser]
    ./components/LessonLoader.tsx [Server Component]
    ./app/curriculum/[subject]/[topic]/[lesson]/page.tsx [Server Component]

  Client Component SSR:
    ./content/dsa/problem-solving-basics/introduction-to-problem-solving.tsx [Client Component SSR]
    ./components/LessonLoader.tsx [Client Component SSR]
    ./components/LessonLoader.tsx [Server Component]
    ./app/curriculum/[subject]/[topic]/[lesson]/page.tsx [Server Component]


./content/dsa/problem-solving-basics/iterative-thinking.tsx:49:1
Unexpected token. Did you mean `{'}'}` or `&rbrace;`?
  [90m47 |[0m  
  [90m48 |[0m   );
[31m[1m>[0m [90m49 |[0m }
  [90m   |[0m [31m[1m^[0m
  [90m50 |[0m

Parsing ecmascript source code failed

Import traces:
  App Route:
    ./content/dsa/problem-solving-basics/iterative-thinking.tsx
    ./lib/content-registry.ts
    ./app/api/content/route.ts

  Client Component Browser:
    ./content/dsa/problem-solving-basics/iterative-thinking.tsx [Client Component Browser]
    ./components/LessonLoader.tsx [Client Component Browser]
    ./components/LessonLoader.tsx [Server Component]
    ./app/curriculum/[subject]/[topic]/[lesson]/page.tsx [Server Component]

  Client Component SSR:
    ./content/dsa/problem-solving-basics/iterative-thinking.tsx [Client Component SSR]
    ./components/LessonLoader.tsx [Client Component SSR]
    ./components/LessonLoader.tsx [Server Component]
    ./app/curriculum/[subject]/[topic]/[lesson]/page.tsx [Server Component]


./content/dsa/problem-solving-basics/logical-thinking.tsx:49:1
Unexpected token. Did you mean `{'}'}` or `&rbrace;`?
  [90m47 |[0m  
  [90m48 |[0m   );
[31m[1m>[0m [90m49 |[0m }
  [90m   |[0m [31m[1m^[0m
  [90m50 |[0m

Parsing ecmascript source code failed

Import traces:
  App Route:
    ./content/dsa/problem-solving-basics/logical-thinking.tsx
    ./lib/content-registry.ts
    ./app/api/content/route.ts

  Client Component Browser:
    ./content/dsa/problem-solving-basics/logical-thinking.tsx [Client Component Browser]
    ./components/LessonLoader.tsx [Client Component Browser]
    ./components/LessonLoader.tsx [Server Component]
    ./app/curriculum/[subject]/[topic]/[lesson]/page.tsx [Server Component]

  Client Component SSR:
    ./content/dsa/problem-solving-basics/logical-thinking.tsx [Client Component SSR]
    ./components/LessonLoader.tsx [Client Component SSR]
    ./components/LessonLoader.tsx [Server Component]
    ./app/curriculum/[subject]/[topic]/[lesson]/page.tsx [Server Component]


./content/dsa/problem-solving-basics/mathematical-observation.tsx:49:1
Unexpected token. Did you mean `{'}'}` or `&rbrace;`?
  [90m47 |[0m  
  [90m48 |[0m   );
[31m[1m>[0m [90m49 |[0m }
  [90m   |[0m [31m[1m^[0m
  [90m50 |[0m

Parsing ecmascript source code failed

Import traces:
  App Route:
    ./content/dsa/problem-solving-basics/mathematical-observation.tsx
    ./lib/content-registry.ts
    ./app/api/content/route.ts

  Client Component Browser:
    ./content/dsa/problem-solving-basics/mathematical-observation.tsx [Client Component Browser]
    ./components/LessonLoader.tsx [Client Component Browser]
    ./components/LessonLoader.tsx [Server Component]
    ./app/curriculum/[subject]/[topic]/[lesson]/page.tsx [Server Component]

  Client Component SSR:
    ./content/dsa/problem-solving-basics/mathematical-observation.tsx [Client Component SSR]
    ./components/LessonLoader.tsx [Client Component SSR]
    ./components/LessonLoader.tsx [Server Component]
    ./app/curriculum/[subject]/[topic]/[lesson]/page.tsx [Server Component]


./content/dsa/problem-solving-basics/matrix-traversal-basics.tsx:47:1
Unexpected token. Did you mean `{'}'}` or `&rbrace;`?
  [90m45 |[0m  
  [90m46 |[0m   );
[31m[1m>[0m [90m47 |[0m }
  [90m   |[0m [31m[1m^[0m
  [90m48 |[0m

Parsing ecmascript source code failed

Import traces:
  App Route:
    ./content/dsa/problem-solving-basics/matrix-traversal-basics.tsx
    ./lib/content-registry.ts
    ./app/api/content/route.ts

  Client Component Browser:
    ./content/dsa/problem-solving-basics/matrix-traversal-basics.tsx [Client Component Browser]
    ./components/LessonLoader.tsx [Client Component Browser]
    ./components/LessonLoader.tsx [Server Component]
    ./app/curriculum/[subject]/[topic]/[lesson]/page.tsx [Server Component]

  Client Component SSR:
    ./content/dsa/problem-solving-basics/matrix-traversal-basics.tsx [Client Component SSR]
    ./components/LessonLoader.tsx [Client Component SSR]
    ./components/LessonLoader.tsx [Server Component]
    ./app/curriculum/[subject]/[topic]/[lesson]/page.tsx [Server Component]


./content/dsa/problem-solving-basics/modular-arithmetic-basics.tsx:47:1
Unexpected token. Did you mean `{'}'}` or `&rbrace;`?
  [90m45 |[0m  
  [90m46 |[0m   );
[31m[1m>[0m [90m47 |[0m }
  [90m   |[0m [31m[1m^[0m
  [90m48 |[0m

Parsing ecmascript source code failed

Import traces:
  App Route:
    ./content/dsa/problem-solving-basics/modular-arithmetic-basics.tsx
    ./lib/content-registry.ts
    ./app/api/content/route.ts

  Client Component Browser:
    ./content/dsa/problem-solving-basics/modular-arithmetic-basics.tsx [Client Component Browser]
    ./components/LessonLoader.tsx [Client Component Browser]
    ./components/LessonLoader.tsx [Server Component]
    ./app/curriculum/[subject]/[topic]/[lesson]/page.tsx [Server Component]

  Client Component SSR:
    ./content/dsa/problem-solving-basics/modular-arithmetic-basics.tsx [Client Component SSR]
    ./components/LessonLoader.tsx [Client Component SSR]
    ./components/LessonLoader.tsx [Server Component]
    ./app/curriculum/[subject]/[topic]/[lesson]/page.tsx [Server Component]


./content/dsa/problem-solving-basics/number-properties.tsx:47:1
Unexpected token. Did you mean `{'}'}` or `&rbrace;`?
  [90m45 |[0m  
  [90m46 |[0m   );
[31m[1m>[0m [90m47 |[0m }
  [90m   |[0m [31m[1m^[0m
  [90m48 |[0m

Parsing ecmascript source code failed

Import traces:
  App Route:
    ./content/dsa/problem-solving-basics/number-properties.tsx
    ./lib/content-registry.ts
    ./app/api/content/route.ts

  Client Component Browser:
    ./content/dsa/problem-solving-basics/number-properties.tsx [Client Component Browser]
    ./components/LessonLoader.tsx [Client Component Browser]
    ./components/LessonLoader.tsx [Server Component]
    ./app/curriculum/[subject]/[topic]/[lesson]/page.tsx [Server Component]

  Client Component SSR:
    ./content/dsa/problem-solving-basics/number-properties.tsx [Client Component SSR]
    ./components/LessonLoader.tsx [Client Component SSR]
    ./components/LessonLoader.tsx [Server Component]
    ./app/curriculum/[subject]/[topic]/[lesson]/page.tsx [Server Component]


./content/dsa/problem-solving-basics/observation-building.tsx:47:1
Unexpected token. Did you mean `{'}'}` or `&rbrace;`?
  [90m45 |[0m  
  [90m46 |[0m   );
[31m[1m>[0m [90m47 |[0m }
  [90m   |[0m [31m[1m^[0m
  [90m48 |[0m

Parsing ecmascript source code failed

Import traces:
  App Route:
    ./content/dsa/problem-solving-basics/observation-building.tsx
    ./lib/content-registry.ts
    ./app/api/content/route.ts

  Client Component Browser:
    ./content/dsa/problem-solving-basics/observation-building.tsx [Client Component Browser]
    ./components/LessonLoader.tsx [Client Component Browser]
    ./components/LessonLoader.tsx [Server Component]
    ./app/curriculum/[subject]/[topic]/[lesson]/page.tsx [Server Component]

  Client Component SSR:
    ./content/dsa/problem-solving-basics/observation-building.tsx [Client Component SSR]
    ./components/LessonLoader.tsx [Client Component SSR]
    ./components/LessonLoader.tsx [Server Component]
    ./app/curriculum/[subject]/[topic]/[lesson]/page.tsx [Server Component]


./content/dsa/problem-solving-basics/optimization-techniques.tsx:47:1
Unexpected token. Did you mean `{'}'}` or `&rbrace;`?
  [90m45 |[0m  
  [90m46 |[0m   );
[31m[1m>[0m [90m47 |[0m }
  [90m   |[0m [31m[1m^[0m
  [90m48 |[0m

Parsing ecmascript source code failed

Import traces:
  App Route:
    ./content/dsa/problem-solving-basics/optimization-techniques.tsx
    ./lib/content-registry.ts
    ./app/api/content/route.ts

  Client Component Browser:
    ./content/dsa/problem-solving-basics/optimization-techniques.tsx [Client Component Browser]
    ./components/LessonLoader.tsx [Client Component Browser]
    ./components/LessonLoader.tsx [Server Component]
    ./app/curriculum/[subject]/[topic]/[lesson]/page.tsx [Server Component]

  Client Component SSR:
    ./content/dsa/problem-solving-basics/optimization-techniques.tsx [Client Component SSR]
    ./components/LessonLoader.tsx [Client Component SSR]
    ./components/LessonLoader.tsx [Server Component]
    ./app/curriculum/[subject]/[topic]/[lesson]/page.tsx [Server Component]


./content/dsa/problem-solving-basics/optimized-approach-thinking.tsx:50:1
Unexpected token. Did you mean `{'}'}` or `&rbrace;`?
  [90m48 |[0m  
  [90m49 |[0m   );
[31m[1m>[0m [90m50 |[0m }
  [90m   |[0m [31m[1m^[0m
  [90m51 |[0m

Parsing ecmascript source code failed

Import traces:
  App Route:
    ./content/dsa/problem-solving-basics/optimized-approach-thinking.tsx
    ./lib/content-registry.ts
    ./app/api/content/route.ts

  Client Component Browser:
    ./content/dsa/problem-solving-basics/optimized-approach-thinking.tsx [Client Component Browser]
    ./components/LessonLoader.tsx [Client Component Browser]
    ./components/LessonLoader.tsx [Server Component]
    ./app/curriculum/[subject]/[topic]/[lesson]/page.tsx [Server Component]

  Client Component SSR:
    ./content/dsa/problem-solving-basics/optimized-approach-thinking.tsx [Client Component SSR]
    ./components/LessonLoader.tsx [Client Component SSR]
    ./components/LessonLoader.tsx [Server Component]
    ./app/curriculum/[subject]/[topic]/[lesson]/page.tsx [Server Component]


./content/dsa/problem-solving-basics/overflow-handling.tsx:49:1
Unexpected token. Did you mean `{'}'}` or `&rbrace;`?
  [90m47 |[0m  
  [90m48 |[0m   );
[31m[1m>[0m [90m49 |[0m }
  [90m   |[0m [31m[1m^[0m
  [90m50 |[0m

Parsing ecmascript source code failed

Import traces:
  App Route:
    ./content/dsa/problem-solving-basics/overflow-handling.tsx
    ./lib/content-registry.ts
    ./app/api/content/route.ts

  Client Component Browser:
    ./content/dsa/problem-solving-basics/overflow-handling.tsx [Client Component Browser]
    ./components/LessonLoader.tsx [Client Component Browser]
    ./components/LessonLoader.tsx [Server Component]
    ./app/curriculum/[subject]/[topic]/[lesson]/page.tsx [Server Component]

  Client Component SSR:
    ./content/dsa/problem-solving-basics/overflow-handling.tsx [Client Component SSR]
    ./components/LessonLoader.tsx [Client Component SSR]
    ./components/LessonLoader.tsx [Server Component]
    ./app/curriculum/[subject]/[topic]/[lesson]/page.tsx [Server Component]


./content/dsa/problem-solving-basics/pattern-recognition.tsx:48:1
Unexpected token. Did you mean `{'}'}` or `&rbrace;`?
  [90m46 |[0m [32m [0m
  [90m47 |[0m [32m  );[0m
[31m[1m>[0m [90m48 |[0m [32m}[0m
  [90m   |[0m [31m[1m^[0m
  [90m49 |[0m

Parsing ecmascript source code failed

Import traces:
  App Route:
    ./content/dsa/problem-solving-basics/pattern-recognition.tsx
    ./lib/content-registry.ts
    ./app/api/content/route.ts

  Client Component Browser:
    ./content/dsa/problem-solving-basics/pattern-recognition.tsx [Client Component Browser]
    ./components/LessonLoader.tsx [Client Component Browser]
    ./components/LessonLoader.tsx [Server Component]
    ./app/curriculum/[subject]/[topic]/[lesson]/page.tsx [Server Component]

  Client Component SSR:
    ./content/dsa/problem-solving-basics/pattern-recognition.tsx [Client Component SSR]
    ./components/LessonLoader.tsx [Client Component SSR]
    ./components/LessonLoader.tsx [Server Component]
    ./app/curriculum/[subject]/[topic]/[lesson]/page.tsx [Server Component]


./content/dsa/problem-solving-basics/practice-strategy.tsx:46:1
Unexpected token. Did you mean `{'}'}` or `&rbrace;`?
  [90m44 |[0m  
  [90m45 |[0m   );
[31m[1m>[0m [90m46 |[0m }
  [90m   |[0m [31m[1m^[0m
  [90m47 |[0m

Parsing ecmascript source code failed

Import traces:
  App Route:
    ./content/dsa/problem-solving-basics/practice-strategy.tsx
    ./lib/content-registry.ts
    ./app/api/content/route.ts

  Client Component Browser:
    ./content/dsa/problem-solving-basics/practice-strategy.tsx [Client Component Browser]
    ./components/LessonLoader.tsx [Client Component Browser]
    ./components/LessonLoader.tsx [Server Component]
    ./app/curriculum/[subject]/[topic]/[lesson]/page.tsx [Server Component]

  Client Component SSR:
    ./content/dsa/problem-solving-basics/practice-strategy.tsx [Client Component SSR]
    ./components/LessonLoader.tsx [Client Component SSR]
    ./components/LessonLoader.tsx [Server Component]
    ./app/curriculum/[subject]/[topic]/[lesson]/page.tsx [Server Component]


./content/dsa/problem-solving-basics/prefix-sum-basics.tsx:44:1
Unexpected token. Did you mean `{'}'}` or `&rbrace;`?
  [90m42 |[0m  
  [90m43 |[0m   );
[31m[1m>[0m [90m44 |[0m }
  [90m   |[0m [31m[1m^[0m
  [90m45 |[0m

Parsing ecmascript source code failed

Import traces:
  App Route:
    ./content/dsa/problem-solving-basics/prefix-sum-basics.tsx
    ./lib/content-registry.ts
    ./app/api/content/route.ts

  Client Component Browser:
    ./content/dsa/problem-solving-basics/prefix-sum-basics.tsx [Client Component Browser]
    ./components/LessonLoader.tsx [Client Component Browser]
    ./components/LessonLoader.tsx [Server Component]
    ./app/curriculum/[subject]/[topic]/[lesson]/page.tsx [Server Component]

  Client Component SSR:
    ./content/dsa/problem-solving-basics/prefix-sum-basics.tsx [Client Component SSR]
    ./components/LessonLoader.tsx [Client Component SSR]
    ./components/LessonLoader.tsx [Server Component]
    ./app/curriculum/[subject]/[topic]/[lesson]/page.tsx [Server Component]


./content/dsa/problem-solving-basics/prime-numbers.tsx:51:1
Unexpected token. Did you mean `{'}'}` or `&rbrace;`?
  [90m49 |[0m  
  [90m50 |[0m   );
[31m[1m>[0m [90m51 |[0m }
  [90m   |[0m [31m[1m^[0m
  [90m52 |[0m

Parsing ecmascript source code failed

Import traces:
  App Route:
    ./content/dsa/problem-solving-basics/prime-numbers.tsx
    ./lib/content-registry.ts
    ./app/api/content/route.ts

  Client Component Browser:
    ./content/dsa/problem-solving-basics/prime-numbers.tsx [Client Component Browser]
    ./components/LessonLoader.tsx [Client Component Browser]
    ./components/LessonLoader.tsx [Server Component]
    ./app/curriculum/[subject]/[topic]/[lesson]/page.tsx [Server Component]

  Client Component SSR:
    ./content/dsa/problem-solving-basics/prime-numbers.tsx [Client Component SSR]
    ./components/LessonLoader.tsx [Client Component SSR]
    ./components/LessonLoader.tsx [Server Component]
    ./app/curriculum/[subject]/[topic]/[lesson]/page.tsx [Server Component]


./content/dsa/problem-solving-basics/problem-solving-patterns.tsx:49:1
Unexpected token. Did you mean `{'}'}` or `&rbrace;`?
  [90m47 |[0m  
  [90m48 |[0m   );
[31m[1m>[0m [90m49 |[0m }
  [90m   |[0m [31m[1m^[0m
  [90m50 |[0m

Parsing ecmascript source code failed

Import traces:
  App Route:
    ./content/dsa/problem-solving-basics/problem-solving-patterns.tsx
    ./lib/content-registry.ts
    ./app/api/content/route.ts

  Client Component Browser:
    ./content/dsa/problem-solving-basics/problem-solving-patterns.tsx [Client Component Browser]
    ./components/LessonLoader.tsx [Client Component Browser]
    ./components/LessonLoader.tsx [Server Component]
    ./app/curriculum/[subject]/[topic]/[lesson]/page.tsx [Server Component]

  Client Component SSR:
    ./content/dsa/problem-solving-basics/problem-solving-patterns.tsx [Client Component SSR]
    ./components/LessonLoader.tsx [Client Component SSR]
    ./components/LessonLoader.tsx [Server Component]
    ./app/curriculum/[subject]/[topic]/[lesson]/page.tsx [Server Component]


./content/dsa/problem-solving-basics/problem-understanding.tsx:51:1
Unexpected token. Did you mean `{'}'}` or `&rbrace;`?
  [90m49 |[0m  
  [90m50 |[0m   );
[31m[1m>[0m [90m51 |[0m }
  [90m   |[0m [31m[1m^[0m
  [90m52 |[0m

Parsing ecmascript source code failed

Import traces:
  App Route:
    ./content/dsa/problem-solving-basics/problem-understanding.tsx
    ./lib/content-registry.ts
    ./app/api/content/route.ts

  Client Component Browser:
    ./content/dsa/problem-solving-basics/problem-understanding.tsx [Client Component Browser]
    ./components/LessonLoader.tsx [Client Component Browser]
    ./components/LessonLoader.tsx [Server Component]
    ./app/curriculum/[subject]/[topic]/[lesson]/page.tsx [Server Component]

  Client Component SSR:
    ./content/dsa/problem-solving-basics/problem-understanding.tsx [Client Component SSR]
    ./components/LessonLoader.tsx [Client Component SSR]
    ./components/LessonLoader.tsx [Server Component]
    ./app/curriculum/[subject]/[topic]/[lesson]/page.tsx [Server Component]


./content/dsa/problem-solving-basics/pseudocode.tsx:47:1
Unexpected token. Did you mean `{'}'}` or `&rbrace;`?
  [90m45 |[0m  
  [90m46 |[0m   );
[31m[1m>[0m [90m47 |[0m }
  [90m   |[0m [31m[1m^[0m
  [90m48 |[0m

Parsing ecmascript source code failed

Import traces:
  App Route:
    ./content/dsa/problem-solving-basics/pseudocode.tsx
    ./lib/content-registry.ts
    ./app/api/content/route.ts

  Client Component Browser:
    ./content/dsa/problem-solving-basics/pseudocode.tsx [Client Component Browser]
    ./components/LessonLoader.tsx [Client Component Browser]
    ./components/LessonLoader.tsx [Server Component]
    ./app/curriculum/[subject]/[topic]/[lesson]/page.tsx [Server Component]

  Client Component SSR:
    ./content/dsa/problem-solving-basics/pseudocode.tsx [Client Component SSR]
    ./components/LessonLoader.tsx [Client Component SSR]
    ./components/LessonLoader.tsx [Server Component]
    ./app/curriculum/[subject]/[topic]/[lesson]/page.tsx [Server Component]


./content/dsa/problem-solving-basics/recursive-thinking.tsx:43:1
Unexpected token. Did you mean `{'}'}` or `&rbrace;`?
  [90m41 |[0m  
  [90m42 |[0m   );
[31m[1m>[0m [90m43 |[0m }
  [90m   |[0m [31m[1m^[0m
  [90m44 |[0m

Parsing ecmascript source code failed

Import traces:
  App Route:
    ./content/dsa/problem-solving-basics/recursive-thinking.tsx
    ./lib/content-registry.ts
    ./app/api/content/route.ts

  Client Component Browser:
    ./content/dsa/problem-solving-basics/recursive-thinking.tsx [Client Component Browser]
    ./components/LessonLoader.tsx [Client Component Browser]
    ./components/LessonLoader.tsx [Server Component]
    ./app/curriculum/[subject]/[topic]/[lesson]/page.tsx [Server Component]

  Client Component SSR:
    ./content/dsa/problem-solving-basics/recursive-thinking.tsx [Client Component SSR]
    ./components/LessonLoader.tsx [Client Component SSR]
    ./components/LessonLoader.tsx [Server Component]
    ./app/curriculum/[subject]/[topic]/[lesson]/page.tsx [Server Component]


./content/dsa/problem-solving-basics/searching-basics.tsx:47:1
Unexpected token. Did you mean `{'}'}` or `&rbrace;`?
  [90m45 |[0m [32m [0m
  [90m46 |[0m [32m  );[0m
[31m[1m>[0m [90m47 |[0m [32m}[0m
  [90m   |[0m [31m[1m^[0m
  [90m48 |[0m

Parsing ecmascript source code failed

Import traces:
  App Route:
    ./content/dsa/problem-solving-basics/searching-basics.tsx
    ./lib/content-registry.ts
    ./app/api/content/route.ts

  Client Component Browser:
    ./content/dsa/problem-solving-basics/searching-basics.tsx [Client Component Browser]
    ./components/LessonLoader.tsx [Client Component Browser]
    ./components/LessonLoader.tsx [Server Component]
    ./app/curriculum/[subject]/[topic]/[lesson]/page.tsx [Server Component]

  Client Component SSR:
    ./content/dsa/problem-solving-basics/searching-basics.tsx [Client Component SSR]
    ./components/LessonLoader.tsx [Client Component SSR]
    ./components/LessonLoader.tsx [Server Component]
    ./app/curriculum/[subject]/[topic]/[lesson]/page.tsx [Server Component]


./content/dsa/problem-solving-basics/simulation-problems.tsx:49:1
Unexpected token. Did you mean `{'}'}` or `&rbrace;`?
  [90m47 |[0m  
  [90m48 |[0m   );
[31m[1m>[0m [90m49 |[0m }
  [90m   |[0m [31m[1m^[0m
  [90m50 |[0m

Parsing ecmascript source code failed

Import traces:
  App Route:
    ./content/dsa/problem-solving-basics/simulation-problems.tsx
    ./lib/content-registry.ts
    ./app/api/content/route.ts

  Client Component Browser:
    ./content/dsa/problem-solving-basics/simulation-problems.tsx [Client Component Browser]
    ./components/LessonLoader.tsx [Client Component Browser]
    ./components/LessonLoader.tsx [Server Component]
    ./app/curriculum/[subject]/[topic]/[lesson]/page.tsx [Server Component]

  Client Component SSR:
    ./content/dsa/problem-solving-basics/simulation-problems.tsx [Client Component SSR]
    ./components/LessonLoader.tsx [Client Component SSR]
    ./components/LessonLoader.tsx [Server Component]
    ./app/curriculum/[subject]/[topic]/[lesson]/page.tsx [Server Component]


./content/dsa/problem-solving-basics/sliding-window-basics.tsx:45:1
Unexpected token. Did you mean `{'}'}` or `&rbrace;`?
  [90m43 |[0m  
  [90m44 |[0m   );
[31m[1m>[0m [90m45 |[0m }
  [90m   |[0m [31m[1m^[0m
  [90m46 |[0m

Parsing ecmascript source code failed

Import traces:
  App Route:
    ./content/dsa/problem-solving-basics/sliding-window-basics.tsx
    ./lib/content-registry.ts
    ./app/api/content/route.ts

  Client Component Browser:
    ./content/dsa/problem-solving-basics/sliding-window-basics.tsx [Client Component Browser]
    ./components/LessonLoader.tsx [Client Component Browser]
    ./components/LessonLoader.tsx [Server Component]
    ./app/curriculum/[subject]/[topic]/[lesson]/page.tsx [Server Component]

  Client Component SSR:
    ./content/dsa/problem-solving-basics/sliding-window-basics.tsx [Client Component SSR]
    ./components/LessonLoader.tsx [Client Component SSR]
    ./components/LessonLoader.tsx [Server Component]
    ./app/curriculum/[subject]/[topic]/[lesson]/page.tsx [Server Component]


./content/dsa/problem-solving-basics/sorting-basics.tsx:49:1
Unexpected token. Did you mean `{'}'}` or `&rbrace;`?
  [90m47 |[0m  
  [90m48 |[0m   );
[31m[1m>[0m [90m49 |[0m }
  [90m   |[0m [31m[1m^[0m
  [90m50 |[0m

Parsing ecmascript source code failed

Import traces:
  App Route:
    ./content/dsa/problem-solving-basics/sorting-basics.tsx
    ./lib/content-registry.ts
    ./app/api/content/route.ts

  Client Component Browser:
    ./content/dsa/problem-solving-basics/sorting-basics.tsx [Client Component Browser]
    ./components/LessonLoader.tsx [Client Component Browser]
    ./components/LessonLoader.tsx [Server Component]
    ./app/curriculum/[subject]/[topic]/[lesson]/page.tsx [Server Component]

  Client Component SSR:
    ./content/dsa/problem-solving-basics/sorting-basics.tsx [Client Component SSR]
    ./components/LessonLoader.tsx [Client Component SSR]
    ./components/LessonLoader.tsx [Server Component]
    ./app/curriculum/[subject]/[topic]/[lesson]/page.tsx [Server Component]


./content/dsa/problem-solving-basics/space-complexity-basics.tsx:37:1
Unexpected token. Did you mean `{'}'}` or `&rbrace;`?
  [90m35 |[0m  
  [90m36 |[0m   );
[31m[1m>[0m [90m37 |[0m }
  [90m   |[0m [31m[1m^[0m
  [90m38 |[0m

Parsing ecmascript source code failed

Import traces:
  App Route:
    ./content/dsa/problem-solving-basics/space-complexity-basics.tsx
    ./lib/content-registry.ts
    ./app/api/content/route.ts

  Client Component Browser:
    ./content/dsa/problem-solving-basics/space-complexity-basics.tsx [Client Component Browser]
    ./components/LessonLoader.tsx [Client Component Browser]
    ./components/LessonLoader.tsx [Server Component]
    ./app/curriculum/[subject]/[topic]/[lesson]/page.tsx [Server Component]

  Client Component SSR:
    ./content/dsa/problem-solving-basics/space-complexity-basics.tsx [Client Component SSR]
    ./components/LessonLoader.tsx [Client Component SSR]
    ./components/LessonLoader.tsx [Server Component]
    ./app/curriculum/[subject]/[topic]/[lesson]/page.tsx [Server Component]


./content/dsa/problem-solving-basics/stl-basics.tsx:48:1
Unexpected token. Did you mean `{'}'}` or `&rbrace;`?
  [90m46 |[0m [32m [0m
  [90m47 |[0m [32m  );[0m
[31m[1m>[0m [90m48 |[0m [32m}[0m
  [90m   |[0m [31m[1m^[0m
  [90m49 |[0m

Parsing ecmascript source code failed

Import traces:
  App Route:
    ./content/dsa/problem-solving-basics/stl-basics.tsx
    ./lib/content-registry.ts
    ./app/api/content/route.ts

  Client Component Browser:
    ./content/dsa/problem-solving-basics/stl-basics.tsx [Client Component Browser]
    ./components/LessonLoader.tsx [Client Component Browser]
    ./components/LessonLoader.tsx [Server Component]
    ./app/curriculum/[subject]/[topic]/[lesson]/page.tsx [Server Component]

  Client Component SSR:
    ./content/dsa/problem-solving-basics/stl-basics.tsx [Client Component SSR]
    ./components/LessonLoader.tsx [Client Component SSR]
    ./components/LessonLoader.tsx [Server Component]
    ./app/curriculum/[subject]/[topic]/[lesson]/page.tsx [Server Component]


./content/dsa/problem-solving-basics/string-manipulation-basics.tsx:44:1
Unexpected token. Did you mean `{'}'}` or `&rbrace;`?
  [90m42 |[0m  
  [90m43 |[0m   );
[31m[1m>[0m [90m44 |[0m }
  [90m   |[0m [31m[1m^[0m
  [90m45 |[0m

Parsing ecmascript source code failed

Import traces:
  App Route:
    ./content/dsa/problem-solving-basics/string-manipulation-basics.tsx
    ./lib/content-registry.ts
    ./app/api/content/route.ts

  Client Component Browser:
    ./content/dsa/problem-solving-basics/string-manipulation-basics.tsx [Client Component Browser]
    ./components/LessonLoader.tsx [Client Component Browser]
    ./components/LessonLoader.tsx [Server Component]
    ./app/curriculum/[subject]/[topic]/[lesson]/page.tsx [Server Component]

  Client Component SSR:
    ./content/dsa/problem-solving-basics/string-manipulation-basics.tsx [Client Component SSR]
    ./components/LessonLoader.tsx [Client Component SSR]
    ./components/LessonLoader.tsx [Server Component]
    ./app/curriculum/[subject]/[topic]/[lesson]/page.tsx [Server Component]


./content/dsa/problem-solving-basics/test-case-generation.tsx:47:1
Unexpected token. Did you mean `{'}'}` or `&rbrace;`?
  [90m45 |[0m  
  [90m46 |[0m   );
[31m[1m>[0m [90m47 |[0m }
  [90m   |[0m [31m[1m^[0m
  [90m48 |[0m

Parsing ecmascript source code failed

Import traces:
  App Route:
    ./content/dsa/problem-solving-basics/test-case-generation.tsx
    ./lib/content-registry.ts
    ./app/api/content/route.ts

  Client Component Browser:
    ./content/dsa/problem-solving-basics/test-case-generation.tsx [Client Component Browser]
    ./components/LessonLoader.tsx [Client Component Browser]
    ./components/LessonLoader.tsx [Server Component]
    ./app/curriculum/[subject]/[topic]/[lesson]/page.tsx [Server Component]

  Client Component SSR:
    ./content/dsa/problem-solving-basics/test-case-generation.tsx [Client Component SSR]
    ./components/LessonLoader.tsx [Client Component SSR]
    ./components/LessonLoader.tsx [Server Component]
    ./app/curriculum/[subject]/[topic]/[lesson]/page.tsx [Server Component]


./content/dsa/problem-solving-basics/time-complexity-basics.tsx:42:1
Unexpected token. Did you mean `{'}'}` or `&rbrace;`?
  [90m40 |[0m  
  [90m41 |[0m   );
[31m[1m>[0m [90m42 |[0m }
  [90m   |[0m [31m[1m^[0m
  [90m43 |[0m

Parsing ecmascript source code failed

Import traces:
  App Route:
    ./content/dsa/problem-solving-basics/time-complexity-basics.tsx
    ./lib/content-registry.ts
    ./app/api/content/route.ts

  Client Component Browser:
    ./content/dsa/problem-solving-basics/time-complexity-basics.tsx [Client Component Browser]
    ./components/LessonLoader.tsx [Client Component Browser]
    ./components/LessonLoader.tsx [Server Component]
    ./app/curriculum/[subject]/[topic]/[lesson]/page.tsx [Server Component]

  Client Component SSR:
    ./content/dsa/problem-solving-basics/time-complexity-basics.tsx [Client Component SSR]
    ./components/LessonLoader.tsx [Client Component SSR]
    ./components/LessonLoader.tsx [Server Component]
    ./app/curriculum/[subject]/[topic]/[lesson]/page.tsx [Server Component]


./content/dsa/problem-solving-basics/two-pointer-basics.tsx:46:1
Unexpected token. Did you mean `{'}'}` or `&rbrace;`?
  [90m44 |[0m  
  [90m45 |[0m   );
[31m[1m>[0m [90m46 |[0m }
  [90m   |[0m [31m[1m^[0m
  [90m47 |[0m

Parsing ecmascript source code failed

Import traces:
  App Route:
    ./content/dsa/problem-solving-basics/two-pointer-basics.tsx
    ./lib/content-registry.ts
    ./app/api/content/route.ts

  Client Component Browser:
    ./content/dsa/problem-solving-basics/two-pointer-basics.tsx [Client Component Browser]
    ./components/LessonLoader.tsx [Client Component Browser]
    ./components/LessonLoader.tsx [Server Component]
    ./app/curriculum/[subject]/[topic]/[lesson]/page.tsx [Server Component]

  Client Component SSR:
    ./content/dsa/problem-solving-basics/two-pointer-basics.tsx [Client Component SSR]
    ./components/LessonLoader.tsx [Client Component SSR]
    ./components/LessonLoader.tsx [Server Component]
    ./app/curriculum/[subject]/[topic]/[lesson]/page.tsx [Server Component]


./content/dsa/recursion-backtracking/backtracking-introduction.tsx:11:1
Unexpected token. Did you mean `{'}'}` or `&rbrace;`?
  [90m 9 |[0m  
  [90m10 |[0m   );
[31m[1m>[0m [90m11 |[0m }
  [90m   |[0m [31m[1m^[0m
  [90m12 |[0m
  [90m13 |[0m
  [90m14 |[0m

Parsing ecmascript source code failed

Import traces:
  App Route:
    ./content/dsa/recursion-backtracking/backtracking-introduction.tsx
    ./lib/content-registry.ts
    ./app/api/content/route.ts

  Client Component Browser:
    ./content/dsa/recursion-backtracking/backtracking-introduction.tsx [Client Component Browser]
    ./components/LessonLoader.tsx [Client Component Browser]
    ./components/LessonLoader.tsx [Server Component]
    ./app/curriculum/[subject]/[topic]/[lesson]/page.tsx [Server Component]

  Client Component SSR:
    ./content/dsa/recursion-backtracking/backtracking-introduction.tsx [Client Component SSR]
    ./components/LessonLoader.tsx [Client Component SSR]
    ./components/LessonLoader.tsx [Server Component]
    ./app/curriculum/[subject]/[topic]/[lesson]/page.tsx [Server Component]


./content/dsa/recursion-backtracking/backtracking-on-arrays.tsx:11:1
Unexpected token. Did you mean `{'}'}` or `&rbrace;`?
  [90m 9 |[0m  
  [90m10 |[0m   );
[31m[1m>[0m [90m11 |[0m }
  [90m   |[0m [31m[1m^[0m
  [90m12 |[0m
  [90m13 |[0m
  [90m14 |[0m

Parsing ecmascript source code failed

Import traces:
  App Route:
    ./content/dsa/recursion-backtracking/backtracking-on-arrays.tsx
    ./lib/content-registry.ts
    ./app/api/content/route.ts

  Client Component Browser:
    ./content/dsa/recursion-backtracking/backtracking-on-arrays.tsx [Client Component Browser]
    ./components/LessonLoader.tsx [Client Component Browser]
    ./components/LessonLoader.tsx [Server Component]
    ./app/curriculum/[subject]/[topic]/[lesson]/page.tsx [Server Component]

  Client Component SSR:
    ./content/dsa/recursion-backtracking/backtracking-on-arrays.tsx [Client Component SSR]
    ./components/LessonLoader.tsx [Client Component SSR]
    ./components/LessonLoader.tsx [Server Component]
    ./app/curriculum/[subject]/[topic]/[lesson]/page.tsx [Server Component]


./content/dsa/recursion-backtracking/backtracking-on-grids.tsx:11:1
Unexpected token. Did you mean `{'}'}` or `&rbrace;`?
  [90m 9 |[0m  
  [90m10 |[0m   );
[31m[1m>[0m [90m11 |[0m }
  [90m   |[0m [31m[1m^[0m
  [90m12 |[0m
  [90m13 |[0m
  [90m14 |[0m

Parsing ecmascript source code failed

Import traces:
  App Route:
    ./content/dsa/recursion-backtracking/backtracking-on-grids.tsx
    ./lib/content-registry.ts
    ./app/api/content/route.ts

  Client Component Browser:
    ./content/dsa/recursion-backtracking/backtracking-on-grids.tsx [Client Component Browser]
    ./components/LessonLoader.tsx [Client Component Browser]
    ./components/LessonLoader.tsx [Server Component]
    ./app/curriculum/[subject]/[topic]/[lesson]/page.tsx [Server Component]

  Client Component SSR:
    ./content/dsa/recursion-backtracking/backtracking-on-grids.tsx [Client Component SSR]
    ./components/LessonLoader.tsx [Client Component SSR]
    ./components/LessonLoader.tsx [Server Component]
    ./app/curriculum/[subject]/[topic]/[lesson]/page.tsx [Server Component]


./content/dsa/recursion-backtracking/backtracking-on-strings.tsx:11:1
Unexpected token. Did you mean `{'}'}` or `&rbrace;`?
  [90m 9 |[0m  
  [90m10 |[0m   );
[31m[1m>[0m [90m11 |[0m }
  [90m   |[0m [31m[1m^[0m
  [90m12 |[0m
  [90m13 |[0m
  [90m14 |[0m

Parsing ecmascript source code failed

Import traces:
  App Route:
    ./content/dsa/recursion-backtracking/backtracking-on-strings.tsx
    ./lib/content-registry.ts
    ./app/api/content/route.ts

  Client Component Browser:
    ./content/dsa/recursion-backtracking/backtracking-on-strings.tsx [Client Component Browser]
    ./components/LessonLoader.tsx [Client Component Browser]
    ./components/LessonLoader.tsx [Server Component]
    ./app/curriculum/[subject]/[topic]/[lesson]/page.tsx [Server Component]

  Client Component SSR:
    ./content/dsa/recursion-backtracking/backtracking-on-strings.tsx [Client Component SSR]
    ./components/LessonLoader.tsx [Client Component SSR]
    ./components/LessonLoader.tsx [Server Component]
    ./app/curriculum/[subject]/[topic]/[lesson]/page.tsx [Server Component]


./content/dsa/recursion-backtracking/backtracking-template.tsx:11:1
Unexpected token. Did you mean `{'}'}` or `&rbrace;`?
  [90m 9 |[0m  
  [90m10 |[0m   );
[31m[1m>[0m [90m11 |[0m }
  [90m   |[0m [31m[1m^[0m
  [90m12 |[0m
  [90m13 |[0m
  [90m14 |[0m

Parsing ecmascript source code failed

Import traces:
  App Route:
    ./content/dsa/recursion-backtracking/backtracking-template.tsx
    ./lib/content-registry.ts
    ./app/api/content/route.ts

  Client Component Browser:
    ./content/dsa/recursion-backtracking/backtracking-template.tsx [Client Component Browser]
    ./components/LessonLoader.tsx [Client Component Browser]
    ./components/LessonLoader.tsx [Server Component]
    ./app/curriculum/[subject]/[topic]/[lesson]/page.tsx [Server Component]

  Client Component SSR:
    ./content/dsa/recursion-backtracking/backtracking-template.tsx [Client Component SSR]
    ./components/LessonLoader.tsx [Client Component SSR]
    ./components/LessonLoader.tsx [Server Component]
    ./app/curriculum/[subject]/[topic]/[lesson]/page.tsx [Server Component]


./content/dsa/recursion-backtracking/base-case.tsx:11:1
Unexpected token. Did you mean `{'}'}` or `&rbrace;`?
  [90m 9 |[0m  
  [90m10 |[0m   );
[31m[1m>[0m [90m11 |[0m }
  [90m   |[0m [31m[1m^[0m
  [90m12 |[0m
  [90m13 |[0m
  [90m14 |[0m

Parsing ecmascript source code failed

Import traces:
  App Route:
    ./content/dsa/recursion-backtracking/base-case.tsx
    ./lib/content-registry.ts
    ./app/api/content/route.ts

  Client Component Browser:
    ./content/dsa/recursion-backtracking/base-case.tsx [Client Component Browser]
    ./components/LessonLoader.tsx [Client Component Browser]
    ./components/LessonLoader.tsx [Server Component]
    ./app/curriculum/[subject]/[topic]/[lesson]/page.tsx [Server Component]

  Client Component SSR:
    ./content/dsa/recursion-backtracking/base-case.tsx [Client Component SSR]
    ./components/LessonLoader.tsx [Client Component SSR]
    ./components/LessonLoader.tsx [Server Component]
    ./app/curriculum/[subject]/[topic]/[lesson]/page.tsx [Server Component]


./content/dsa/recursion-backtracking/binary-search-recursion.tsx:11:1
Unexpected token. Did you mean `{'}'}` or `&rbrace;`?
  [90m 9 |[0m  
  [90m10 |[0m   );
[31m[1m>[0m [90m11 |[0m }
  [90m   |[0m [31m[1m^[0m
  [90m12 |[0m
  [90m13 |[0m
  [90m14 |[0m

Parsing ecmascript source code failed

Import traces:
  App Route:
    ./content/dsa/recursion-backtracking/binary-search-recursion.tsx
    ./lib/content-registry.ts
    ./app/api/content/route.ts

  Client Component Browser:
    ./content/dsa/recursion-backtracking/binary-search-recursion.tsx [Client Component Browser]
    ./components/LessonLoader.tsx [Client Component Browser]
    ./components/LessonLoader.tsx [Server Component]
    ./app/curriculum/[subject]/[topic]/[lesson]/page.tsx [Server Component]

  Client Component SSR:
    ./content/dsa/recursion-backtracking/binary-search-recursion.tsx [Client Component SSR]
    ./components/LessonLoader.tsx [Client Component SSR]
    ./components/LessonLoader.tsx [Server Component]
    ./app/curriculum/[subject]/[topic]/[lesson]/page.tsx [Server Component]


./content/dsa/recursion-backtracking/branch-and-bound-basics.tsx:11:1
Unexpected token. Did you mean `{'}'}` or `&rbrace;`?
  [90m 9 |[0m  
  [90m10 |[0m   );
[31m[1m>[0m [90m11 |[0m }
  [90m   |[0m [31m[1m^[0m
  [90m12 |[0m
  [90m13 |[0m
  [90m14 |[0m

Parsing ecmascript source code failed

Import traces:
  App Route:
    ./content/dsa/recursion-backtracking/branch-and-bound-basics.tsx
    ./lib/content-registry.ts
    ./app/api/content/route.ts

  Client Component Browser:
    ./content/dsa/recursion-backtracking/branch-and-bound-basics.tsx [Client Component Browser]
    ./components/LessonLoader.tsx [Client Component Browser]
    ./components/LessonLoader.tsx [Server Component]
    ./app/curriculum/[subject]/[topic]/[lesson]/page.tsx [Server Component]

  Client Component SSR:
    ./content/dsa/recursion-backtracking/branch-and-bound-basics.tsx [Client Component SSR]
    ./components/LessonLoader.tsx [Client Component SSR]
    ./components/LessonLoader.tsx [Server Component]
    ./app/curriculum/[subject]/[topic]/[lesson]/page.tsx [Server Component]


./content/dsa/recursion-backtracking/call-stack.tsx:11:1
Unexpected token. Did you mean `{'}'}` or `&rbrace;`?
  [90m 9 |[0m  
  [90m10 |[0m   );
[31m[1m>[0m [90m11 |[0m }
  [90m   |[0m [31m[1m^[0m
  [90m12 |[0m
  [90m13 |[0m
  [90m14 |[0m

Parsing ecmascript source code failed

Import traces:
  App Route:
    ./content/dsa/recursion-backtracking/call-stack.tsx
    ./lib/content-registry.ts
    ./app/api/content/route.ts

  Client Component Browser:
    ./content/dsa/recursion-backtracking/call-stack.tsx [Client Component Browser]
    ./components/LessonLoader.tsx [Client Component Browser]
    ./components/LessonLoader.tsx [Server Component]
    ./app/curriculum/[subject]/[topic]/[lesson]/page.tsx [Server Component]

  Client Component SSR:
    ./content/dsa/recursion-backtracking/call-stack.tsx [Client Component SSR]
    ./components/LessonLoader.tsx [Client Component SSR]
    ./components/LessonLoader.tsx [Server Component]
    ./app/curriculum/[subject]/[topic]/[lesson]/page.tsx [Server Component]


./content/dsa/recursion-backtracking/combination-sum-ii.tsx:11:1
Unexpected token. Did you mean `{'}'}` or `&rbrace;`?
  [90m 9 |[0m  
  [90m10 |[0m   );
[31m[1m>[0m [90m11 |[0m }
  [90m   |[0m [31m[1m^[0m
  [90m12 |[0m
  [90m13 |[0m
  [90m14 |[0m

Parsing ecmascript source code failed

Import traces:
  App Route:
    ./content/dsa/recursion-backtracking/combination-sum-ii.tsx
    ./lib/content-registry.ts
    ./app/api/content/route.ts

  Client Component Browser:
    ./content/dsa/recursion-backtracking/combination-sum-ii.tsx [Client Component Browser]
    ./components/LessonLoader.tsx [Client Component Browser]
    ./components/LessonLoader.tsx [Server Component]
    ./app/curriculum/[subject]/[topic]/[lesson]/page.tsx [Server Component]

  Client Component SSR:
    ./content/dsa/recursion-backtracking/combination-sum-ii.tsx [Client Component SSR]
    ./components/LessonLoader.tsx [Client Component SSR]
    ./components/LessonLoader.tsx [Server Component]
    ./app/curriculum/[subject]/[topic]/[lesson]/page.tsx [Server Component]


./content/dsa/recursion-backtracking/combination-sum.tsx:11:1
Unexpected token. Did you mean `{'}'}` or `&rbrace;`?
  [90m 9 |[0m  
  [90m10 |[0m   );
[31m[1m>[0m [90m11 |[0m }
  [90m   |[0m [31m[1m^[0m
  [90m12 |[0m
  [90m13 |[0m
  [90m14 |[0m

Parsing ecmascript source code failed

Import traces:
  App Route:
    ./content/dsa/recursion-backtracking/combination-sum.tsx
    ./lib/content-registry.ts
    ./app/api/content/route.ts

  Client Component Browser:
    ./content/dsa/recursion-backtracking/combination-sum.tsx [Client Component Browser]
    ./components/LessonLoader.tsx [Client Component Browser]
    ./components/LessonLoader.tsx [Server Component]
    ./app/curriculum/[subject]/[topic]/[lesson]/page.tsx [Server Component]

  Client Component SSR:
    ./content/dsa/recursion-backtracking/combination-sum.tsx [Client Component SSR]
    ./components/LessonLoader.tsx [Client Component SSR]
    ./components/LessonLoader.tsx [Server Component]
    ./app/curriculum/[subject]/[topic]/[lesson]/page.tsx [Server Component]


./content/dsa/recursion-backtracking/constraint-checking.tsx:11:1
Unexpected token. Did you mean `{'}'}` or `&rbrace;`?
  [90m 9 |[0m  
  [90m10 |[0m   );
[31m[1m>[0m [90m11 |[0m }
  [90m   |[0m [31m[1m^[0m
  [90m12 |[0m
  [90m13 |[0m
  [90m14 |[0m

Parsing ecmascript source code failed

Import traces:
  App Route:
    ./content/dsa/recursion-backtracking/constraint-checking.tsx
    ./lib/content-registry.ts
    ./app/api/content/route.ts

  Client Component Browser:
    ./content/dsa/recursion-backtracking/constraint-checking.tsx [Client Component Browser]
    ./components/LessonLoader.tsx [Client Component Browser]
    ./components/LessonLoader.tsx [Server Component]
    ./app/curriculum/[subject]/[topic]/[lesson]/page.tsx [Server Component]

  Client Component SSR:
    ./content/dsa/recursion-backtracking/constraint-checking.tsx [Client Component SSR]
    ./components/LessonLoader.tsx [Client Component SSR]
    ./components/LessonLoader.tsx [Server Component]
    ./app/curriculum/[subject]/[topic]/[lesson]/page.tsx [Server Component]


./content/dsa/recursion-backtracking/decision-tree-visualization.tsx:11:1
Unexpected token. Did you mean `{'}'}` or `&rbrace;`?
  [90m 9 |[0m  
  [90m10 |[0m   );
[31m[1m>[0m [90m11 |[0m }
  [90m   |[0m [31m[1m^[0m
  [90m12 |[0m
  [90m13 |[0m
  [90m14 |[0m

Parsing ecmascript source code failed

Import traces:
  App Route:
    ./content/dsa/recursion-backtracking/decision-tree-visualization.tsx
    ./lib/content-registry.ts
    ./app/api/content/route.ts

  Client Component Browser:
    ./content/dsa/recursion-backtracking/decision-tree-visualization.tsx [Client Component Browser]
    ./components/LessonLoader.tsx [Client Component Browser]
    ./components/LessonLoader.tsx [Server Component]
    ./app/curriculum/[subject]/[topic]/[lesson]/page.tsx [Server Component]

  Client Component SSR:
    ./content/dsa/recursion-backtracking/decision-tree-visualization.tsx [Client Component SSR]
    ./components/LessonLoader.tsx [Client Component SSR]
    ./components/LessonLoader.tsx [Server Component]
    ./app/curriculum/[subject]/[topic]/[lesson]/page.tsx [Server Component]


./content/dsa/recursion-backtracking/dry-run-recursion.tsx:11:1
Unexpected token. Did you mean `{'}'}` or `&rbrace;`?
  [90m 9 |[0m  
  [90m10 |[0m   );
[31m[1m>[0m [90m11 |[0m }
  [90m   |[0m [31m[1m^[0m
  [90m12 |[0m
  [90m13 |[0m
  [90m14 |[0m

Parsing ecmascript source code failed

Import traces:
  App Route:
    ./content/dsa/recursion-backtracking/dry-run-recursion.tsx
    ./lib/content-registry.ts
    ./app/api/content/route.ts

  Client Component Browser:
    ./content/dsa/recursion-backtracking/dry-run-recursion.tsx [Client Component Browser]
    ./components/LessonLoader.tsx [Client Component Browser]
    ./components/LessonLoader.tsx [Server Component]
    ./app/curriculum/[subject]/[topic]/[lesson]/page.tsx [Server Component]

  Client Component SSR:
    ./content/dsa/recursion-backtracking/dry-run-recursion.tsx [Client Component SSR]
    ./components/LessonLoader.tsx [Client Component SSR]
    ./components/LessonLoader.tsx [Server Component]
    ./app/curriculum/[subject]/[topic]/[lesson]/page.tsx [Server Component]


./content/dsa/recursion-backtracking/expression-add-operators.tsx:11:1
Unexpected token. Did you mean `{'}'}` or `&rbrace;`?
  [90m 9 |[0m  
  [90m10 |[0m   );
[31m[1m>[0m [90m11 |[0m }
  [90m   |[0m [31m[1m^[0m
  [90m12 |[0m
  [90m13 |[0m
  [90m14 |[0m

Parsing ecmascript source code failed

Import traces:
  App Route:
    ./content/dsa/recursion-backtracking/expression-add-operators.tsx
    ./lib/content-registry.ts
    ./app/api/content/route.ts

  Client Component Browser:
    ./content/dsa/recursion-backtracking/expression-add-operators.tsx [Client Component Browser]
    ./components/LessonLoader.tsx [Client Component Browser]
    ./components/LessonLoader.tsx [Server Component]
    ./app/curriculum/[subject]/[topic]/[lesson]/page.tsx [Server Component]

  Client Component SSR:
    ./content/dsa/recursion-backtracking/expression-add-operators.tsx [Client Component SSR]
    ./components/LessonLoader.tsx [Client Component SSR]
    ./components/LessonLoader.tsx [Server Component]
    ./app/curriculum/[subject]/[topic]/[lesson]/page.tsx [Server Component]


./content/dsa/recursion-backtracking/factorial.tsx:11:1
Unexpected token. Did you mean `{'}'}` or `&rbrace;`?
  [90m 9 |[0m  
  [90m10 |[0m   );
[31m[1m>[0m [90m11 |[0m }
  [90m   |[0m [31m[1m^[0m
  [90m12 |[0m
  [90m13 |[0m
  [90m14 |[0m

Parsing ecmascript source code failed

Import traces:
  App Route:
    ./content/dsa/recursion-backtracking/factorial.tsx
    ./lib/content-registry.ts
    ./app/api/content/route.ts

  Client Component Browser:
    ./content/dsa/recursion-backtracking/factorial.tsx [Client Component Browser]
    ./components/LessonLoader.tsx [Client Component Browser]
    ./components/LessonLoader.tsx [Server Component]
    ./app/curriculum/[subject]/[topic]/[lesson]/page.tsx [Server Component]

  Client Component SSR:
    ./content/dsa/recursion-backtracking/factorial.tsx [Client Component SSR]
    ./components/LessonLoader.tsx [Client Component SSR]
    ./components/LessonLoader.tsx [Server Component]
    ./app/curriculum/[subject]/[topic]/[lesson]/page.tsx [Server Component]


./content/dsa/recursion-backtracking/fibonacci.tsx:11:1
Unexpected token. Did you mean `{'}'}` or `&rbrace;`?
  [90m 9 |[0m  
  [90m10 |[0m   );
[31m[1m>[0m [90m11 |[0m }
  [90m   |[0m [31m[1m^[0m
  [90m12 |[0m
  [90m13 |[0m
  [90m14 |[0m

Parsing ecmascript source code failed

Import traces:
  App Route:
    ./content/dsa/recursion-backtracking/fibonacci.tsx
    ./lib/content-registry.ts
    ./app/api/content/route.ts

  Client Component Browser:
    ./content/dsa/recursion-backtracking/fibonacci.tsx [Client Component Browser]
    ./components/LessonLoader.tsx [Client Component Browser]
    ./components/LessonLoader.tsx [Server Component]
    ./app/curriculum/[subject]/[topic]/[lesson]/page.tsx [Server Component]

  Client Component SSR:
    ./content/dsa/recursion-backtracking/fibonacci.tsx [Client Component SSR]
    ./components/LessonLoader.tsx [Client Component SSR]
    ./components/LessonLoader.tsx [Server Component]
    ./app/curriculum/[subject]/[topic]/[lesson]/page.tsx [Server Component]


./content/dsa/recursion-backtracking/functional-recursion.tsx:11:1
Unexpected token. Did you mean `{'}'}` or `&rbrace;`?
  [90m 9 |[0m  
  [90m10 |[0m   );
[31m[1m>[0m [90m11 |[0m }
  [90m   |[0m [31m[1m^[0m
  [90m12 |[0m
  [90m13 |[0m
  [90m14 |[0m

Parsing ecmascript source code failed

Import traces:
  App Route:
    ./content/dsa/recursion-backtracking/functional-recursion.tsx
    ./lib/content-registry.ts
    ./app/api/content/route.ts

  Client Component Browser:
    ./content/dsa/recursion-backtracking/functional-recursion.tsx [Client Component Browser]
    ./components/LessonLoader.tsx [Client Component Browser]
    ./components/LessonLoader.tsx [Server Component]
    ./app/curriculum/[subject]/[topic]/[lesson]/page.tsx [Server Component]

  Client Component SSR:
    ./content/dsa/recursion-backtracking/functional-recursion.tsx [Client Component SSR]
    ./components/LessonLoader.tsx [Client Component SSR]
    ./components/LessonLoader.tsx [Server Component]
    ./app/curriculum/[subject]/[topic]/[lesson]/page.tsx [Server Component]


./content/dsa/recursion-backtracking/generate-all-permutations.tsx:11:1
Unexpected token. Did you mean `{'}'}` or `&rbrace;`?
  [90m 9 |[0m  
  [90m10 |[0m   );
[31m[1m>[0m [90m11 |[0m }
  [90m   |[0m [31m[1m^[0m
  [90m12 |[0m
  [90m13 |[0m
  [90m14 |[0m

Parsing ecmascript source code failed

Import traces:
  App Route:
    ./content/dsa/recursion-backtracking/generate-all-permutations.tsx
    ./lib/content-registry.ts
    ./app/api/content/route.ts

  Client Component Browser:
    ./content/dsa/recursion-backtracking/generate-all-permutations.tsx [Client Component Browser]
    ./components/LessonLoader.tsx [Client Component Browser]
    ./components/LessonLoader.tsx [Server Component]
    ./app/curriculum/[subject]/[topic]/[lesson]/page.tsx [Server Component]

  Client Component SSR:
    ./content/dsa/recursion-backtracking/generate-all-permutations.tsx [Client Component SSR]
    ./components/LessonLoader.tsx [Client Component SSR]
    ./components/LessonLoader.tsx [Server Component]
    ./app/curriculum/[subject]/[topic]/[lesson]/page.tsx [Server Component]


./content/dsa/recursion-backtracking/generate-all-subsequences.tsx:11:1
Unexpected token. Did you mean `{'}'}` or `&rbrace;`?
  [90m 9 |[0m  
  [90m10 |[0m   );
[31m[1m>[0m [90m11 |[0m }
  [90m   |[0m [31m[1m^[0m
  [90m12 |[0m
  [90m13 |[0m
  [90m14 |[0m

Parsing ecmascript source code failed

Import traces:
  App Route:
    ./content/dsa/recursion-backtracking/generate-all-subsequences.tsx
    ./lib/content-registry.ts
    ./app/api/content/route.ts

  Client Component Browser:
    ./content/dsa/recursion-backtracking/generate-all-subsequences.tsx [Client Component Browser]
    ./components/LessonLoader.tsx [Client Component Browser]
    ./components/LessonLoader.tsx [Server Component]
    ./app/curriculum/[subject]/[topic]/[lesson]/page.tsx [Server Component]

  Client Component SSR:
    ./content/dsa/recursion-backtracking/generate-all-subsequences.tsx [Client Component SSR]
    ./components/LessonLoader.tsx [Client Component SSR]
    ./components/LessonLoader.tsx [Server Component]
    ./app/curriculum/[subject]/[topic]/[lesson]/page.tsx [Server Component]


./content/dsa/recursion-backtracking/generate-all-subsets.tsx:11:1
Unexpected token. Did you mean `{'}'}` or `&rbrace;`?
  [90m 9 |[0m  
  [90m10 |[0m   );
[31m[1m>[0m [90m11 |[0m }
  [90m   |[0m [31m[1m^[0m
  [90m12 |[0m
  [90m13 |[0m
  [90m14 |[0m

Parsing ecmascript source code failed

Import traces:
  App Route:
    ./content/dsa/recursion-backtracking/generate-all-subsets.tsx
    ./lib/content-registry.ts
    ./app/api/content/route.ts

  Client Component Browser:
    ./content/dsa/recursion-backtracking/generate-all-subsets.tsx [Client Component Browser]
    ./components/LessonLoader.tsx [Client Component Browser]
    ./components/LessonLoader.tsx [Server Component]
    ./app/curriculum/[subject]/[topic]/[lesson]/page.tsx [Server Component]

  Client Component SSR:
    ./content/dsa/recursion-backtracking/generate-all-subsets.tsx [Client Component SSR]
    ./components/LessonLoader.tsx [Client Component SSR]
    ./components/LessonLoader.tsx [Server Component]
    ./app/curriculum/[subject]/[topic]/[lesson]/page.tsx [Server Component]


./content/dsa/recursion-backtracking/generate-parentheses.tsx:11:1
Unexpected token. Did you mean `{'}'}` or `&rbrace;`?
  [90m 9 |[0m  
  [90m10 |[0m   );
[31m[1m>[0m [90m11 |[0m }
  [90m   |[0m [31m[1m^[0m
  [90m12 |[0m
  [90m13 |[0m
  [90m14 |[0m

Parsing ecmascript source code failed

Import traces:
  App Route:
    ./content/dsa/recursion-backtracking/generate-parentheses.tsx
    ./lib/content-registry.ts
    ./app/api/content/route.ts

  Client Component Browser:
    ./content/dsa/recursion-backtracking/generate-parentheses.tsx [Client Component Browser]
    ./components/LessonLoader.tsx [Client Component Browser]
    ./components/LessonLoader.tsx [Server Component]
    ./app/curriculum/[subject]/[topic]/[lesson]/page.tsx [Server Component]

  Client Component SSR:
    ./content/dsa/recursion-backtracking/generate-parentheses.tsx [Client Component SSR]
    ./components/LessonLoader.tsx [Client Component SSR]
    ./components/LessonLoader.tsx [Server Component]
    ./app/curriculum/[subject]/[topic]/[lesson]/page.tsx [Server Component]


./content/dsa/recursion-backtracking/generate-power-set.tsx:11:1
Unexpected token. Did you mean `{'}'}` or `&rbrace;`?
  [90m 9 |[0m  
  [90m10 |[0m   );
[31m[1m>[0m [90m11 |[0m }
  [90m   |[0m [31m[1m^[0m
  [90m12 |[0m
  [90m13 |[0m
  [90m14 |[0m

Parsing ecmascript source code failed

Import traces:
  App Route:
    ./content/dsa/recursion-backtracking/generate-power-set.tsx
    ./lib/content-registry.ts
    ./app/api/content/route.ts

  Client Component Browser:
    ./content/dsa/recursion-backtracking/generate-power-set.tsx [Client Component Browser]
    ./components/LessonLoader.tsx [Client Component Browser]
    ./components/LessonLoader.tsx [Server Component]
    ./app/curriculum/[subject]/[topic]/[lesson]/page.tsx [Server Component]

  Client Component SSR:
    ./content/dsa/recursion-backtracking/generate-power-set.tsx [Client Component SSR]
    ./components/LessonLoader.tsx [Client Component SSR]
    ./components/LessonLoader.tsx [Server Component]
    ./app/curriculum/[subject]/[topic]/[lesson]/page.tsx [Server Component]


./content/dsa/recursion-backtracking/head-recursion.tsx:11:1
Unexpected token. Did you mean `{'}'}` or `&rbrace;`?
  [90m 9 |[0m  
  [90m10 |[0m   );
[31m[1m>[0m [90m11 |[0m }
  [90m   |[0m [31m[1m^[0m
  [90m12 |[0m
  [90m13 |[0m
  [90m14 |[0m

Parsing ecmascript source code failed

Import traces:
  App Route:
    ./content/dsa/recursion-backtracking/head-recursion.tsx
    ./lib/content-registry.ts
    ./app/api/content/route.ts

  Client Component Browser:
    ./content/dsa/recursion-backtracking/head-recursion.tsx [Client Component Browser]
    ./components/LessonLoader.tsx [Client Component Browser]
    ./components/LessonLoader.tsx [Server Component]
    ./app/curriculum/[subject]/[topic]/[lesson]/page.tsx [Server Component]

  Client Component SSR:
    ./content/dsa/recursion-backtracking/head-recursion.tsx [Client Component SSR]
    ./components/LessonLoader.tsx [Client Component SSR]
    ./components/LessonLoader.tsx [Server Component]
    ./app/curriculum/[subject]/[topic]/[lesson]/page.tsx [Server Component]


./content/dsa/recursion-backtracking/indirect-recursion.tsx:11:1
Unexpected token. Did you mean `{'}'}` or `&rbrace;`?
  [90m 9 |[0m  
  [90m10 |[0m   );
[31m[1m>[0m [90m11 |[0m }
  [90m   |[0m [31m[1m^[0m
  [90m12 |[0m
  [90m13 |[0m
  [90m14 |[0m

Parsing ecmascript source code failed

Import traces:
  App Route:
    ./content/dsa/recursion-backtracking/indirect-recursion.tsx
    ./lib/content-registry.ts
    ./app/api/content/route.ts

  Client Component Browser:
    ./content/dsa/recursion-backtracking/indirect-recursion.tsx [Client Component Browser]
    ./components/LessonLoader.tsx [Client Component Browser]
    ./components/LessonLoader.tsx [Server Component]
    ./app/curriculum/[subject]/[topic]/[lesson]/page.tsx [Server Component]

  Client Component SSR:
    ./content/dsa/recursion-backtracking/indirect-recursion.tsx [Client Component SSR]
    ./components/LessonLoader.tsx [Client Component SSR]
    ./components/LessonLoader.tsx [Server Component]
    ./app/curriculum/[subject]/[topic]/[lesson]/page.tsx [Server Component]


./content/dsa/recursion-backtracking/introduction-to-recursion.tsx:11:1
Unexpected token. Did you mean `{'}'}` or `&rbrace;`?
  [90m 9 |[0m  
  [90m10 |[0m   );
[31m[1m>[0m [90m11 |[0m }
  [90m   |[0m [31m[1m^[0m
  [90m12 |[0m
  [90m13 |[0m
  [90m14 |[0m

Parsing ecmascript source code failed

Import traces:
  App Route:
    ./content/dsa/recursion-backtracking/introduction-to-recursion.tsx
    ./lib/content-registry.ts
    ./app/api/content/route.ts

  Client Component Browser:
    ./content/dsa/recursion-backtracking/introduction-to-recursion.tsx [Client Component Browser]
    ./components/LessonLoader.tsx [Client Component Browser]
    ./components/LessonLoader.tsx [Server Component]
    ./app/curriculum/[subject]/[topic]/[lesson]/page.tsx [Server Component]

  Client Component SSR:
    ./content/dsa/recursion-backtracking/introduction-to-recursion.tsx [Client Component SSR]
    ./components/LessonLoader.tsx [Client Component SSR]
    ./components/LessonLoader.tsx [Server Component]
    ./app/curriculum/[subject]/[topic]/[lesson]/page.tsx [Server Component]


./content/dsa/recursion-backtracking/knights-tour.tsx:11:1
Unexpected token. Did you mean `{'}'}` or `&rbrace;`?
  [90m 9 |[0m [32m [0m
  [90m10 |[0m [32m  );[0m
[31m[1m>[0m [90m11 |[0m [32m}[0m
  [90m   |[0m [31m[1m^[0m
  [90m12 |[0m
  [90m13 |[0m
  [90m14 |[0m

Parsing ecmascript source code failed

Import traces:
  App Route:
    ./content/dsa/recursion-backtracking/knights-tour.tsx
    ./lib/content-registry.ts
    ./app/api/content/route.ts

  Client Component Browser:
    ./content/dsa/recursion-backtracking/knights-tour.tsx [Client Component Browser]
    ./components/LessonLoader.tsx [Client Component Browser]
    ./components/LessonLoader.tsx [Server Component]
    ./app/curriculum/[subject]/[topic]/[lesson]/page.tsx [Server Component]

  Client Component SSR:
    ./content/dsa/recursion-backtracking/knights-tour.tsx [Client Component SSR]
    ./components/LessonLoader.tsx [Client Component SSR]
    ./components/LessonLoader.tsx [Server Component]
    ./app/curriculum/[subject]/[topic]/[lesson]/page.tsx [Server Component]


./content/dsa/recursion-backtracking/letter-combinations.tsx:11:1
Unexpected token. Did you mean `{'}'}` or `&rbrace;`?
  [90m 9 |[0m  
  [90m10 |[0m   );
[31m[1m>[0m [90m11 |[0m }
  [90m   |[0m [31m[1m^[0m
  [90m12 |[0m
  [90m13 |[0m
  [90m14 |[0m

Parsing ecmascript source code failed

Import traces:
  App Route:
    ./content/dsa/recursion-backtracking/letter-combinations.tsx
    ./lib/content-registry.ts
    ./app/api/content/route.ts

  Client Component Browser:
    ./content/dsa/recursion-backtracking/letter-combinations.tsx [Client Component Browser]
    ./components/LessonLoader.tsx [Client Component Browser]
    ./components/LessonLoader.tsx [Server Component]
    ./app/curriculum/[subject]/[topic]/[lesson]/page.tsx [Server Component]

  Client Component SSR:
    ./content/dsa/recursion-backtracking/letter-combinations.tsx [Client Component SSR]
    ./components/LessonLoader.tsx [Client Component SSR]
    ./components/LessonLoader.tsx [Server Component]
    ./app/curriculum/[subject]/[topic]/[lesson]/page.tsx [Server Component]


./content/dsa/recursion-backtracking/m-coloring.tsx:11:1
Unexpected token. Did you mean `{'}'}` or `&rbrace;`?
  [90m 9 |[0m  
  [90m10 |[0m   );
[31m[1m>[0m [90m11 |[0m }
  [90m   |[0m [31m[1m^[0m
  [90m12 |[0m
  [90m13 |[0m
  [90m14 |[0m

Parsing ecmascript source code failed

Import traces:
  App Route:
    ./content/dsa/recursion-backtracking/m-coloring.tsx
    ./lib/content-registry.ts
    ./app/api/content/route.ts

  Client Component Browser:
    ./content/dsa/recursion-backtracking/m-coloring.tsx [Client Component Browser]
    ./components/LessonLoader.tsx [Client Component Browser]
    ./components/LessonLoader.tsx [Server Component]
    ./app/curriculum/[subject]/[topic]/[lesson]/page.tsx [Server Component]

  Client Component SSR:
    ./content/dsa/recursion-backtracking/m-coloring.tsx [Client Component SSR]
    ./components/LessonLoader.tsx [Client Component SSR]
    ./components/LessonLoader.tsx [Server Component]
    ./app/curriculum/[subject]/[topic]/[lesson]/page.tsx [Server Component]


./content/dsa/recursion-backtracking/maze-solving.tsx:11:1
Unexpected token. Did you mean `{'}'}` or `&rbrace;`?
  [90m 9 |[0m  
  [90m10 |[0m   );
[31m[1m>[0m [90m11 |[0m }
  [90m   |[0m [31m[1m^[0m
  [90m12 |[0m
  [90m13 |[0m
  [90m14 |[0m

Parsing ecmascript source code failed

Import traces:
  App Route:
    ./content/dsa/recursion-backtracking/maze-solving.tsx
    ./lib/content-registry.ts
    ./app/api/content/route.ts

  Client Component Browser:
    ./content/dsa/recursion-backtracking/maze-solving.tsx [Client Component Browser]
    ./components/LessonLoader.tsx [Client Component Browser]
    ./components/LessonLoader.tsx [Server Component]
    ./app/curriculum/[subject]/[topic]/[lesson]/page.tsx [Server Component]

  Client Component SSR:
    ./content/dsa/recursion-backtracking/maze-solving.tsx [Client Component SSR]
    ./components/LessonLoader.tsx [Client Component SSR]
    ./components/LessonLoader.tsx [Server Component]
    ./app/curriculum/[subject]/[topic]/[lesson]/page.tsx [Server Component]


./content/dsa/recursion-backtracking/memoization-basics.tsx:11:1
Unexpected token. Did you mean `{'}'}` or `&rbrace;`?
  [90m 9 |[0m  
  [90m10 |[0m   );
[31m[1m>[0m [90m11 |[0m }
  [90m   |[0m [31m[1m^[0m
  [90m12 |[0m
  [90m13 |[0m
  [90m14 |[0m

Parsing ecmascript source code failed

Import traces:
  App Route:
    ./content/dsa/recursion-backtracking/memoization-basics.tsx
    ./lib/content-registry.ts
    ./app/api/content/route.ts

  Client Component Browser:
    ./content/dsa/recursion-backtracking/memoization-basics.tsx [Client Component Browser]
    ./components/LessonLoader.tsx [Client Component Browser]
    ./components/LessonLoader.tsx [Server Component]
    ./app/curriculum/[subject]/[topic]/[lesson]/page.tsx [Server Component]

  Client Component SSR:
    ./content/dsa/recursion-backtracking/memoization-basics.tsx [Client Component SSR]
    ./components/LessonLoader.tsx [Client Component SSR]
    ./components/LessonLoader.tsx [Server Component]
    ./app/curriculum/[subject]/[topic]/[lesson]/page.tsx [Server Component]


./content/dsa/recursion-backtracking/multiple-recursion-calls.tsx:11:1
Unexpected token. Did you mean `{'}'}` or `&rbrace;`?
  [90m 9 |[0m  
  [90m10 |[0m   );
[31m[1m>[0m [90m11 |[0m }
  [90m   |[0m [31m[1m^[0m
  [90m12 |[0m
  [90m13 |[0m
  [90m14 |[0m

Parsing ecmascript source code failed

Import traces:
  App Route:
    ./content/dsa/recursion-backtracking/multiple-recursion-calls.tsx
    ./lib/content-registry.ts
    ./app/api/content/route.ts

  Client Component Browser:
    ./content/dsa/recursion-backtracking/multiple-recursion-calls.tsx [Client Component Browser]
    ./components/LessonLoader.tsx [Client Component Browser]
    ./components/LessonLoader.tsx [Server Component]
    ./app/curriculum/[subject]/[topic]/[lesson]/page.tsx [Server Component]

  Client Component SSR:
    ./content/dsa/recursion-backtracking/multiple-recursion-calls.tsx [Client Component SSR]
    ./components/LessonLoader.tsx [Client Component SSR]
    ./components/LessonLoader.tsx [Server Component]
    ./app/curriculum/[subject]/[topic]/[lesson]/page.tsx [Server Component]


./content/dsa/recursion-backtracking/n-queens.tsx:11:1
Unexpected token. Did you mean `{'}'}` or `&rbrace;`?
  [90m 9 |[0m  
  [90m10 |[0m   );
[31m[1m>[0m [90m11 |[0m }
  [90m   |[0m [31m[1m^[0m
  [90m12 |[0m
  [90m13 |[0m
  [90m14 |[0m

Parsing ecmascript source code failed

Import traces:
  App Route:
    ./content/dsa/recursion-backtracking/n-queens.tsx
    ./lib/content-registry.ts
    ./app/api/content/route.ts

  Client Component Browser:
    ./content/dsa/recursion-backtracking/n-queens.tsx [Client Component Browser]
    ./components/LessonLoader.tsx [Client Component Browser]
    ./components/LessonLoader.tsx [Server Component]
    ./app/curriculum/[subject]/[topic]/[lesson]/page.tsx [Server Component]

  Client Component SSR:
    ./content/dsa/recursion-backtracking/n-queens.tsx [Client Component SSR]
    ./components/LessonLoader.tsx [Client Component SSR]
    ./components/LessonLoader.tsx [Server Component]
    ./app/curriculum/[subject]/[topic]/[lesson]/page.tsx [Server Component]


./content/dsa/recursion-backtracking/nested-recursion.tsx:11:1
Unexpected token. Did you mean `{'}'}` or `&rbrace;`?
  [90m 9 |[0m  
  [90m10 |[0m   );
[31m[1m>[0m [90m11 |[0m }
  [90m   |[0m [31m[1m^[0m
  [90m12 |[0m
  [90m13 |[0m
  [90m14 |[0m

Parsing ecmascript source code failed

Import traces:
  App Route:
    ./content/dsa/recursion-backtracking/nested-recursion.tsx
    ./lib/content-registry.ts
    ./app/api/content/route.ts

  Client Component Browser:
    ./content/dsa/recursion-backtracking/nested-recursion.tsx [Client Component Browser]
    ./components/LessonLoader.tsx [Client Component Browser]
    ./components/LessonLoader.tsx [Server Component]
    ./app/curriculum/[subject]/[topic]/[lesson]/page.tsx [Server Component]

  Client Component SSR:
    ./content/dsa/recursion-backtracking/nested-recursion.tsx [Client Component SSR]
    ./components/LessonLoader.tsx [Client Component SSR]
    ./components/LessonLoader.tsx [Server Component]
    ./app/curriculum/[subject]/[topic]/[lesson]/page.tsx [Server Component]


./content/dsa/recursion-backtracking/palindrome-check-recursion.tsx:11:1
Unexpected token. Did you mean `{'}'}` or `&rbrace;`?
  [90m 9 |[0m  
  [90m10 |[0m   );
[31m[1m>[0m [90m11 |[0m }
  [90m   |[0m [31m[1m^[0m
  [90m12 |[0m
  [90m13 |[0m
  [90m14 |[0m

Parsing ecmascript source code failed

Import traces:
  App Route:
    ./content/dsa/recursion-backtracking/palindrome-check-recursion.tsx
    ./lib/content-registry.ts
    ./app/api/content/route.ts

  Client Component Browser:
    ./content/dsa/recursion-backtracking/palindrome-check-recursion.tsx [Client Component Browser]
    ./components/LessonLoader.tsx [Client Component Browser]
    ./components/LessonLoader.tsx [Server Component]
    ./app/curriculum/[subject]/[topic]/[lesson]/page.tsx [Server Component]

  Client Component SSR:
    ./content/dsa/recursion-backtracking/palindrome-check-recursion.tsx [Client Component SSR]
    ./components/LessonLoader.tsx [Client Component SSR]
    ./components/LessonLoader.tsx [Server Component]
    ./app/curriculum/[subject]/[topic]/[lesson]/page.tsx [Server Component]


./content/dsa/recursion-backtracking/palindrome-partitioning-recursion.tsx:11:1
Unexpected token. Did you mean `{'}'}` or `&rbrace;`?
  [90m 9 |[0m  
  [90m10 |[0m   );
[31m[1m>[0m [90m11 |[0m }
  [90m   |[0m [31m[1m^[0m
  [90m12 |[0m
  [90m13 |[0m
  [90m14 |[0m

Parsing ecmascript source code failed

Import traces:
  App Route:
    ./content/dsa/recursion-backtracking/palindrome-partitioning-recursion.tsx
    ./lib/content-registry.ts
    ./app/api/content/route.ts

  Client Component Browser:
    ./content/dsa/recursion-backtracking/palindrome-partitioning-recursion.tsx [Client Component Browser]
    ./components/LessonLoader.tsx [Client Component Browser]
    ./components/LessonLoader.tsx [Server Component]
    ./app/curriculum/[subject]/[topic]/[lesson]/page.tsx [Server Component]

  Client Component SSR:
    ./content/dsa/recursion-backtracking/palindrome-partitioning-recursion.tsx [Client Component SSR]
    ./components/LessonLoader.tsx [Client Component SSR]
    ./components/LessonLoader.tsx [Server Component]
    ./app/curriculum/[subject]/[topic]/[lesson]/page.tsx [Server Component]


./content/dsa/recursion-backtracking/parameterized-recursion.tsx:11:1
Unexpected token. Did you mean `{'}'}` or `&rbrace;`?
  [90m 9 |[0m  
  [90m10 |[0m   );
[31m[1m>[0m [90m11 |[0m }
  [90m   |[0m [31m[1m^[0m
  [90m12 |[0m
  [90m13 |[0m
  [90m14 |[0m

Parsing ecmascript source code failed

Import traces:
  App Route:
    ./content/dsa/recursion-backtracking/parameterized-recursion.tsx
    ./lib/content-registry.ts
    ./app/api/content/route.ts

  Client Component Browser:
    ./content/dsa/recursion-backtracking/parameterized-recursion.tsx [Client Component Browser]
    ./components/LessonLoader.tsx [Client Component Browser]
    ./components/LessonLoader.tsx [Server Component]
    ./app/curriculum/[subject]/[topic]/[lesson]/page.tsx [Server Component]

  Client Component SSR:
    ./content/dsa/recursion-backtracking/parameterized-recursion.tsx [Client Component SSR]
    ./components/LessonLoader.tsx [Client Component SSR]
    ./components/LessonLoader.tsx [Server Component]
    ./app/curriculum/[subject]/[topic]/[lesson]/page.tsx [Server Component]


./content/dsa/recursion-backtracking/partition-problems.tsx:11:1
Unexpected token. Did you mean `{'}'}` or `&rbrace;`?
  [90m 9 |[0m  
  [90m10 |[0m   );
[31m[1m>[0m [90m11 |[0m }
  [90m   |[0m [31m[1m^[0m
  [90m12 |[0m
  [90m13 |[0m
  [90m14 |[0m

Parsing ecmascript source code failed

Import traces:
  App Route:
    ./content/dsa/recursion-backtracking/partition-problems.tsx
    ./lib/content-registry.ts
    ./app/api/content/route.ts

  Client Component Browser:
    ./content/dsa/recursion-backtracking/partition-problems.tsx [Client Component Browser]
    ./components/LessonLoader.tsx [Client Component Browser]
    ./components/LessonLoader.tsx [Server Component]
    ./app/curriculum/[subject]/[topic]/[lesson]/page.tsx [Server Component]

  Client Component SSR:
    ./content/dsa/recursion-backtracking/partition-problems.tsx [Client Component SSR]
    ./components/LessonLoader.tsx [Client Component SSR]
    ./components/LessonLoader.tsx [Server Component]
    ./app/curriculum/[subject]/[topic]/[lesson]/page.tsx [Server Component]


./content/dsa/recursion-backtracking/permutations-duplicates.tsx:11:1
Unexpected token. Did you mean `{'}'}` or `&rbrace;`?
  [90m 9 |[0m  
  [90m10 |[0m   );
[31m[1m>[0m [90m11 |[0m }
  [90m   |[0m [31m[1m^[0m
  [90m12 |[0m
  [90m13 |[0m
  [90m14 |[0m

Parsing ecmascript source code failed

Import traces:
  App Route:
    ./content/dsa/recursion-backtracking/permutations-duplicates.tsx
    ./lib/content-registry.ts
    ./app/api/content/route.ts

  Client Component Browser:
    ./content/dsa/recursion-backtracking/permutations-duplicates.tsx [Client Component Browser]
    ./components/LessonLoader.tsx [Client Component Browser]
    ./components/LessonLoader.tsx [Server Component]
    ./app/curriculum/[subject]/[topic]/[lesson]/page.tsx [Server Component]

  Client Component SSR:
    ./content/dsa/recursion-backtracking/permutations-duplicates.tsx [Client Component SSR]
    ./components/LessonLoader.tsx [Client Component SSR]
    ./components/LessonLoader.tsx [Server Component]
    ./app/curriculum/[subject]/[topic]/[lesson]/page.tsx [Server Component]


./content/dsa/recursion-backtracking/pick-not-pick.tsx:11:1
Unexpected token. Did you mean `{'}'}` or `&rbrace;`?
  [90m 9 |[0m  
  [90m10 |[0m   );
[31m[1m>[0m [90m11 |[0m }
  [90m   |[0m [31m[1m^[0m
  [90m12 |[0m
  [90m13 |[0m
  [90m14 |[0m

Parsing ecmascript source code failed

Import traces:
  App Route:
    ./content/dsa/recursion-backtracking/pick-not-pick.tsx
    ./lib/content-registry.ts
    ./app/api/content/route.ts

  Client Component Browser:
    ./content/dsa/recursion-backtracking/pick-not-pick.tsx [Client Component Browser]
    ./components/LessonLoader.tsx [Client Component Browser]
    ./components/LessonLoader.tsx [Server Component]
    ./app/curriculum/[subject]/[topic]/[lesson]/page.tsx [Server Component]

  Client Component SSR:
    ./content/dsa/recursion-backtracking/pick-not-pick.tsx [Client Component SSR]
    ./components/LessonLoader.tsx [Client Component SSR]
    ./components/LessonLoader.tsx [Server Component]
    ./app/curriculum/[subject]/[topic]/[lesson]/page.tsx [Server Component]


./content/dsa/recursion-backtracking/power-calculation.tsx:11:1
Unexpected token. Did you mean `{'}'}` or `&rbrace;`?
  [90m 9 |[0m  
  [90m10 |[0m   );
[31m[1m>[0m [90m11 |[0m }
  [90m   |[0m [31m[1m^[0m
  [90m12 |[0m
  [90m13 |[0m
  [90m14 |[0m

Parsing ecmascript source code failed

Import traces:
  App Route:
    ./content/dsa/recursion-backtracking/power-calculation.tsx
    ./lib/content-registry.ts
    ./app/api/content/route.ts

  Client Component Browser:
    ./content/dsa/recursion-backtracking/power-calculation.tsx [Client Component Browser]
    ./components/LessonLoader.tsx [Client Component Browser]
    ./components/LessonLoader.tsx [Server Component]
    ./app/curriculum/[subject]/[topic]/[lesson]/page.tsx [Server Component]

  Client Component SSR:
    ./content/dsa/recursion-backtracking/power-calculation.tsx [Client Component SSR]
    ./components/LessonLoader.tsx [Client Component SSR]
    ./components/LessonLoader.tsx [Server Component]
    ./app/curriculum/[subject]/[topic]/[lesson]/page.tsx [Server Component]


./content/dsa/recursion-backtracking/practice-patterns-backtracking.tsx:11:1
Unexpected token. Did you mean `{'}'}` or `&rbrace;`?
  [90m 9 |[0m  
  [90m10 |[0m   );
[31m[1m>[0m [90m11 |[0m }
  [90m   |[0m [31m[1m^[0m
  [90m12 |[0m
  [90m13 |[0m
  [90m14 |[0m

Parsing ecmascript source code failed

Import traces:
  App Route:
    ./content/dsa/recursion-backtracking/practice-patterns-backtracking.tsx
    ./lib/content-registry.ts
    ./app/api/content/route.ts

  Client Component Browser:
    ./content/dsa/recursion-backtracking/practice-patterns-backtracking.tsx [Client Component Browser]
    ./components/LessonLoader.tsx [Client Component Browser]
    ./components/LessonLoader.tsx [Server Component]
    ./app/curriculum/[subject]/[topic]/[lesson]/page.tsx [Server Component]

  Client Component SSR:
    ./content/dsa/recursion-backtracking/practice-patterns-backtracking.tsx [Client Component SSR]
    ./components/LessonLoader.tsx [Client Component SSR]
    ./components/LessonLoader.tsx [Server Component]
    ./app/curriculum/[subject]/[topic]/[lesson]/page.tsx [Server Component]


./content/dsa/recursion-backtracking/practice-patterns-recursion.tsx:11:1
Unexpected token. Did you mean `{'}'}` or `&rbrace;`?
  [90m 9 |[0m  
  [90m10 |[0m   );
[31m[1m>[0m [90m11 |[0m }
  [90m   |[0m [31m[1m^[0m
  [90m12 |[0m
  [90m13 |[0m
  [90m14 |[0m

Parsing ecmascript source code failed

Import traces:
  App Route:
    ./content/dsa/recursion-backtracking/practice-patterns-recursion.tsx
    ./lib/content-registry.ts
    ./app/api/content/route.ts

  Client Component Browser:
    ./content/dsa/recursion-backtracking/practice-patterns-recursion.tsx [Client Component Browser]
    ./components/LessonLoader.tsx [Client Component Browser]
    ./components/LessonLoader.tsx [Server Component]
    ./app/curriculum/[subject]/[topic]/[lesson]/page.tsx [Server Component]

  Client Component SSR:
    ./content/dsa/recursion-backtracking/practice-patterns-recursion.tsx [Client Component SSR]
    ./components/LessonLoader.tsx [Client Component SSR]
    ./components/LessonLoader.tsx [Server Component]
    ./app/curriculum/[subject]/[topic]/[lesson]/page.tsx [Server Component]


./content/dsa/recursion-backtracking/print-numbers.tsx:11:1
Unexpected token. Did you mean `{'}'}` or `&rbrace;`?
  [90m 9 |[0m  
  [90m10 |[0m   );
[31m[1m>[0m [90m11 |[0m }
  [90m   |[0m [31m[1m^[0m
  [90m12 |[0m
  [90m13 |[0m
  [90m14 |[0m

Parsing ecmascript source code failed

Import traces:
  App Route:
    ./content/dsa/recursion-backtracking/print-numbers.tsx
    ./lib/content-registry.ts
    ./app/api/content/route.ts

  Client Component Browser:
    ./content/dsa/recursion-backtracking/print-numbers.tsx [Client Component Browser]
    ./components/LessonLoader.tsx [Client Component Browser]
    ./components/LessonLoader.tsx [Server Component]
    ./app/curriculum/[subject]/[topic]/[lesson]/page.tsx [Server Component]

  Client Component SSR:
    ./content/dsa/recursion-backtracking/print-numbers.tsx [Client Component SSR]
    ./components/LessonLoader.tsx [Client Component SSR]
    ./components/LessonLoader.tsx [Server Component]
    ./app/curriculum/[subject]/[topic]/[lesson]/page.tsx [Server Component]


./content/dsa/recursion-backtracking/rat-in-a-maze.tsx:11:1
Unexpected token. Did you mean `{'}'}` or `&rbrace;`?
  [90m 9 |[0m  
  [90m10 |[0m   );
[31m[1m>[0m [90m11 |[0m }
  [90m   |[0m [31m[1m^[0m
  [90m12 |[0m
  [90m13 |[0m
  [90m14 |[0m

Parsing ecmascript source code failed

Import traces:
  App Route:
    ./content/dsa/recursion-backtracking/rat-in-a-maze.tsx
    ./lib/content-registry.ts
    ./app/api/content/route.ts

  Client Component Browser:
    ./content/dsa/recursion-backtracking/rat-in-a-maze.tsx [Client Component Browser]
    ./components/LessonLoader.tsx [Client Component Browser]
    ./components/LessonLoader.tsx [Server Component]
    ./app/curriculum/[subject]/[topic]/[lesson]/page.tsx [Server Component]

  Client Component SSR:
    ./content/dsa/recursion-backtracking/rat-in-a-maze.tsx [Client Component SSR]
    ./components/LessonLoader.tsx [Client Component SSR]
    ./components/LessonLoader.tsx [Server Component]
    ./app/curriculum/[subject]/[topic]/[lesson]/page.tsx [Server Component]


./content/dsa/recursion-backtracking/recurrence-relation-basics.tsx:11:1
Unexpected token. Did you mean `{'}'}` or `&rbrace;`?
  [90m 9 |[0m  
  [90m10 |[0m   );
[31m[1m>[0m [90m11 |[0m }
  [90m   |[0m [31m[1m^[0m
  [90m12 |[0m
  [90m13 |[0m
  [90m14 |[0m

Parsing ecmascript source code failed

Import traces:
  App Route:
    ./content/dsa/recursion-backtracking/recurrence-relation-basics.tsx
    ./lib/content-registry.ts
    ./app/api/content/route.ts

  Client Component Browser:
    ./content/dsa/recursion-backtracking/recurrence-relation-basics.tsx [Client Component Browser]
    ./components/LessonLoader.tsx [Client Component Browser]
    ./components/LessonLoader.tsx [Server Component]
    ./app/curriculum/[subject]/[topic]/[lesson]/page.tsx [Server Component]

  Client Component SSR:
    ./content/dsa/recursion-backtracking/recurrence-relation-basics.tsx [Client Component SSR]
    ./components/LessonLoader.tsx [Client Component SSR]
    ./components/LessonLoader.tsx [Server Component]
    ./app/curriculum/[subject]/[topic]/[lesson]/page.tsx [Server Component]


./content/dsa/recursion-backtracking/recursion-on-arrays.tsx:11:1
Unexpected token. Did you mean `{'}'}` or `&rbrace;`?
  [90m 9 |[0m  
  [90m10 |[0m   );
[31m[1m>[0m [90m11 |[0m }
  [90m   |[0m [31m[1m^[0m
  [90m12 |[0m
  [90m13 |[0m
  [90m14 |[0m

Parsing ecmascript source code failed

Import traces:
  App Route:
    ./content/dsa/recursion-backtracking/recursion-on-arrays.tsx
    ./lib/content-registry.ts
    ./app/api/content/route.ts

  Client Component Browser:
    ./content/dsa/recursion-backtracking/recursion-on-arrays.tsx [Client Component Browser]
    ./components/LessonLoader.tsx [Client Component Browser]
    ./components/LessonLoader.tsx [Server Component]
    ./app/curriculum/[subject]/[topic]/[lesson]/page.tsx [Server Component]

  Client Component SSR:
    ./content/dsa/recursion-backtracking/recursion-on-arrays.tsx [Client Component SSR]
    ./components/LessonLoader.tsx [Client Component SSR]
    ./components/LessonLoader.tsx [Server Component]
    ./app/curriculum/[subject]/[topic]/[lesson]/page.tsx [Server Component]


./content/dsa/recursion-backtracking/recursion-on-strings.tsx:11:1
Unexpected token. Did you mean `{'}'}` or `&rbrace;`?
  [90m 9 |[0m  
  [90m10 |[0m   );
[31m[1m>[0m [90m11 |[0m }
  [90m   |[0m [31m[1m^[0m
  [90m12 |[0m
  [90m13 |[0m
  [90m14 |[0m

Parsing ecmascript source code failed

Import traces:
  App Route:
    ./content/dsa/recursion-backtracking/recursion-on-strings.tsx
    ./lib/content-registry.ts
    ./app/api/content/route.ts

  Client Component Browser:
    ./content/dsa/recursion-backtracking/recursion-on-strings.tsx [Client Component Browser]
    ./components/LessonLoader.tsx [Client Component Browser]
    ./components/LessonLoader.tsx [Server Component]
    ./app/curriculum/[subject]/[topic]/[lesson]/page.tsx [Server Component]

  Client Component SSR:
    ./content/dsa/recursion-backtracking/recursion-on-strings.tsx [Client Component SSR]
    ./components/LessonLoader.tsx [Client Component SSR]
    ./components/LessonLoader.tsx [Server Component]
    ./app/curriculum/[subject]/[topic]/[lesson]/page.tsx [Server Component]


./content/dsa/recursion-backtracking/recursion-tree-method.tsx:11:1
Unexpected token. Did you mean `{'}'}` or `&rbrace;`?
  [90m 9 |[0m  
  [90m10 |[0m   );
[31m[1m>[0m [90m11 |[0m }
  [90m   |[0m [31m[1m^[0m
  [90m12 |[0m
  [90m13 |[0m
  [90m14 |[0m

Parsing ecmascript source code failed

Import traces:
  App Route:
    ./content/dsa/recursion-backtracking/recursion-tree-method.tsx
    ./lib/content-registry.ts
    ./app/api/content/route.ts

  Client Component Browser:
    ./content/dsa/recursion-backtracking/recursion-tree-method.tsx [Client Component Browser]
    ./components/LessonLoader.tsx [Client Component Browser]
    ./components/LessonLoader.tsx [Server Component]
    ./app/curriculum/[subject]/[topic]/[lesson]/page.tsx [Server Component]

  Client Component SSR:
    ./content/dsa/recursion-backtracking/recursion-tree-method.tsx [Client Component SSR]
    ./components/LessonLoader.tsx [Client Component SSR]
    ./components/LessonLoader.tsx [Server Component]
    ./app/curriculum/[subject]/[topic]/[lesson]/page.tsx [Server Component]


./content/dsa/recursion-backtracking/recursion-vs-backtracking.tsx:11:1
Unexpected token. Did you mean `{'}'}` or `&rbrace;`?
  [90m 9 |[0m  
  [90m10 |[0m   );
[31m[1m>[0m [90m11 |[0m }
  [90m   |[0m [31m[1m^[0m
  [90m12 |[0m
  [90m13 |[0m
  [90m14 |[0m

Parsing ecmascript source code failed

Import traces:
  App Route:
    ./content/dsa/recursion-backtracking/recursion-vs-backtracking.tsx
    ./lib/content-registry.ts
    ./app/api/content/route.ts

  Client Component Browser:
    ./content/dsa/recursion-backtracking/recursion-vs-backtracking.tsx [Client Component Browser]
    ./components/LessonLoader.tsx [Client Component Browser]
    ./components/LessonLoader.tsx [Server Component]
    ./app/curriculum/[subject]/[topic]/[lesson]/page.tsx [Server Component]

  Client Component SSR:
    ./content/dsa/recursion-backtracking/recursion-vs-backtracking.tsx [Client Component SSR]
    ./components/LessonLoader.tsx [Client Component SSR]
    ./components/LessonLoader.tsx [Server Component]
    ./app/curriculum/[subject]/[topic]/[lesson]/page.tsx [Server Component]


./content/dsa/recursion-backtracking/recursive-case.tsx:11:1
Unexpected token. Did you mean `{'}'}` or `&rbrace;`?
  [90m 9 |[0m  
  [90m10 |[0m   );
[31m[1m>[0m [90m11 |[0m }
  [90m   |[0m [31m[1m^[0m
  [90m12 |[0m
  [90m13 |[0m
  [90m14 |[0m

Parsing ecmascript source code failed

Import traces:
  App Route:
    ./content/dsa/recursion-backtracking/recursive-case.tsx
    ./lib/content-registry.ts
    ./app/api/content/route.ts

  Client Component Browser:
    ./content/dsa/recursion-backtracking/recursive-case.tsx [Client Component Browser]
    ./components/LessonLoader.tsx [Client Component Browser]
    ./components/LessonLoader.tsx [Server Component]
    ./app/curriculum/[subject]/[topic]/[lesson]/page.tsx [Server Component]

  Client Component SSR:
    ./content/dsa/recursion-backtracking/recursive-case.tsx [Client Component SSR]
    ./components/LessonLoader.tsx [Client Component SSR]
    ./components/LessonLoader.tsx [Server Component]
    ./app/curriculum/[subject]/[topic]/[lesson]/page.tsx [Server Component]


./content/dsa/recursion-backtracking/recursive-dp-intro.tsx:11:1
Unexpected token. Did you mean `{'}'}` or `&rbrace;`?
  [90m 9 |[0m  
  [90m10 |[0m   );
[31m[1m>[0m [90m11 |[0m }
  [90m   |[0m [31m[1m^[0m
  [90m12 |[0m
  [90m13 |[0m
  [90m14 |[0m

Parsing ecmascript source code failed

Import traces:
  App Route:
    ./content/dsa/recursion-backtracking/recursive-dp-intro.tsx
    ./lib/content-registry.ts
    ./app/api/content/route.ts

  Client Component Browser:
    ./content/dsa/recursion-backtracking/recursive-dp-intro.tsx [Client Component Browser]
    ./components/LessonLoader.tsx [Client Component Browser]
    ./components/LessonLoader.tsx [Server Component]
    ./app/curriculum/[subject]/[topic]/[lesson]/page.tsx [Server Component]

  Client Component SSR:
    ./content/dsa/recursion-backtracking/recursive-dp-intro.tsx [Client Component SSR]
    ./components/LessonLoader.tsx [Client Component SSR]
    ./components/LessonLoader.tsx [Server Component]
    ./app/curriculum/[subject]/[topic]/[lesson]/page.tsx [Server Component]


./content/dsa/recursion-backtracking/recursive-function-calls.tsx:11:1
Unexpected token. Did you mean `{'}'}` or `&rbrace;`?
  [90m 9 |[0m  
  [90m10 |[0m   );
[31m[1m>[0m [90m11 |[0m }
  [90m   |[0m [31m[1m^[0m
  [90m12 |[0m
  [90m13 |[0m
  [90m14 |[0m

Parsing ecmascript source code failed

Import traces:
  App Route:
    ./content/dsa/recursion-backtracking/recursive-function-calls.tsx
    ./lib/content-registry.ts
    ./app/api/content/route.ts

  Client Component Browser:
    ./content/dsa/recursion-backtracking/recursive-function-calls.tsx [Client Component Browser]
    ./components/LessonLoader.tsx [Client Component Browser]
    ./components/LessonLoader.tsx [Server Component]
    ./app/curriculum/[subject]/[topic]/[lesson]/page.tsx [Server Component]

  Client Component SSR:
    ./content/dsa/recursion-backtracking/recursive-function-calls.tsx [Client Component SSR]
    ./components/LessonLoader.tsx [Client Component SSR]
    ./components/LessonLoader.tsx [Server Component]
    ./app/curriculum/[subject]/[topic]/[lesson]/page.tsx [Server Component]


./content/dsa/recursion-backtracking/recursive-pattern-problems.tsx:11:1
Unexpected token. Did you mean `{'}'}` or `&rbrace;`?
  [90m 9 |[0m  
  [90m10 |[0m   );
[31m[1m>[0m [90m11 |[0m }
  [90m   |[0m [31m[1m^[0m
  [90m12 |[0m
  [90m13 |[0m
  [90m14 |[0m

Parsing ecmascript source code failed

Import traces:
  App Route:
    ./content/dsa/recursion-backtracking/recursive-pattern-problems.tsx
    ./lib/content-registry.ts
    ./app/api/content/route.ts

  Client Component Browser:
    ./content/dsa/recursion-backtracking/recursive-pattern-problems.tsx [Client Component Browser]
    ./components/LessonLoader.tsx [Client Component Browser]
    ./components/LessonLoader.tsx [Server Component]
    ./app/curriculum/[subject]/[topic]/[lesson]/page.tsx [Server Component]

  Client Component SSR:
    ./content/dsa/recursion-backtracking/recursive-pattern-problems.tsx [Client Component SSR]
    ./components/LessonLoader.tsx [Client Component SSR]
    ./components/LessonLoader.tsx [Server Component]
    ./app/curriculum/[subject]/[topic]/[lesson]/page.tsx [Server Component]


./content/dsa/recursion-backtracking/recursive-thinking.tsx:11:1
Unexpected token. Did you mean `{'}'}` or `&rbrace;`?
  [90m 9 |[0m  
  [90m10 |[0m   );
[31m[1m>[0m [90m11 |[0m }
  [90m   |[0m [31m[1m^[0m
  [90m12 |[0m
  [90m13 |[0m
  [90m14 |[0m

Parsing ecmascript source code failed

Import traces:
  App Route:
    ./content/dsa/recursion-backtracking/recursive-thinking.tsx
    ./lib/content-registry.ts
    ./app/api/content/route.ts

  Client Component Browser:
    ./content/dsa/recursion-backtracking/recursive-thinking.tsx [Client Component Browser]
    ./components/LessonLoader.tsx [Client Component Browser]
    ./components/LessonLoader.tsx [Server Component]
    ./app/curriculum/[subject]/[topic]/[lesson]/page.tsx [Server Component]

  Client Component SSR:
    ./content/dsa/recursion-backtracking/recursive-thinking.tsx [Client Component SSR]
    ./components/LessonLoader.tsx [Client Component SSR]
    ./components/LessonLoader.tsx [Server Component]
    ./app/curriculum/[subject]/[topic]/[lesson]/page.tsx [Server Component]


./content/dsa/recursion-backtracking/restore-ip-addresses.tsx:11:1
Unexpected token. Did you mean `{'}'}` or `&rbrace;`?
  [90m 9 |[0m  
  [90m10 |[0m   );
[31m[1m>[0m [90m11 |[0m }
  [90m   |[0m [31m[1m^[0m
  [90m12 |[0m
  [90m13 |[0m
  [90m14 |[0m

Parsing ecmascript source code failed

Import traces:
  App Route:
    ./content/dsa/recursion-backtracking/restore-ip-addresses.tsx
    ./lib/content-registry.ts
    ./app/api/content/route.ts

  Client Component Browser:
    ./content/dsa/recursion-backtracking/restore-ip-addresses.tsx [Client Component Browser]
    ./components/LessonLoader.tsx [Client Component Browser]
    ./components/LessonLoader.tsx [Server Component]
    ./app/curriculum/[subject]/[topic]/[lesson]/page.tsx [Server Component]

  Client Component SSR:
    ./content/dsa/recursion-backtracking/restore-ip-addresses.tsx [Client Component SSR]
    ./components/LessonLoader.tsx [Client Component SSR]
    ./components/LessonLoader.tsx [Server Component]
    ./app/curriculum/[subject]/[topic]/[lesson]/page.tsx [Server Component]


./content/dsa/recursion-backtracking/reverse-array-recursion.tsx:11:1
Unexpected token. Did you mean `{'}'}` or `&rbrace;`?
  [90m 9 |[0m  
  [90m10 |[0m   );
[31m[1m>[0m [90m11 |[0m }
  [90m   |[0m [31m[1m^[0m
  [90m12 |[0m
  [90m13 |[0m
  [90m14 |[0m

Parsing ecmascript source code failed

Import traces:
  App Route:
    ./content/dsa/recursion-backtracking/reverse-array-recursion.tsx
    ./lib/content-registry.ts
    ./app/api/content/route.ts

  Client Component Browser:
    ./content/dsa/recursion-backtracking/reverse-array-recursion.tsx [Client Component Browser]
    ./components/LessonLoader.tsx [Client Component Browser]
    ./components/LessonLoader.tsx [Server Component]
    ./app/curriculum/[subject]/[topic]/[lesson]/page.tsx [Server Component]

  Client Component SSR:
    ./content/dsa/recursion-backtracking/reverse-array-recursion.tsx [Client Component SSR]
    ./components/LessonLoader.tsx [Client Component SSR]
    ./components/LessonLoader.tsx [Server Component]
    ./app/curriculum/[subject]/[topic]/[lesson]/page.tsx [Server Component]


./content/dsa/recursion-backtracking/reverse-string-recursion.tsx:11:1
Unexpected token. Did you mean `{'}'}` or `&rbrace;`?
  [90m 9 |[0m  
  [90m10 |[0m   );
[31m[1m>[0m [90m11 |[0m }
  [90m   |[0m [31m[1m^[0m
  [90m12 |[0m
  [90m13 |[0m
  [90m14 |[0m

Parsing ecmascript source code failed

Import traces:
  App Route:
    ./content/dsa/recursion-backtracking/reverse-string-recursion.tsx
    ./lib/content-registry.ts
    ./app/api/content/route.ts

  Client Component Browser:
    ./content/dsa/recursion-backtracking/reverse-string-recursion.tsx [Client Component Browser]
    ./components/LessonLoader.tsx [Client Component Browser]
    ./components/LessonLoader.tsx [Server Component]
    ./app/curriculum/[subject]/[topic]/[lesson]/page.tsx [Server Component]

  Client Component SSR:
    ./content/dsa/recursion-backtracking/reverse-string-recursion.tsx [Client Component SSR]
    ./components/LessonLoader.tsx [Client Component SSR]
    ./components/LessonLoader.tsx [Server Component]
    ./app/curriculum/[subject]/[topic]/[lesson]/page.tsx [Server Component]


./content/dsa/recursion-backtracking/space-complexity-recursion.tsx:11:1
Unexpected token. Did you mean `{'}'}` or `&rbrace;`?
  [90m 9 |[0m  
  [90m10 |[0m   );
[31m[1m>[0m [90m11 |[0m }
  [90m   |[0m [31m[1m^[0m
  [90m12 |[0m
  [90m13 |[0m
  [90m14 |[0m

Parsing ecmascript source code failed

Import traces:
  App Route:
    ./content/dsa/recursion-backtracking/space-complexity-recursion.tsx
    ./lib/content-registry.ts
    ./app/api/content/route.ts

  Client Component Browser:
    ./content/dsa/recursion-backtracking/space-complexity-recursion.tsx [Client Component Browser]
    ./components/LessonLoader.tsx [Client Component Browser]
    ./components/LessonLoader.tsx [Server Component]
    ./app/curriculum/[subject]/[topic]/[lesson]/page.tsx [Server Component]

  Client Component SSR:
    ./content/dsa/recursion-backtracking/space-complexity-recursion.tsx [Client Component SSR]
    ./components/LessonLoader.tsx [Client Component SSR]
    ./components/LessonLoader.tsx [Server Component]
    ./app/curriculum/[subject]/[topic]/[lesson]/page.tsx [Server Component]


./content/dsa/recursion-backtracking/stack-overflow.tsx:11:1
Unexpected token. Did you mean `{'}'}` or `&rbrace;`?
  [90m 9 |[0m  
  [90m10 |[0m   );
[31m[1m>[0m [90m11 |[0m }
  [90m   |[0m [31m[1m^[0m
  [90m12 |[0m
  [90m13 |[0m
  [90m14 |[0m

Parsing ecmascript source code failed

Import traces:
  App Route:
    ./content/dsa/recursion-backtracking/stack-overflow.tsx
    ./lib/content-registry.ts
    ./app/api/content/route.ts

  Client Component Browser:
    ./content/dsa/recursion-backtracking/stack-overflow.tsx [Client Component Browser]
    ./components/LessonLoader.tsx [Client Component Browser]
    ./components/LessonLoader.tsx [Server Component]
    ./app/curriculum/[subject]/[topic]/[lesson]/page.tsx [Server Component]

  Client Component SSR:
    ./content/dsa/recursion-backtracking/stack-overflow.tsx [Client Component SSR]
    ./components/LessonLoader.tsx [Client Component SSR]
    ./components/LessonLoader.tsx [Server Component]
    ./app/curriculum/[subject]/[topic]/[lesson]/page.tsx [Server Component]


./content/dsa/recursion-backtracking/state-space-tree.tsx:11:1
Unexpected token. Did you mean `{'}'}` or `&rbrace;`?
  [90m 9 |[0m  
  [90m10 |[0m   );
[31m[1m>[0m [90m11 |[0m }
  [90m   |[0m [31m[1m^[0m
  [90m12 |[0m
  [90m13 |[0m
  [90m14 |[0m

Parsing ecmascript source code failed

Import traces:
  App Route:
    ./content/dsa/recursion-backtracking/state-space-tree.tsx
    ./lib/content-registry.ts
    ./app/api/content/route.ts

  Client Component Browser:
    ./content/dsa/recursion-backtracking/state-space-tree.tsx [Client Component Browser]
    ./components/LessonLoader.tsx [Client Component Browser]
    ./components/LessonLoader.tsx [Server Component]
    ./app/curriculum/[subject]/[topic]/[lesson]/page.tsx [Server Component]

  Client Component SSR:
    ./content/dsa/recursion-backtracking/state-space-tree.tsx [Client Component SSR]
    ./components/LessonLoader.tsx [Client Component SSR]
    ./components/LessonLoader.tsx [Server Component]
    ./app/curriculum/[subject]/[topic]/[lesson]/page.tsx [Server Component]


./content/dsa/recursion-backtracking/subsequence-problems.tsx:11:1
Unexpected token. Did you mean `{'}'}` or `&rbrace;`?
  [90m 9 |[0m  
  [90m10 |[0m   );
[31m[1m>[0m [90m11 |[0m }
  [90m   |[0m [31m[1m^[0m
  [90m12 |[0m
  [90m13 |[0m
  [90m14 |[0m

Parsing ecmascript source code failed

Import traces:
  App Route:
    ./content/dsa/recursion-backtracking/subsequence-problems.tsx
    ./lib/content-registry.ts
    ./app/api/content/route.ts

  Client Component Browser:
    ./content/dsa/recursion-backtracking/subsequence-problems.tsx [Client Component Browser]
    ./components/LessonLoader.tsx [Client Component Browser]
    ./components/LessonLoader.tsx [Server Component]
    ./app/curriculum/[subject]/[topic]/[lesson]/page.tsx [Server Component]

  Client Component SSR:
    ./content/dsa/recursion-backtracking/subsequence-problems.tsx [Client Component SSR]
    ./components/LessonLoader.tsx [Client Component SSR]
    ./components/LessonLoader.tsx [Server Component]
    ./app/curriculum/[subject]/[topic]/[lesson]/page.tsx [Server Component]


./content/dsa/recursion-backtracking/subset-sum-recursion.tsx:11:1
Unexpected token. Did you mean `{'}'}` or `&rbrace;`?
  [90m 9 |[0m  
  [90m10 |[0m   );
[31m[1m>[0m [90m11 |[0m }
  [90m   |[0m [31m[1m^[0m
  [90m12 |[0m
  [90m13 |[0m
  [90m14 |[0m

Parsing ecmascript source code failed

Import traces:
  App Route:
    ./content/dsa/recursion-backtracking/subset-sum-recursion.tsx
    ./lib/content-registry.ts
    ./app/api/content/route.ts

  Client Component Browser:
    ./content/dsa/recursion-backtracking/subset-sum-recursion.tsx [Client Component Browser]
    ./components/LessonLoader.tsx [Client Component Browser]
    ./components/LessonLoader.tsx [Server Component]
    ./app/curriculum/[subject]/[topic]/[lesson]/page.tsx [Server Component]

  Client Component SSR:
    ./content/dsa/recursion-backtracking/subset-sum-recursion.tsx [Client Component SSR]
    ./components/LessonLoader.tsx [Client Component SSR]
    ./components/LessonLoader.tsx [Server Component]
    ./app/curriculum/[subject]/[topic]/[lesson]/page.tsx [Server Component]


./content/dsa/recursion-backtracking/sudoku-solver.tsx:11:1
Unexpected token. Did you mean `{'}'}` or `&rbrace;`?
  [90m 9 |[0m  
  [90m10 |[0m   );
[31m[1m>[0m [90m11 |[0m }
  [90m   |[0m [31m[1m^[0m
  [90m12 |[0m
  [90m13 |[0m
  [90m14 |[0m

Parsing ecmascript source code failed

Import traces:
  App Route:
    ./content/dsa/recursion-backtracking/sudoku-solver.tsx
    ./lib/content-registry.ts
    ./app/api/content/route.ts

  Client Component Browser:
    ./content/dsa/recursion-backtracking/sudoku-solver.tsx [Client Component Browser]
    ./components/LessonLoader.tsx [Client Component Browser]
    ./components/LessonLoader.tsx [Server Component]
    ./app/curriculum/[subject]/[topic]/[lesson]/page.tsx [Server Component]

  Client Component SSR:
    ./content/dsa/recursion-backtracking/sudoku-solver.tsx [Client Component SSR]
    ./components/LessonLoader.tsx [Client Component SSR]
    ./components/LessonLoader.tsx [Server Component]
    ./app/curriculum/[subject]/[topic]/[lesson]/page.tsx [Server Component]


./content/dsa/recursion-backtracking/sum-of-n-numbers.tsx:11:1
Unexpected token. Did you mean `{'}'}` or `&rbrace;`?
  [90m 9 |[0m  
  [90m10 |[0m   );
[31m[1m>[0m [90m11 |[0m }
  [90m   |[0m [31m[1m^[0m
  [90m12 |[0m
  [90m13 |[0m
  [90m14 |[0m

Parsing ecmascript source code failed

Import traces:
  App Route:
    ./content/dsa/recursion-backtracking/sum-of-n-numbers.tsx
    ./lib/content-registry.ts
    ./app/api/content/route.ts

  Client Component Browser:
    ./content/dsa/recursion-backtracking/sum-of-n-numbers.tsx [Client Component Browser]
    ./components/LessonLoader.tsx [Client Component Browser]
    ./components/LessonLoader.tsx [Server Component]
    ./app/curriculum/[subject]/[topic]/[lesson]/page.tsx [Server Component]

  Client Component SSR:
    ./content/dsa/recursion-backtracking/sum-of-n-numbers.tsx [Client Component SSR]
    ./components/LessonLoader.tsx [Client Component SSR]
    ./components/LessonLoader.tsx [Server Component]
    ./app/curriculum/[subject]/[topic]/[lesson]/page.tsx [Server Component]


./content/dsa/recursion-backtracking/tail-recursion.tsx:11:1
Unexpected token. Did you mean `{'}'}` or `&rbrace;`?
  [90m 9 |[0m  
  [90m10 |[0m   );
[31m[1m>[0m [90m11 |[0m }
  [90m   |[0m [31m[1m^[0m
  [90m12 |[0m
  [90m13 |[0m
  [90m14 |[0m

Parsing ecmascript source code failed

Import traces:
  App Route:
    ./content/dsa/recursion-backtracking/tail-recursion.tsx
    ./lib/content-registry.ts
    ./app/api/content/route.ts

  Client Component Browser:
    ./content/dsa/recursion-backtracking/tail-recursion.tsx [Client Component Browser]
    ./components/LessonLoader.tsx [Client Component Browser]
    ./components/LessonLoader.tsx [Server Component]
    ./app/curriculum/[subject]/[topic]/[lesson]/page.tsx [Server Component]

  Client Component SSR:
    ./content/dsa/recursion-backtracking/tail-recursion.tsx [Client Component SSR]
    ./components/LessonLoader.tsx [Client Component SSR]
    ./components/LessonLoader.tsx [Server Component]
    ./app/curriculum/[subject]/[topic]/[lesson]/page.tsx [Server Component]


./content/dsa/recursion-backtracking/time-complexity-recursion.tsx:11:1
Unexpected token. Did you mean `{'}'}` or `&rbrace;`?
  [90m 9 |[0m  
  [90m10 |[0m   );
[31m[1m>[0m [90m11 |[0m }
  [90m   |[0m [31m[1m^[0m
  [90m12 |[0m
  [90m13 |[0m
  [90m14 |[0m

Parsing ecmascript source code failed

Import traces:
  App Route:
    ./content/dsa/recursion-backtracking/time-complexity-recursion.tsx
    ./lib/content-registry.ts
    ./app/api/content/route.ts

  Client Component Browser:
    ./content/dsa/recursion-backtracking/time-complexity-recursion.tsx [Client Component Browser]
    ./components/LessonLoader.tsx [Client Component Browser]
    ./components/LessonLoader.tsx [Server Component]
    ./app/curriculum/[subject]/[topic]/[lesson]/page.tsx [Server Component]

  Client Component SSR:
    ./content/dsa/recursion-backtracking/time-complexity-recursion.tsx [Client Component SSR]
    ./components/LessonLoader.tsx [Client Component SSR]
    ./components/LessonLoader.tsx [Server Component]
    ./app/curriculum/[subject]/[topic]/[lesson]/page.tsx [Server Component]


./content/dsa/recursion-backtracking/tree-recursion.tsx:11:1
Unexpected token. Did you mean `{'}'}` or `&rbrace;`?
  [90m 9 |[0m  
  [90m10 |[0m   );
[31m[1m>[0m [90m11 |[0m }
  [90m   |[0m [31m[1m^[0m
  [90m12 |[0m
  [90m13 |[0m
  [90m14 |[0m

Parsing ecmascript source code failed

Import traces:
  App Route:
    ./content/dsa/recursion-backtracking/tree-recursion.tsx
    ./lib/content-registry.ts
    ./app/api/content/route.ts

  Client Component Browser:
    ./content/dsa/recursion-backtracking/tree-recursion.tsx [Client Component Browser]
    ./components/LessonLoader.tsx [Client Component Browser]
    ./components/LessonLoader.tsx [Server Component]
    ./app/curriculum/[subject]/[topic]/[lesson]/page.tsx [Server Component]

  Client Component SSR:
    ./content/dsa/recursion-backtracking/tree-recursion.tsx [Client Component SSR]
    ./components/LessonLoader.tsx [Client Component SSR]
    ./components/LessonLoader.tsx [Server Component]
    ./app/curriculum/[subject]/[topic]/[lesson]/page.tsx [Server Component]


./content/dsa/recursion-backtracking/undo-backtrack-step.tsx:11:1
Unexpected token. Did you mean `{'}'}` or `&rbrace;`?
  [90m 9 |[0m  
  [90m10 |[0m   );
[31m[1m>[0m [90m11 |[0m }
  [90m   |[0m [31m[1m^[0m
  [90m12 |[0m
  [90m13 |[0m
  [90m14 |[0m

Parsing ecmascript source code failed

Import traces:
  App Route:
    ./content/dsa/recursion-backtracking/undo-backtrack-step.tsx
    ./lib/content-registry.ts
    ./app/api/content/route.ts

  Client Component Browser:
    ./content/dsa/recursion-backtracking/undo-backtrack-step.tsx [Client Component Browser]
    ./components/LessonLoader.tsx [Client Component Browser]
    ./components/LessonLoader.tsx [Server Component]
    ./app/curriculum/[subject]/[topic]/[lesson]/page.tsx [Server Component]

  Client Component SSR:
    ./content/dsa/recursion-backtracking/undo-backtrack-step.tsx [Client Component SSR]
    ./components/LessonLoader.tsx [Client Component SSR]
    ./components/LessonLoader.tsx [Server Component]
    ./app/curriculum/[subject]/[topic]/[lesson]/page.tsx [Server Component]


./content/dsa/recursion-backtracking/word-search.tsx:11:1
Unexpected token. Did you mean `{'}'}` or `&rbrace;`?
  [90m 9 |[0m  
  [90m10 |[0m   );
[31m[1m>[0m [90m11 |[0m }
  [90m   |[0m [31m[1m^[0m
  [90m12 |[0m
  [90m13 |[0m
  [90m14 |[0m

Parsing ecmascript source code failed

Import traces:
  App Route:
    ./content/dsa/recursion-backtracking/word-search.tsx
    ./lib/content-registry.ts
    ./app/api/content/route.ts

  Client Component Browser:
    ./content/dsa/recursion-backtracking/word-search.tsx [Client Component Browser]
    ./components/LessonLoader.tsx [Client Component Browser]
    ./components/LessonLoader.tsx [Server Component]
    ./app/curriculum/[subject]/[topic]/[lesson]/page.tsx [Server Component]

  Client Component SSR:
    ./content/dsa/recursion-backtracking/word-search.tsx [Client Component SSR]
    ./components/LessonLoader.tsx [Client Component SSR]
    ./components/LessonLoader.tsx [Server Component]
    ./app/curriculum/[subject]/[topic]/[lesson]/page.tsx [Server Component]


./content/dsa/searching-sorting/adaptive-sorting.tsx:11:1
Unexpected token. Did you mean `{'}'}` or `&rbrace;`?
  [90m 9 |[0m  
  [90m10 |[0m   );
[31m[1m>[0m [90m11 |[0m }
  [90m   |[0m [31m[1m^[0m
  [90m12 |[0m
  [90m13 |[0m
  [90m14 |[0m

Parsing ecmascript source code failed

Import traces:
  App Route:
    ./content/dsa/searching-sorting/adaptive-sorting.tsx
    ./lib/content-registry.ts
    ./app/api/content/route.ts

  Client Component Browser:
    ./content/dsa/searching-sorting/adaptive-sorting.tsx [Client Component Browser]
    ./components/LessonLoader.tsx [Client Component Browser]
    ./components/LessonLoader.tsx [Server Component]
    ./app/curriculum/[subject]/[topic]/[lesson]/page.tsx [Server Component]

  Client Component SSR:
    ./content/dsa/searching-sorting/adaptive-sorting.tsx [Client Component SSR]
    ./components/LessonLoader.tsx [Client Component SSR]
    ./components/LessonLoader.tsx [Server Component]
    ./app/curriculum/[subject]/[topic]/[lesson]/page.tsx [Server Component]


./content/dsa/searching-sorting/aggressive-cows.tsx:11:1
Unexpected token. Did you mean `{'}'}` or `&rbrace;`?
  [90m 9 |[0m  
  [90m10 |[0m   );
[31m[1m>[0m [90m11 |[0m }
  [90m   |[0m [31m[1m^[0m
  [90m12 |[0m
  [90m13 |[0m
  [90m14 |[0m

Parsing ecmascript source code failed

Import traces:
  App Route:
    ./content/dsa/searching-sorting/aggressive-cows.tsx
    ./lib/content-registry.ts
    ./app/api/content/route.ts

  Client Component Browser:
    ./content/dsa/searching-sorting/aggressive-cows.tsx [Client Component Browser]
    ./components/LessonLoader.tsx [Client Component Browser]
    ./components/LessonLoader.tsx [Server Component]
    ./app/curriculum/[subject]/[topic]/[lesson]/page.tsx [Server Component]

  Client Component SSR:
    ./content/dsa/searching-sorting/aggressive-cows.tsx [Client Component SSR]
    ./components/LessonLoader.tsx [Client Component SSR]
    ./components/LessonLoader.tsx [Server Component]
    ./app/curriculum/[subject]/[topic]/[lesson]/page.tsx [Server Component]


./content/dsa/searching-sorting/allocate-minimum-pages.tsx:11:1
Unexpected token. Did you mean `{'}'}` or `&rbrace;`?
  [90m 9 |[0m  
  [90m10 |[0m   );
[31m[1m>[0m [90m11 |[0m }
  [90m   |[0m [31m[1m^[0m
  [90m12 |[0m
  [90m13 |[0m
  [90m14 |[0m

Parsing ecmascript source code failed

Import traces:
  App Route:
    ./content/dsa/searching-sorting/allocate-minimum-pages.tsx
    ./lib/content-registry.ts
    ./app/api/content/route.ts

  Client Component Browser:
    ./content/dsa/searching-sorting/allocate-minimum-pages.tsx [Client Component Browser]
    ./components/LessonLoader.tsx [Client Component Browser]
    ./components/LessonLoader.tsx [Server Component]
    ./app/curriculum/[subject]/[topic]/[lesson]/page.tsx [Server Component]

  Client Component SSR:
    ./content/dsa/searching-sorting/allocate-minimum-pages.tsx [Client Component SSR]
    ./components/LessonLoader.tsx [Client Component SSR]
    ./components/LessonLoader.tsx [Server Component]
    ./app/curriculum/[subject]/[topic]/[lesson]/page.tsx [Server Component]


./content/dsa/searching-sorting/binary-search-descending.tsx:11:1
Unexpected token. Did you mean `{'}'}` or `&rbrace;`?
  [90m 9 |[0m  
  [90m10 |[0m   );
[31m[1m>[0m [90m11 |[0m }
  [90m   |[0m [31m[1m^[0m
  [90m12 |[0m
  [90m13 |[0m
  [90m14 |[0m

Parsing ecmascript source code failed

Import traces:
  App Route:
    ./content/dsa/searching-sorting/binary-search-descending.tsx
    ./lib/content-registry.ts
    ./app/api/content/route.ts

  Client Component Browser:
    ./content/dsa/searching-sorting/binary-search-descending.tsx [Client Component Browser]
    ./components/LessonLoader.tsx [Client Component Browser]
    ./components/LessonLoader.tsx [Server Component]
    ./app/curriculum/[subject]/[topic]/[lesson]/page.tsx [Server Component]

  Client Component SSR:
    ./content/dsa/searching-sorting/binary-search-descending.tsx [Client Component SSR]
    ./components/LessonLoader.tsx [Client Component SSR]
    ./components/LessonLoader.tsx [Server Component]
    ./app/curriculum/[subject]/[topic]/[lesson]/page.tsx [Server Component]


./content/dsa/searching-sorting/binary-search-on-answer.tsx:11:1
Unexpected token. Did you mean `{'}'}` or `&rbrace;`?
  [90m 9 |[0m  
  [90m10 |[0m   );
[31m[1m>[0m [90m11 |[0m }
  [90m   |[0m [31m[1m^[0m
  [90m12 |[0m
  [90m13 |[0m
  [90m14 |[0m

Parsing ecmascript source code failed

Import traces:
  App Route:
    ./content/dsa/searching-sorting/binary-search-on-answer.tsx
    ./lib/content-registry.ts
    ./app/api/content/route.ts

  Client Component Browser:
    ./content/dsa/searching-sorting/binary-search-on-answer.tsx [Client Component Browser]
    ./components/LessonLoader.tsx [Client Component Browser]
    ./components/LessonLoader.tsx [Server Component]
    ./app/curriculum/[subject]/[topic]/[lesson]/page.tsx [Server Component]

  Client Component SSR:
    ./content/dsa/searching-sorting/binary-search-on-answer.tsx [Client Component SSR]
    ./components/LessonLoader.tsx [Client Component SSR]
    ./components/LessonLoader.tsx [Server Component]
    ./app/curriculum/[subject]/[topic]/[lesson]/page.tsx [Server Component]


./content/dsa/searching-sorting/binary-search-searching.tsx:347:1
Unexpected token. Did you mean `{'}'}` or `&rbrace;`?
  [90m345 |[0m     </main>
  [90m346 |[0m   );
[31m[1m>[0m [90m347 |[0m }
  [90m    |[0m [31m[1m^[0m
  [90m348 |[0m

Parsing ecmascript source code failed

Import traces:
  App Route:
    ./content/dsa/searching-sorting/binary-search-searching.tsx
    ./lib/content-registry.ts
    ./app/api/content/route.ts

  Client Component Browser:
    ./content/dsa/searching-sorting/binary-search-searching.tsx [Client Component Browser]
    ./components/LessonLoader.tsx [Client Component Browser]
    ./components/LessonLoader.tsx [Server Component]
    ./app/curriculum/[subject]/[topic]/[lesson]/page.tsx [Server Component]

  Client Component SSR:
    ./content/dsa/searching-sorting/binary-search-searching.tsx [Client Component SSR]
    ./components/LessonLoader.tsx [Client Component SSR]
    ./components/LessonLoader.tsx [Server Component]
    ./app/curriculum/[subject]/[topic]/[lesson]/page.tsx [Server Component]


./content/dsa/searching-sorting/binary-search-stl.tsx:11:1
Unexpected token. Did you mean `{'}'}` or `&rbrace;`?
  [90m 9 |[0m  
  [90m10 |[0m   );
[31m[1m>[0m [90m11 |[0m }
  [90m   |[0m [31m[1m^[0m
  [90m12 |[0m
  [90m13 |[0m
  [90m14 |[0m

Parsing ecmascript source code failed

Import traces:
  App Route:
    ./content/dsa/searching-sorting/binary-search-stl.tsx
    ./lib/content-registry.ts
    ./app/api/content/route.ts

  Client Component Browser:
    ./content/dsa/searching-sorting/binary-search-stl.tsx [Client Component Browser]
    ./components/LessonLoader.tsx [Client Component Browser]
    ./components/LessonLoader.tsx [Server Component]
    ./app/curriculum/[subject]/[topic]/[lesson]/page.tsx [Server Component]

  Client Component SSR:
    ./content/dsa/searching-sorting/binary-search-stl.tsx [Client Component SSR]
    ./components/LessonLoader.tsx [Client Component SSR]
    ./components/LessonLoader.tsx [Server Component]
    ./app/curriculum/[subject]/[topic]/[lesson]/page.tsx [Server Component]


./content/dsa/searching-sorting/bubble-sort.tsx:11:1
Unexpected token. Did you mean `{'}'}` or `&rbrace;`?
  [90m 9 |[0m  
  [90m10 |[0m   );
[31m[1m>[0m [90m11 |[0m }
  [90m   |[0m [31m[1m^[0m
  [90m12 |[0m
  [90m13 |[0m
  [90m14 |[0m

Parsing ecmascript source code failed

Import traces:
  App Route:
    ./content/dsa/searching-sorting/bubble-sort.tsx
    ./lib/content-registry.ts
    ./app/api/content/route.ts

  Client Component Browser:
    ./content/dsa/searching-sorting/bubble-sort.tsx [Client Component Browser]
    ./components/LessonLoader.tsx [Client Component Browser]
    ./components/LessonLoader.tsx [Server Component]
    ./app/curriculum/[subject]/[topic]/[lesson]/page.tsx [Server Component]

  Client Component SSR:
    ./content/dsa/searching-sorting/bubble-sort.tsx [Client Component SSR]
    ./components/LessonLoader.tsx [Client Component SSR]
    ./components/LessonLoader.tsx [Server Component]
    ./app/curriculum/[subject]/[topic]/[lesson]/page.tsx [Server Component]


./content/dsa/searching-sorting/bucket-sort.tsx:11:1
Unexpected token. Did you mean `{'}'}` or `&rbrace;`?
  [90m 9 |[0m  
  [90m10 |[0m   );
[31m[1m>[0m [90m11 |[0m }
  [90m   |[0m [31m[1m^[0m
  [90m12 |[0m
  [90m13 |[0m
  [90m14 |[0m

Parsing ecmascript source code failed

Import traces:
  App Route:
    ./content/dsa/searching-sorting/bucket-sort.tsx
    ./lib/content-registry.ts
    ./app/api/content/route.ts

  Client Component Browser:
    ./content/dsa/searching-sorting/bucket-sort.tsx [Client Component Browser]
    ./components/LessonLoader.tsx [Client Component Browser]
    ./components/LessonLoader.tsx [Server Component]
    ./app/curriculum/[subject]/[topic]/[lesson]/page.tsx [Server Component]

  Client Component SSR:
    ./content/dsa/searching-sorting/bucket-sort.tsx [Client Component SSR]
    ./components/LessonLoader.tsx [Client Component SSR]
    ./components/LessonLoader.tsx [Server Component]
    ./app/curriculum/[subject]/[topic]/[lesson]/page.tsx [Server Component]


./content/dsa/searching-sorting/capacity-to-ship-packages.tsx:11:1
Unexpected token. Did you mean `{'}'}` or `&rbrace;`?
  [90m 9 |[0m  
  [90m10 |[0m   );
[31m[1m>[0m [90m11 |[0m }
  [90m   |[0m [31m[1m^[0m
  [90m12 |[0m
  [90m13 |[0m
  [90m14 |[0m

Parsing ecmascript source code failed

Import traces:
  App Route:
    ./content/dsa/searching-sorting/capacity-to-ship-packages.tsx
    ./lib/content-registry.ts
    ./app/api/content/route.ts

  Client Component Browser:
    ./content/dsa/searching-sorting/capacity-to-ship-packages.tsx [Client Component Browser]
    ./components/LessonLoader.tsx [Client Component Browser]
    ./components/LessonLoader.tsx [Server Component]
    ./app/curriculum/[subject]/[topic]/[lesson]/page.tsx [Server Component]

  Client Component SSR:
    ./content/dsa/searching-sorting/capacity-to-ship-packages.tsx [Client Component SSR]
    ./components/LessonLoader.tsx [Client Component SSR]
    ./components/LessonLoader.tsx [Server Component]
    ./app/curriculum/[subject]/[topic]/[lesson]/page.tsx [Server Component]


./content/dsa/searching-sorting/count-occurrences.tsx:11:1
Unexpected token. Did you mean `{'}'}` or `&rbrace;`?
  [90m 9 |[0m  
  [90m10 |[0m   );
[31m[1m>[0m [90m11 |[0m }
  [90m   |[0m [31m[1m^[0m
  [90m12 |[0m
  [90m13 |[0m
  [90m14 |[0m

Parsing ecmascript source code failed

Import traces:
  App Route:
    ./content/dsa/searching-sorting/count-occurrences.tsx
    ./lib/content-registry.ts
    ./app/api/content/route.ts

  Client Component Browser:
    ./content/dsa/searching-sorting/count-occurrences.tsx [Client Component Browser]
    ./components/LessonLoader.tsx [Client Component Browser]
    ./components/LessonLoader.tsx [Server Component]
    ./app/curriculum/[subject]/[topic]/[lesson]/page.tsx [Server Component]

  Client Component SSR:
    ./content/dsa/searching-sorting/count-occurrences.tsx [Client Component SSR]
    ./components/LessonLoader.tsx [Client Component SSR]
    ./components/LessonLoader.tsx [Server Component]
    ./app/curriculum/[subject]/[topic]/[lesson]/page.tsx [Server Component]


./content/dsa/searching-sorting/counting-sort.tsx:11:1
Unexpected token. Did you mean `{'}'}` or `&rbrace;`?
  [90m 9 |[0m  
  [90m10 |[0m   );
[31m[1m>[0m [90m11 |[0m }
  [90m   |[0m [31m[1m^[0m
  [90m12 |[0m
  [90m13 |[0m
  [90m14 |[0m

Parsing ecmascript source code failed

Import traces:
  App Route:
    ./content/dsa/searching-sorting/counting-sort.tsx
    ./lib/content-registry.ts
    ./app/api/content/route.ts

  Client Component Browser:
    ./content/dsa/searching-sorting/counting-sort.tsx [Client Component Browser]
    ./components/LessonLoader.tsx [Client Component Browser]
    ./components/LessonLoader.tsx [Server Component]
    ./app/curriculum/[subject]/[topic]/[lesson]/page.tsx [Server Component]

  Client Component SSR:
    ./content/dsa/searching-sorting/counting-sort.tsx [Client Component SSR]
    ./components/LessonLoader.tsx [Client Component SSR]
    ./components/LessonLoader.tsx [Server Component]
    ./app/curriculum/[subject]/[topic]/[lesson]/page.tsx [Server Component]


./content/dsa/searching-sorting/custom-comparator.tsx:11:1
Unexpected token. Did you mean `{'}'}` or `&rbrace;`?
  [90m 9 |[0m  
  [90m10 |[0m   );
[31m[1m>[0m [90m11 |[0m }
  [90m   |[0m [31m[1m^[0m
  [90m12 |[0m
  [90m13 |[0m
  [90m14 |[0m

Parsing ecmascript source code failed

Import traces:
  App Route:
    ./content/dsa/searching-sorting/custom-comparator.tsx
    ./lib/content-registry.ts
    ./app/api/content/route.ts

  Client Component Browser:
    ./content/dsa/searching-sorting/custom-comparator.tsx [Client Component Browser]
    ./components/LessonLoader.tsx [Client Component Browser]
    ./components/LessonLoader.tsx [Server Component]
    ./app/curriculum/[subject]/[topic]/[lesson]/page.tsx [Server Component]

  Client Component SSR:
    ./content/dsa/searching-sorting/custom-comparator.tsx [Client Component SSR]
    ./components/LessonLoader.tsx [Client Component SSR]
    ./components/LessonLoader.tsx [Server Component]
    ./app/curriculum/[subject]/[topic]/[lesson]/page.tsx [Server Component]


./content/dsa/searching-sorting/dutch-national-flag.tsx:11:1
Unexpected token. Did you mean `{'}'}` or `&rbrace;`?
  [90m 9 |[0m  
  [90m10 |[0m   );
[31m[1m>[0m [90m11 |[0m }
  [90m   |[0m [31m[1m^[0m
  [90m12 |[0m
  [90m13 |[0m
  [90m14 |[0m

Parsing ecmascript source code failed

Import traces:
  App Route:
    ./content/dsa/searching-sorting/dutch-national-flag.tsx
    ./lib/content-registry.ts
    ./app/api/content/route.ts

  Client Component Browser:
    ./content/dsa/searching-sorting/dutch-national-flag.tsx [Client Component Browser]
    ./components/LessonLoader.tsx [Client Component Browser]
    ./components/LessonLoader.tsx [Server Component]
    ./app/curriculum/[subject]/[topic]/[lesson]/page.tsx [Server Component]

  Client Component SSR:
    ./content/dsa/searching-sorting/dutch-national-flag.tsx [Client Component SSR]
    ./components/LessonLoader.tsx [Client Component SSR]
    ./components/LessonLoader.tsx [Server Component]
    ./app/curriculum/[subject]/[topic]/[lesson]/page.tsx [Server Component]


./content/dsa/searching-sorting/external-sorting-basics.tsx:11:1
Unexpected token. Did you mean `{'}'}` or `&rbrace;`?
  [90m 9 |[0m  
  [90m10 |[0m   );
[31m[1m>[0m [90m11 |[0m }
  [90m   |[0m [31m[1m^[0m
  [90m12 |[0m
  [90m13 |[0m
  [90m14 |[0m

Parsing ecmascript source code failed

Import traces:
  App Route:
    ./content/dsa/searching-sorting/external-sorting-basics.tsx
    ./lib/content-registry.ts
    ./app/api/content/route.ts

  Client Component Browser:
    ./content/dsa/searching-sorting/external-sorting-basics.tsx [Client Component Browser]
    ./components/LessonLoader.tsx [Client Component Browser]
    ./components/LessonLoader.tsx [Server Component]
    ./app/curriculum/[subject]/[topic]/[lesson]/page.tsx [Server Component]

  Client Component SSR:
    ./content/dsa/searching-sorting/external-sorting-basics.tsx [Client Component SSR]
    ./components/LessonLoader.tsx [Client Component SSR]
    ./components/LessonLoader.tsx [Server Component]
    ./app/curriculum/[subject]/[topic]/[lesson]/page.tsx [Server Component]


./content/dsa/searching-sorting/first-occurrence.tsx:11:1
Unexpected token. Did you mean `{'}'}` or `&rbrace;`?
  [90m 9 |[0m  
  [90m10 |[0m   );
[31m[1m>[0m [90m11 |[0m }
  [90m   |[0m [31m[1m^[0m
  [90m12 |[0m
  [90m13 |[0m
  [90m14 |[0m

Parsing ecmascript source code failed

Import traces:
  App Route:
    ./content/dsa/searching-sorting/first-occurrence.tsx
    ./lib/content-registry.ts
    ./app/api/content/route.ts

  Client Component Browser:
    ./content/dsa/searching-sorting/first-occurrence.tsx [Client Component Browser]
    ./components/LessonLoader.tsx [Client Component Browser]
    ./components/LessonLoader.tsx [Server Component]
    ./app/curriculum/[subject]/[topic]/[lesson]/page.tsx [Server Component]

  Client Component SSR:
    ./content/dsa/searching-sorting/first-occurrence.tsx [Client Component SSR]
    ./components/LessonLoader.tsx [Client Component SSR]
    ./components/LessonLoader.tsx [Server Component]
    ./app/curriculum/[subject]/[topic]/[lesson]/page.tsx [Server Component]


./content/dsa/searching-sorting/floor-and-ceil.tsx:11:1
Unexpected token. Did you mean `{'}'}` or `&rbrace;`?
  [90m 9 |[0m  
  [90m10 |[0m   );
[31m[1m>[0m [90m11 |[0m }
  [90m   |[0m [31m[1m^[0m
  [90m12 |[0m
  [90m13 |[0m
  [90m14 |[0m

Parsing ecmascript source code failed

Import traces:
  App Route:
    ./content/dsa/searching-sorting/floor-and-ceil.tsx
    ./lib/content-registry.ts
    ./app/api/content/route.ts

  Client Component Browser:
    ./content/dsa/searching-sorting/floor-and-ceil.tsx [Client Component Browser]
    ./components/LessonLoader.tsx [Client Component Browser]
    ./components/LessonLoader.tsx [Server Component]
    ./app/curriculum/[subject]/[topic]/[lesson]/page.tsx [Server Component]

  Client Component SSR:
    ./content/dsa/searching-sorting/floor-and-ceil.tsx [Client Component SSR]
    ./components/LessonLoader.tsx [Client Component SSR]
    ./components/LessonLoader.tsx [Server Component]
    ./app/curriculum/[subject]/[topic]/[lesson]/page.tsx [Server Component]


./content/dsa/searching-sorting/greedy-sorting.tsx:11:1
Unexpected token. Did you mean `{'}'}` or `&rbrace;`?
  [90m 9 |[0m  
  [90m10 |[0m   );
[31m[1m>[0m [90m11 |[0m }
  [90m   |[0m [31m[1m^[0m
  [90m12 |[0m
  [90m13 |[0m
  [90m14 |[0m

Parsing ecmascript source code failed

Import traces:
  App Route:
    ./content/dsa/searching-sorting/greedy-sorting.tsx
    ./lib/content-registry.ts
    ./app/api/content/route.ts

  Client Component Browser:
    ./content/dsa/searching-sorting/greedy-sorting.tsx [Client Component Browser]
    ./components/LessonLoader.tsx [Client Component Browser]
    ./components/LessonLoader.tsx [Server Component]
    ./app/curriculum/[subject]/[topic]/[lesson]/page.tsx [Server Component]

  Client Component SSR:
    ./content/dsa/searching-sorting/greedy-sorting.tsx [Client Component SSR]
    ./components/LessonLoader.tsx [Client Component SSR]
    ./components/LessonLoader.tsx [Server Component]
    ./app/curriculum/[subject]/[topic]/[lesson]/page.tsx [Server Component]


./content/dsa/searching-sorting/heap-sort.tsx:11:1
Unexpected token. Did you mean `{'}'}` or `&rbrace;`?
  [90m 9 |[0m  
  [90m10 |[0m   );
[31m[1m>[0m [90m11 |[0m }
  [90m   |[0m [31m[1m^[0m
  [90m12 |[0m
  [90m13 |[0m
  [90m14 |[0m

Parsing ecmascript source code failed

Import traces:
  App Route:
    ./content/dsa/searching-sorting/heap-sort.tsx
    ./lib/content-registry.ts
    ./app/api/content/route.ts

  Client Component Browser:
    ./content/dsa/searching-sorting/heap-sort.tsx [Client Component Browser]
    ./components/LessonLoader.tsx [Client Component Browser]
    ./components/LessonLoader.tsx [Server Component]
    ./app/curriculum/[subject]/[topic]/[lesson]/page.tsx [Server Component]

  Client Component SSR:
    ./content/dsa/searching-sorting/heap-sort.tsx [Client Component SSR]
    ./components/LessonLoader.tsx [Client Component SSR]
    ./components/LessonLoader.tsx [Server Component]
    ./app/curriculum/[subject]/[topic]/[lesson]/page.tsx [Server Component]


./content/dsa/searching-sorting/hoare-partition.tsx:11:1
Unexpected token. Did you mean `{'}'}` or `&rbrace;`?
  [90m 9 |[0m  
  [90m10 |[0m   );
[31m[1m>[0m [90m11 |[0m }
  [90m   |[0m [31m[1m^[0m
  [90m12 |[0m
  [90m13 |[0m
  [90m14 |[0m

Parsing ecmascript source code failed

Import traces:
  App Route:
    ./content/dsa/searching-sorting/hoare-partition.tsx
    ./lib/content-registry.ts
    ./app/api/content/route.ts

  Client Component Browser:
    ./content/dsa/searching-sorting/hoare-partition.tsx [Client Component Browser]
    ./components/LessonLoader.tsx [Client Component Browser]
    ./components/LessonLoader.tsx [Server Component]
    ./app/curriculum/[subject]/[topic]/[lesson]/page.tsx [Server Component]

  Client Component SSR:
    ./content/dsa/searching-sorting/hoare-partition.tsx [Client Component SSR]
    ./components/LessonLoader.tsx [Client Component SSR]
    ./components/LessonLoader.tsx [Server Component]
    ./app/curriculum/[subject]/[topic]/[lesson]/page.tsx [Server Component]


./content/dsa/searching-sorting/inplace-vs-outplace-sorting.tsx:11:1
Unexpected token. Did you mean `{'}'}` or `&rbrace;`?
  [90m 9 |[0m  
  [90m10 |[0m   );
[31m[1m>[0m [90m11 |[0m }
  [90m   |[0m [31m[1m^[0m
  [90m12 |[0m
  [90m13 |[0m
  [90m14 |[0m

Parsing ecmascript source code failed

Import traces:
  App Route:
    ./content/dsa/searching-sorting/inplace-vs-outplace-sorting.tsx
    ./lib/content-registry.ts
    ./app/api/content/route.ts

  Client Component Browser:
    ./content/dsa/searching-sorting/inplace-vs-outplace-sorting.tsx [Client Component Browser]
    ./components/LessonLoader.tsx [Client Component Browser]
    ./components/LessonLoader.tsx [Server Component]
    ./app/curriculum/[subject]/[topic]/[lesson]/page.tsx [Server Component]

  Client Component SSR:
    ./content/dsa/searching-sorting/inplace-vs-outplace-sorting.tsx [Client Component SSR]
    ./components/LessonLoader.tsx [Client Component SSR]
    ./components/LessonLoader.tsx [Server Component]
    ./app/curriculum/[subject]/[topic]/[lesson]/page.tsx [Server Component]


./content/dsa/searching-sorting/insertion-sort.tsx:275:1
Unexpected token. Did you mean `{'}'}` or `&rbrace;`?
  [90m273 |[0m     </main>
  [90m274 |[0m   );
[31m[1m>[0m [90m275 |[0m }
  [90m    |[0m [31m[1m^[0m
  [90m276 |[0m

Parsing ecmascript source code failed

Import traces:
  App Route:
    ./content/dsa/searching-sorting/insertion-sort.tsx
    ./lib/content-registry.ts
    ./app/api/content/route.ts

  Client Component Browser:
    ./content/dsa/searching-sorting/insertion-sort.tsx [Client Component Browser]
    ./components/LessonLoader.tsx [Client Component Browser]
    ./components/LessonLoader.tsx [Server Component]
    ./app/curriculum/[subject]/[topic]/[lesson]/page.tsx [Server Component]

  Client Component SSR:
    ./content/dsa/searching-sorting/insertion-sort.tsx [Client Component SSR]
    ./components/LessonLoader.tsx [Client Component SSR]
    ./components/LessonLoader.tsx [Server Component]
    ./app/curriculum/[subject]/[topic]/[lesson]/page.tsx [Server Component]


./content/dsa/searching-sorting/internal-vs-external-sorting.tsx:11:1
Unexpected token. Did you mean `{'}'}` or `&rbrace;`?
  [90m 9 |[0m  
  [90m10 |[0m   );
[31m[1m>[0m [90m11 |[0m }
  [90m   |[0m [31m[1m^[0m
  [90m12 |[0m
  [90m13 |[0m
  [90m14 |[0m

Parsing ecmascript source code failed

Import traces:
  App Route:
    ./content/dsa/searching-sorting/internal-vs-external-sorting.tsx
    ./lib/content-registry.ts
    ./app/api/content/route.ts

  Client Component Browser:
    ./content/dsa/searching-sorting/internal-vs-external-sorting.tsx [Client Component Browser]
    ./components/LessonLoader.tsx [Client Component Browser]
    ./components/LessonLoader.tsx [Server Component]
    ./app/curriculum/[subject]/[topic]/[lesson]/page.tsx [Server Component]

  Client Component SSR:
    ./content/dsa/searching-sorting/internal-vs-external-sorting.tsx [Client Component SSR]
    ./components/LessonLoader.tsx [Client Component SSR]
    ./components/LessonLoader.tsx [Server Component]
    ./app/curriculum/[subject]/[topic]/[lesson]/page.tsx [Server Component]


./content/dsa/searching-sorting/introduction-to-searching.tsx:11:1
Unexpected token. Did you mean `{'}'}` or `&rbrace;`?
  [90m 9 |[0m  
  [90m10 |[0m   );
[31m[1m>[0m [90m11 |[0m }
  [90m   |[0m [31m[1m^[0m
  [90m12 |[0m
  [90m13 |[0m
  [90m14 |[0m

Parsing ecmascript source code failed

Import traces:
  App Route:
    ./content/dsa/searching-sorting/introduction-to-searching.tsx
    ./lib/content-registry.ts
    ./app/api/content/route.ts

  Client Component Browser:
    ./content/dsa/searching-sorting/introduction-to-searching.tsx [Client Component Browser]
    ./components/LessonLoader.tsx [Client Component Browser]
    ./components/LessonLoader.tsx [Server Component]
    ./app/curriculum/[subject]/[topic]/[lesson]/page.tsx [Server Component]

  Client Component SSR:
    ./content/dsa/searching-sorting/introduction-to-searching.tsx [Client Component SSR]
    ./components/LessonLoader.tsx [Client Component SSR]
    ./components/LessonLoader.tsx [Server Component]
    ./app/curriculum/[subject]/[topic]/[lesson]/page.tsx [Server Component]


./content/dsa/searching-sorting/introduction-to-sorting.tsx:11:1
Unexpected token. Did you mean `{'}'}` or `&rbrace;`?
  [90m 9 |[0m  
  [90m10 |[0m   );
[31m[1m>[0m [90m11 |[0m }
  [90m   |[0m [31m[1m^[0m
  [90m12 |[0m
  [90m13 |[0m
  [90m14 |[0m

Parsing ecmascript source code failed

Import traces:
  App Route:
    ./content/dsa/searching-sorting/introduction-to-sorting.tsx
    ./lib/content-registry.ts
    ./app/api/content/route.ts

  Client Component Browser:
    ./content/dsa/searching-sorting/introduction-to-sorting.tsx [Client Component Browser]
    ./components/LessonLoader.tsx [Client Component Browser]
    ./components/LessonLoader.tsx [Server Component]
    ./app/curriculum/[subject]/[topic]/[lesson]/page.tsx [Server Component]

  Client Component SSR:
    ./content/dsa/searching-sorting/introduction-to-sorting.tsx [Client Component SSR]
    ./components/LessonLoader.tsx [Client Component SSR]
    ./components/LessonLoader.tsx [Server Component]
    ./app/curriculum/[subject]/[topic]/[lesson]/page.tsx [Server Component]


./content/dsa/searching-sorting/inversion-count.tsx:11:1
Unexpected token. Did you mean `{'}'}` or `&rbrace;`?
  [90m 9 |[0m  
  [90m10 |[0m   );
[31m[1m>[0m [90m11 |[0m }
  [90m   |[0m [31m[1m^[0m
  [90m12 |[0m
  [90m13 |[0m
  [90m14 |[0m

Parsing ecmascript source code failed

Import traces:
  App Route:
    ./content/dsa/searching-sorting/inversion-count.tsx
    ./lib/content-registry.ts
    ./app/api/content/route.ts

  Client Component Browser:
    ./content/dsa/searching-sorting/inversion-count.tsx [Client Component Browser]
    ./components/LessonLoader.tsx [Client Component Browser]
    ./components/LessonLoader.tsx [Server Component]
    ./app/curriculum/[subject]/[topic]/[lesson]/page.tsx [Server Component]

  Client Component SSR:
    ./content/dsa/searching-sorting/inversion-count.tsx [Client Component SSR]
    ./components/LessonLoader.tsx [Client Component SSR]
    ./components/LessonLoader.tsx [Server Component]
    ./app/curriculum/[subject]/[topic]/[lesson]/page.tsx [Server Component]


./content/dsa/searching-sorting/iterative-sorting.tsx:11:1
Unexpected token. Did you mean `{'}'}` or `&rbrace;`?
  [90m 9 |[0m  
  [90m10 |[0m   );
[31m[1m>[0m [90m11 |[0m }
  [90m   |[0m [31m[1m^[0m
  [90m12 |[0m
  [90m13 |[0m
  [90m14 |[0m

Parsing ecmascript source code failed

Import traces:
  App Route:
    ./content/dsa/searching-sorting/iterative-sorting.tsx
    ./lib/content-registry.ts
    ./app/api/content/route.ts

  Client Component Browser:
    ./content/dsa/searching-sorting/iterative-sorting.tsx [Client Component Browser]
    ./components/LessonLoader.tsx [Client Component Browser]
    ./components/LessonLoader.tsx [Server Component]
    ./app/curriculum/[subject]/[topic]/[lesson]/page.tsx [Server Component]

  Client Component SSR:
    ./content/dsa/searching-sorting/iterative-sorting.tsx [Client Component SSR]
    ./components/LessonLoader.tsx [Client Component SSR]
    ./components/LessonLoader.tsx [Server Component]
    ./app/curriculum/[subject]/[topic]/[lesson]/page.tsx [Server Component]


./content/dsa/searching-sorting/koko-eating-bananas.tsx:11:1
Unexpected token. Did you mean `{'}'}` or `&rbrace;`?
  [90m 9 |[0m  
  [90m10 |[0m   );
[31m[1m>[0m [90m11 |[0m }
  [90m   |[0m [31m[1m^[0m
  [90m12 |[0m
  [90m13 |[0m
  [90m14 |[0m

Parsing ecmascript source code failed

Import traces:
  App Route:
    ./content/dsa/searching-sorting/koko-eating-bananas.tsx
    ./lib/content-registry.ts
    ./app/api/content/route.ts

  Client Component Browser:
    ./content/dsa/searching-sorting/koko-eating-bananas.tsx [Client Component Browser]
    ./components/LessonLoader.tsx [Client Component Browser]
    ./components/LessonLoader.tsx [Server Component]
    ./app/curriculum/[subject]/[topic]/[lesson]/page.tsx [Server Component]

  Client Component SSR:
    ./content/dsa/searching-sorting/koko-eating-bananas.tsx [Client Component SSR]
    ./components/LessonLoader.tsx [Client Component SSR]
    ./components/LessonLoader.tsx [Server Component]
    ./app/curriculum/[subject]/[topic]/[lesson]/page.tsx [Server Component]


./content/dsa/searching-sorting/kth-largest-element.tsx:11:1
Unexpected token. Did you mean `{'}'}` or `&rbrace;`?
  [90m 9 |[0m  
  [90m10 |[0m   );
[31m[1m>[0m [90m11 |[0m }
  [90m   |[0m [31m[1m^[0m
  [90m12 |[0m
  [90m13 |[0m
  [90m14 |[0m

Parsing ecmascript source code failed

Import traces:
  App Route:
    ./content/dsa/searching-sorting/kth-largest-element.tsx
    ./lib/content-registry.ts
    ./app/api/content/route.ts

  Client Component Browser:
    ./content/dsa/searching-sorting/kth-largest-element.tsx [Client Component Browser]
    ./components/LessonLoader.tsx [Client Component Browser]
    ./components/LessonLoader.tsx [Server Component]
    ./app/curriculum/[subject]/[topic]/[lesson]/page.tsx [Server Component]

  Client Component SSR:
    ./content/dsa/searching-sorting/kth-largest-element.tsx [Client Component SSR]
    ./components/LessonLoader.tsx [Client Component SSR]
    ./components/LessonLoader.tsx [Server Component]
    ./app/curriculum/[subject]/[topic]/[lesson]/page.tsx [Server Component]


./content/dsa/searching-sorting/kth-smallest-element.tsx:11:1
Unexpected token. Did you mean `{'}'}` or `&rbrace;`?
  [90m 9 |[0m  
  [90m10 |[0m   );
[31m[1m>[0m [90m11 |[0m }
  [90m   |[0m [31m[1m^[0m
  [90m12 |[0m
  [90m13 |[0m
  [90m14 |[0m

Parsing ecmascript source code failed

Import traces:
  App Route:
    ./content/dsa/searching-sorting/kth-smallest-element.tsx
    ./lib/content-registry.ts
    ./app/api/content/route.ts

  Client Component Browser:
    ./content/dsa/searching-sorting/kth-smallest-element.tsx [Client Component Browser]
    ./components/LessonLoader.tsx [Client Component Browser]
    ./components/LessonLoader.tsx [Server Component]
    ./app/curriculum/[subject]/[topic]/[lesson]/page.tsx [Server Component]

  Client Component SSR:
    ./content/dsa/searching-sorting/kth-smallest-element.tsx [Client Component SSR]
    ./components/LessonLoader.tsx [Client Component SSR]
    ./components/LessonLoader.tsx [Server Component]
    ./app/curriculum/[subject]/[topic]/[lesson]/page.tsx [Server Component]


./content/dsa/searching-sorting/last-occurrence.tsx:11:1
Unexpected token. Did you mean `{'}'}` or `&rbrace;`?
  [90m 9 |[0m  
  [90m10 |[0m   );
[31m[1m>[0m [90m11 |[0m }
  [90m   |[0m [31m[1m^[0m
  [90m12 |[0m
  [90m13 |[0m
  [90m14 |[0m

Parsing ecmascript source code failed

Import traces:
  App Route:
    ./content/dsa/searching-sorting/last-occurrence.tsx
    ./lib/content-registry.ts
    ./app/api/content/route.ts

  Client Component Browser:
    ./content/dsa/searching-sorting/last-occurrence.tsx [Client Component Browser]
    ./components/LessonLoader.tsx [Client Component Browser]
    ./components/LessonLoader.tsx [Server Component]
    ./app/curriculum/[subject]/[topic]/[lesson]/page.tsx [Server Component]

  Client Component SSR:
    ./content/dsa/searching-sorting/last-occurrence.tsx [Client Component SSR]
    ./components/LessonLoader.tsx [Client Component SSR]
    ./components/LessonLoader.tsx [Server Component]
    ./app/curriculum/[subject]/[topic]/[lesson]/page.tsx [Server Component]


./content/dsa/searching-sorting/linear-search-searching.tsx:322:1
Unexpected token. Did you mean `{'}'}` or `&rbrace;`?
  [90m320 |[0m     </main>
  [90m321 |[0m   );
[31m[1m>[0m [90m322 |[0m }
  [90m    |[0m [31m[1m^[0m
  [90m323 |[0m

Parsing ecmascript source code failed

Import traces:
  App Route:
    ./content/dsa/searching-sorting/linear-search-searching.tsx
    ./lib/content-registry.ts
    ./app/api/content/route.ts

  Client Component Browser:
    ./content/dsa/searching-sorting/linear-search-searching.tsx [Client Component Browser]
    ./components/LessonLoader.tsx [Client Component Browser]
    ./components/LessonLoader.tsx [Server Component]
    ./app/curriculum/[subject]/[topic]/[lesson]/page.tsx [Server Component]

  Client Component SSR:
    ./content/dsa/searching-sorting/linear-search-searching.tsx [Client Component SSR]
    ./components/LessonLoader.tsx [Client Component SSR]
    ./components/LessonLoader.tsx [Server Component]
    ./app/curriculum/[subject]/[topic]/[lesson]/page.tsx [Server Component]


./content/dsa/searching-sorting/lomuto-partition.tsx:11:1
Unexpected token. Did you mean `{'}'}` or `&rbrace;`?
  [90m 9 |[0m  
  [90m10 |[0m   );
[31m[1m>[0m [90m11 |[0m }
  [90m   |[0m [31m[1m^[0m
  [90m12 |[0m
  [90m13 |[0m
  [90m14 |[0m

Parsing ecmascript source code failed

Import traces:
  App Route:
    ./content/dsa/searching-sorting/lomuto-partition.tsx
    ./lib/content-registry.ts
    ./app/api/content/route.ts

  Client Component Browser:
    ./content/dsa/searching-sorting/lomuto-partition.tsx [Client Component Browser]
    ./components/LessonLoader.tsx [Client Component Browser]
    ./components/LessonLoader.tsx [Server Component]
    ./app/curriculum/[subject]/[topic]/[lesson]/page.tsx [Server Component]

  Client Component SSR:
    ./content/dsa/searching-sorting/lomuto-partition.tsx [Client Component SSR]
    ./components/LessonLoader.tsx [Client Component SSR]
    ./components/LessonLoader.tsx [Server Component]
    ./app/curriculum/[subject]/[topic]/[lesson]/page.tsx [Server Component]


./content/dsa/searching-sorting/lower-bound.tsx:11:1
Unexpected token. Did you mean `{'}'}` or `&rbrace;`?
  [90m 9 |[0m  
  [90m10 |[0m   );
[31m[1m>[0m [90m11 |[0m }
  [90m   |[0m [31m[1m^[0m
  [90m12 |[0m
  [90m13 |[0m
  [90m14 |[0m

Parsing ecmascript source code failed

Import traces:
  App Route:
    ./content/dsa/searching-sorting/lower-bound.tsx
    ./lib/content-registry.ts
    ./app/api/content/route.ts

  Client Component Browser:
    ./content/dsa/searching-sorting/lower-bound.tsx [Client Component Browser]
    ./components/LessonLoader.tsx [Client Component Browser]
    ./components/LessonLoader.tsx [Server Component]
    ./app/curriculum/[subject]/[topic]/[lesson]/page.tsx [Server Component]

  Client Component SSR:
    ./content/dsa/searching-sorting/lower-bound.tsx [Client Component SSR]
    ./components/LessonLoader.tsx [Client Component SSR]
    ./components/LessonLoader.tsx [Server Component]
    ./app/curriculum/[subject]/[topic]/[lesson]/page.tsx [Server Component]


./content/dsa/searching-sorting/lower-upper-bound-stl.tsx:11:1
Unexpected token. Did you mean `{'}'}` or `&rbrace;`?
  [90m 9 |[0m  
  [90m10 |[0m   );
[31m[1m>[0m [90m11 |[0m }
  [90m   |[0m [31m[1m^[0m
  [90m12 |[0m
  [90m13 |[0m
  [90m14 |[0m

Parsing ecmascript source code failed

Import traces:
  App Route:
    ./content/dsa/searching-sorting/lower-upper-bound-stl.tsx
    ./lib/content-registry.ts
    ./app/api/content/route.ts

  Client Component Browser:
    ./content/dsa/searching-sorting/lower-upper-bound-stl.tsx [Client Component Browser]
    ./components/LessonLoader.tsx [Client Component Browser]
    ./components/LessonLoader.tsx [Server Component]
    ./app/curriculum/[subject]/[topic]/[lesson]/page.tsx [Server Component]

  Client Component SSR:
    ./content/dsa/searching-sorting/lower-upper-bound-stl.tsx [Client Component SSR]
    ./components/LessonLoader.tsx [Client Component SSR]
    ./components/LessonLoader.tsx [Server Component]
    ./app/curriculum/[subject]/[topic]/[lesson]/page.tsx [Server Component]


./content/dsa/searching-sorting/median-two-sorted-arrays.tsx:11:1
Unexpected token. Did you mean `{'}'}` or `&rbrace;`?
  [90m 9 |[0m  
  [90m10 |[0m   );
[31m[1m>[0m [90m11 |[0m }
  [90m   |[0m [31m[1m^[0m
  [90m12 |[0m
  [90m13 |[0m
  [90m14 |[0m

Parsing ecmascript source code failed

Import traces:
  App Route:
    ./content/dsa/searching-sorting/median-two-sorted-arrays.tsx
    ./lib/content-registry.ts
    ./app/api/content/route.ts

  Client Component Browser:
    ./content/dsa/searching-sorting/median-two-sorted-arrays.tsx [Client Component Browser]
    ./components/LessonLoader.tsx [Client Component Browser]
    ./components/LessonLoader.tsx [Server Component]
    ./app/curriculum/[subject]/[topic]/[lesson]/page.tsx [Server Component]

  Client Component SSR:
    ./content/dsa/searching-sorting/median-two-sorted-arrays.tsx [Client Component SSR]
    ./components/LessonLoader.tsx [Client Component SSR]
    ./components/LessonLoader.tsx [Server Component]
    ./app/curriculum/[subject]/[topic]/[lesson]/page.tsx [Server Component]


./content/dsa/searching-sorting/merge-sort.tsx:397:1
Unexpected token. Did you mean `{'}'}` or `&rbrace;`?
  [90m395 |[0m     </main>
  [90m396 |[0m   );
[31m[1m>[0m [90m397 |[0m }
  [90m    |[0m [31m[1m^[0m
  [90m398 |[0m

Parsing ecmascript source code failed

Import traces:
  App Route:
    ./content/dsa/searching-sorting/merge-sort.tsx
    ./lib/content-registry.ts
    ./app/api/content/route.ts

  Client Component Browser:
    ./content/dsa/searching-sorting/merge-sort.tsx [Client Component Browser]
    ./components/LessonLoader.tsx [Client Component Browser]
    ./components/LessonLoader.tsx [Server Component]
    ./app/curriculum/[subject]/[topic]/[lesson]/page.tsx [Server Component]

  Client Component SSR:
    ./content/dsa/searching-sorting/merge-sort.tsx [Client Component SSR]
    ./components/LessonLoader.tsx [Client Component SSR]
    ./components/LessonLoader.tsx [Server Component]
    ./app/curriculum/[subject]/[topic]/[lesson]/page.tsx [Server Component]


./content/dsa/searching-sorting/merge-two-sorted-arrays.tsx:11:1
Unexpected token. Did you mean `{'}'}` or `&rbrace;`?
  [90m 9 |[0m  
  [90m10 |[0m   );
[31m[1m>[0m [90m11 |[0m }
  [90m   |[0m [31m[1m^[0m
  [90m12 |[0m
  [90m13 |[0m
  [90m14 |[0m

Parsing ecmascript source code failed

Import traces:
  App Route:
    ./content/dsa/searching-sorting/merge-two-sorted-arrays.tsx
    ./lib/content-registry.ts
    ./app/api/content/route.ts

  Client Component Browser:
    ./content/dsa/searching-sorting/merge-two-sorted-arrays.tsx [Client Component Browser]
    ./components/LessonLoader.tsx [Client Component Browser]
    ./components/LessonLoader.tsx [Server Component]
    ./app/curriculum/[subject]/[topic]/[lesson]/page.tsx [Server Component]

  Client Component SSR:
    ./content/dsa/searching-sorting/merge-two-sorted-arrays.tsx [Client Component SSR]
    ./components/LessonLoader.tsx [Client Component SSR]
    ./components/LessonLoader.tsx [Server Component]
    ./app/curriculum/[subject]/[topic]/[lesson]/page.tsx [Server Component]


./content/dsa/searching-sorting/min-in-rotated-array.tsx:11:1
Unexpected token. Did you mean `{'}'}` or `&rbrace;`?
  [90m 9 |[0m  
  [90m10 |[0m   );
[31m[1m>[0m [90m11 |[0m }
  [90m   |[0m [31m[1m^[0m
  [90m12 |[0m
  [90m13 |[0m
  [90m14 |[0m

Parsing ecmascript source code failed

Import traces:
  App Route:
    ./content/dsa/searching-sorting/min-in-rotated-array.tsx
    ./lib/content-registry.ts
    ./app/api/content/route.ts

  Client Component Browser:
    ./content/dsa/searching-sorting/min-in-rotated-array.tsx [Client Component Browser]
    ./components/LessonLoader.tsx [Client Component Browser]
    ./components/LessonLoader.tsx [Server Component]
    ./app/curriculum/[subject]/[topic]/[lesson]/page.tsx [Server Component]

  Client Component SSR:
    ./content/dsa/searching-sorting/min-in-rotated-array.tsx [Client Component SSR]
    ./components/LessonLoader.tsx [Client Component SSR]
    ./components/LessonLoader.tsx [Server Component]
    ./app/curriculum/[subject]/[topic]/[lesson]/page.tsx [Server Component]


./content/dsa/searching-sorting/nth-root-binary-search.tsx:11:1
Unexpected token. Did you mean `{'}'}` or `&rbrace;`?
  [90m 9 |[0m  
  [90m10 |[0m   );
[31m[1m>[0m [90m11 |[0m }
  [90m   |[0m [31m[1m^[0m
  [90m12 |[0m
  [90m13 |[0m
  [90m14 |[0m

Parsing ecmascript source code failed

Import traces:
  App Route:
    ./content/dsa/searching-sorting/nth-root-binary-search.tsx
    ./lib/content-registry.ts
    ./app/api/content/route.ts

  Client Component Browser:
    ./content/dsa/searching-sorting/nth-root-binary-search.tsx [Client Component Browser]
    ./components/LessonLoader.tsx [Client Component Browser]
    ./components/LessonLoader.tsx [Server Component]
    ./app/curriculum/[subject]/[topic]/[lesson]/page.tsx [Server Component]

  Client Component SSR:
    ./content/dsa/searching-sorting/nth-root-binary-search.tsx [Client Component SSR]
    ./components/LessonLoader.tsx [Client Component SSR]
    ./components/LessonLoader.tsx [Server Component]
    ./app/curriculum/[subject]/[topic]/[lesson]/page.tsx [Server Component]


./content/dsa/searching-sorting/order-agnostic-binary-search.tsx:11:1
Unexpected token. Did you mean `{'}'}` or `&rbrace;`?
  [90m 9 |[0m  
  [90m10 |[0m   );
[31m[1m>[0m [90m11 |[0m }
  [90m   |[0m [31m[1m^[0m
  [90m12 |[0m
  [90m13 |[0m
  [90m14 |[0m

Parsing ecmascript source code failed

Import traces:
  App Route:
    ./content/dsa/searching-sorting/order-agnostic-binary-search.tsx
    ./lib/content-registry.ts
    ./app/api/content/route.ts

  Client Component Browser:
    ./content/dsa/searching-sorting/order-agnostic-binary-search.tsx [Client Component Browser]
    ./components/LessonLoader.tsx [Client Component Browser]
    ./components/LessonLoader.tsx [Server Component]
    ./app/curriculum/[subject]/[topic]/[lesson]/page.tsx [Server Component]

  Client Component SSR:
    ./content/dsa/searching-sorting/order-agnostic-binary-search.tsx [Client Component SSR]
    ./components/LessonLoader.tsx [Client Component SSR]
    ./components/LessonLoader.tsx [Server Component]
    ./app/curriculum/[subject]/[topic]/[lesson]/page.tsx [Server Component]


./content/dsa/searching-sorting/painters-partition.tsx:11:1
Unexpected token. Did you mean `{'}'}` or `&rbrace;`?
  [90m 9 |[0m [32m [0m
  [90m10 |[0m [32m  );[0m
[31m[1m>[0m [90m11 |[0m [32m}[0m
  [90m   |[0m [31m[1m^[0m
  [90m12 |[0m
  [90m13 |[0m
  [90m14 |[0m

Parsing ecmascript source code failed

Import traces:
  App Route:
    ./content/dsa/searching-sorting/painters-partition.tsx
    ./lib/content-registry.ts
    ./app/api/content/route.ts

  Client Component Browser:
    ./content/dsa/searching-sorting/painters-partition.tsx [Client Component Browser]
    ./components/LessonLoader.tsx [Client Component Browser]
    ./components/LessonLoader.tsx [Server Component]
    ./app/curriculum/[subject]/[topic]/[lesson]/page.tsx [Server Component]

  Client Component SSR:
    ./content/dsa/searching-sorting/painters-partition.tsx [Client Component SSR]
    ./components/LessonLoader.tsx [Client Component SSR]
    ./components/LessonLoader.tsx [Server Component]
    ./app/curriculum/[subject]/[topic]/[lesson]/page.tsx [Server Component]


./content/dsa/searching-sorting/partial-sort.tsx:11:1
Unexpected token. Did you mean `{'}'}` or `&rbrace;`?
  [90m 9 |[0m  
  [90m10 |[0m   );
[31m[1m>[0m [90m11 |[0m }
  [90m   |[0m [31m[1m^[0m
  [90m12 |[0m
  [90m13 |[0m
  [90m14 |[0m

Parsing ecmascript source code failed

Import traces:
  App Route:
    ./content/dsa/searching-sorting/partial-sort.tsx
    ./lib/content-registry.ts
    ./app/api/content/route.ts

  Client Component Browser:
    ./content/dsa/searching-sorting/partial-sort.tsx [Client Component Browser]
    ./components/LessonLoader.tsx [Client Component Browser]
    ./components/LessonLoader.tsx [Server Component]
    ./app/curriculum/[subject]/[topic]/[lesson]/page.tsx [Server Component]

  Client Component SSR:
    ./content/dsa/searching-sorting/partial-sort.tsx [Client Component SSR]
    ./components/LessonLoader.tsx [Client Component SSR]
    ./components/LessonLoader.tsx [Server Component]
    ./app/curriculum/[subject]/[topic]/[lesson]/page.tsx [Server Component]


./content/dsa/searching-sorting/partitioning-techniques.tsx:11:1
Unexpected token. Did you mean `{'}'}` or `&rbrace;`?
  [90m 9 |[0m  
  [90m10 |[0m   );
[31m[1m>[0m [90m11 |[0m }
  [90m   |[0m [31m[1m^[0m
  [90m12 |[0m
  [90m13 |[0m
  [90m14 |[0m

Parsing ecmascript source code failed

Import traces:
  App Route:
    ./content/dsa/searching-sorting/partitioning-techniques.tsx
    ./lib/content-registry.ts
    ./app/api/content/route.ts

  Client Component Browser:
    ./content/dsa/searching-sorting/partitioning-techniques.tsx [Client Component Browser]
    ./components/LessonLoader.tsx [Client Component Browser]
    ./components/LessonLoader.tsx [Server Component]
    ./app/curriculum/[subject]/[topic]/[lesson]/page.tsx [Server Component]

  Client Component SSR:
    ./content/dsa/searching-sorting/partitioning-techniques.tsx [Client Component SSR]
    ./components/LessonLoader.tsx [Client Component SSR]
    ./components/LessonLoader.tsx [Server Component]
    ./app/curriculum/[subject]/[topic]/[lesson]/page.tsx [Server Component]


./content/dsa/searching-sorting/peak-element.tsx:11:1
Unexpected token. Did you mean `{'}'}` or `&rbrace;`?
  [90m 9 |[0m  
  [90m10 |[0m   );
[31m[1m>[0m [90m11 |[0m }
  [90m   |[0m [31m[1m^[0m
  [90m12 |[0m
  [90m13 |[0m
  [90m14 |[0m

Parsing ecmascript source code failed

Import traces:
  App Route:
    ./content/dsa/searching-sorting/peak-element.tsx
    ./lib/content-registry.ts
    ./app/api/content/route.ts

  Client Component Browser:
    ./content/dsa/searching-sorting/peak-element.tsx [Client Component Browser]
    ./components/LessonLoader.tsx [Client Component Browser]
    ./components/LessonLoader.tsx [Server Component]
    ./app/curriculum/[subject]/[topic]/[lesson]/page.tsx [Server Component]

  Client Component SSR:
    ./content/dsa/searching-sorting/peak-element.tsx [Client Component SSR]
    ./components/LessonLoader.tsx [Client Component SSR]
    ./components/LessonLoader.tsx [Server Component]
    ./app/curriculum/[subject]/[topic]/[lesson]/page.tsx [Server Component]


./content/dsa/searching-sorting/practice-patterns-searching.tsx:11:1
Unexpected token. Did you mean `{'}'}` or `&rbrace;`?
  [90m 9 |[0m  
  [90m10 |[0m   );
[31m[1m>[0m [90m11 |[0m }
  [90m   |[0m [31m[1m^[0m
  [90m12 |[0m
  [90m13 |[0m
  [90m14 |[0m

Parsing ecmascript source code failed

Import traces:
  App Route:
    ./content/dsa/searching-sorting/practice-patterns-searching.tsx
    ./lib/content-registry.ts
    ./app/api/content/route.ts

  Client Component Browser:
    ./content/dsa/searching-sorting/practice-patterns-searching.tsx [Client Component Browser]
    ./components/LessonLoader.tsx [Client Component Browser]
    ./components/LessonLoader.tsx [Server Component]
    ./app/curriculum/[subject]/[topic]/[lesson]/page.tsx [Server Component]

  Client Component SSR:
    ./content/dsa/searching-sorting/practice-patterns-searching.tsx [Client Component SSR]
    ./components/LessonLoader.tsx [Client Component SSR]
    ./components/LessonLoader.tsx [Server Component]
    ./app/curriculum/[subject]/[topic]/[lesson]/page.tsx [Server Component]


./content/dsa/searching-sorting/practice-patterns-sorting.tsx:11:1
Unexpected token. Did you mean `{'}'}` or `&rbrace;`?
  [90m 9 |[0m  
  [90m10 |[0m   );
[31m[1m>[0m [90m11 |[0m }
  [90m   |[0m [31m[1m^[0m
  [90m12 |[0m
  [90m13 |[0m
  [90m14 |[0m

Parsing ecmascript source code failed

Import traces:
  App Route:
    ./content/dsa/searching-sorting/practice-patterns-sorting.tsx
    ./lib/content-registry.ts
    ./app/api/content/route.ts

  Client Component Browser:
    ./content/dsa/searching-sorting/practice-patterns-sorting.tsx [Client Component Browser]
    ./components/LessonLoader.tsx [Client Component Browser]
    ./components/LessonLoader.tsx [Server Component]
    ./app/curriculum/[subject]/[topic]/[lesson]/page.tsx [Server Component]

  Client Component SSR:
    ./content/dsa/searching-sorting/practice-patterns-sorting.tsx [Client Component SSR]
    ./components/LessonLoader.tsx [Client Component SSR]
    ./components/LessonLoader.tsx [Server Component]
    ./app/curriculum/[subject]/[topic]/[lesson]/page.tsx [Server Component]


./content/dsa/searching-sorting/quick-select.tsx:11:1
Unexpected token. Did you mean `{'}'}` or `&rbrace;`?
  [90m 9 |[0m  
  [90m10 |[0m   );
[31m[1m>[0m [90m11 |[0m }
  [90m   |[0m [31m[1m^[0m
  [90m12 |[0m
  [90m13 |[0m
  [90m14 |[0m

Parsing ecmascript source code failed

Import traces:
  App Route:
    ./content/dsa/searching-sorting/quick-select.tsx
    ./lib/content-registry.ts
    ./app/api/content/route.ts

  Client Component Browser:
    ./content/dsa/searching-sorting/quick-select.tsx [Client Component Browser]
    ./components/LessonLoader.tsx [Client Component Browser]
    ./components/LessonLoader.tsx [Server Component]
    ./app/curriculum/[subject]/[topic]/[lesson]/page.tsx [Server Component]

  Client Component SSR:
    ./content/dsa/searching-sorting/quick-select.tsx [Client Component SSR]
    ./components/LessonLoader.tsx [Client Component SSR]
    ./components/LessonLoader.tsx [Server Component]
    ./app/curriculum/[subject]/[topic]/[lesson]/page.tsx [Server Component]


./content/dsa/searching-sorting/quick-sort.tsx:290:1
Unexpected token. Did you mean `{'}'}` or `&rbrace;`?
  [90m288 |[0m     </main>
  [90m289 |[0m   );
[31m[1m>[0m [90m290 |[0m }
  [90m    |[0m [31m[1m^[0m
  [90m291 |[0m

Parsing ecmascript source code failed

Import traces:
  App Route:
    ./content/dsa/searching-sorting/quick-sort.tsx
    ./lib/content-registry.ts
    ./app/api/content/route.ts

  Client Component Browser:
    ./content/dsa/searching-sorting/quick-sort.tsx [Client Component Browser]
    ./components/LessonLoader.tsx [Client Component Browser]
    ./components/LessonLoader.tsx [Server Component]
    ./app/curriculum/[subject]/[topic]/[lesson]/page.tsx [Server Component]

  Client Component SSR:
    ./content/dsa/searching-sorting/quick-sort.tsx [Client Component SSR]
    ./components/LessonLoader.tsx [Client Component SSR]
    ./components/LessonLoader.tsx [Server Component]
    ./app/curriculum/[subject]/[topic]/[lesson]/page.tsx [Server Component]


./content/dsa/searching-sorting/radix-sort.tsx:11:1
Unexpected token. Did you mean `{'}'}` or `&rbrace;`?
  [90m 9 |[0m  
  [90m10 |[0m   );
[31m[1m>[0m [90m11 |[0m }
  [90m   |[0m [31m[1m^[0m
  [90m12 |[0m
  [90m13 |[0m
  [90m14 |[0m

Parsing ecmascript source code failed

Import traces:
  App Route:
    ./content/dsa/searching-sorting/radix-sort.tsx
    ./lib/content-registry.ts
    ./app/api/content/route.ts

  Client Component Browser:
    ./content/dsa/searching-sorting/radix-sort.tsx [Client Component Browser]
    ./components/LessonLoader.tsx [Client Component Browser]
    ./components/LessonLoader.tsx [Server Component]
    ./app/curriculum/[subject]/[topic]/[lesson]/page.tsx [Server Component]

  Client Component SSR:
    ./content/dsa/searching-sorting/radix-sort.tsx [Client Component SSR]
    ./components/LessonLoader.tsx [Client Component SSR]
    ./components/LessonLoader.tsx [Server Component]
    ./app/curriculum/[subject]/[topic]/[lesson]/page.tsx [Server Component]


./content/dsa/searching-sorting/recursive-sorting.tsx:11:1
Unexpected token. Did you mean `{'}'}` or `&rbrace;`?
  [90m 9 |[0m  
  [90m10 |[0m   );
[31m[1m>[0m [90m11 |[0m }
  [90m   |[0m [31m[1m^[0m
  [90m12 |[0m
  [90m13 |[0m
  [90m14 |[0m

Parsing ecmascript source code failed

Import traces:
  App Route:
    ./content/dsa/searching-sorting/recursive-sorting.tsx
    ./lib/content-registry.ts
    ./app/api/content/route.ts

  Client Component Browser:
    ./content/dsa/searching-sorting/recursive-sorting.tsx [Client Component Browser]
    ./components/LessonLoader.tsx [Client Component Browser]
    ./components/LessonLoader.tsx [Server Component]
    ./app/curriculum/[subject]/[topic]/[lesson]/page.tsx [Server Component]

  Client Component SSR:
    ./content/dsa/searching-sorting/recursive-sorting.tsx [Client Component SSR]
    ./components/LessonLoader.tsx [Client Component SSR]
    ./components/LessonLoader.tsx [Server Component]
    ./app/curriculum/[subject]/[topic]/[lesson]/page.tsx [Server Component]


./content/dsa/searching-sorting/reverse-pairs.tsx:11:1
Unexpected token. Did you mean `{'}'}` or `&rbrace;`?
  [90m 9 |[0m  
  [90m10 |[0m   );
[31m[1m>[0m [90m11 |[0m }
  [90m   |[0m [31m[1m^[0m
  [90m12 |[0m
  [90m13 |[0m
  [90m14 |[0m

Parsing ecmascript source code failed

Import traces:
  App Route:
    ./content/dsa/searching-sorting/reverse-pairs.tsx
    ./lib/content-registry.ts
    ./app/api/content/route.ts

  Client Component Browser:
    ./content/dsa/searching-sorting/reverse-pairs.tsx [Client Component Browser]
    ./components/LessonLoader.tsx [Client Component Browser]
    ./components/LessonLoader.tsx [Server Component]
    ./app/curriculum/[subject]/[topic]/[lesson]/page.tsx [Server Component]

  Client Component SSR:
    ./content/dsa/searching-sorting/reverse-pairs.tsx [Client Component SSR]
    ./components/LessonLoader.tsx [Client Component SSR]
    ./components/LessonLoader.tsx [Server Component]
    ./app/curriculum/[subject]/[topic]/[lesson]/page.tsx [Server Component]


./content/dsa/searching-sorting/row-with-max-ones.tsx:11:1
Unexpected token. Did you mean `{'}'}` or `&rbrace;`?
  [90m 9 |[0m  
  [90m10 |[0m   );
[31m[1m>[0m [90m11 |[0m }
  [90m   |[0m [31m[1m^[0m
  [90m12 |[0m
  [90m13 |[0m
  [90m14 |[0m

Parsing ecmascript source code failed

Import traces:
  App Route:
    ./content/dsa/searching-sorting/row-with-max-ones.tsx
    ./lib/content-registry.ts
    ./app/api/content/route.ts

  Client Component Browser:
    ./content/dsa/searching-sorting/row-with-max-ones.tsx [Client Component Browser]
    ./components/LessonLoader.tsx [Client Component Browser]
    ./components/LessonLoader.tsx [Server Component]
    ./app/curriculum/[subject]/[topic]/[lesson]/page.tsx [Server Component]

  Client Component SSR:
    ./content/dsa/searching-sorting/row-with-max-ones.tsx [Client Component SSR]
    ./components/LessonLoader.tsx [Client Component SSR]
    ./components/LessonLoader.tsx [Server Component]
    ./app/curriculum/[subject]/[topic]/[lesson]/page.tsx [Server Component]


./content/dsa/searching-sorting/search-2d-matrix.tsx:11:1
Unexpected token. Did you mean `{'}'}` or `&rbrace;`?
  [90m 9 |[0m  
  [90m10 |[0m   );
[31m[1m>[0m [90m11 |[0m }
  [90m   |[0m [31m[1m^[0m
  [90m12 |[0m
  [90m13 |[0m
  [90m14 |[0m

Parsing ecmascript source code failed

Import traces:
  App Route:
    ./content/dsa/searching-sorting/search-2d-matrix.tsx
    ./lib/content-registry.ts
    ./app/api/content/route.ts

  Client Component Browser:
    ./content/dsa/searching-sorting/search-2d-matrix.tsx [Client Component Browser]
    ./components/LessonLoader.tsx [Client Component Browser]
    ./components/LessonLoader.tsx [Server Component]
    ./app/curriculum/[subject]/[topic]/[lesson]/page.tsx [Server Component]

  Client Component SSR:
    ./content/dsa/searching-sorting/search-2d-matrix.tsx [Client Component SSR]
    ./components/LessonLoader.tsx [Client Component SSR]
    ./components/LessonLoader.tsx [Server Component]
    ./app/curriculum/[subject]/[topic]/[lesson]/page.tsx [Server Component]


./content/dsa/searching-sorting/search-in-nearly-sorted.tsx:11:1
Unexpected token. Did you mean `{'}'}` or `&rbrace;`?
  [90m 9 |[0m  
  [90m10 |[0m   );
[31m[1m>[0m [90m11 |[0m }
  [90m   |[0m [31m[1m^[0m
  [90m12 |[0m
  [90m13 |[0m
  [90m14 |[0m

Parsing ecmascript source code failed

Import traces:
  App Route:
    ./content/dsa/searching-sorting/search-in-nearly-sorted.tsx
    ./lib/content-registry.ts
    ./app/api/content/route.ts

  Client Component Browser:
    ./content/dsa/searching-sorting/search-in-nearly-sorted.tsx [Client Component Browser]
    ./components/LessonLoader.tsx [Client Component Browser]
    ./components/LessonLoader.tsx [Server Component]
    ./app/curriculum/[subject]/[topic]/[lesson]/page.tsx [Server Component]

  Client Component SSR:
    ./content/dsa/searching-sorting/search-in-nearly-sorted.tsx [Client Component SSR]
    ./components/LessonLoader.tsx [Client Component SSR]
    ./components/LessonLoader.tsx [Server Component]
    ./app/curriculum/[subject]/[topic]/[lesson]/page.tsx [Server Component]


./content/dsa/searching-sorting/search-in-rotated-array.tsx:11:1
Unexpected token. Did you mean `{'}'}` or `&rbrace;`?
  [90m 9 |[0m  
  [90m10 |[0m   );
[31m[1m>[0m [90m11 |[0m }
  [90m   |[0m [31m[1m^[0m
  [90m12 |[0m
  [90m13 |[0m
  [90m14 |[0m

Parsing ecmascript source code failed

Import traces:
  App Route:
    ./content/dsa/searching-sorting/search-in-rotated-array.tsx
    ./lib/content-registry.ts
    ./app/api/content/route.ts

  Client Component Browser:
    ./content/dsa/searching-sorting/search-in-rotated-array.tsx [Client Component Browser]
    ./components/LessonLoader.tsx [Client Component Browser]
    ./components/LessonLoader.tsx [Server Component]
    ./app/curriculum/[subject]/[topic]/[lesson]/page.tsx [Server Component]

  Client Component SSR:
    ./content/dsa/searching-sorting/search-in-rotated-array.tsx [Client Component SSR]
    ./components/LessonLoader.tsx [Client Component SSR]
    ./components/LessonLoader.tsx [Server Component]
    ./app/curriculum/[subject]/[topic]/[lesson]/page.tsx [Server Component]


./content/dsa/searching-sorting/search-insert-position.tsx:11:1
Unexpected token. Did you mean `{'}'}` or `&rbrace;`?
  [90m 9 |[0m  
  [90m10 |[0m   );
[31m[1m>[0m [90m11 |[0m }
  [90m   |[0m [31m[1m^[0m
  [90m12 |[0m
  [90m13 |[0m
  [90m14 |[0m

Parsing ecmascript source code failed

Import traces:
  App Route:
    ./content/dsa/searching-sorting/search-insert-position.tsx
    ./lib/content-registry.ts
    ./app/api/content/route.ts

  Client Component Browser:
    ./content/dsa/searching-sorting/search-insert-position.tsx [Client Component Browser]
    ./components/LessonLoader.tsx [Client Component Browser]
    ./components/LessonLoader.tsx [Server Component]
    ./app/curriculum/[subject]/[topic]/[lesson]/page.tsx [Server Component]

  Client Component SSR:
    ./content/dsa/searching-sorting/search-insert-position.tsx [Client Component SSR]
    ./components/LessonLoader.tsx [Client Component SSR]
    ./components/LessonLoader.tsx [Server Component]
    ./app/curriculum/[subject]/[topic]/[lesson]/page.tsx [Server Component]


./content/dsa/searching-sorting/selection-sort.tsx:292:1
Unexpected token. Did you mean `{'}'}` or `&rbrace;`?
  [90m290 |[0m     </main>
  [90m291 |[0m   );
[31m[1m>[0m [90m292 |[0m }
  [90m    |[0m [31m[1m^[0m
  [90m293 |[0m

Parsing ecmascript source code failed

Import traces:
  App Route:
    ./content/dsa/searching-sorting/selection-sort.tsx
    ./lib/content-registry.ts
    ./app/api/content/route.ts

  Client Component Browser:
    ./content/dsa/searching-sorting/selection-sort.tsx [Client Component Browser]
    ./components/LessonLoader.tsx [Client Component Browser]
    ./components/LessonLoader.tsx [Server Component]
    ./app/curriculum/[subject]/[topic]/[lesson]/page.tsx [Server Component]

  Client Component SSR:
    ./content/dsa/searching-sorting/selection-sort.tsx [Client Component SSR]
    ./components/LessonLoader.tsx [Client Component SSR]
    ./components/LessonLoader.tsx [Server Component]
    ./app/curriculum/[subject]/[topic]/[lesson]/page.tsx [Server Component]


./content/dsa/searching-sorting/shell-sort.tsx:11:1
Unexpected token. Did you mean `{'}'}` or `&rbrace;`?
  [90m 9 |[0m  
  [90m10 |[0m   );
[31m[1m>[0m [90m11 |[0m }
  [90m   |[0m [31m[1m^[0m
  [90m12 |[0m
  [90m13 |[0m
  [90m14 |[0m

Parsing ecmascript source code failed

Import traces:
  App Route:
    ./content/dsa/searching-sorting/shell-sort.tsx
    ./lib/content-registry.ts
    ./app/api/content/route.ts

  Client Component Browser:
    ./content/dsa/searching-sorting/shell-sort.tsx [Client Component Browser]
    ./components/LessonLoader.tsx [Client Component Browser]
    ./components/LessonLoader.tsx [Server Component]
    ./app/curriculum/[subject]/[topic]/[lesson]/page.tsx [Server Component]

  Client Component SSR:
    ./content/dsa/searching-sorting/shell-sort.tsx [Client Component SSR]
    ./components/LessonLoader.tsx [Client Component SSR]
    ./components/LessonLoader.tsx [Server Component]
    ./app/curriculum/[subject]/[topic]/[lesson]/page.tsx [Server Component]


./content/dsa/searching-sorting/single-element-sorted.tsx:11:1
Unexpected token. Did you mean `{'}'}` or `&rbrace;`?
  [90m 9 |[0m  
  [90m10 |[0m   );
[31m[1m>[0m [90m11 |[0m }
  [90m   |[0m [31m[1m^[0m
  [90m12 |[0m
  [90m13 |[0m
  [90m14 |[0m

Parsing ecmascript source code failed

Import traces:
  App Route:
    ./content/dsa/searching-sorting/single-element-sorted.tsx
    ./lib/content-registry.ts
    ./app/api/content/route.ts

  Client Component Browser:
    ./content/dsa/searching-sorting/single-element-sorted.tsx [Client Component Browser]
    ./components/LessonLoader.tsx [Client Component Browser]
    ./components/LessonLoader.tsx [Server Component]
    ./app/curriculum/[subject]/[topic]/[lesson]/page.tsx [Server Component]

  Client Component SSR:
    ./content/dsa/searching-sorting/single-element-sorted.tsx [Client Component SSR]
    ./components/LessonLoader.tsx [Client Component SSR]
    ./components/LessonLoader.tsx [Server Component]
    ./app/curriculum/[subject]/[topic]/[lesson]/page.tsx [Server Component]


./content/dsa/searching-sorting/sort-012.tsx:11:1
Unexpected token. Did you mean `{'}'}` or `&rbrace;`?
  [90m 9 |[0m  
  [90m10 |[0m   );
[31m[1m>[0m [90m11 |[0m }
  [90m   |[0m [31m[1m^[0m
  [90m12 |[0m
  [90m13 |[0m
  [90m14 |[0m

Parsing ecmascript source code failed

Import traces:
  App Route:
    ./content/dsa/searching-sorting/sort-012.tsx
    ./lib/content-registry.ts
    ./app/api/content/route.ts

  Client Component Browser:
    ./content/dsa/searching-sorting/sort-012.tsx [Client Component Browser]
    ./components/LessonLoader.tsx [Client Component Browser]
    ./components/LessonLoader.tsx [Server Component]
    ./app/curriculum/[subject]/[topic]/[lesson]/page.tsx [Server Component]

  Client Component SSR:
    ./content/dsa/searching-sorting/sort-012.tsx [Client Component SSR]
    ./components/LessonLoader.tsx [Client Component SSR]
    ./components/LessonLoader.tsx [Server Component]
    ./app/curriculum/[subject]/[topic]/[lesson]/page.tsx [Server Component]


./content/dsa/searching-sorting/sqrt-binary-search.tsx:11:1
Unexpected token. Did you mean `{'}'}` or `&rbrace;`?
  [90m 9 |[0m  
  [90m10 |[0m   );
[31m[1m>[0m [90m11 |[0m }
  [90m   |[0m [31m[1m^[0m
  [90m12 |[0m
  [90m13 |[0m
  [90m14 |[0m

Parsing ecmascript source code failed

Import traces:
  App Route:
    ./content/dsa/searching-sorting/sqrt-binary-search.tsx
    ./lib/content-registry.ts
    ./app/api/content/route.ts

  Client Component Browser:
    ./content/dsa/searching-sorting/sqrt-binary-search.tsx [Client Component Browser]
    ./components/LessonLoader.tsx [Client Component Browser]
    ./components/LessonLoader.tsx [Server Component]
    ./app/curriculum/[subject]/[topic]/[lesson]/page.tsx [Server Component]

  Client Component SSR:
    ./content/dsa/searching-sorting/sqrt-binary-search.tsx [Client Component SSR]
    ./components/LessonLoader.tsx [Client Component SSR]
    ./components/LessonLoader.tsx [Server Component]
    ./app/curriculum/[subject]/[topic]/[lesson]/page.tsx [Server Component]


./content/dsa/searching-sorting/stability-in-sorting.tsx:11:1
Unexpected token. Did you mean `{'}'}` or `&rbrace;`?
  [90m 9 |[0m  
  [90m10 |[0m   );
[31m[1m>[0m [90m11 |[0m }
  [90m   |[0m [31m[1m^[0m
  [90m12 |[0m
  [90m13 |[0m
  [90m14 |[0m

Parsing ecmascript source code failed

Import traces:
  App Route:
    ./content/dsa/searching-sorting/stability-in-sorting.tsx
    ./lib/content-registry.ts
    ./app/api/content/route.ts

  Client Component Browser:
    ./content/dsa/searching-sorting/stability-in-sorting.tsx [Client Component Browser]
    ./components/LessonLoader.tsx [Client Component Browser]
    ./components/LessonLoader.tsx [Server Component]
    ./app/curriculum/[subject]/[topic]/[lesson]/page.tsx [Server Component]

  Client Component SSR:
    ./content/dsa/searching-sorting/stability-in-sorting.tsx [Client Component SSR]
    ./components/LessonLoader.tsx [Client Component SSR]
    ./components/LessonLoader.tsx [Server Component]
    ./app/curriculum/[subject]/[topic]/[lesson]/page.tsx [Server Component]


./content/dsa/searching-sorting/stable-sort.tsx:11:1
Unexpected token. Did you mean `{'}'}` or `&rbrace;`?
  [90m 9 |[0m  
  [90m10 |[0m   );
[31m[1m>[0m [90m11 |[0m }
  [90m   |[0m [31m[1m^[0m
  [90m12 |[0m
  [90m13 |[0m
  [90m14 |[0m

Parsing ecmascript source code failed

Import traces:
  App Route:
    ./content/dsa/searching-sorting/stable-sort.tsx
    ./lib/content-registry.ts
    ./app/api/content/route.ts

  Client Component Browser:
    ./content/dsa/searching-sorting/stable-sort.tsx [Client Component Browser]
    ./components/LessonLoader.tsx [Client Component Browser]
    ./components/LessonLoader.tsx [Server Component]
    ./app/curriculum/[subject]/[topic]/[lesson]/page.tsx [Server Component]

  Client Component SSR:
    ./content/dsa/searching-sorting/stable-sort.tsx [Client Component SSR]
    ./components/LessonLoader.tsx [Client Component SSR]
    ./components/LessonLoader.tsx [Server Component]
    ./app/curriculum/[subject]/[topic]/[lesson]/page.tsx [Server Component]


./content/dsa/searching-sorting/stl-sort.tsx:11:1
Unexpected token. Did you mean `{'}'}` or `&rbrace;`?
  [90m 9 |[0m  
  [90m10 |[0m   );
[31m[1m>[0m [90m11 |[0m }
  [90m   |[0m [31m[1m^[0m
  [90m12 |[0m
  [90m13 |[0m
  [90m14 |[0m

Parsing ecmascript source code failed

Import traces:
  App Route:
    ./content/dsa/searching-sorting/stl-sort.tsx
    ./lib/content-registry.ts
    ./app/api/content/route.ts

  Client Component Browser:
    ./content/dsa/searching-sorting/stl-sort.tsx [Client Component Browser]
    ./components/LessonLoader.tsx [Client Component Browser]
    ./components/LessonLoader.tsx [Server Component]
    ./app/curriculum/[subject]/[topic]/[lesson]/page.tsx [Server Component]

  Client Component SSR:
    ./content/dsa/searching-sorting/stl-sort.tsx [Client Component SSR]
    ./components/LessonLoader.tsx [Client Component SSR]
    ./components/LessonLoader.tsx [Server Component]
    ./app/curriculum/[subject]/[topic]/[lesson]/page.tsx [Server Component]


./content/dsa/searching-sorting/two-pointer-sorting.tsx:11:1
Unexpected token. Did you mean `{'}'}` or `&rbrace;`?
  [90m 9 |[0m  
  [90m10 |[0m   );
[31m[1m>[0m [90m11 |[0m }
  [90m   |[0m [31m[1m^[0m
  [90m12 |[0m
  [90m13 |[0m
  [90m14 |[0m

Parsing ecmascript source code failed

Import traces:
  App Route:
    ./content/dsa/searching-sorting/two-pointer-sorting.tsx
    ./lib/content-registry.ts
    ./app/api/content/route.ts

  Client Component Browser:
    ./content/dsa/searching-sorting/two-pointer-sorting.tsx [Client Component Browser]
    ./components/LessonLoader.tsx [Client Component Browser]
    ./components/LessonLoader.tsx [Server Component]
    ./app/curriculum/[subject]/[topic]/[lesson]/page.tsx [Server Component]

  Client Component SSR:
    ./content/dsa/searching-sorting/two-pointer-sorting.tsx [Client Component SSR]
    ./components/LessonLoader.tsx [Client Component SSR]
    ./components/LessonLoader.tsx [Server Component]
    ./app/curriculum/[subject]/[topic]/[lesson]/page.tsx [Server Component]


./content/dsa/searching-sorting/upper-bound.tsx:11:1
Unexpected token. Did you mean `{'}'}` or `&rbrace;`?
  [90m 9 |[0m  
  [90m10 |[0m   );
[31m[1m>[0m [90m11 |[0m }
  [90m   |[0m [31m[1m^[0m
  [90m12 |[0m
  [90m13 |[0m
  [90m14 |[0m

Parsing ecmascript source code failed

Import traces:
  App Route:
    ./content/dsa/searching-sorting/upper-bound.tsx
    ./lib/content-registry.ts
    ./app/api/content/route.ts

  Client Component Browser:
    ./content/dsa/searching-sorting/upper-bound.tsx [Client Component Browser]
    ./components/LessonLoader.tsx [Client Component Browser]
    ./components/LessonLoader.tsx [Server Component]
    ./app/curriculum/[subject]/[topic]/[lesson]/page.tsx [Server Component]

  Client Component SSR:
    ./content/dsa/searching-sorting/upper-bound.tsx [Client Component SSR]
    ./components/LessonLoader.tsx [Client Component SSR]
    ./components/LessonLoader.tsx [Server Component]
    ./app/curriculum/[subject]/[topic]/[lesson]/page.tsx [Server Component]


./content/dsa/stack-queue/applications-queue.tsx:11:1
Unexpected token. Did you mean `{'}'}` or `&rbrace;`?
  [90m 9 |[0m  
  [90m10 |[0m   );
[31m[1m>[0m [90m11 |[0m }
  [90m   |[0m [31m[1m^[0m
  [90m12 |[0m
  [90m13 |[0m
  [90m14 |[0m

Parsing ecmascript source code failed

Import traces:
  App Route:
    ./content/dsa/stack-queue/applications-queue.tsx
    ./lib/content-registry.ts
    ./app/api/content/route.ts

  Client Component Browser:
    ./content/dsa/stack-queue/applications-queue.tsx [Client Component Browser]
    ./components/LessonLoader.tsx [Client Component Browser]
    ./components/LessonLoader.tsx [Server Component]
    ./app/curriculum/[subject]/[topic]/[lesson]/page.tsx [Server Component]

  Client Component SSR:
    ./content/dsa/stack-queue/applications-queue.tsx [Client Component SSR]
    ./components/LessonLoader.tsx [Client Component SSR]
    ./components/LessonLoader.tsx [Server Component]
    ./app/curriculum/[subject]/[topic]/[lesson]/page.tsx [Server Component]


./content/dsa/stack-queue/applications-stack.tsx:11:1
Unexpected token. Did you mean `{'}'}` or `&rbrace;`?
  [90m 9 |[0m  
  [90m10 |[0m   );
[31m[1m>[0m [90m11 |[0m }
  [90m   |[0m [31m[1m^[0m
  [90m12 |[0m
  [90m13 |[0m
  [90m14 |[0m

Parsing ecmascript source code failed

Import traces:
  App Route:
    ./content/dsa/stack-queue/applications-stack.tsx
    ./lib/content-registry.ts
    ./app/api/content/route.ts

  Client Component Browser:
    ./content/dsa/stack-queue/applications-stack.tsx [Client Component Browser]
    ./components/LessonLoader.tsx [Client Component Browser]
    ./components/LessonLoader.tsx [Server Component]
    ./app/curriculum/[subject]/[topic]/[lesson]/page.tsx [Server Component]

  Client Component SSR:
    ./content/dsa/stack-queue/applications-stack.tsx [Client Component SSR]
    ./components/LessonLoader.tsx [Client Component SSR]
    ./components/LessonLoader.tsx [Server Component]
    ./app/curriculum/[subject]/[topic]/[lesson]/page.tsx [Server Component]


./content/dsa/stack-queue/backtracking-stack.tsx:11:1
Unexpected token. Did you mean `{'}'}` or `&rbrace;`?
  [90m 9 |[0m  
  [90m10 |[0m   );
[31m[1m>[0m [90m11 |[0m }
  [90m   |[0m [31m[1m^[0m
  [90m12 |[0m
  [90m13 |[0m
  [90m14 |[0m

Parsing ecmascript source code failed

Import traces:
  App Route:
    ./content/dsa/stack-queue/backtracking-stack.tsx
    ./lib/content-registry.ts
    ./app/api/content/route.ts

  Client Component Browser:
    ./content/dsa/stack-queue/backtracking-stack.tsx [Client Component Browser]
    ./components/LessonLoader.tsx [Client Component Browser]
    ./components/LessonLoader.tsx [Server Component]
    ./app/curriculum/[subject]/[topic]/[lesson]/page.tsx [Server Component]

  Client Component SSR:
    ./content/dsa/stack-queue/backtracking-stack.tsx [Client Component SSR]
    ./components/LessonLoader.tsx [Client Component SSR]
    ./components/LessonLoader.tsx [Server Component]
    ./app/curriculum/[subject]/[topic]/[lesson]/page.tsx [Server Component]


./content/dsa/stack-queue/balanced-parentheses.tsx:11:1
Unexpected token. Did you mean `{'}'}` or `&rbrace;`?
  [90m 9 |[0m  
  [90m10 |[0m   );
[31m[1m>[0m [90m11 |[0m }
  [90m   |[0m [31m[1m^[0m
  [90m12 |[0m
  [90m13 |[0m
  [90m14 |[0m

Parsing ecmascript source code failed

Import traces:
  App Route:
    ./content/dsa/stack-queue/balanced-parentheses.tsx
    ./lib/content-registry.ts
    ./app/api/content/route.ts

  Client Component Browser:
    ./content/dsa/stack-queue/balanced-parentheses.tsx [Client Component Browser]
    ./components/LessonLoader.tsx [Client Component Browser]
    ./components/LessonLoader.tsx [Server Component]
    ./app/curriculum/[subject]/[topic]/[lesson]/page.tsx [Server Component]

  Client Component SSR:
    ./content/dsa/stack-queue/balanced-parentheses.tsx [Client Component SSR]
    ./components/LessonLoader.tsx [Client Component SSR]
    ./components/LessonLoader.tsx [Server Component]
    ./app/curriculum/[subject]/[topic]/[lesson]/page.tsx [Server Component]


./content/dsa/stack-queue/bfs-using-queue.tsx:11:1
Unexpected token. Did you mean `{'}'}` or `&rbrace;`?
  [90m 9 |[0m  
  [90m10 |[0m   );
[31m[1m>[0m [90m11 |[0m }
  [90m   |[0m [31m[1m^[0m
  [90m12 |[0m
  [90m13 |[0m
  [90m14 |[0m

Parsing ecmascript source code failed

Import traces:
  App Route:
    ./content/dsa/stack-queue/bfs-using-queue.tsx
    ./lib/content-registry.ts
    ./app/api/content/route.ts

  Client Component Browser:
    ./content/dsa/stack-queue/bfs-using-queue.tsx [Client Component Browser]
    ./components/LessonLoader.tsx [Client Component Browser]
    ./components/LessonLoader.tsx [Server Component]
    ./app/curriculum/[subject]/[topic]/[lesson]/page.tsx [Server Component]

  Client Component SSR:
    ./content/dsa/stack-queue/bfs-using-queue.tsx [Client Component SSR]
    ./components/LessonLoader.tsx [Client Component SSR]
    ./components/LessonLoader.tsx [Server Component]
    ./app/curriculum/[subject]/[topic]/[lesson]/page.tsx [Server Component]


./content/dsa/stack-queue/circular-queue.tsx:11:1
Unexpected token. Did you mean `{'}'}` or `&rbrace;`?
  [90m 9 |[0m  
  [90m10 |[0m   );
[31m[1m>[0m [90m11 |[0m }
  [90m   |[0m [31m[1m^[0m
  [90m12 |[0m
  [90m13 |[0m
  [90m14 |[0m

Parsing ecmascript source code failed

Import traces:
  App Route:
    ./content/dsa/stack-queue/circular-queue.tsx
    ./lib/content-registry.ts
    ./app/api/content/route.ts

  Client Component Browser:
    ./content/dsa/stack-queue/circular-queue.tsx [Client Component Browser]
    ./components/LessonLoader.tsx [Client Component Browser]
    ./components/LessonLoader.tsx [Server Component]
    ./app/curriculum/[subject]/[topic]/[lesson]/page.tsx [Server Component]

  Client Component SSR:
    ./content/dsa/stack-queue/circular-queue.tsx [Client Component SSR]
    ./components/LessonLoader.tsx [Client Component SSR]
    ./components/LessonLoader.tsx [Server Component]
    ./app/curriculum/[subject]/[topic]/[lesson]/page.tsx [Server Component]


./content/dsa/stack-queue/circular-tour.tsx:11:1
Unexpected token. Did you mean `{'}'}` or `&rbrace;`?
  [90m 9 |[0m  
  [90m10 |[0m   );
[31m[1m>[0m [90m11 |[0m }
  [90m   |[0m [31m[1m^[0m
  [90m12 |[0m
  [90m13 |[0m
  [90m14 |[0m

Parsing ecmascript source code failed

Import traces:
  App Route:
    ./content/dsa/stack-queue/circular-tour.tsx
    ./lib/content-registry.ts
    ./app/api/content/route.ts

  Client Component Browser:
    ./content/dsa/stack-queue/circular-tour.tsx [Client Component Browser]
    ./components/LessonLoader.tsx [Client Component Browser]
    ./components/LessonLoader.tsx [Server Component]
    ./app/curriculum/[subject]/[topic]/[lesson]/page.tsx [Server Component]

  Client Component SSR:
    ./content/dsa/stack-queue/circular-tour.tsx [Client Component SSR]
    ./components/LessonLoader.tsx [Client Component SSR]
    ./components/LessonLoader.tsx [Server Component]
    ./app/curriculum/[subject]/[topic]/[lesson]/page.tsx [Server Component]


./content/dsa/stack-queue/complexity-stack.tsx:11:1
Unexpected token. Did you mean `{'}'}` or `&rbrace;`?
  [90m 9 |[0m  
  [90m10 |[0m   );
[31m[1m>[0m [90m11 |[0m }
  [90m   |[0m [31m[1m^[0m
  [90m12 |[0m
  [90m13 |[0m
  [90m14 |[0m

Parsing ecmascript source code failed

Import traces:
  App Route:
    ./content/dsa/stack-queue/complexity-stack.tsx
    ./lib/content-registry.ts
    ./app/api/content/route.ts

  Client Component Browser:
    ./content/dsa/stack-queue/complexity-stack.tsx [Client Component Browser]
    ./components/LessonLoader.tsx [Client Component Browser]
    ./components/LessonLoader.tsx [Server Component]
    ./app/curriculum/[subject]/[topic]/[lesson]/page.tsx [Server Component]

  Client Component SSR:
    ./content/dsa/stack-queue/complexity-stack.tsx [Client Component SSR]
    ./components/LessonLoader.tsx [Client Component SSR]
    ./components/LessonLoader.tsx [Server Component]
    ./app/curriculum/[subject]/[topic]/[lesson]/page.tsx [Server Component]


./content/dsa/stack-queue/cpu-scheduling.tsx:11:1
Unexpected token. Did you mean `{'}'}` or `&rbrace;`?
  [90m 9 |[0m  
  [90m10 |[0m   );
[31m[1m>[0m [90m11 |[0m }
  [90m   |[0m [31m[1m^[0m
  [90m12 |[0m
  [90m13 |[0m
  [90m14 |[0m

Parsing ecmascript source code failed

Import traces:
  App Route:
    ./content/dsa/stack-queue/cpu-scheduling.tsx
    ./lib/content-registry.ts
    ./app/api/content/route.ts

  Client Component Browser:
    ./content/dsa/stack-queue/cpu-scheduling.tsx [Client Component Browser]
    ./components/LessonLoader.tsx [Client Component Browser]
    ./components/LessonLoader.tsx [Server Component]
    ./app/curriculum/[subject]/[topic]/[lesson]/page.tsx [Server Component]

  Client Component SSR:
    ./content/dsa/stack-queue/cpu-scheduling.tsx [Client Component SSR]
    ./components/LessonLoader.tsx [Client Component SSR]
    ./components/LessonLoader.tsx [Server Component]
    ./app/curriculum/[subject]/[topic]/[lesson]/page.tsx [Server Component]


./content/dsa/stack-queue/deque-basics.tsx:11:1
Unexpected token. Did you mean `{'}'}` or `&rbrace;`?
  [90m 9 |[0m  
  [90m10 |[0m   );
[31m[1m>[0m [90m11 |[0m }
  [90m   |[0m [31m[1m^[0m
  [90m12 |[0m
  [90m13 |[0m
  [90m14 |[0m

Parsing ecmascript source code failed

Import traces:
  App Route:
    ./content/dsa/stack-queue/deque-basics.tsx
    ./lib/content-registry.ts
    ./app/api/content/route.ts

  Client Component Browser:
    ./content/dsa/stack-queue/deque-basics.tsx [Client Component Browser]
    ./components/LessonLoader.tsx [Client Component Browser]
    ./components/LessonLoader.tsx [Server Component]
    ./app/curriculum/[subject]/[topic]/[lesson]/page.tsx [Server Component]

  Client Component SSR:
    ./content/dsa/stack-queue/deque-basics.tsx [Client Component SSR]
    ./components/LessonLoader.tsx [Client Component SSR]
    ./components/LessonLoader.tsx [Server Component]
    ./app/curriculum/[subject]/[topic]/[lesson]/page.tsx [Server Component]


./content/dsa/stack-queue/dequeue-operation.tsx:11:1
Unexpected token. Did you mean `{'}'}` or `&rbrace;`?
  [90m 9 |[0m  
  [90m10 |[0m   );
[31m[1m>[0m [90m11 |[0m }
  [90m   |[0m [31m[1m^[0m
  [90m12 |[0m
  [90m13 |[0m
  [90m14 |[0m

Parsing ecmascript source code failed

Import traces:
  App Route:
    ./content/dsa/stack-queue/dequeue-operation.tsx
    ./lib/content-registry.ts
    ./app/api/content/route.ts

  Client Component Browser:
    ./content/dsa/stack-queue/dequeue-operation.tsx [Client Component Browser]
    ./components/LessonLoader.tsx [Client Component Browser]
    ./components/LessonLoader.tsx [Server Component]
    ./app/curriculum/[subject]/[topic]/[lesson]/page.tsx [Server Component]

  Client Component SSR:
    ./content/dsa/stack-queue/dequeue-operation.tsx [Client Component SSR]
    ./components/LessonLoader.tsx [Client Component SSR]
    ./components/LessonLoader.tsx [Server Component]
    ./app/curriculum/[subject]/[topic]/[lesson]/page.tsx [Server Component]


./content/dsa/stack-queue/dynamic-queue.tsx:11:1
Unexpected token. Did you mean `{'}'}` or `&rbrace;`?
  [90m 9 |[0m  
  [90m10 |[0m   );
[31m[1m>[0m [90m11 |[0m }
  [90m   |[0m [31m[1m^[0m
  [90m12 |[0m
  [90m13 |[0m
  [90m14 |[0m

Parsing ecmascript source code failed

Import traces:
  App Route:
    ./content/dsa/stack-queue/dynamic-queue.tsx
    ./lib/content-registry.ts
    ./app/api/content/route.ts

  Client Component Browser:
    ./content/dsa/stack-queue/dynamic-queue.tsx [Client Component Browser]
    ./components/LessonLoader.tsx [Client Component Browser]
    ./components/LessonLoader.tsx [Server Component]
    ./app/curriculum/[subject]/[topic]/[lesson]/page.tsx [Server Component]

  Client Component SSR:
    ./content/dsa/stack-queue/dynamic-queue.tsx [Client Component SSR]
    ./components/LessonLoader.tsx [Client Component SSR]
    ./components/LessonLoader.tsx [Server Component]
    ./app/curriculum/[subject]/[topic]/[lesson]/page.tsx [Server Component]


./content/dsa/stack-queue/dynamic-stack.tsx:11:1
Unexpected token. Did you mean `{'}'}` or `&rbrace;`?
  [90m 9 |[0m  
  [90m10 |[0m   );
[31m[1m>[0m [90m11 |[0m }
  [90m   |[0m [31m[1m^[0m
  [90m12 |[0m
  [90m13 |[0m
  [90m14 |[0m

Parsing ecmascript source code failed

Import traces:
  App Route:
    ./content/dsa/stack-queue/dynamic-stack.tsx
    ./lib/content-registry.ts
    ./app/api/content/route.ts

  Client Component Browser:
    ./content/dsa/stack-queue/dynamic-stack.tsx [Client Component Browser]
    ./components/LessonLoader.tsx [Client Component Browser]
    ./components/LessonLoader.tsx [Server Component]
    ./app/curriculum/[subject]/[topic]/[lesson]/page.tsx [Server Component]

  Client Component SSR:
    ./content/dsa/stack-queue/dynamic-stack.tsx [Client Component SSR]
    ./components/LessonLoader.tsx [Client Component SSR]
    ./components/LessonLoader.tsx [Server Component]
    ./app/curriculum/[subject]/[topic]/[lesson]/page.tsx [Server Component]


./content/dsa/stack-queue/enqueue-operation.tsx:11:1
Unexpected token. Did you mean `{'}'}` or `&rbrace;`?
  [90m 9 |[0m  
  [90m10 |[0m   );
[31m[1m>[0m [90m11 |[0m }
  [90m   |[0m [31m[1m^[0m
  [90m12 |[0m
  [90m13 |[0m
  [90m14 |[0m

Parsing ecmascript source code failed

Import traces:
  App Route:
    ./content/dsa/stack-queue/enqueue-operation.tsx
    ./lib/content-registry.ts
    ./app/api/content/route.ts

  Client Component Browser:
    ./content/dsa/stack-queue/enqueue-operation.tsx [Client Component Browser]
    ./components/LessonLoader.tsx [Client Component Browser]
    ./components/LessonLoader.tsx [Server Component]
    ./app/curriculum/[subject]/[topic]/[lesson]/page.tsx [Server Component]

  Client Component SSR:
    ./content/dsa/stack-queue/enqueue-operation.tsx [Client Component SSR]
    ./components/LessonLoader.tsx [Client Component SSR]
    ./components/LessonLoader.tsx [Server Component]
    ./app/curriculum/[subject]/[topic]/[lesson]/page.tsx [Server Component]


./content/dsa/stack-queue/evaluate-postfix.tsx:11:1
Unexpected token. Did you mean `{'}'}` or `&rbrace;`?
  [90m 9 |[0m  
  [90m10 |[0m   );
[31m[1m>[0m [90m11 |[0m }
  [90m   |[0m [31m[1m^[0m
  [90m12 |[0m
  [90m13 |[0m
  [90m14 |[0m

Parsing ecmascript source code failed

Import traces:
  App Route:
    ./content/dsa/stack-queue/evaluate-postfix.tsx
    ./lib/content-registry.ts
    ./app/api/content/route.ts

  Client Component Browser:
    ./content/dsa/stack-queue/evaluate-postfix.tsx [Client Component Browser]
    ./components/LessonLoader.tsx [Client Component Browser]
    ./components/LessonLoader.tsx [Server Component]
    ./app/curriculum/[subject]/[topic]/[lesson]/page.tsx [Server Component]

  Client Component SSR:
    ./content/dsa/stack-queue/evaluate-postfix.tsx [Client Component SSR]
    ./components/LessonLoader.tsx [Client Component SSR]
    ./components/LessonLoader.tsx [Server Component]
    ./app/curriculum/[subject]/[topic]/[lesson]/page.tsx [Server Component]


./content/dsa/stack-queue/evaluate-prefix.tsx:11:1
Unexpected token. Did you mean `{'}'}` or `&rbrace;`?
  [90m 9 |[0m  
  [90m10 |[0m   );
[31m[1m>[0m [90m11 |[0m }
  [90m   |[0m [31m[1m^[0m
  [90m12 |[0m
  [90m13 |[0m
  [90m14 |[0m

Parsing ecmascript source code failed

Import traces:
  App Route:
    ./content/dsa/stack-queue/evaluate-prefix.tsx
    ./lib/content-registry.ts
    ./app/api/content/route.ts

  Client Component Browser:
    ./content/dsa/stack-queue/evaluate-prefix.tsx [Client Component Browser]
    ./components/LessonLoader.tsx [Client Component Browser]
    ./components/LessonLoader.tsx [Server Component]
    ./app/curriculum/[subject]/[topic]/[lesson]/page.tsx [Server Component]

  Client Component SSR:
    ./content/dsa/stack-queue/evaluate-prefix.tsx [Client Component SSR]
    ./components/LessonLoader.tsx [Client Component SSR]
    ./components/LessonLoader.tsx [Server Component]
    ./app/curriculum/[subject]/[topic]/[lesson]/page.tsx [Server Component]


./content/dsa/stack-queue/fifo-principle.tsx:11:1
Unexpected token. Did you mean `{'}'}` or `&rbrace;`?
  [90m 9 |[0m  
  [90m10 |[0m   );
[31m[1m>[0m [90m11 |[0m }
  [90m   |[0m [31m[1m^[0m
  [90m12 |[0m
  [90m13 |[0m
  [90m14 |[0m

Parsing ecmascript source code failed

Import traces:
  App Route:
    ./content/dsa/stack-queue/fifo-principle.tsx
    ./lib/content-registry.ts
    ./app/api/content/route.ts

  Client Component Browser:
    ./content/dsa/stack-queue/fifo-principle.tsx [Client Component Browser]
    ./components/LessonLoader.tsx [Client Component Browser]
    ./components/LessonLoader.tsx [Server Component]
    ./app/curriculum/[subject]/[topic]/[lesson]/page.tsx [Server Component]

  Client Component SSR:
    ./content/dsa/stack-queue/fifo-principle.tsx [Client Component SSR]
    ./components/LessonLoader.tsx [Client Component SSR]
    ./components/LessonLoader.tsx [Server Component]
    ./app/curriculum/[subject]/[topic]/[lesson]/page.tsx [Server Component]


./content/dsa/stack-queue/first-negative-window.tsx:11:1
Unexpected token. Did you mean `{'}'}` or `&rbrace;`?
  [90m 9 |[0m  
  [90m10 |[0m   );
[31m[1m>[0m [90m11 |[0m }
  [90m   |[0m [31m[1m^[0m
  [90m12 |[0m
  [90m13 |[0m
  [90m14 |[0m

Parsing ecmascript source code failed

Import traces:
  App Route:
    ./content/dsa/stack-queue/first-negative-window.tsx
    ./lib/content-registry.ts
    ./app/api/content/route.ts

  Client Component Browser:
    ./content/dsa/stack-queue/first-negative-window.tsx [Client Component Browser]
    ./components/LessonLoader.tsx [Client Component Browser]
    ./components/LessonLoader.tsx [Server Component]
    ./app/curriculum/[subject]/[topic]/[lesson]/page.tsx [Server Component]

  Client Component SSR:
    ./content/dsa/stack-queue/first-negative-window.tsx [Client Component SSR]
    ./components/LessonLoader.tsx [Client Component SSR]
    ./components/LessonLoader.tsx [Server Component]
    ./app/curriculum/[subject]/[topic]/[lesson]/page.tsx [Server Component]


./content/dsa/stack-queue/front-and-rear.tsx:11:1
Unexpected token. Did you mean `{'}'}` or `&rbrace;`?
  [90m 9 |[0m  
  [90m10 |[0m   );
[31m[1m>[0m [90m11 |[0m }
  [90m   |[0m [31m[1m^[0m
  [90m12 |[0m
  [90m13 |[0m
  [90m14 |[0m

Parsing ecmascript source code failed

Import traces:
  App Route:
    ./content/dsa/stack-queue/front-and-rear.tsx
    ./lib/content-registry.ts
    ./app/api/content/route.ts

  Client Component Browser:
    ./content/dsa/stack-queue/front-and-rear.tsx [Client Component Browser]
    ./components/LessonLoader.tsx [Client Component Browser]
    ./components/LessonLoader.tsx [Server Component]
    ./app/curriculum/[subject]/[topic]/[lesson]/page.tsx [Server Component]

  Client Component SSR:
    ./content/dsa/stack-queue/front-and-rear.tsx [Client Component SSR]
    ./components/LessonLoader.tsx [Client Component SSR]
    ./components/LessonLoader.tsx [Server Component]
    ./app/curriculum/[subject]/[topic]/[lesson]/page.tsx [Server Component]


./content/dsa/stack-queue/infix-expression.tsx:11:1
Unexpected token. Did you mean `{'}'}` or `&rbrace;`?
  [90m 9 |[0m  
  [90m10 |[0m   );
[31m[1m>[0m [90m11 |[0m }
  [90m   |[0m [31m[1m^[0m
  [90m12 |[0m
  [90m13 |[0m
  [90m14 |[0m

Parsing ecmascript source code failed

Import traces:
  App Route:
    ./content/dsa/stack-queue/infix-expression.tsx
    ./lib/content-registry.ts
    ./app/api/content/route.ts

  Client Component Browser:
    ./content/dsa/stack-queue/infix-expression.tsx [Client Component Browser]
    ./components/LessonLoader.tsx [Client Component Browser]
    ./components/LessonLoader.tsx [Server Component]
    ./app/curriculum/[subject]/[topic]/[lesson]/page.tsx [Server Component]

  Client Component SSR:
    ./content/dsa/stack-queue/infix-expression.tsx [Client Component SSR]
    ./components/LessonLoader.tsx [Client Component SSR]
    ./components/LessonLoader.tsx [Server Component]
    ./app/curriculum/[subject]/[topic]/[lesson]/page.tsx [Server Component]


./content/dsa/stack-queue/infix-to-postfix.tsx:11:1
Unexpected token. Did you mean `{'}'}` or `&rbrace;`?
  [90m 9 |[0m  
  [90m10 |[0m   );
[31m[1m>[0m [90m11 |[0m }
  [90m   |[0m [31m[1m^[0m
  [90m12 |[0m
  [90m13 |[0m
  [90m14 |[0m

Parsing ecmascript source code failed

Import traces:
  App Route:
    ./content/dsa/stack-queue/infix-to-postfix.tsx
    ./lib/content-registry.ts
    ./app/api/content/route.ts

  Client Component Browser:
    ./content/dsa/stack-queue/infix-to-postfix.tsx [Client Component Browser]
    ./components/LessonLoader.tsx [Client Component Browser]
    ./components/LessonLoader.tsx [Server Component]
    ./app/curriculum/[subject]/[topic]/[lesson]/page.tsx [Server Component]

  Client Component SSR:
    ./content/dsa/stack-queue/infix-to-postfix.tsx [Client Component SSR]
    ./components/LessonLoader.tsx [Client Component SSR]
    ./components/LessonLoader.tsx [Server Component]
    ./app/curriculum/[subject]/[topic]/[lesson]/page.tsx [Server Component]


./content/dsa/stack-queue/infix-to-prefix.tsx:11:1
Unexpected token. Did you mean `{'}'}` or `&rbrace;`?
  [90m 9 |[0m  
  [90m10 |[0m   );
[31m[1m>[0m [90m11 |[0m }
  [90m   |[0m [31m[1m^[0m
  [90m12 |[0m
  [90m13 |[0m
  [90m14 |[0m

Parsing ecmascript source code failed

Import traces:
  App Route:
    ./content/dsa/stack-queue/infix-to-prefix.tsx
    ./lib/content-registry.ts
    ./app/api/content/route.ts

  Client Component Browser:
    ./content/dsa/stack-queue/infix-to-prefix.tsx [Client Component Browser]
    ./components/LessonLoader.tsx [Client Component Browser]
    ./components/LessonLoader.tsx [Server Component]
    ./app/curriculum/[subject]/[topic]/[lesson]/page.tsx [Server Component]

  Client Component SSR:
    ./content/dsa/stack-queue/infix-to-prefix.tsx [Client Component SSR]
    ./components/LessonLoader.tsx [Client Component SSR]
    ./components/LessonLoader.tsx [Server Component]
    ./app/curriculum/[subject]/[topic]/[lesson]/page.tsx [Server Component]


./content/dsa/stack-queue/introduction-to-queue.tsx:11:1
Unexpected token. Did you mean `{'}'}` or `&rbrace;`?
  [90m 9 |[0m  
  [90m10 |[0m   );
[31m[1m>[0m [90m11 |[0m }
  [90m   |[0m [31m[1m^[0m
  [90m12 |[0m
  [90m13 |[0m
  [90m14 |[0m

Parsing ecmascript source code failed

Import traces:
  App Route:
    ./content/dsa/stack-queue/introduction-to-queue.tsx
    ./lib/content-registry.ts
    ./app/api/content/route.ts

  Client Component Browser:
    ./content/dsa/stack-queue/introduction-to-queue.tsx [Client Component Browser]
    ./components/LessonLoader.tsx [Client Component Browser]
    ./components/LessonLoader.tsx [Server Component]
    ./app/curriculum/[subject]/[topic]/[lesson]/page.tsx [Server Component]

  Client Component SSR:
    ./content/dsa/stack-queue/introduction-to-queue.tsx [Client Component SSR]
    ./components/LessonLoader.tsx [Client Component SSR]
    ./components/LessonLoader.tsx [Server Component]
    ./app/curriculum/[subject]/[topic]/[lesson]/page.tsx [Server Component]


./content/dsa/stack-queue/introduction-to-stack.tsx:11:1
Unexpected token. Did you mean `{'}'}` or `&rbrace;`?
  [90m 9 |[0m  
  [90m10 |[0m   );
[31m[1m>[0m [90m11 |[0m }
  [90m   |[0m [31m[1m^[0m
  [90m12 |[0m
  [90m13 |[0m
  [90m14 |[0m

Parsing ecmascript source code failed

Import traces:
  App Route:
    ./content/dsa/stack-queue/introduction-to-stack.tsx
    ./lib/content-registry.ts
    ./app/api/content/route.ts

  Client Component Browser:
    ./content/dsa/stack-queue/introduction-to-stack.tsx [Client Component Browser]
    ./components/LessonLoader.tsx [Client Component Browser]
    ./components/LessonLoader.tsx [Server Component]
    ./app/curriculum/[subject]/[topic]/[lesson]/page.tsx [Server Component]

  Client Component SSR:
    ./content/dsa/stack-queue/introduction-to-stack.tsx [Client Component SSR]
    ./components/LessonLoader.tsx [Client Component SSR]
    ./components/LessonLoader.tsx [Server Component]
    ./app/curriculum/[subject]/[topic]/[lesson]/page.tsx [Server Component]


./content/dsa/stack-queue/isempty-isfull.tsx:11:1
Unexpected token. Did you mean `{'}'}` or `&rbrace;`?
  [90m 9 |[0m  
  [90m10 |[0m   );
[31m[1m>[0m [90m11 |[0m }
  [90m   |[0m [31m[1m^[0m
  [90m12 |[0m
  [90m13 |[0m
  [90m14 |[0m

Parsing ecmascript source code failed

Import traces:
  App Route:
    ./content/dsa/stack-queue/isempty-isfull.tsx
    ./lib/content-registry.ts
    ./app/api/content/route.ts

  Client Component Browser:
    ./content/dsa/stack-queue/isempty-isfull.tsx [Client Component Browser]
    ./components/LessonLoader.tsx [Client Component Browser]
    ./components/LessonLoader.tsx [Server Component]
    ./app/curriculum/[subject]/[topic]/[lesson]/page.tsx [Server Component]

  Client Component SSR:
    ./content/dsa/stack-queue/isempty-isfull.tsx [Client Component SSR]
    ./components/LessonLoader.tsx [Client Component SSR]
    ./components/LessonLoader.tsx [Server Component]
    ./app/curriculum/[subject]/[topic]/[lesson]/page.tsx [Server Component]


./content/dsa/stack-queue/k-queue-one-array.tsx:11:1
Unexpected token. Did you mean `{'}'}` or `&rbrace;`?
  [90m 9 |[0m  
  [90m10 |[0m   );
[31m[1m>[0m [90m11 |[0m }
  [90m   |[0m [31m[1m^[0m
  [90m12 |[0m
  [90m13 |[0m
  [90m14 |[0m

Parsing ecmascript source code failed

Import traces:
  App Route:
    ./content/dsa/stack-queue/k-queue-one-array.tsx
    ./lib/content-registry.ts
    ./app/api/content/route.ts

  Client Component Browser:
    ./content/dsa/stack-queue/k-queue-one-array.tsx [Client Component Browser]
    ./components/LessonLoader.tsx [Client Component Browser]
    ./components/LessonLoader.tsx [Server Component]
    ./app/curriculum/[subject]/[topic]/[lesson]/page.tsx [Server Component]

  Client Component SSR:
    ./content/dsa/stack-queue/k-queue-one-array.tsx [Client Component SSR]
    ./components/LessonLoader.tsx [Client Component SSR]
    ./components/LessonLoader.tsx [Server Component]
    ./app/curriculum/[subject]/[topic]/[lesson]/page.tsx [Server Component]


./content/dsa/stack-queue/largest-rectangle-histogram.tsx:11:1
Unexpected token. Did you mean `{'}'}` or `&rbrace;`?
  [90m 9 |[0m  
  [90m10 |[0m   );
[31m[1m>[0m [90m11 |[0m }
  [90m   |[0m [31m[1m^[0m
  [90m12 |[0m
  [90m13 |[0m
  [90m14 |[0m

Parsing ecmascript source code failed

Import traces:
  App Route:
    ./content/dsa/stack-queue/largest-rectangle-histogram.tsx
    ./lib/content-registry.ts
    ./app/api/content/route.ts

  Client Component Browser:
    ./content/dsa/stack-queue/largest-rectangle-histogram.tsx [Client Component Browser]
    ./components/LessonLoader.tsx [Client Component Browser]
    ./components/LessonLoader.tsx [Server Component]
    ./app/curriculum/[subject]/[topic]/[lesson]/page.tsx [Server Component]

  Client Component SSR:
    ./content/dsa/stack-queue/largest-rectangle-histogram.tsx [Client Component SSR]
    ./components/LessonLoader.tsx [Client Component SSR]
    ./components/LessonLoader.tsx [Server Component]
    ./app/curriculum/[subject]/[topic]/[lesson]/page.tsx [Server Component]


./content/dsa/stack-queue/lifo-principle.tsx:11:1
Unexpected token. Did you mean `{'}'}` or `&rbrace;`?
  [90m 9 |[0m  
  [90m10 |[0m   );
[31m[1m>[0m [90m11 |[0m }
  [90m   |[0m [31m[1m^[0m
  [90m12 |[0m
  [90m13 |[0m
  [90m14 |[0m

Parsing ecmascript source code failed

Import traces:
  App Route:
    ./content/dsa/stack-queue/lifo-principle.tsx
    ./lib/content-registry.ts
    ./app/api/content/route.ts

  Client Component Browser:
    ./content/dsa/stack-queue/lifo-principle.tsx [Client Component Browser]
    ./components/LessonLoader.tsx [Client Component Browser]
    ./components/LessonLoader.tsx [Server Component]
    ./app/curriculum/[subject]/[topic]/[lesson]/page.tsx [Server Component]

  Client Component SSR:
    ./content/dsa/stack-queue/lifo-principle.tsx [Client Component SSR]
    ./components/LessonLoader.tsx [Client Component SSR]
    ./components/LessonLoader.tsx [Server Component]
    ./app/curriculum/[subject]/[topic]/[lesson]/page.tsx [Server Component]


./content/dsa/stack-queue/lru-cache-queue.tsx:11:1
Unexpected token. Did you mean `{'}'}` or `&rbrace;`?
  [90m 9 |[0m  
  [90m10 |[0m   );
[31m[1m>[0m [90m11 |[0m }
  [90m   |[0m [31m[1m^[0m
  [90m12 |[0m
  [90m13 |[0m
  [90m14 |[0m

Parsing ecmascript source code failed

Import traces:
  App Route:
    ./content/dsa/stack-queue/lru-cache-queue.tsx
    ./lib/content-registry.ts
    ./app/api/content/route.ts

  Client Component Browser:
    ./content/dsa/stack-queue/lru-cache-queue.tsx [Client Component Browser]
    ./components/LessonLoader.tsx [Client Component Browser]
    ./components/LessonLoader.tsx [Server Component]
    ./app/curriculum/[subject]/[topic]/[lesson]/page.tsx [Server Component]

  Client Component SSR:
    ./content/dsa/stack-queue/lru-cache-queue.tsx [Client Component SSR]
    ./components/LessonLoader.tsx [Client Component SSR]
    ./components/LessonLoader.tsx [Server Component]
    ./app/curriculum/[subject]/[topic]/[lesson]/page.tsx [Server Component]


./content/dsa/stack-queue/maximal-rectangle.tsx:11:1
Unexpected token. Did you mean `{'}'}` or `&rbrace;`?
  [90m 9 |[0m  
  [90m10 |[0m   );
[31m[1m>[0m [90m11 |[0m }
  [90m   |[0m [31m[1m^[0m
  [90m12 |[0m
  [90m13 |[0m
  [90m14 |[0m

Parsing ecmascript source code failed

Import traces:
  App Route:
    ./content/dsa/stack-queue/maximal-rectangle.tsx
    ./lib/content-registry.ts
    ./app/api/content/route.ts

  Client Component Browser:
    ./content/dsa/stack-queue/maximal-rectangle.tsx [Client Component Browser]
    ./components/LessonLoader.tsx [Client Component Browser]
    ./components/LessonLoader.tsx [Server Component]
    ./app/curriculum/[subject]/[topic]/[lesson]/page.tsx [Server Component]

  Client Component SSR:
    ./content/dsa/stack-queue/maximal-rectangle.tsx [Client Component SSR]
    ./components/LessonLoader.tsx [Client Component SSR]
    ./components/LessonLoader.tsx [Server Component]
    ./app/curriculum/[subject]/[topic]/[lesson]/page.tsx [Server Component]


./content/dsa/stack-queue/min-stack.tsx:11:1
Unexpected token. Did you mean `{'}'}` or `&rbrace;`?
  [90m 9 |[0m  
  [90m10 |[0m   );
[31m[1m>[0m [90m11 |[0m }
  [90m   |[0m [31m[1m^[0m
  [90m12 |[0m
  [90m13 |[0m
  [90m14 |[0m

Parsing ecmascript source code failed

Import traces:
  App Route:
    ./content/dsa/stack-queue/min-stack.tsx
    ./lib/content-registry.ts
    ./app/api/content/route.ts

  Client Component Browser:
    ./content/dsa/stack-queue/min-stack.tsx [Client Component Browser]
    ./components/LessonLoader.tsx [Client Component Browser]
    ./components/LessonLoader.tsx [Server Component]
    ./app/curriculum/[subject]/[topic]/[lesson]/page.tsx [Server Component]

  Client Component SSR:
    ./content/dsa/stack-queue/min-stack.tsx [Client Component SSR]
    ./components/LessonLoader.tsx [Client Component SSR]
    ./components/LessonLoader.tsx [Server Component]
    ./app/curriculum/[subject]/[topic]/[lesson]/page.tsx [Server Component]


./content/dsa/stack-queue/monotonic-queue.tsx:11:1
Unexpected token. Did you mean `{'}'}` or `&rbrace;`?
  [90m 9 |[0m  
  [90m10 |[0m   );
[31m[1m>[0m [90m11 |[0m }
  [90m   |[0m [31m[1m^[0m
  [90m12 |[0m
  [90m13 |[0m
  [90m14 |[0m

Parsing ecmascript source code failed

Import traces:
  App Route:
    ./content/dsa/stack-queue/monotonic-queue.tsx
    ./lib/content-registry.ts
    ./app/api/content/route.ts

  Client Component Browser:
    ./content/dsa/stack-queue/monotonic-queue.tsx [Client Component Browser]
    ./components/LessonLoader.tsx [Client Component Browser]
    ./components/LessonLoader.tsx [Server Component]
    ./app/curriculum/[subject]/[topic]/[lesson]/page.tsx [Server Component]

  Client Component SSR:
    ./content/dsa/stack-queue/monotonic-queue.tsx [Client Component SSR]
    ./components/LessonLoader.tsx [Client Component SSR]
    ./components/LessonLoader.tsx [Server Component]
    ./app/curriculum/[subject]/[topic]/[lesson]/page.tsx [Server Component]


./content/dsa/stack-queue/monotonic-stack.tsx:11:1
Unexpected token. Did you mean `{'}'}` or `&rbrace;`?
  [90m 9 |[0m  
  [90m10 |[0m   );
[31m[1m>[0m [90m11 |[0m }
  [90m   |[0m [31m[1m^[0m
  [90m12 |[0m
  [90m13 |[0m
  [90m14 |[0m

Parsing ecmascript source code failed

Import traces:
  App Route:
    ./content/dsa/stack-queue/monotonic-stack.tsx
    ./lib/content-registry.ts
    ./app/api/content/route.ts

  Client Component Browser:
    ./content/dsa/stack-queue/monotonic-stack.tsx [Client Component Browser]
    ./components/LessonLoader.tsx [Client Component Browser]
    ./components/LessonLoader.tsx [Server Component]
    ./app/curriculum/[subject]/[topic]/[lesson]/page.tsx [Server Component]

  Client Component SSR:
    ./content/dsa/stack-queue/monotonic-stack.tsx [Client Component SSR]
    ./components/LessonLoader.tsx [Client Component SSR]
    ./components/LessonLoader.tsx [Server Component]
    ./app/curriculum/[subject]/[topic]/[lesson]/page.tsx [Server Component]


./content/dsa/stack-queue/multiple-stack-problems.tsx:11:1
Unexpected token. Did you mean `{'}'}` or `&rbrace;`?
  [90m 9 |[0m  
  [90m10 |[0m   );
[31m[1m>[0m [90m11 |[0m }
  [90m   |[0m [31m[1m^[0m
  [90m12 |[0m
  [90m13 |[0m
  [90m14 |[0m

Parsing ecmascript source code failed

Import traces:
  App Route:
    ./content/dsa/stack-queue/multiple-stack-problems.tsx
    ./lib/content-registry.ts
    ./app/api/content/route.ts

  Client Component Browser:
    ./content/dsa/stack-queue/multiple-stack-problems.tsx [Client Component Browser]
    ./components/LessonLoader.tsx [Client Component Browser]
    ./components/LessonLoader.tsx [Server Component]
    ./app/curriculum/[subject]/[topic]/[lesson]/page.tsx [Server Component]

  Client Component SSR:
    ./content/dsa/stack-queue/multiple-stack-problems.tsx [Client Component SSR]
    ./components/LessonLoader.tsx [Client Component SSR]
    ./components/LessonLoader.tsx [Server Component]
    ./app/curriculum/[subject]/[topic]/[lesson]/page.tsx [Server Component]


./content/dsa/stack-queue/next-greater-element.tsx:11:1
Unexpected token. Did you mean `{'}'}` or `&rbrace;`?
  [90m 9 |[0m  
  [90m10 |[0m   );
[31m[1m>[0m [90m11 |[0m }
  [90m   |[0m [31m[1m^[0m
  [90m12 |[0m
  [90m13 |[0m
  [90m14 |[0m

Parsing ecmascript source code failed

Import traces:
  App Route:
    ./content/dsa/stack-queue/next-greater-element.tsx
    ./lib/content-registry.ts
    ./app/api/content/route.ts

  Client Component Browser:
    ./content/dsa/stack-queue/next-greater-element.tsx [Client Component Browser]
    ./components/LessonLoader.tsx [Client Component Browser]
    ./components/LessonLoader.tsx [Server Component]
    ./app/curriculum/[subject]/[topic]/[lesson]/page.tsx [Server Component]

  Client Component SSR:
    ./content/dsa/stack-queue/next-greater-element.tsx [Client Component SSR]
    ./components/LessonLoader.tsx [Client Component SSR]
    ./components/LessonLoader.tsx [Server Component]
    ./app/curriculum/[subject]/[topic]/[lesson]/page.tsx [Server Component]


./content/dsa/stack-queue/next-smaller-element.tsx:11:1
Unexpected token. Did you mean `{'}'}` or `&rbrace;`?
  [90m 9 |[0m  
  [90m10 |[0m   );
[31m[1m>[0m [90m11 |[0m }
  [90m   |[0m [31m[1m^[0m
  [90m12 |[0m
  [90m13 |[0m
  [90m14 |[0m

Parsing ecmascript source code failed

Import traces:
  App Route:
    ./content/dsa/stack-queue/next-smaller-element.tsx
    ./lib/content-registry.ts
    ./app/api/content/route.ts

  Client Component Browser:
    ./content/dsa/stack-queue/next-smaller-element.tsx [Client Component Browser]
    ./components/LessonLoader.tsx [Client Component Browser]
    ./components/LessonLoader.tsx [Server Component]
    ./app/curriculum/[subject]/[topic]/[lesson]/page.tsx [Server Component]

  Client Component SSR:
    ./content/dsa/stack-queue/next-smaller-element.tsx [Client Component SSR]
    ./components/LessonLoader.tsx [Client Component SSR]
    ./components/LessonLoader.tsx [Server Component]
    ./app/curriculum/[subject]/[topic]/[lesson]/page.tsx [Server Component]


./content/dsa/stack-queue/peek-top-operation.tsx:11:1
Unexpected token. Did you mean `{'}'}` or `&rbrace;`?
  [90m 9 |[0m  
  [90m10 |[0m   );
[31m[1m>[0m [90m11 |[0m }
  [90m   |[0m [31m[1m^[0m
  [90m12 |[0m
  [90m13 |[0m
  [90m14 |[0m

Parsing ecmascript source code failed

Import traces:
  App Route:
    ./content/dsa/stack-queue/peek-top-operation.tsx
    ./lib/content-registry.ts
    ./app/api/content/route.ts

  Client Component Browser:
    ./content/dsa/stack-queue/peek-top-operation.tsx [Client Component Browser]
    ./components/LessonLoader.tsx [Client Component Browser]
    ./components/LessonLoader.tsx [Server Component]
    ./app/curriculum/[subject]/[topic]/[lesson]/page.tsx [Server Component]

  Client Component SSR:
    ./content/dsa/stack-queue/peek-top-operation.tsx [Client Component SSR]
    ./components/LessonLoader.tsx [Client Component SSR]
    ./components/LessonLoader.tsx [Server Component]
    ./app/curriculum/[subject]/[topic]/[lesson]/page.tsx [Server Component]


./content/dsa/stack-queue/pop-operation.tsx:11:1
Unexpected token. Did you mean `{'}'}` or `&rbrace;`?
  [90m 9 |[0m  
  [90m10 |[0m   );
[31m[1m>[0m [90m11 |[0m }
  [90m   |[0m [31m[1m^[0m
  [90m12 |[0m
  [90m13 |[0m
  [90m14 |[0m

Parsing ecmascript source code failed

Import traces:
  App Route:
    ./content/dsa/stack-queue/pop-operation.tsx
    ./lib/content-registry.ts
    ./app/api/content/route.ts

  Client Component Browser:
    ./content/dsa/stack-queue/pop-operation.tsx [Client Component Browser]
    ./components/LessonLoader.tsx [Client Component Browser]
    ./components/LessonLoader.tsx [Server Component]
    ./app/curriculum/[subject]/[topic]/[lesson]/page.tsx [Server Component]

  Client Component SSR:
    ./content/dsa/stack-queue/pop-operation.tsx [Client Component SSR]
    ./components/LessonLoader.tsx [Client Component SSR]
    ./components/LessonLoader.tsx [Server Component]
    ./app/curriculum/[subject]/[topic]/[lesson]/page.tsx [Server Component]


./content/dsa/stack-queue/postfix-expression.tsx:11:1
Unexpected token. Did you mean `{'}'}` or `&rbrace;`?
  [90m 9 |[0m  
  [90m10 |[0m   );
[31m[1m>[0m [90m11 |[0m }
  [90m   |[0m [31m[1m^[0m
  [90m12 |[0m
  [90m13 |[0m
  [90m14 |[0m

Parsing ecmascript source code failed

Import traces:
  App Route:
    ./content/dsa/stack-queue/postfix-expression.tsx
    ./lib/content-registry.ts
    ./app/api/content/route.ts

  Client Component Browser:
    ./content/dsa/stack-queue/postfix-expression.tsx [Client Component Browser]
    ./components/LessonLoader.tsx [Client Component Browser]
    ./components/LessonLoader.tsx [Server Component]
    ./app/curriculum/[subject]/[topic]/[lesson]/page.tsx [Server Component]

  Client Component SSR:
    ./content/dsa/stack-queue/postfix-expression.tsx [Client Component SSR]
    ./components/LessonLoader.tsx [Client Component SSR]
    ./components/LessonLoader.tsx [Server Component]
    ./app/curriculum/[subject]/[topic]/[lesson]/page.tsx [Server Component]


./content/dsa/stack-queue/postfix-to-infix.tsx:11:1
Unexpected token. Did you mean `{'}'}` or `&rbrace;`?
  [90m 9 |[0m  
  [90m10 |[0m   );
[31m[1m>[0m [90m11 |[0m }
  [90m   |[0m [31m[1m^[0m
  [90m12 |[0m
  [90m13 |[0m
  [90m14 |[0m

Parsing ecmascript source code failed

Import traces:
  App Route:
    ./content/dsa/stack-queue/postfix-to-infix.tsx
    ./lib/content-registry.ts
    ./app/api/content/route.ts

  Client Component Browser:
    ./content/dsa/stack-queue/postfix-to-infix.tsx [Client Component Browser]
    ./components/LessonLoader.tsx [Client Component Browser]
    ./components/LessonLoader.tsx [Server Component]
    ./app/curriculum/[subject]/[topic]/[lesson]/page.tsx [Server Component]

  Client Component SSR:
    ./content/dsa/stack-queue/postfix-to-infix.tsx [Client Component SSR]
    ./components/LessonLoader.tsx [Client Component SSR]
    ./components/LessonLoader.tsx [Server Component]
    ./app/curriculum/[subject]/[topic]/[lesson]/page.tsx [Server Component]


./content/dsa/stack-queue/practice-patterns-queue.tsx:11:1
Unexpected token. Did you mean `{'}'}` or `&rbrace;`?
  [90m 9 |[0m  
  [90m10 |[0m   );
[31m[1m>[0m [90m11 |[0m }
  [90m   |[0m [31m[1m^[0m
  [90m12 |[0m
  [90m13 |[0m
  [90m14 |[0m

Parsing ecmascript source code failed

Import traces:
  App Route:
    ./content/dsa/stack-queue/practice-patterns-queue.tsx
    ./lib/content-registry.ts
    ./app/api/content/route.ts

  Client Component Browser:
    ./content/dsa/stack-queue/practice-patterns-queue.tsx [Client Component Browser]
    ./components/LessonLoader.tsx [Client Component Browser]
    ./components/LessonLoader.tsx [Server Component]
    ./app/curriculum/[subject]/[topic]/[lesson]/page.tsx [Server Component]

  Client Component SSR:
    ./content/dsa/stack-queue/practice-patterns-queue.tsx [Client Component SSR]
    ./components/LessonLoader.tsx [Client Component SSR]
    ./components/LessonLoader.tsx [Server Component]
    ./app/curriculum/[subject]/[topic]/[lesson]/page.tsx [Server Component]


./content/dsa/stack-queue/practice-patterns-stack.tsx:11:1
Unexpected token. Did you mean `{'}'}` or `&rbrace;`?
  [90m 9 |[0m  
  [90m10 |[0m   );
[31m[1m>[0m [90m11 |[0m }
  [90m   |[0m [31m[1m^[0m
  [90m12 |[0m
  [90m13 |[0m
  [90m14 |[0m

Parsing ecmascript source code failed

Import traces:
  App Route:
    ./content/dsa/stack-queue/practice-patterns-stack.tsx
    ./lib/content-registry.ts
    ./app/api/content/route.ts

  Client Component Browser:
    ./content/dsa/stack-queue/practice-patterns-stack.tsx [Client Component Browser]
    ./components/LessonLoader.tsx [Client Component Browser]
    ./components/LessonLoader.tsx [Server Component]
    ./app/curriculum/[subject]/[topic]/[lesson]/page.tsx [Server Component]

  Client Component SSR:
    ./content/dsa/stack-queue/practice-patterns-stack.tsx [Client Component SSR]
    ./components/LessonLoader.tsx [Client Component SSR]
    ./components/LessonLoader.tsx [Server Component]
    ./app/curriculum/[subject]/[topic]/[lesson]/page.tsx [Server Component]


./content/dsa/stack-queue/prefix-expression.tsx:11:1
Unexpected token. Did you mean `{'}'}` or `&rbrace;`?
  [90m 9 |[0m  
  [90m10 |[0m   );
[31m[1m>[0m [90m11 |[0m }
  [90m   |[0m [31m[1m^[0m
  [90m12 |[0m
  [90m13 |[0m
  [90m14 |[0m

Parsing ecmascript source code failed

Import traces:
  App Route:
    ./content/dsa/stack-queue/prefix-expression.tsx
    ./lib/content-registry.ts
    ./app/api/content/route.ts

  Client Component Browser:
    ./content/dsa/stack-queue/prefix-expression.tsx [Client Component Browser]
    ./components/LessonLoader.tsx [Client Component Browser]
    ./components/LessonLoader.tsx [Server Component]
    ./app/curriculum/[subject]/[topic]/[lesson]/page.tsx [Server Component]

  Client Component SSR:
    ./content/dsa/stack-queue/prefix-expression.tsx [Client Component SSR]
    ./components/LessonLoader.tsx [Client Component SSR]
    ./components/LessonLoader.tsx [Server Component]
    ./app/curriculum/[subject]/[topic]/[lesson]/page.tsx [Server Component]


./content/dsa/stack-queue/prefix-to-infix.tsx:11:1
Unexpected token. Did you mean `{'}'}` or `&rbrace;`?
  [90m 9 |[0m  
  [90m10 |[0m   );
[31m[1m>[0m [90m11 |[0m }
  [90m   |[0m [31m[1m^[0m
  [90m12 |[0m
  [90m13 |[0m
  [90m14 |[0m

Parsing ecmascript source code failed

Import traces:
  App Route:
    ./content/dsa/stack-queue/prefix-to-infix.tsx
    ./lib/content-registry.ts
    ./app/api/content/route.ts

  Client Component Browser:
    ./content/dsa/stack-queue/prefix-to-infix.tsx [Client Component Browser]
    ./components/LessonLoader.tsx [Client Component Browser]
    ./components/LessonLoader.tsx [Server Component]
    ./app/curriculum/[subject]/[topic]/[lesson]/page.tsx [Server Component]

  Client Component SSR:
    ./content/dsa/stack-queue/prefix-to-infix.tsx [Client Component SSR]
    ./components/LessonLoader.tsx [Client Component SSR]
    ./components/LessonLoader.tsx [Server Component]
    ./app/curriculum/[subject]/[topic]/[lesson]/page.tsx [Server Component]


./content/dsa/stack-queue/previous-greater-element.tsx:11:1
Unexpected token. Did you mean `{'}'}` or `&rbrace;`?
  [90m 9 |[0m  
  [90m10 |[0m   );
[31m[1m>[0m [90m11 |[0m }
  [90m   |[0m [31m[1m^[0m
  [90m12 |[0m
  [90m13 |[0m
  [90m14 |[0m

Parsing ecmascript source code failed

Import traces:
  App Route:
    ./content/dsa/stack-queue/previous-greater-element.tsx
    ./lib/content-registry.ts
    ./app/api/content/route.ts

  Client Component Browser:
    ./content/dsa/stack-queue/previous-greater-element.tsx [Client Component Browser]
    ./components/LessonLoader.tsx [Client Component Browser]
    ./components/LessonLoader.tsx [Server Component]
    ./app/curriculum/[subject]/[topic]/[lesson]/page.tsx [Server Component]

  Client Component SSR:
    ./content/dsa/stack-queue/previous-greater-element.tsx [Client Component SSR]
    ./components/LessonLoader.tsx [Client Component SSR]
    ./components/LessonLoader.tsx [Server Component]
    ./app/curriculum/[subject]/[topic]/[lesson]/page.tsx [Server Component]


./content/dsa/stack-queue/previous-smaller-element.tsx:11:1
Unexpected token. Did you mean `{'}'}` or `&rbrace;`?
  [90m 9 |[0m  
  [90m10 |[0m   );
[31m[1m>[0m [90m11 |[0m }
  [90m   |[0m [31m[1m^[0m
  [90m12 |[0m
  [90m13 |[0m
  [90m14 |[0m

Parsing ecmascript source code failed

Import traces:
  App Route:
    ./content/dsa/stack-queue/previous-smaller-element.tsx
    ./lib/content-registry.ts
    ./app/api/content/route.ts

  Client Component Browser:
    ./content/dsa/stack-queue/previous-smaller-element.tsx [Client Component Browser]
    ./components/LessonLoader.tsx [Client Component Browser]
    ./components/LessonLoader.tsx [Server Component]
    ./app/curriculum/[subject]/[topic]/[lesson]/page.tsx [Server Component]

  Client Component SSR:
    ./content/dsa/stack-queue/previous-smaller-element.tsx [Client Component SSR]
    ./components/LessonLoader.tsx [Client Component SSR]
    ./components/LessonLoader.tsx [Server Component]
    ./app/curriculum/[subject]/[topic]/[lesson]/page.tsx [Server Component]


./content/dsa/stack-queue/printer-queue.tsx:11:1
Unexpected token. Did you mean `{'}'}` or `&rbrace;`?
  [90m 9 |[0m  
  [90m10 |[0m   );
[31m[1m>[0m [90m11 |[0m }
  [90m   |[0m [31m[1m^[0m
  [90m12 |[0m
  [90m13 |[0m
  [90m14 |[0m

Parsing ecmascript source code failed

Import traces:
  App Route:
    ./content/dsa/stack-queue/printer-queue.tsx
    ./lib/content-registry.ts
    ./app/api/content/route.ts

  Client Component Browser:
    ./content/dsa/stack-queue/printer-queue.tsx [Client Component Browser]
    ./components/LessonLoader.tsx [Client Component Browser]
    ./components/LessonLoader.tsx [Server Component]
    ./app/curriculum/[subject]/[topic]/[lesson]/page.tsx [Server Component]

  Client Component SSR:
    ./content/dsa/stack-queue/printer-queue.tsx [Client Component SSR]
    ./components/LessonLoader.tsx [Client Component SSR]
    ./components/LessonLoader.tsx [Server Component]
    ./app/curriculum/[subject]/[topic]/[lesson]/page.tsx [Server Component]


./content/dsa/stack-queue/priority-queue-heap.tsx:11:1
Unexpected token. Did you mean `{'}'}` or `&rbrace;`?
  [90m 9 |[0m  
  [90m10 |[0m   );
[31m[1m>[0m [90m11 |[0m }
  [90m   |[0m [31m[1m^[0m
  [90m12 |[0m
  [90m13 |[0m
  [90m14 |[0m

Parsing ecmascript source code failed

Import traces:
  App Route:
    ./content/dsa/stack-queue/priority-queue-heap.tsx
    ./lib/content-registry.ts
    ./app/api/content/route.ts

  Client Component Browser:
    ./content/dsa/stack-queue/priority-queue-heap.tsx [Client Component Browser]
    ./components/LessonLoader.tsx [Client Component Browser]
    ./components/LessonLoader.tsx [Server Component]
    ./app/curriculum/[subject]/[topic]/[lesson]/page.tsx [Server Component]

  Client Component SSR:
    ./content/dsa/stack-queue/priority-queue-heap.tsx [Client Component SSR]
    ./components/LessonLoader.tsx [Client Component SSR]
    ./components/LessonLoader.tsx [Server Component]
    ./app/curriculum/[subject]/[topic]/[lesson]/page.tsx [Server Component]


./content/dsa/stack-queue/priority-queue-intro.tsx:11:1
Unexpected token. Did you mean `{'}'}` or `&rbrace;`?
  [90m 9 |[0m  
  [90m10 |[0m   );
[31m[1m>[0m [90m11 |[0m }
  [90m   |[0m [31m[1m^[0m
  [90m12 |[0m
  [90m13 |[0m
  [90m14 |[0m

Parsing ecmascript source code failed

Import traces:
  App Route:
    ./content/dsa/stack-queue/priority-queue-intro.tsx
    ./lib/content-registry.ts
    ./app/api/content/route.ts

  Client Component Browser:
    ./content/dsa/stack-queue/priority-queue-intro.tsx [Client Component Browser]
    ./components/LessonLoader.tsx [Client Component Browser]
    ./components/LessonLoader.tsx [Server Component]
    ./app/curriculum/[subject]/[topic]/[lesson]/page.tsx [Server Component]

  Client Component SSR:
    ./content/dsa/stack-queue/priority-queue-intro.tsx [Client Component SSR]
    ./components/LessonLoader.tsx [Client Component SSR]
    ./components/LessonLoader.tsx [Server Component]
    ./app/curriculum/[subject]/[topic]/[lesson]/page.tsx [Server Component]


./content/dsa/stack-queue/push-operation.tsx:11:1
Unexpected token. Did you mean `{'}'}` or `&rbrace;`?
  [90m 9 |[0m  
  [90m10 |[0m   );
[31m[1m>[0m [90m11 |[0m }
  [90m   |[0m [31m[1m^[0m
  [90m12 |[0m
  [90m13 |[0m
  [90m14 |[0m

Parsing ecmascript source code failed

Import traces:
  App Route:
    ./content/dsa/stack-queue/push-operation.tsx
    ./lib/content-registry.ts
    ./app/api/content/route.ts

  Client Component Browser:
    ./content/dsa/stack-queue/push-operation.tsx [Client Component Browser]
    ./components/LessonLoader.tsx [Client Component Browser]
    ./components/LessonLoader.tsx [Server Component]
    ./app/curriculum/[subject]/[topic]/[lesson]/page.tsx [Server Component]

  Client Component SSR:
    ./content/dsa/stack-queue/push-operation.tsx [Client Component SSR]
    ./components/LessonLoader.tsx [Client Component SSR]
    ./components/LessonLoader.tsx [Server Component]
    ./app/curriculum/[subject]/[topic]/[lesson]/page.tsx [Server Component]


./content/dsa/stack-queue/queue-arrays.tsx:11:1
Unexpected token. Did you mean `{'}'}` or `&rbrace;`?
  [90m 9 |[0m  
  [90m10 |[0m   );
[31m[1m>[0m [90m11 |[0m }
  [90m   |[0m [31m[1m^[0m
  [90m12 |[0m
  [90m13 |[0m
  [90m14 |[0m

Parsing ecmascript source code failed

Import traces:
  App Route:
    ./content/dsa/stack-queue/queue-arrays.tsx
    ./lib/content-registry.ts
    ./app/api/content/route.ts

  Client Component Browser:
    ./content/dsa/stack-queue/queue-arrays.tsx [Client Component Browser]
    ./components/LessonLoader.tsx [Client Component Browser]
    ./components/LessonLoader.tsx [Server Component]
    ./app/curriculum/[subject]/[topic]/[lesson]/page.tsx [Server Component]

  Client Component SSR:
    ./content/dsa/stack-queue/queue-arrays.tsx [Client Component SSR]
    ./components/LessonLoader.tsx [Client Component SSR]
    ./components/LessonLoader.tsx [Server Component]
    ./app/curriculum/[subject]/[topic]/[lesson]/page.tsx [Server Component]


./content/dsa/stack-queue/queue-data-structure.tsx:11:1
Unexpected token. Did you mean `{'}'}` or `&rbrace;`?
  [90m 9 |[0m  
  [90m10 |[0m   );
[31m[1m>[0m [90m11 |[0m }
  [90m   |[0m [31m[1m^[0m
  [90m12 |[0m
  [90m13 |[0m
  [90m14 |[0m

Parsing ecmascript source code failed

Import traces:
  App Route:
    ./content/dsa/stack-queue/queue-data-structure.tsx
    ./lib/content-registry.ts
    ./app/api/content/route.ts

  Client Component Browser:
    ./content/dsa/stack-queue/queue-data-structure.tsx [Client Component Browser]
    ./components/LessonLoader.tsx [Client Component Browser]
    ./components/LessonLoader.tsx [Server Component]
    ./app/curriculum/[subject]/[topic]/[lesson]/page.tsx [Server Component]

  Client Component SSR:
    ./content/dsa/stack-queue/queue-data-structure.tsx [Client Component SSR]
    ./components/LessonLoader.tsx [Client Component SSR]
    ./components/LessonLoader.tsx [Server Component]
    ./app/curriculum/[subject]/[topic]/[lesson]/page.tsx [Server Component]


./content/dsa/stack-queue/queue-linked-list.tsx:11:1
Unexpected token. Did you mean `{'}'}` or `&rbrace;`?
  [90m 9 |[0m  
  [90m10 |[0m   );
[31m[1m>[0m [90m11 |[0m }
  [90m   |[0m [31m[1m^[0m
  [90m12 |[0m
  [90m13 |[0m
  [90m14 |[0m

Parsing ecmascript source code failed

Import traces:
  App Route:
    ./content/dsa/stack-queue/queue-linked-list.tsx
    ./lib/content-registry.ts
    ./app/api/content/route.ts

  Client Component Browser:
    ./content/dsa/stack-queue/queue-linked-list.tsx [Client Component Browser]
    ./components/LessonLoader.tsx [Client Component Browser]
    ./components/LessonLoader.tsx [Server Component]
    ./app/curriculum/[subject]/[topic]/[lesson]/page.tsx [Server Component]

  Client Component SSR:
    ./content/dsa/stack-queue/queue-linked-list.tsx [Client Component SSR]
    ./components/LessonLoader.tsx [Client Component SSR]
    ./components/LessonLoader.tsx [Server Component]
    ./app/curriculum/[subject]/[topic]/[lesson]/page.tsx [Server Component]


./content/dsa/stack-queue/queue-operations.tsx:11:1
Unexpected token. Did you mean `{'}'}` or `&rbrace;`?
  [90m 9 |[0m  
  [90m10 |[0m   );
[31m[1m>[0m [90m11 |[0m }
  [90m   |[0m [31m[1m^[0m
  [90m12 |[0m
  [90m13 |[0m
  [90m14 |[0m

Parsing ecmascript source code failed

Import traces:
  App Route:
    ./content/dsa/stack-queue/queue-operations.tsx
    ./lib/content-registry.ts
    ./app/api/content/route.ts

  Client Component Browser:
    ./content/dsa/stack-queue/queue-operations.tsx [Client Component Browser]
    ./components/LessonLoader.tsx [Client Component Browser]
    ./components/LessonLoader.tsx [Server Component]
    ./app/curriculum/[subject]/[topic]/[lesson]/page.tsx [Server Component]

  Client Component SSR:
    ./content/dsa/stack-queue/queue-operations.tsx [Client Component SSR]
    ./components/LessonLoader.tsx [Client Component SSR]
    ./components/LessonLoader.tsx [Server Component]
    ./app/curriculum/[subject]/[topic]/[lesson]/page.tsx [Server Component]


./content/dsa/stack-queue/queue-using-stack.tsx:11:1
Unexpected token. Did you mean `{'}'}` or `&rbrace;`?
  [90m 9 |[0m  
  [90m10 |[0m   );
[31m[1m>[0m [90m11 |[0m }
  [90m   |[0m [31m[1m^[0m
  [90m12 |[0m
  [90m13 |[0m
  [90m14 |[0m

Parsing ecmascript source code failed

Import traces:
  App Route:
    ./content/dsa/stack-queue/queue-using-stack.tsx
    ./lib/content-registry.ts
    ./app/api/content/route.ts

  Client Component Browser:
    ./content/dsa/stack-queue/queue-using-stack.tsx [Client Component Browser]
    ./components/LessonLoader.tsx [Client Component Browser]
    ./components/LessonLoader.tsx [Server Component]
    ./app/curriculum/[subject]/[topic]/[lesson]/page.tsx [Server Component]

  Client Component SSR:
    ./content/dsa/stack-queue/queue-using-stack.tsx [Client Component SSR]
    ./components/LessonLoader.tsx [Client Component SSR]
    ./components/LessonLoader.tsx [Server Component]
    ./app/curriculum/[subject]/[topic]/[lesson]/page.tsx [Server Component]


./content/dsa/stack-queue/recursion-call-stack.tsx:11:1
Unexpected token. Did you mean `{'}'}` or `&rbrace;`?
  [90m 9 |[0m  
  [90m10 |[0m   );
[31m[1m>[0m [90m11 |[0m }
  [90m   |[0m [31m[1m^[0m
  [90m12 |[0m
  [90m13 |[0m
  [90m14 |[0m

Parsing ecmascript source code failed

Import traces:
  App Route:
    ./content/dsa/stack-queue/recursion-call-stack.tsx
    ./lib/content-registry.ts
    ./app/api/content/route.ts

  Client Component Browser:
    ./content/dsa/stack-queue/recursion-call-stack.tsx [Client Component Browser]
    ./components/LessonLoader.tsx [Client Component Browser]
    ./components/LessonLoader.tsx [Server Component]
    ./app/curriculum/[subject]/[topic]/[lesson]/page.tsx [Server Component]

  Client Component SSR:
    ./content/dsa/stack-queue/recursion-call-stack.tsx [Client Component SSR]
    ./components/LessonLoader.tsx [Client Component SSR]
    ./components/LessonLoader.tsx [Server Component]
    ./app/curriculum/[subject]/[topic]/[lesson]/page.tsx [Server Component]


./content/dsa/stack-queue/sliding-window-max.tsx:11:1
Unexpected token. Did you mean `{'}'}` or `&rbrace;`?
  [90m 9 |[0m  
  [90m10 |[0m   );
[31m[1m>[0m [90m11 |[0m }
  [90m   |[0m [31m[1m^[0m
  [90m12 |[0m
  [90m13 |[0m
  [90m14 |[0m

Parsing ecmascript source code failed

Import traces:
  App Route:
    ./content/dsa/stack-queue/sliding-window-max.tsx
    ./lib/content-registry.ts
    ./app/api/content/route.ts

  Client Component Browser:
    ./content/dsa/stack-queue/sliding-window-max.tsx [Client Component Browser]
    ./components/LessonLoader.tsx [Client Component Browser]
    ./components/LessonLoader.tsx [Server Component]
    ./app/curriculum/[subject]/[topic]/[lesson]/page.tsx [Server Component]

  Client Component SSR:
    ./content/dsa/stack-queue/sliding-window-max.tsx [Client Component SSR]
    ./components/LessonLoader.tsx [Client Component SSR]
    ./components/LessonLoader.tsx [Server Component]
    ./app/curriculum/[subject]/[topic]/[lesson]/page.tsx [Server Component]


./content/dsa/stack-queue/special-stack.tsx:11:1
Unexpected token. Did you mean `{'}'}` or `&rbrace;`?
  [90m 9 |[0m  
  [90m10 |[0m   );
[31m[1m>[0m [90m11 |[0m }
  [90m   |[0m [31m[1m^[0m
  [90m12 |[0m
  [90m13 |[0m
  [90m14 |[0m

Parsing ecmascript source code failed

Import traces:
  App Route:
    ./content/dsa/stack-queue/special-stack.tsx
    ./lib/content-registry.ts
    ./app/api/content/route.ts

  Client Component Browser:
    ./content/dsa/stack-queue/special-stack.tsx [Client Component Browser]
    ./components/LessonLoader.tsx [Client Component Browser]
    ./components/LessonLoader.tsx [Server Component]
    ./app/curriculum/[subject]/[topic]/[lesson]/page.tsx [Server Component]

  Client Component SSR:
    ./content/dsa/stack-queue/special-stack.tsx [Client Component SSR]
    ./components/LessonLoader.tsx [Client Component SSR]
    ./components/LessonLoader.tsx [Server Component]
    ./app/curriculum/[subject]/[topic]/[lesson]/page.tsx [Server Component]


./content/dsa/stack-queue/stack-arrays.tsx:11:1
Unexpected token. Did you mean `{'}'}` or `&rbrace;`?
  [90m 9 |[0m  
  [90m10 |[0m   );
[31m[1m>[0m [90m11 |[0m }
  [90m   |[0m [31m[1m^[0m
  [90m12 |[0m
  [90m13 |[0m
  [90m14 |[0m

Parsing ecmascript source code failed

Import traces:
  App Route:
    ./content/dsa/stack-queue/stack-arrays.tsx
    ./lib/content-registry.ts
    ./app/api/content/route.ts

  Client Component Browser:
    ./content/dsa/stack-queue/stack-arrays.tsx [Client Component Browser]
    ./components/LessonLoader.tsx [Client Component Browser]
    ./components/LessonLoader.tsx [Server Component]
    ./app/curriculum/[subject]/[topic]/[lesson]/page.tsx [Server Component]

  Client Component SSR:
    ./content/dsa/stack-queue/stack-arrays.tsx [Client Component SSR]
    ./components/LessonLoader.tsx [Client Component SSR]
    ./components/LessonLoader.tsx [Server Component]
    ./app/curriculum/[subject]/[topic]/[lesson]/page.tsx [Server Component]


./content/dsa/stack-queue/stack-basics.tsx:11:1
Unexpected token. Did you mean `{'}'}` or `&rbrace;`?
  [90m 9 |[0m  
  [90m10 |[0m   );
[31m[1m>[0m [90m11 |[0m }
  [90m   |[0m [31m[1m^[0m
  [90m12 |[0m
  [90m13 |[0m

Parsing ecmascript source code failed

Import traces:
  App Route:
    ./content/dsa/stack-queue/stack-basics.tsx
    ./lib/content-registry.ts
    ./app/api/content/route.ts

  Client Component Browser:
    ./content/dsa/stack-queue/stack-basics.tsx [Client Component Browser]
    ./components/LessonLoader.tsx [Client Component Browser]
    ./components/LessonLoader.tsx [Server Component]
    ./app/curriculum/[subject]/[topic]/[lesson]/page.tsx [Server Component]

  Client Component SSR:
    ./content/dsa/stack-queue/stack-basics.tsx [Client Component SSR]
    ./components/LessonLoader.tsx [Client Component SSR]
    ./components/LessonLoader.tsx [Server Component]
    ./app/curriculum/[subject]/[topic]/[lesson]/page.tsx [Server Component]


./content/dsa/stack-queue/stack-data-structure.tsx:11:1
Unexpected token. Did you mean `{'}'}` or `&rbrace;`?
  [90m 9 |[0m  
  [90m10 |[0m   );
[31m[1m>[0m [90m11 |[0m }
  [90m   |[0m [31m[1m^[0m
  [90m12 |[0m
  [90m13 |[0m
  [90m14 |[0m

Parsing ecmascript source code failed

Import traces:
  App Route:
    ./content/dsa/stack-queue/stack-data-structure.tsx
    ./lib/content-registry.ts
    ./app/api/content/route.ts

  Client Component Browser:
    ./content/dsa/stack-queue/stack-data-structure.tsx [Client Component Browser]
    ./components/LessonLoader.tsx [Client Component Browser]
    ./components/LessonLoader.tsx [Server Component]
    ./app/curriculum/[subject]/[topic]/[lesson]/page.tsx [Server Component]

  Client Component SSR:
    ./content/dsa/stack-queue/stack-data-structure.tsx [Client Component SSR]
    ./components/LessonLoader.tsx [Client Component SSR]
    ./components/LessonLoader.tsx [Server Component]
    ./app/curriculum/[subject]/[topic]/[lesson]/page.tsx [Server Component]


./content/dsa/stack-queue/stack-linked-list.tsx:11:1
Unexpected token. Did you mean `{'}'}` or `&rbrace;`?
  [90m 9 |[0m  
  [90m10 |[0m   );
[31m[1m>[0m [90m11 |[0m }
  [90m   |[0m [31m[1m^[0m
  [90m12 |[0m
  [90m13 |[0m
  [90m14 |[0m

Parsing ecmascript source code failed

Import traces:
  App Route:
    ./content/dsa/stack-queue/stack-linked-list.tsx
    ./lib/content-registry.ts
    ./app/api/content/route.ts

  Client Component Browser:
    ./content/dsa/stack-queue/stack-linked-list.tsx [Client Component Browser]
    ./components/LessonLoader.tsx [Client Component Browser]
    ./components/LessonLoader.tsx [Server Component]
    ./app/curriculum/[subject]/[topic]/[lesson]/page.tsx [Server Component]

  Client Component SSR:
    ./content/dsa/stack-queue/stack-linked-list.tsx [Client Component SSR]
    ./components/LessonLoader.tsx [Client Component SSR]
    ./components/LessonLoader.tsx [Server Component]
    ./app/curriculum/[subject]/[topic]/[lesson]/page.tsx [Server Component]


./content/dsa/stack-queue/stack-operations.tsx:11:1
Unexpected token. Did you mean `{'}'}` or `&rbrace;`?
  [90m 9 |[0m  
  [90m10 |[0m   );
[31m[1m>[0m [90m11 |[0m }
  [90m   |[0m [31m[1m^[0m
  [90m12 |[0m
  [90m13 |[0m
  [90m14 |[0m

Parsing ecmascript source code failed

Import traces:
  App Route:
    ./content/dsa/stack-queue/stack-operations.tsx
    ./lib/content-registry.ts
    ./app/api/content/route.ts

  Client Component Browser:
    ./content/dsa/stack-queue/stack-operations.tsx [Client Component Browser]
    ./components/LessonLoader.tsx [Client Component Browser]
    ./components/LessonLoader.tsx [Server Component]
    ./app/curriculum/[subject]/[topic]/[lesson]/page.tsx [Server Component]

  Client Component SSR:
    ./content/dsa/stack-queue/stack-operations.tsx [Client Component SSR]
    ./components/LessonLoader.tsx [Client Component SSR]
    ./components/LessonLoader.tsx [Server Component]
    ./app/curriculum/[subject]/[topic]/[lesson]/page.tsx [Server Component]


./content/dsa/stack-queue/stack-using-queue-queue.tsx:11:1
Unexpected token. Did you mean `{'}'}` or `&rbrace;`?
  [90m 9 |[0m  
  [90m10 |[0m   );
[31m[1m>[0m [90m11 |[0m }
  [90m   |[0m [31m[1m^[0m
  [90m12 |[0m
  [90m13 |[0m
  [90m14 |[0m

Parsing ecmascript source code failed

Import traces:
  App Route:
    ./content/dsa/stack-queue/stack-using-queue-queue.tsx
    ./lib/content-registry.ts
    ./app/api/content/route.ts

  Client Component Browser:
    ./content/dsa/stack-queue/stack-using-queue-queue.tsx [Client Component Browser]
    ./components/LessonLoader.tsx [Client Component Browser]
    ./components/LessonLoader.tsx [Server Component]
    ./app/curriculum/[subject]/[topic]/[lesson]/page.tsx [Server Component]

  Client Component SSR:
    ./content/dsa/stack-queue/stack-using-queue-queue.tsx [Client Component SSR]
    ./components/LessonLoader.tsx [Client Component SSR]
    ./components/LessonLoader.tsx [Server Component]
    ./app/curriculum/[subject]/[topic]/[lesson]/page.tsx [Server Component]


./content/dsa/stack-queue/stack-using-queue.tsx:11:1
Unexpected token. Did you mean `{'}'}` or `&rbrace;`?
  [90m 9 |[0m  
  [90m10 |[0m   );
[31m[1m>[0m [90m11 |[0m }
  [90m   |[0m [31m[1m^[0m
  [90m12 |[0m
  [90m13 |[0m
  [90m14 |[0m

Parsing ecmascript source code failed

Import traces:
  App Route:
    ./content/dsa/stack-queue/stack-using-queue.tsx
    ./lib/content-registry.ts
    ./app/api/content/route.ts

  Client Component Browser:
    ./content/dsa/stack-queue/stack-using-queue.tsx [Client Component Browser]
    ./components/LessonLoader.tsx [Client Component Browser]
    ./components/LessonLoader.tsx [Server Component]
    ./app/curriculum/[subject]/[topic]/[lesson]/page.tsx [Server Component]

  Client Component SSR:
    ./content/dsa/stack-queue/stack-using-queue.tsx [Client Component SSR]
    ./components/LessonLoader.tsx [Client Component SSR]
    ./components/LessonLoader.tsx [Server Component]
    ./app/curriculum/[subject]/[topic]/[lesson]/page.tsx [Server Component]


./content/dsa/stack-queue/stl-deque.tsx:11:1
Unexpected token. Did you mean `{'}'}` or `&rbrace;`?
  [90m 9 |[0m  
  [90m10 |[0m   );
[31m[1m>[0m [90m11 |[0m }
  [90m   |[0m [31m[1m^[0m
  [90m12 |[0m
  [90m13 |[0m
  [90m14 |[0m

Parsing ecmascript source code failed

Import traces:
  App Route:
    ./content/dsa/stack-queue/stl-deque.tsx
    ./lib/content-registry.ts
    ./app/api/content/route.ts

  Client Component Browser:
    ./content/dsa/stack-queue/stl-deque.tsx [Client Component Browser]
    ./components/LessonLoader.tsx [Client Component Browser]
    ./components/LessonLoader.tsx [Server Component]
    ./app/curriculum/[subject]/[topic]/[lesson]/page.tsx [Server Component]

  Client Component SSR:
    ./content/dsa/stack-queue/stl-deque.tsx [Client Component SSR]
    ./components/LessonLoader.tsx [Client Component SSR]
    ./components/LessonLoader.tsx [Server Component]
    ./app/curriculum/[subject]/[topic]/[lesson]/page.tsx [Server Component]


./content/dsa/stack-queue/stl-priority-queue-stl.tsx:11:1
Unexpected token. Did you mean `{'}'}` or `&rbrace;`?
  [90m 9 |[0m  
  [90m10 |[0m   );
[31m[1m>[0m [90m11 |[0m }
  [90m   |[0m [31m[1m^[0m
  [90m12 |[0m
  [90m13 |[0m
  [90m14 |[0m

Parsing ecmascript source code failed

Import traces:
  App Route:
    ./content/dsa/stack-queue/stl-priority-queue-stl.tsx
    ./lib/content-registry.ts
    ./app/api/content/route.ts

  Client Component Browser:
    ./content/dsa/stack-queue/stl-priority-queue-stl.tsx [Client Component Browser]
    ./components/LessonLoader.tsx [Client Component Browser]
    ./components/LessonLoader.tsx [Server Component]
    ./app/curriculum/[subject]/[topic]/[lesson]/page.tsx [Server Component]

  Client Component SSR:
    ./content/dsa/stack-queue/stl-priority-queue-stl.tsx [Client Component SSR]
    ./components/LessonLoader.tsx [Client Component SSR]
    ./components/LessonLoader.tsx [Server Component]
    ./app/curriculum/[subject]/[topic]/[lesson]/page.tsx [Server Component]


./content/dsa/stack-queue/stl-queue.tsx:11:1
Unexpected token. Did you mean `{'}'}` or `&rbrace;`?
  [90m 9 |[0m  
  [90m10 |[0m   );
[31m[1m>[0m [90m11 |[0m }
  [90m   |[0m [31m[1m^[0m
  [90m12 |[0m
  [90m13 |[0m
  [90m14 |[0m

Parsing ecmascript source code failed

Import traces:
  App Route:
    ./content/dsa/stack-queue/stl-queue.tsx
    ./lib/content-registry.ts
    ./app/api/content/route.ts

  Client Component Browser:
    ./content/dsa/stack-queue/stl-queue.tsx [Client Component Browser]
    ./components/LessonLoader.tsx [Client Component Browser]
    ./components/LessonLoader.tsx [Server Component]
    ./app/curriculum/[subject]/[topic]/[lesson]/page.tsx [Server Component]

  Client Component SSR:
    ./content/dsa/stack-queue/stl-queue.tsx [Client Component SSR]
    ./components/LessonLoader.tsx [Client Component SSR]
    ./components/LessonLoader.tsx [Server Component]
    ./app/curriculum/[subject]/[topic]/[lesson]/page.tsx [Server Component]


./content/dsa/stack-queue/stl-stack.tsx:11:1
Unexpected token. Did you mean `{'}'}` or `&rbrace;`?
  [90m 9 |[0m  
  [90m10 |[0m   );
[31m[1m>[0m [90m11 |[0m }
  [90m   |[0m [31m[1m^[0m
  [90m12 |[0m
  [90m13 |[0m
  [90m14 |[0m

Parsing ecmascript source code failed

Import traces:
  App Route:
    ./content/dsa/stack-queue/stl-stack.tsx
    ./lib/content-registry.ts
    ./app/api/content/route.ts

  Client Component Browser:
    ./content/dsa/stack-queue/stl-stack.tsx [Client Component Browser]
    ./components/LessonLoader.tsx [Client Component Browser]
    ./components/LessonLoader.tsx [Server Component]
    ./app/curriculum/[subject]/[topic]/[lesson]/page.tsx [Server Component]

  Client Component SSR:
    ./content/dsa/stack-queue/stl-stack.tsx [Client Component SSR]
    ./components/LessonLoader.tsx [Client Component SSR]
    ./components/LessonLoader.tsx [Server Component]
    ./app/curriculum/[subject]/[topic]/[lesson]/page.tsx [Server Component]


./content/dsa/stack-queue/stock-span.tsx:11:1
Unexpected token. Did you mean `{'}'}` or `&rbrace;`?
  [90m 9 |[0m  
  [90m10 |[0m   );
[31m[1m>[0m [90m11 |[0m }
  [90m   |[0m [31m[1m^[0m
  [90m12 |[0m
  [90m13 |[0m
  [90m14 |[0m

Parsing ecmascript source code failed

Import traces:
  App Route:
    ./content/dsa/stack-queue/stock-span.tsx
    ./lib/content-registry.ts
    ./app/api/content/route.ts

  Client Component Browser:
    ./content/dsa/stack-queue/stock-span.tsx [Client Component Browser]
    ./components/LessonLoader.tsx [Client Component Browser]
    ./components/LessonLoader.tsx [Server Component]
    ./app/curriculum/[subject]/[topic]/[lesson]/page.tsx [Server Component]

  Client Component SSR:
    ./content/dsa/stack-queue/stock-span.tsx [Client Component SSR]
    ./components/LessonLoader.tsx [Client Component SSR]
    ./components/LessonLoader.tsx [Server Component]
    ./app/curriculum/[subject]/[topic]/[lesson]/page.tsx [Server Component]


./content/dsa/stack-queue/trapping-rain-water.tsx:11:1
Unexpected token. Did you mean `{'}'}` or `&rbrace;`?
  [90m 9 |[0m  
  [90m10 |[0m   );
[31m[1m>[0m [90m11 |[0m }
  [90m   |[0m [31m[1m^[0m
  [90m12 |[0m
  [90m13 |[0m
  [90m14 |[0m

Parsing ecmascript source code failed

Import traces:
  App Route:
    ./content/dsa/stack-queue/trapping-rain-water.tsx
    ./lib/content-registry.ts
    ./app/api/content/route.ts

  Client Component Browser:
    ./content/dsa/stack-queue/trapping-rain-water.tsx [Client Component Browser]
    ./components/LessonLoader.tsx [Client Component Browser]
    ./components/LessonLoader.tsx [Server Component]
    ./app/curriculum/[subject]/[topic]/[lesson]/page.tsx [Server Component]

  Client Component SSR:
    ./content/dsa/stack-queue/trapping-rain-water.tsx [Client Component SSR]
    ./components/LessonLoader.tsx [Client Component SSR]
    ./components/LessonLoader.tsx [Server Component]
    ./app/curriculum/[subject]/[topic]/[lesson]/page.tsx [Server Component]


./content/dsa/stack-queue/two-stack-one-array.tsx:11:1
Unexpected token. Did you mean `{'}'}` or `&rbrace;`?
  [90m 9 |[0m  
  [90m10 |[0m   );
[31m[1m>[0m [90m11 |[0m }
  [90m   |[0m [31m[1m^[0m
  [90m12 |[0m
  [90m13 |[0m
  [90m14 |[0m

Parsing ecmascript source code failed

Import traces:
  App Route:
    ./content/dsa/stack-queue/two-stack-one-array.tsx
    ./lib/content-registry.ts
    ./app/api/content/route.ts

  Client Component Browser:
    ./content/dsa/stack-queue/two-stack-one-array.tsx [Client Component Browser]
    ./components/LessonLoader.tsx [Client Component Browser]
    ./components/LessonLoader.tsx [Server Component]
    ./app/curriculum/[subject]/[topic]/[lesson]/page.tsx [Server Component]

  Client Component SSR:
    ./content/dsa/stack-queue/two-stack-one-array.tsx [Client Component SSR]
    ./components/LessonLoader.tsx [Client Component SSR]
    ./components/LessonLoader.tsx [Server Component]
    ./app/curriculum/[subject]/[topic]/[lesson]/page.tsx [Server Component]


./content/dsa/stack-queue/valid-parentheses.tsx:11:1
Unexpected token. Did you mean `{'}'}` or `&rbrace;`?
  [90m 9 |[0m  
  [90m10 |[0m   );
[31m[1m>[0m [90m11 |[0m }
  [90m   |[0m [31m[1m^[0m
  [90m12 |[0m
  [90m13 |[0m
  [90m14 |[0m

Parsing ecmascript source code failed

Import traces:
  App Route:
    ./content/dsa/stack-queue/valid-parentheses.tsx
    ./lib/content-registry.ts
    ./app/api/content/route.ts

  Client Component Browser:
    ./content/dsa/stack-queue/valid-parentheses.tsx [Client Component Browser]
    ./components/LessonLoader.tsx [Client Component Browser]
    ./components/LessonLoader.tsx [Server Component]
    ./app/curriculum/[subject]/[topic]/[lesson]/page.tsx [Server Component]

  Client Component SSR:
    ./content/dsa/stack-queue/valid-parentheses.tsx [Client Component SSR]
    ./components/LessonLoader.tsx [Client Component SSR]
    ./components/LessonLoader.tsx [Server Component]
    ./app/curriculum/[subject]/[topic]/[lesson]/page.tsx [Server Component]


./content/dsa/strings/anagram-check.tsx:165:3
Unexpected token. Did you mean `{'}'}` or `&rbrace;`?
  [90m163 |[0m         <div style={{ padding: [32m'12px 14px'[0m }}>{content}
  [90m164 |[0m     );
[31m[1m>[0m [90m165 |[0m   };
  [90m    |[0m   [31m[1m^[0m
  [90m166 |[0m
  [90m167 |[0m   [36mreturn[0m (
  [90m168 |[0m     <div style={{ width: [32m"100vw"[0m, height: [32m"100vh"[0m, overflowY: [32m"auto"[0m, 
background: [33mCOLORS[0m....

Parsing ecmascript source code failed

Import traces:
  App Route:
    ./content/dsa/strings/anagram-check.tsx
    ./lib/content-registry.ts
    ./app/api/content/route.ts

  Client Component Browser:
    ./content/dsa/strings/anagram-check.tsx [Client Component Browser]
    ./components/LessonLoader.tsx [Client Component Browser]
    ./components/LessonLoader.tsx [Server Component]
    ./app/curriculum/[subject]/[topic]/[lesson]/page.tsx [Server Component]

  Client Component SSR:
    ./content/dsa/strings/anagram-check.tsx [Client Component SSR]
    ./components/LessonLoader.tsx [Client Component SSR]
    ./components/LessonLoader.tsx [Server Component]
    ./app/curriculum/[subject]/[topic]/[lesson]/page.tsx [Server Component]


./content/dsa/strings/anagram-check.tsx:254:1
Unexpected token. Did you mean `{'}'}` or `&rbrace;`?
  [90m252 |[0m               ))}
  [90m253 |[0m   );
[31m[1m>[0m [90m254 |[0m }
  [90m    |[0m [31m[1m^[0m
  [90m255 |[0m
  [90m256 |[0m [36mconst[0m inputStyle = { background: [32m"transparent"[0m, border: [32m"none"[0m, color: 
[33mCOLORS[0m.textWhite, ...
  [90m257 |[0m [36mconst[0m btnStyle = { background: [33mCOLORS[0m.borderLighter, border: [32m`1px solid 
[0m${[33mCOLORS[0m.border[32m}`[0m...

Parsing ecmascript source code failed

Import traces:
  App Route:
    ./content/dsa/strings/anagram-check.tsx
    ./lib/content-registry.ts
    ./app/api/content/route.ts

  Client Component Browser:
    ./content/dsa/strings/anagram-check.tsx [Client Component Browser]
    ./components/LessonLoader.tsx [Client Component Browser]
    ./components/LessonLoader.tsx [Server Component]
    ./app/curriculum/[subject]/[topic]/[lesson]/page.tsx [Server Component]

  Client Component SSR:
    ./content/dsa/strings/anagram-check.tsx [Client Component SSR]
    ./components/LessonLoader.tsx [Client Component SSR]
    ./components/LessonLoader.tsx [Server Component]
    ./app/curriculum/[subject]/[topic]/[lesson]/page.tsx [Server Component]


./content/dsa/strings/ascii-values.tsx:131:3
Unexpected token. Did you mean `{'}'}` or `&rbrace;`?
  [90m129 |[0m         <div style={{ padding: [32m'12px 14px'[0m }}>{content}
  [90m130 |[0m     );
[31m[1m>[0m [90m131 |[0m   };
  [90m    |[0m   [31m[1m^[0m
  [90m132 |[0m
  [90m133 |[0m   [36mreturn[0m (
  [90m134 |[0m     <div style={{

Parsing ecmascript source code failed

Import traces:
  App Route:
    ./content/dsa/strings/ascii-values.tsx
    ./lib/content-registry.ts
    ./app/api/content/route.ts

  Client Component Browser:
    ./content/dsa/strings/ascii-values.tsx [Client Component Browser]
    ./components/LessonLoader.tsx [Client Component Browser]
    ./components/LessonLoader.tsx [Server Component]
    ./app/curriculum/[subject]/[topic]/[lesson]/page.tsx [Server Component]

  Client Component SSR:
    ./content/dsa/strings/ascii-values.tsx [Client Component SSR]
    ./components/LessonLoader.tsx [Client Component SSR]
    ./components/LessonLoader.tsx [Server Component]
    ./app/curriculum/[subject]/[topic]/[lesson]/page.tsx [Server Component]


./content/dsa/strings/ascii-values.tsx:207:15
Unexpected token. Did you mean `{'}'}` or `&rbrace;`?
  [90m205 |[0m                     <div style={{ fontSize: [35m9[0m, color: [33mCOLORS[0m.textDark 
}}>[35m0[0mx{char.charCode...
  [90m206 |[0m                 );
[31m[1m>[0m [90m207 |[0m               })}
  [90m    |[0m               [31m[1m^[0m
  [90m208 |[0m   );
  [90m209 |[0m }
  [90m210 |[0m

Parsing ecmascript source code failed

Import traces:
  App Route:
    ./content/dsa/strings/ascii-values.tsx
    ./lib/content-registry.ts
    ./app/api/content/route.ts

  Client Component Browser:
    ./content/dsa/strings/ascii-values.tsx [Client Component Browser]
    ./components/LessonLoader.tsx [Client Component Browser]
    ./components/LessonLoader.tsx [Server Component]
    ./app/curriculum/[subject]/[topic]/[lesson]/page.tsx [Server Component]

  Client Component SSR:
    ./content/dsa/strings/ascii-values.tsx [Client Component SSR]
    ./components/LessonLoader.tsx [Client Component SSR]
    ./components/LessonLoader.tsx [Server Component]
    ./app/curriculum/[subject]/[topic]/[lesson]/page.tsx [Server Component]


./content/dsa/strings/ascii-values.tsx:207:17
Unexpected token. Did you mean `{'}'}` or `&rbrace;`?
  [90m205 |[0m                     <div style={{ fontSize: [35m9[0m, color: [33mCOLORS[0m.textDark 
}}>[35m0[0mx{char.charCode...
  [90m206 |[0m                 );
[31m[1m>[0m [90m207 |[0m               })}
  [90m    |[0m                 [31m[1m^[0m
  [90m208 |[0m   );
  [90m209 |[0m }
  [90m210 |[0m

Parsing ecmascript source code failed

Import traces:
  App Route:
    ./content/dsa/strings/ascii-values.tsx
    ./lib/content-registry.ts
    ./app/api/content/route.ts

  Client Component Browser:
    ./content/dsa/strings/ascii-values.tsx [Client Component Browser]
    ./components/LessonLoader.tsx [Client Component Browser]
    ./components/LessonLoader.tsx [Server Component]
    ./app/curriculum/[subject]/[topic]/[lesson]/page.tsx [Server Component]

  Client Component SSR:
    ./content/dsa/strings/ascii-values.tsx [Client Component SSR]
    ./components/LessonLoader.tsx [Client Component SSR]
    ./components/LessonLoader.tsx [Server Component]
    ./app/curriculum/[subject]/[topic]/[lesson]/page.tsx [Server Component]


./content/dsa/strings/ascii-values.tsx:209:1
Unexpected token. Did you mean `{'}'}` or `&rbrace;`?
  [90m207 |[0m               })}
  [90m208 |[0m   );
[31m[1m>[0m [90m209 |[0m }
  [90m    |[0m [31m[1m^[0m
  [90m210 |[0m
  [90m211 |[0m [36mconst[0m inputStyle = { background: [32m"transparent"[0m, border: [32m"none"[0m, color: 
[33mCOLORS[0m.textWhite, ...
  [90m212 |[0m [36mconst[0m btnStyle = { background: [33mCOLORS[0m.borderLighter, border: [32m`1px solid 
[0m${[33mCOLORS[0m.border[32m}`[0m...

Parsing ecmascript source code failed

Import traces:
  App Route:
    ./content/dsa/strings/ascii-values.tsx
    ./lib/content-registry.ts
    ./app/api/content/route.ts

  Client Component Browser:
    ./content/dsa/strings/ascii-values.tsx [Client Component Browser]
    ./components/LessonLoader.tsx [Client Component Browser]
    ./components/LessonLoader.tsx [Server Component]
    ./app/curriculum/[subject]/[topic]/[lesson]/page.tsx [Server Component]

  Client Component SSR:
    ./content/dsa/strings/ascii-values.tsx [Client Component SSR]
    ./components/LessonLoader.tsx [Client Component SSR]
    ./components/LessonLoader.tsx [Server Component]
    ./app/curriculum/[subject]/[topic]/[lesson]/page.tsx [Server Component]


./content/dsa/strings/balanced-string-problems.tsx:68:1
Unexpected token. Did you mean `{'}'}` or `&rbrace;`?
  [90m66 |[0m               <div style={{ fontSize: [35m24[0m, fontWeight: [35m800[0m, color: 
[33mCOLORS[0m.green, letterSpac...
  [90m67 |[0m   );
[31m[1m>[0m [90m68 |[0m }
  [90m   |[0m [31m[1m^[0m
  [90m69 |[0m
  [90m70 |[0m [36mconst[0m labelStyle = { fontSize: [35m9[0m, fontWeight: [35m800[0m, textTransform: 
[32m"uppercase"[0m, color: [33mCOLO..[0m.
  [90m71 |[0m

Parsing ecmascript source code failed

Import traces:
  App Route:
    ./content/dsa/strings/balanced-string-problems.tsx
    ./lib/content-registry.ts
    ./app/api/content/route.ts

  Client Component Browser:
    ./content/dsa/strings/balanced-string-problems.tsx [Client Component Browser]
    ./components/LessonLoader.tsx [Client Component Browser]
    ./components/LessonLoader.tsx [Server Component]
    ./app/curriculum/[subject]/[topic]/[lesson]/page.tsx [Server Component]

  Client Component SSR:
    ./content/dsa/strings/balanced-string-problems.tsx [Client Component SSR]
    ./components/LessonLoader.tsx [Client Component SSR]
    ./components/LessonLoader.tsx [Server Component]
    ./app/curriculum/[subject]/[topic]/[lesson]/page.tsx [Server Component]


./content/dsa/strings/basic-calculator-ii.tsx:292:1
Unexpected token. Did you mean `{'}'}` or `&rbrace;`?
  [90m290 |[0m [32m    </main>[0m
  [90m291 |[0m [32m  );[0m
[31m[1m>[0m [90m292 |[0m [32m}[0m
  [90m    |[0m [31m[1m^[0m
  [90m293 |[0m

Parsing ecmascript source code failed

Import traces:
  App Route:
    ./content/dsa/strings/basic-calculator-ii.tsx
    ./lib/content-registry.ts
    ./app/api/content/route.ts

  Client Component Browser:
    ./content/dsa/strings/basic-calculator-ii.tsx [Client Component Browser]
    ./components/LessonLoader.tsx [Client Component Browser]
    ./components/LessonLoader.tsx [Server Component]
    ./app/curriculum/[subject]/[topic]/[lesson]/page.tsx [Server Component]

  Client Component SSR:
    ./content/dsa/strings/basic-calculator-ii.tsx [Client Component SSR]
    ./components/LessonLoader.tsx [Client Component SSR]
    ./components/LessonLoader.tsx [Server Component]
    ./app/curriculum/[subject]/[topic]/[lesson]/page.tsx [Server Component]


./content/dsa/strings/basic-calculator-strings.tsx:201:11
Unexpected token. Did you mean `{'}'}` or `&rbrace;`?
  [90m199 |[0m  
  [90m200 |[0m             );
[31m[1m>[0m [90m201 |[0m           })}
  [90m    |[0m           [31m[1m^[0m
  [90m202 |[0m         </[33mReorder[0m.[33mGroup[0m>
  [90m203 |[0m       </div>
  [90m204 |[0m

Parsing ecmascript source code failed

Import traces:
  App Route:
    ./content/dsa/strings/basic-calculator-strings.tsx
    ./lib/content-registry.ts
    ./app/api/content/route.ts

  Client Component Browser:
    ./content/dsa/strings/basic-calculator-strings.tsx [Client Component Browser]
    ./components/LessonLoader.tsx [Client Component Browser]
    ./components/LessonLoader.tsx [Server Component]
    ./app/curriculum/[subject]/[topic]/[lesson]/page.tsx [Server Component]

  Client Component SSR:
    ./content/dsa/strings/basic-calculator-strings.tsx [Client Component SSR]
    ./components/LessonLoader.tsx [Client Component SSR]
    ./components/LessonLoader.tsx [Server Component]
    ./app/curriculum/[subject]/[topic]/[lesson]/page.tsx [Server Component]


./content/dsa/strings/basic-calculator-strings.tsx:201:13
Unexpected token. Did you mean `{'}'}` or `&rbrace;`?
  [90m199 |[0m  
  [90m200 |[0m             );
[31m[1m>[0m [90m201 |[0m           })}
  [90m    |[0m             [31m[1m^[0m
  [90m202 |[0m         </[33mReorder[0m.[33mGroup[0m>
  [90m203 |[0m       </div>
  [90m204 |[0m

Parsing ecmascript source code failed

Import traces:
  App Route:
    ./content/dsa/strings/basic-calculator-strings.tsx
    ./lib/content-registry.ts
    ./app/api/content/route.ts

  Client Component Browser:
    ./content/dsa/strings/basic-calculator-strings.tsx [Client Component Browser]
    ./components/LessonLoader.tsx [Client Component Browser]
    ./components/LessonLoader.tsx [Server Component]
    ./app/curriculum/[subject]/[topic]/[lesson]/page.tsx [Server Component]

  Client Component SSR:
    ./content/dsa/strings/basic-calculator-strings.tsx [Client Component SSR]
    ./components/LessonLoader.tsx [Client Component SSR]
    ./components/LessonLoader.tsx [Server Component]
    ./app/curriculum/[subject]/[topic]/[lesson]/page.tsx [Server Component]


./content/dsa/strings/binary-string-problems.tsx:68:1
Unexpected token. Did you mean `{'}'}` or `&rbrace;`?
  [90m66 |[0m               <div style={{ fontSize: [35m24[0m, fontWeight: [35m800[0m, color: 
[33mCOLORS[0m.blue, letterSpaci...
  [90m67 |[0m   );
[31m[1m>[0m [90m68 |[0m }
  [90m   |[0m [31m[1m^[0m
  [90m69 |[0m
  [90m70 |[0m [36mconst[0m labelStyle = { fontSize: [35m9[0m, fontWeight: [35m800[0m, textTransform: 
[32m"uppercase"[0m, color: [33mCOLO..[0m.
  [90m71 |[0m

Parsing ecmascript source code failed

Import traces:
  App Route:
    ./content/dsa/strings/binary-string-problems.tsx
    ./lib/content-registry.ts
    ./app/api/content/route.ts

  Client Component Browser:
    ./content/dsa/strings/binary-string-problems.tsx [Client Component Browser]
    ./components/LessonLoader.tsx [Client Component Browser]
    ./components/LessonLoader.tsx [Server Component]
    ./app/curriculum/[subject]/[topic]/[lesson]/page.tsx [Server Component]

  Client Component SSR:
    ./content/dsa/strings/binary-string-problems.tsx [Client Component SSR]
    ./components/LessonLoader.tsx [Client Component SSR]
    ./components/LessonLoader.tsx [Server Component]
    ./app/curriculum/[subject]/[topic]/[lesson]/page.tsx [Server Component]


./content/dsa/strings/buddy-strings.tsx:146:1
Unexpected token. Did you mean `{'}'}` or `&rbrace;`?
  [90m144 |[0m            )}
  [90m145 |[0m   );
[31m[1m>[0m [90m146 |[0m }
  [90m    |[0m [31m[1m^[0m
  [90m147 |[0m
  [90m148 |[0m [36mconst[0m inputStyle = { background: [33mCOLORS[0m.bg, border: [32m`1px solid 
[0m${[33mCOLORS[0m.border[32m}`[0m, color: [33m...[0m
  [90m149 |[0m [36mconst[0m btnStyle = { background: [33mCOLORS[0m.borderLighter, border: [32m`1px solid 
[0m${[33mCOLORS[0m.border[32m}`[0m...

Parsing ecmascript source code failed

Import traces:
  App Route:
    ./content/dsa/strings/buddy-strings.tsx
    ./lib/content-registry.ts
    ./app/api/content/route.ts

  Client Component Browser:
    ./content/dsa/strings/buddy-strings.tsx [Client Component Browser]
    ./components/LessonLoader.tsx [Client Component Browser]
    ./components/LessonLoader.tsx [Server Component]
    ./app/curriculum/[subject]/[topic]/[lesson]/page.tsx [Server Component]

  Client Component SSR:
    ./content/dsa/strings/buddy-strings.tsx [Client Component SSR]
    ./components/LessonLoader.tsx [Client Component SSR]
    ./components/LessonLoader.tsx [Server Component]
    ./app/curriculum/[subject]/[topic]/[lesson]/page.tsx [Server Component]


./content/dsa/strings/case-conversion.tsx:90:1
Unexpected token. Did you mean `{'}'}` or `&rbrace;`?
  [90m88 |[0m            <div style={{ fontSize: [35m16[0m, lineHeight: [35m1.6[0m }}>{step.message}
  [90m89 |[0m   );
[31m[1m>[0m [90m90 |[0m }
  [90m   |[0m [31m[1m^[0m
  [90m91 |[0m
  [90m92 |[0m [36mconst[0m wordCard = { padding: [32m"20px 40px"[0m, background: [33mCOLORS[0m.surface, 
border: [32m`1px solid [0m${[33m...[0m
  [90m93 |[0m [36mconst[0m inputStyle = { background: [33mCOLORS[0m.bg, border: [32m`1px solid 
[0m${[33mCOLORS[0m.border[32m}`[0m, color: [33mC...[0m

Parsing ecmascript source code failed

Import traces:
  App Route:
    ./content/dsa/strings/case-conversion.tsx
    ./lib/content-registry.ts
    ./app/api/content/route.ts

  Client Component Browser:
    ./content/dsa/strings/case-conversion.tsx [Client Component Browser]
    ./components/LessonLoader.tsx [Client Component Browser]
    ./components/LessonLoader.tsx [Server Component]
    ./app/curriculum/[subject]/[topic]/[lesson]/page.tsx [Server Component]

  Client Component SSR:
    ./content/dsa/strings/case-conversion.tsx [Client Component SSR]
    ./components/LessonLoader.tsx [Client Component SSR]
    ./components/LessonLoader.tsx [Server Component]
    ./app/curriculum/[subject]/[topic]/[lesson]/page.tsx [Server Component]


./content/dsa/strings/character-arrays-strings.tsx:92:1
Unexpected token. Did you mean `{'}'}` or `&rbrace;`?
  [90m90 |[0m                  <div style={{ padding: [32m"0 20px"[0m, border: [32m`1px solid 
[0m${[33mCOLORS[0m.orange[32m}`[0m, bo...
  [90m91 |[0m   );
[31m[1m>[0m [90m92 |[0m }
  [90m   |[0m [31m[1m^[0m
  [90m93 |[0m
  [90m94 |[0m [36mconst[0m badgeStyle = { padding: [32m"8px 16px"[0m, background: 
[32m"rgba(88,166,255,0.1)"[0m, border: [32m`1px...[0m
  [90m95 |[0m [36mconst[0m labelStyle = { fontSize: [35m9[0m, fontWeight: [35m800[0m, textTransform: 
[32m"uppercase"[0m, color: [33mCOLO..[0m.

Parsing ecmascript source code failed

Import traces:
  App Route:
    ./content/dsa/strings/character-arrays-strings.tsx
    ./lib/content-registry.ts
    ./app/api/content/route.ts

  Client Component Browser:
    ./content/dsa/strings/character-arrays-strings.tsx [Client Component Browser]
    ./components/LessonLoader.tsx [Client Component Browser]
    ./components/LessonLoader.tsx [Server Component]
    ./app/curriculum/[subject]/[topic]/[lesson]/page.tsx [Server Component]

  Client Component SSR:
    ./content/dsa/strings/character-arrays-strings.tsx [Client Component SSR]
    ./components/LessonLoader.tsx [Client Component SSR]
    ./components/LessonLoader.tsx [Server Component]
    ./app/curriculum/[subject]/[topic]/[lesson]/page.tsx [Server Component]


./content/dsa/strings/character-hashing-strings.tsx:97:1
Unexpected token. Did you mean `{'}'}` or `&rbrace;`?
  [90m 95 |[0m            ))}
  [90m 96 |[0m   );
[31m[1m>[0m [90m 97 |[0m }
  [90m    |[0m [31m[1m^[0m
  [90m 98 |[0m
  [90m 99 |[0m [36mconst[0m inputStyle = { background: [33mCOLORS[0m.bg, border: [32m`1px solid 
[0m${[33mCOLORS[0m.border[32m}`[0m, color: [33m...[0m
  [90m100 |[0m [36mconst[0m btnStyle = { background: [33mCOLORS[0m.borderLighter, border: [32m`1px solid 
[0m${[33mCOLORS[0m.border[32m}`[0m...

Parsing ecmascript source code failed

Import traces:
  App Route:
    ./content/dsa/strings/character-hashing-strings.tsx
    ./lib/content-registry.ts
    ./app/api/content/route.ts

  Client Component Browser:
    ./content/dsa/strings/character-hashing-strings.tsx [Client Component Browser]
    ./components/LessonLoader.tsx [Client Component Browser]
    ./components/LessonLoader.tsx [Server Component]
    ./app/curriculum/[subject]/[topic]/[lesson]/page.tsx [Server Component]

  Client Component SSR:
    ./content/dsa/strings/character-hashing-strings.tsx [Client Component SSR]
    ./components/LessonLoader.tsx [Client Component SSR]
    ./components/LessonLoader.tsx [Server Component]
    ./app/curriculum/[subject]/[topic]/[lesson]/page.tsx [Server Component]


./content/dsa/strings/check-if-string-is-transformable.tsx:126:13
Unexpected token. Did you mean `{'}'}` or `&rbrace;`?
  [90m124 |[0m                 }}>{c}
  [90m125 |[0m               );
[31m[1m>[0m [90m126 |[0m             })}
  [90m    |[0m             [31m[1m^[0m
  [90m127 |[0m           </div>
  [90m128 |[0m           <div style={{ width: [35m400[0m, textAlign: [32m"center"[0m, padding: [35m20[0m, 
borderLeft: [32m`4px so...[0m
  [90m129 |[0m             <div style={{ fontSize: [35m14[0m }}>{step.message}

Parsing ecmascript source code failed

Import traces:
  App Route:
    ./content/dsa/strings/check-if-string-is-transformable.tsx
    ./lib/content-registry.ts
    ./app/api/content/route.ts

  Client Component Browser:
    ./content/dsa/strings/check-if-string-is-transformable.tsx [Client Component Browser]
    ./components/LessonLoader.tsx [Client Component Browser]
    ./components/LessonLoader.tsx [Server Component]
    ./app/curriculum/[subject]/[topic]/[lesson]/page.tsx [Server Component]

  Client Component SSR:
    ./content/dsa/strings/check-if-string-is-transformable.tsx [Client Component SSR]
    ./components/LessonLoader.tsx [Client Component SSR]
    ./components/LessonLoader.tsx [Server Component]
    ./app/curriculum/[subject]/[topic]/[lesson]/page.tsx [Server Component]


./content/dsa/strings/check-if-string-is-transformable.tsx:126:15
Unexpected token. Did you mean `{'}'}` or `&rbrace;`?
  [90m124 |[0m                 }}>{c}
  [90m125 |[0m               );
[31m[1m>[0m [90m126 |[0m             })}
  [90m    |[0m               [31m[1m^[0m
  [90m127 |[0m           </div>
  [90m128 |[0m           <div style={{ width: [35m400[0m, textAlign: [32m"center"[0m, padding: [35m20[0m, 
borderLeft: [32m`4px so...[0m
  [90m129 |[0m             <div style={{ fontSize: [35m14[0m }}>{step.message}

Parsing ecmascript source code failed

Import traces:
  App Route:
    ./content/dsa/strings/check-if-string-is-transformable.tsx
    ./lib/content-registry.ts
    ./app/api/content/route.ts

  Client Component Browser:
    ./content/dsa/strings/check-if-string-is-transformable.tsx [Client Component Browser]
    ./components/LessonLoader.tsx [Client Component Browser]
    ./components/LessonLoader.tsx [Server Component]
    ./app/curriculum/[subject]/[topic]/[lesson]/page.tsx [Server Component]

  Client Component SSR:
    ./content/dsa/strings/check-if-string-is-transformable.tsx [Client Component SSR]
    ./components/LessonLoader.tsx [Client Component SSR]
    ./components/LessonLoader.tsx [Server Component]
    ./app/curriculum/[subject]/[topic]/[lesson]/page.tsx [Server Component]


./content/dsa/strings/compare-version-numbers.tsx:234:1
Unexpected token. Did you mean `{'}'}` or `&rbrace;`?
  [90m232 |[0m  
  [90m233 |[0m   );
[31m[1m>[0m [90m234 |[0m }
  [90m    |[0m [31m[1m^[0m
  [90m235 |[0m

Parsing ecmascript source code failed

Import traces:
  App Route:
    ./content/dsa/strings/compare-version-numbers.tsx
    ./lib/content-registry.ts
    ./app/api/content/route.ts

  Client Component Browser:
    ./content/dsa/strings/compare-version-numbers.tsx [Client Component Browser]
    ./components/LessonLoader.tsx [Client Component Browser]
    ./components/LessonLoader.tsx [Server Component]
    ./app/curriculum/[subject]/[topic]/[lesson]/page.tsx [Server Component]

  Client Component SSR:
    ./content/dsa/strings/compare-version-numbers.tsx [Client Component SSR]
    ./components/LessonLoader.tsx [Client Component SSR]
    ./components/LessonLoader.tsx [Server Component]
    ./app/curriculum/[subject]/[topic]/[lesson]/page.tsx [Server Component]


./content/dsa/strings/count-and-say.tsx:116:1
Unexpected token. Did you mean `{'}'}` or `&rbrace;`?
  [90m114 |[0m                  [33mExample[0m: [32m"21"[0m is read [36mas[0m [32m"one 2, then one 1"[0m ΓåÆ 
[32m"1211"[0m.
  [90m115 |[0m   );
[31m[1m>[0m [90m116 |[0m }
  [90m    |[0m [31m[1m^[0m
  [90m117 |[0m
  [90m118 |[0m [36mconst[0m inputStyle = { background: [33mCOLORS[0m.bg, border: [32m`1px solid 
[0m${[33mCOLORS[0m.border[32m}`[0m, color: [33m...[0m
  [90m119 |[0m [36mconst[0m btnStyle = { background: [33mCOLORS[0m.borderLighter, border: [32m`1px solid 
[0m${[33mCOLORS[0m.border[32m}`[0m...

Parsing ecmascript source code failed

Import traces:
  App Route:
    ./content/dsa/strings/count-and-say.tsx
    ./lib/content-registry.ts
    ./app/api/content/route.ts

  Client Component Browser:
    ./content/dsa/strings/count-and-say.tsx [Client Component Browser]
    ./components/LessonLoader.tsx [Client Component Browser]
    ./components/LessonLoader.tsx [Server Component]
    ./app/curriculum/[subject]/[topic]/[lesson]/page.tsx [Server Component]

  Client Component SSR:
    ./content/dsa/strings/count-and-say.tsx [Client Component SSR]
    ./components/LessonLoader.tsx [Client Component SSR]
    ./components/LessonLoader.tsx [Server Component]
    ./app/curriculum/[subject]/[topic]/[lesson]/page.tsx [Server Component]


./content/dsa/strings/count-palindromic-substrings.tsx:157:3
Unexpected token. Did you mean `{'}'}` or `&rbrace;`?
  [90m155 |[0m         <div style={{ padding: [32m'12px 14px'[0m }}>{content}
  [90m156 |[0m     );
[31m[1m>[0m [90m157 |[0m   };
  [90m    |[0m   [31m[1m^[0m
  [90m158 |[0m
  [90m159 |[0m   [36mreturn[0m (
  [90m160 |[0m     <div style={{

Parsing ecmascript source code failed

Import traces:
  App Route:
    ./content/dsa/strings/count-palindromic-substrings.tsx
    ./lib/content-registry.ts
    ./app/api/content/route.ts

  Client Component Browser:
    ./content/dsa/strings/count-palindromic-substrings.tsx [Client Component Browser]
    ./components/LessonLoader.tsx [Client Component Browser]
    ./components/LessonLoader.tsx [Server Component]
    ./app/curriculum/[subject]/[topic]/[lesson]/page.tsx [Server Component]

  Client Component SSR:
    ./content/dsa/strings/count-palindromic-substrings.tsx [Client Component SSR]
    ./components/LessonLoader.tsx [Client Component SSR]
    ./components/LessonLoader.tsx [Server Component]
    ./app/curriculum/[subject]/[topic]/[lesson]/page.tsx [Server Component]


./content/dsa/strings/count-palindromic-substrings.tsx:241:15
Unexpected token. Did you mean `{'}'}` or `&rbrace;`?
  [90m239 |[0m                     <div style={{ fontSize: [35m9[0m, color: [33mCOLORS[0m.textDark }}>{idx}
  [90m240 |[0m                 );
[31m[1m>[0m [90m241 |[0m               })}
  [90m    |[0m               [31m[1m^[0m
  [90m242 |[0m   );
  [90m243 |[0m }
  [90m244 |[0m

Parsing ecmascript source code failed

Import traces:
  App Route:
    ./content/dsa/strings/count-palindromic-substrings.tsx
    ./lib/content-registry.ts
    ./app/api/content/route.ts

  Client Component Browser:
    ./content/dsa/strings/count-palindromic-substrings.tsx [Client Component Browser]
    ./components/LessonLoader.tsx [Client Component Browser]
    ./components/LessonLoader.tsx [Server Component]
    ./app/curriculum/[subject]/[topic]/[lesson]/page.tsx [Server Component]

  Client Component SSR:
    ./content/dsa/strings/count-palindromic-substrings.tsx [Client Component SSR]
    ./components/LessonLoader.tsx [Client Component SSR]
    ./components/LessonLoader.tsx [Server Component]
    ./app/curriculum/[subject]/[topic]/[lesson]/page.tsx [Server Component]


./content/dsa/strings/count-palindromic-substrings.tsx:241:17
Unexpected token. Did you mean `{'}'}` or `&rbrace;`?
  [90m239 |[0m                     <div style={{ fontSize: [35m9[0m, color: [33mCOLORS[0m.textDark }}>{idx}
  [90m240 |[0m                 );
[31m[1m>[0m [90m241 |[0m               })}
  [90m    |[0m                 [31m[1m^[0m
  [90m242 |[0m   );
  [90m243 |[0m }
  [90m244 |[0m

Parsing ecmascript source code failed

Import traces:
  App Route:
    ./content/dsa/strings/count-palindromic-substrings.tsx
    ./lib/content-registry.ts
    ./app/api/content/route.ts

  Client Component Browser:
    ./content/dsa/strings/count-palindromic-substrings.tsx [Client Component Browser]
    ./components/LessonLoader.tsx [Client Component Browser]
    ./components/LessonLoader.tsx [Server Component]
    ./app/curriculum/[subject]/[topic]/[lesson]/page.tsx [Server Component]

  Client Component SSR:
    ./content/dsa/strings/count-palindromic-substrings.tsx [Client Component SSR]
    ./components/LessonLoader.tsx [Client Component SSR]
    ./components/LessonLoader.tsx [Server Component]
    ./app/curriculum/[subject]/[topic]/[lesson]/page.tsx [Server Component]


./content/dsa/strings/count-palindromic-substrings.tsx:243:1
Unexpected token. Did you mean `{'}'}` or `&rbrace;`?
  [90m241 |[0m               })}
  [90m242 |[0m   );
[31m[1m>[0m [90m243 |[0m }
  [90m    |[0m [31m[1m^[0m
  [90m244 |[0m
  [90m245 |[0m [36mconst[0m inputStyle = { background: [32m"transparent"[0m, border: [32m"none"[0m, color: 
[33mCOLORS[0m.textWhite, ...
  [90m246 |[0m [36mconst[0m btnStyle = { background: [33mCOLORS[0m.borderLighter, border: [32m`1px solid 
[0m${[33mCOLORS[0m.border[32m}`[0m...

Parsing ecmascript source code failed

Import traces:
  App Route:
    ./content/dsa/strings/count-palindromic-substrings.tsx
    ./lib/content-registry.ts
    ./app/api/content/route.ts

  Client Component Browser:
    ./content/dsa/strings/count-palindromic-substrings.tsx [Client Component Browser]
    ./components/LessonLoader.tsx [Client Component Browser]
    ./components/LessonLoader.tsx [Server Component]
    ./app/curriculum/[subject]/[topic]/[lesson]/page.tsx [Server Component]

  Client Component SSR:
    ./content/dsa/strings/count-palindromic-substrings.tsx [Client Component SSR]
    ./components/LessonLoader.tsx [Client Component SSR]
    ./components/LessonLoader.tsx [Server Component]
    ./app/curriculum/[subject]/[topic]/[lesson]/page.tsx [Server Component]


./content/dsa/strings/count-vowels-consonants.tsx:149:3
Unexpected token. Did you mean `{'}'}` or `&rbrace;`?
  [90m147 |[0m         <div style={{ padding: [32m'12px 14px'[0m }}>{content}
  [90m148 |[0m     );
[31m[1m>[0m [90m149 |[0m   };
  [90m    |[0m   [31m[1m^[0m
  [90m150 |[0m
  [90m151 |[0m   [36mreturn[0m (
  [90m152 |[0m     <div style={{

Parsing ecmascript source code failed

Import traces:
  App Route:
    ./content/dsa/strings/count-vowels-consonants.tsx
    ./lib/content-registry.ts
    ./app/api/content/route.ts

  Client Component Browser:
    ./content/dsa/strings/count-vowels-consonants.tsx [Client Component Browser]
    ./components/LessonLoader.tsx [Client Component Browser]
    ./components/LessonLoader.tsx [Server Component]
    ./app/curriculum/[subject]/[topic]/[lesson]/page.tsx [Server Component]

  Client Component SSR:
    ./content/dsa/strings/count-vowels-consonants.tsx [Client Component SSR]
    ./components/LessonLoader.tsx [Client Component SSR]
    ./components/LessonLoader.tsx [Server Component]
    ./app/curriculum/[subject]/[topic]/[lesson]/page.tsx [Server Component]


./content/dsa/strings/count-vowels-consonants.tsx:235:15
Unexpected token. Did you mean `{'}'}` or `&rbrace;`?
  [90m233 |[0m                     <div style={{ fontSize: [35m9[0m, color: [33mCOLORS[0m.textDark }}>{isV ? 
[32m"V"[0m : isC...
  [90m234 |[0m                 );
[31m[1m>[0m [90m235 |[0m               })}
  [90m    |[0m               [31m[1m^[0m
  [90m236 |[0m   );
  [90m237 |[0m }
  [90m238 |[0m

Parsing ecmascript source code failed

Import traces:
  App Route:
    ./content/dsa/strings/count-vowels-consonants.tsx
    ./lib/content-registry.ts
    ./app/api/content/route.ts

  Client Component Browser:
    ./content/dsa/strings/count-vowels-consonants.tsx [Client Component Browser]
    ./components/LessonLoader.tsx [Client Component Browser]
    ./components/LessonLoader.tsx [Server Component]
    ./app/curriculum/[subject]/[topic]/[lesson]/page.tsx [Server Component]

  Client Component SSR:
    ./content/dsa/strings/count-vowels-consonants.tsx [Client Component SSR]
    ./components/LessonLoader.tsx [Client Component SSR]
    ./components/LessonLoader.tsx [Server Component]
    ./app/curriculum/[subject]/[topic]/[lesson]/page.tsx [Server Component]


./content/dsa/strings/count-vowels-consonants.tsx:235:17
Unexpected token. Did you mean `{'}'}` or `&rbrace;`?
  [90m233 |[0m                     <div style={{ fontSize: [35m9[0m, color: [33mCOLORS[0m.textDark }}>{isV ? 
[32m"V"[0m : isC...
  [90m234 |[0m                 );
[31m[1m>[0m [90m235 |[0m               })}
  [90m    |[0m                 [31m[1m^[0m
  [90m236 |[0m   );
  [90m237 |[0m }
  [90m238 |[0m

Parsing ecmascript source code failed

Import traces:
  App Route:
    ./content/dsa/strings/count-vowels-consonants.tsx
    ./lib/content-registry.ts
    ./app/api/content/route.ts

  Client Component Browser:
    ./content/dsa/strings/count-vowels-consonants.tsx [Client Component Browser]
    ./components/LessonLoader.tsx [Client Component Browser]
    ./components/LessonLoader.tsx [Server Component]
    ./app/curriculum/[subject]/[topic]/[lesson]/page.tsx [Server Component]

  Client Component SSR:
    ./content/dsa/strings/count-vowels-consonants.tsx [Client Component SSR]
    ./components/LessonLoader.tsx [Client Component SSR]
    ./components/LessonLoader.tsx [Server Component]
    ./app/curriculum/[subject]/[topic]/[lesson]/page.tsx [Server Component]


./content/dsa/strings/count-vowels-consonants.tsx:237:1
Unexpected token. Did you mean `{'}'}` or `&rbrace;`?
  [90m235 |[0m               })}
  [90m236 |[0m   );
[31m[1m>[0m [90m237 |[0m }
  [90m    |[0m [31m[1m^[0m
  [90m238 |[0m
  [90m239 |[0m [36mconst[0m inputStyle = { background: [32m"transparent"[0m, border: [32m"none"[0m, color: 
[33mCOLORS[0m.textWhite, ...
  [90m240 |[0m [36mconst[0m btnStyle = { background: [33mCOLORS[0m.borderLighter, border: [32m`1px solid 
[0m${[33mCOLORS[0m.border[32m}`[0m...

Parsing ecmascript source code failed

Import traces:
  App Route:
    ./content/dsa/strings/count-vowels-consonants.tsx
    ./lib/content-registry.ts
    ./app/api/content/route.ts

  Client Component Browser:
    ./content/dsa/strings/count-vowels-consonants.tsx [Client Component Browser]
    ./components/LessonLoader.tsx [Client Component Browser]
    ./components/LessonLoader.tsx [Server Component]
    ./app/curriculum/[subject]/[topic]/[lesson]/page.tsx [Server Component]

  Client Component SSR:
    ./content/dsa/strings/count-vowels-consonants.tsx [Client Component SSR]
    ./components/LessonLoader.tsx [Client Component SSR]
    ./components/LessonLoader.tsx [Server Component]
    ./app/curriculum/[subject]/[topic]/[lesson]/page.tsx [Server Component]


./content/dsa/strings/distinct-subsequences-strings.tsx:166:3
Unexpected token. Did you mean `{'}'}` or `&rbrace;`?
  [90m164 |[0m         <div style={{ padding: [32m'12px 14px'[0m }}>{content}
  [90m165 |[0m     );
[31m[1m>[0m [90m166 |[0m   };
  [90m    |[0m   [31m[1m^[0m
  [90m167 |[0m
  [90m168 |[0m   [36mreturn[0m (
  [90m169 |[0m     <div style={{

Parsing ecmascript source code failed

Import traces:
  App Route:
    ./content/dsa/strings/distinct-subsequences-strings.tsx
    ./lib/content-registry.ts
    ./app/api/content/route.ts

  Client Component Browser:
    ./content/dsa/strings/distinct-subsequences-strings.tsx [Client Component Browser]
    ./components/LessonLoader.tsx [Client Component Browser]
    ./components/LessonLoader.tsx [Server Component]
    ./app/curriculum/[subject]/[topic]/[lesson]/page.tsx [Server Component]

  Client Component SSR:
    ./content/dsa/strings/distinct-subsequences-strings.tsx [Client Component SSR]
    ./components/LessonLoader.tsx [Client Component SSR]
    ./components/LessonLoader.tsx [Server Component]
    ./app/curriculum/[subject]/[topic]/[lesson]/page.tsx [Server Component]


./content/dsa/strings/distinct-subsequences-strings.tsx:220:19
Unexpected token. Did you mean `{'}'}` or `&rbrace;`?
  [90m218 |[0m                       }}>{val}
  [90m219 |[0m                     );
[31m[1m>[0m [90m220 |[0m                   })}
  [90m    |[0m                   [31m[1m^[0m
  [90m221 |[0m                 </[33mReact[0m.[33mFragment[0m>
  [90m222 |[0m               ))}
  [90m223 |[0m             </div>

Parsing ecmascript source code failed

Import traces:
  App Route:
    ./content/dsa/strings/distinct-subsequences-strings.tsx
    ./lib/content-registry.ts
    ./app/api/content/route.ts

  Client Component Browser:
    ./content/dsa/strings/distinct-subsequences-strings.tsx [Client Component Browser]
    ./components/LessonLoader.tsx [Client Component Browser]
    ./components/LessonLoader.tsx [Server Component]
    ./app/curriculum/[subject]/[topic]/[lesson]/page.tsx [Server Component]

  Client Component SSR:
    ./content/dsa/strings/distinct-subsequences-strings.tsx [Client Component SSR]
    ./components/LessonLoader.tsx [Client Component SSR]
    ./components/LessonLoader.tsx [Server Component]
    ./app/curriculum/[subject]/[topic]/[lesson]/page.tsx [Server Component]


./content/dsa/strings/distinct-subsequences-strings.tsx:220:21
Unexpected token. Did you mean `{'}'}` or `&rbrace;`?
  [90m218 |[0m                       }}>{val}
  [90m219 |[0m                     );
[31m[1m>[0m [90m220 |[0m                   })}
  [90m    |[0m                     [31m[1m^[0m
  [90m221 |[0m                 </[33mReact[0m.[33mFragment[0m>
  [90m222 |[0m               ))}
  [90m223 |[0m             </div>

Parsing ecmascript source code failed

Import traces:
  App Route:
    ./content/dsa/strings/distinct-subsequences-strings.tsx
    ./lib/content-registry.ts
    ./app/api/content/route.ts

  Client Component Browser:
    ./content/dsa/strings/distinct-subsequences-strings.tsx [Client Component Browser]
    ./components/LessonLoader.tsx [Client Component Browser]
    ./components/LessonLoader.tsx [Server Component]
    ./app/curriculum/[subject]/[topic]/[lesson]/page.tsx [Server Component]

  Client Component SSR:
    ./content/dsa/strings/distinct-subsequences-strings.tsx [Client Component SSR]
    ./components/LessonLoader.tsx [Client Component SSR]
    ./components/LessonLoader.tsx [Server Component]
    ./app/curriculum/[subject]/[topic]/[lesson]/page.tsx [Server Component]


./content/dsa/strings/double-hashing-strings.tsx:103:1
Unexpected token. Did you mean `{'}'}` or `&rbrace;`?
  [90m101 |[0m           <div style={{ fontSize: [35m13[0m }}>{step.message}
  [90m102 |[0m   );
[31m[1m>[0m [90m103 |[0m }
  [90m    |[0m [31m[1m^[0m
  [90m104 |[0m
  [90m105 |[0m [36mconst[0m btnStyle = { background: [33mCOLORS[0m.borderLighter, border: [32m`1px solid 
[0m${[33mCOLORS[0m.border[32m}`[0m...
  [90m106 |[0m [36mconst[0m labelStyle = { fontSize: [35m9[0m, fontWeight: [35m800[0m, textTransform: 
[32m"uppercase"[0m, color: [33mCOL...[0m

Parsing ecmascript source code failed

Import traces:
  App Route:
    ./content/dsa/strings/double-hashing-strings.tsx
    ./lib/content-registry.ts
    ./app/api/content/route.ts

  Client Component Browser:
    ./content/dsa/strings/double-hashing-strings.tsx [Client Component Browser]
    ./components/LessonLoader.tsx [Client Component Browser]
    ./components/LessonLoader.tsx [Server Component]
    ./app/curriculum/[subject]/[topic]/[lesson]/page.tsx [Server Component]

  Client Component SSR:
    ./content/dsa/strings/double-hashing-strings.tsx [Client Component SSR]
    ./components/LessonLoader.tsx [Client Component SSR]
    ./components/LessonLoader.tsx [Server Component]
    ./app/curriculum/[subject]/[topic]/[lesson]/page.tsx [Server Component]


./content/dsa/strings/edit-distance-strings.tsx:97:20
Unexpected token. Did you mean `{'}'}` or `&rbrace;`?
  [90m 95 |[0m                        }}>{val}
  [90m 96 |[0m                      );
[31m[1m>[0m [90m 97 |[0m                    })}
  [90m    |[0m                    [31m[1m^[0m
  [90m 98 |[0m                  </[33mReact[0m.[33mFragment[0m>
  [90m 99 |[0m               ))}
  [90m100 |[0m            </div>

Parsing ecmascript source code failed

Import traces:
  App Route:
    ./content/dsa/strings/edit-distance-strings.tsx
    ./lib/content-registry.ts
    ./app/api/content/route.ts

  Client Component Browser:
    ./content/dsa/strings/edit-distance-strings.tsx [Client Component Browser]
    ./components/LessonLoader.tsx [Client Component Browser]
    ./components/LessonLoader.tsx [Server Component]
    ./app/curriculum/[subject]/[topic]/[lesson]/page.tsx [Server Component]

  Client Component SSR:
    ./content/dsa/strings/edit-distance-strings.tsx [Client Component SSR]
    ./components/LessonLoader.tsx [Client Component SSR]
    ./components/LessonLoader.tsx [Server Component]
    ./app/curriculum/[subject]/[topic]/[lesson]/page.tsx [Server Component]


./content/dsa/strings/edit-distance-strings.tsx:97:22
Unexpected token. Did you mean `{'}'}` or `&rbrace;`?
  [90m 95 |[0m                        }}>{val}
  [90m 96 |[0m                      );
[31m[1m>[0m [90m 97 |[0m                    })}
  [90m    |[0m                      [31m[1m^[0m
  [90m 98 |[0m                  </[33mReact[0m.[33mFragment[0m>
  [90m 99 |[0m               ))}
  [90m100 |[0m            </div>

Parsing ecmascript source code failed

Import traces:
  App Route:
    ./content/dsa/strings/edit-distance-strings.tsx
    ./lib/content-registry.ts
    ./app/api/content/route.ts

  Client Component Browser:
    ./content/dsa/strings/edit-distance-strings.tsx [Client Component Browser]
    ./components/LessonLoader.tsx [Client Component Browser]
    ./components/LessonLoader.tsx [Server Component]
    ./app/curriculum/[subject]/[topic]/[lesson]/page.tsx [Server Component]

  Client Component SSR:
    ./content/dsa/strings/edit-distance-strings.tsx [Client Component SSR]
    ./components/LessonLoader.tsx [Client Component SSR]
    ./components/LessonLoader.tsx [Server Component]
    ./app/curriculum/[subject]/[topic]/[lesson]/page.tsx [Server Component]


./content/dsa/strings/expressive-words.tsx:329:1
Unexpected token. Did you mean `{'}'}` or `&rbrace;`?
  [90m327 |[0m [32m    </main>[0m
  [90m328 |[0m [32m  );[0m
[31m[1m>[0m [90m329 |[0m [32m}[0m
  [90m    |[0m [31m[1m^[0m
  [90m330 |[0m

Parsing ecmascript source code failed

Import traces:
  App Route:
    ./content/dsa/strings/expressive-words.tsx
    ./lib/content-registry.ts
    ./app/api/content/route.ts

  Client Component Browser:
    ./content/dsa/strings/expressive-words.tsx [Client Component Browser]
    ./components/LessonLoader.tsx [Client Component Browser]
    ./components/LessonLoader.tsx [Server Component]
    ./app/curriculum/[subject]/[topic]/[lesson]/page.tsx [Server Component]

  Client Component SSR:
    ./content/dsa/strings/expressive-words.tsx [Client Component SSR]
    ./components/LessonLoader.tsx [Client Component SSR]
    ./components/LessonLoader.tsx [Server Component]
    ./app/curriculum/[subject]/[topic]/[lesson]/page.tsx [Server Component]


./content/dsa/strings/first-unique-character.tsx:115:15
Unexpected token. Did you mean `{'}'}` or `&rbrace;`?
  [90m113 |[0m                    }}>{c}
  [90m114 |[0m                  );
[31m[1m>[0m [90m115 |[0m               })}
  [90m    |[0m               [31m[1m^[0m
  [90m116 |[0m            </div>
  [90m117 |[0m            <div style={{ width: [35m450[0m, padding: [35m30[0m, background: 
[33mCOLORS[0m.surface, border: [32m`1p...[0m
  [90m118 |[0m               <div style={labelStyle}>{step.[36mtype[0m === [32m"count"[0m ? [32m"PHASE 1: 
COUNTING"[0m : [32m"PHA...[0m

Parsing ecmascript source code failed

Import traces:
  App Route:
    ./content/dsa/strings/first-unique-character.tsx
    ./lib/content-registry.ts
    ./app/api/content/route.ts

  Client Component Browser:
    ./content/dsa/strings/first-unique-character.tsx [Client Component Browser]
    ./components/LessonLoader.tsx [Client Component Browser]
    ./components/LessonLoader.tsx [Server Component]
    ./app/curriculum/[subject]/[topic]/[lesson]/page.tsx [Server Component]

  Client Component SSR:
    ./content/dsa/strings/first-unique-character.tsx [Client Component SSR]
    ./components/LessonLoader.tsx [Client Component SSR]
    ./components/LessonLoader.tsx [Server Component]
    ./app/curriculum/[subject]/[topic]/[lesson]/page.tsx [Server Component]


./content/dsa/strings/first-unique-character.tsx:115:17
Unexpected token. Did you mean `{'}'}` or `&rbrace;`?
  [90m113 |[0m                    }}>{c}
  [90m114 |[0m                  );
[31m[1m>[0m [90m115 |[0m               })}
  [90m    |[0m                 [31m[1m^[0m
  [90m116 |[0m            </div>
  [90m117 |[0m            <div style={{ width: [35m450[0m, padding: [35m30[0m, background: 
[33mCOLORS[0m.surface, border: [32m`1p...[0m
  [90m118 |[0m               <div style={labelStyle}>{step.[36mtype[0m === [32m"count"[0m ? [32m"PHASE 1: 
COUNTING"[0m : [32m"PHA...[0m

Parsing ecmascript source code failed

Import traces:
  App Route:
    ./content/dsa/strings/first-unique-character.tsx
    ./lib/content-registry.ts
    ./app/api/content/route.ts

  Client Component Browser:
    ./content/dsa/strings/first-unique-character.tsx [Client Component Browser]
    ./components/LessonLoader.tsx [Client Component Browser]
    ./components/LessonLoader.tsx [Server Component]
    ./app/curriculum/[subject]/[topic]/[lesson]/page.tsx [Server Component]

  Client Component SSR:
    ./content/dsa/strings/first-unique-character.tsx [Client Component SSR]
    ./components/LessonLoader.tsx [Client Component SSR]
    ./components/LessonLoader.tsx [Server Component]
    ./app/curriculum/[subject]/[topic]/[lesson]/page.tsx [Server Component]


./content/dsa/strings/implement-strstr-kmp.tsx:182:3
Unexpected token. Did you mean `{'}'}` or `&rbrace;`?
  [90m180 |[0m         <div style={{ padding: [32m'12px 14px'[0m }}>{content}
  [90m181 |[0m     );
[31m[1m>[0m [90m182 |[0m   };
  [90m    |[0m   [31m[1m^[0m
  [90m183 |[0m
  [90m184 |[0m   [36mreturn[0m (
  [90m185 |[0m     <div style={{ width: [32m"100vw"[0m, height: [32m"100vh"[0m, overflowY: [32m"auto"[0m, 
background: [33mCOLORS[0m....

Parsing ecmascript source code failed

Import traces:
  App Route:
    ./content/dsa/strings/implement-strstr-kmp.tsx
    ./lib/content-registry.ts
    ./app/api/content/route.ts

  Client Component Browser:
    ./content/dsa/strings/implement-strstr-kmp.tsx [Client Component Browser]
    ./components/LessonLoader.tsx [Client Component Browser]
    ./components/LessonLoader.tsx [Server Component]
    ./app/curriculum/[subject]/[topic]/[lesson]/page.tsx [Server Component]

  Client Component SSR:
    ./content/dsa/strings/implement-strstr-kmp.tsx [Client Component SSR]
    ./components/LessonLoader.tsx [Client Component SSR]
    ./components/LessonLoader.tsx [Server Component]
    ./app/curriculum/[subject]/[topic]/[lesson]/page.tsx [Server Component]


./content/dsa/strings/implement-strstr-kmp.tsx:263:15
Unexpected token. Did you mean `{'}'}` or `&rbrace;`?
  [90m261 |[0m                   <div key={idx} style={{ width: [35m32[0m, height: [35m40[0m, background: 
isMatched ? [32m...[0m
  [90m262 |[0m                 );
[31m[1m>[0m [90m263 |[0m               })}
  [90m    |[0m               [31m[1m^[0m
  [90m264 |[0m             </div>
  [90m265 |[0m             <div style={{ display: [32m"flex"[0m, gap: [35m4[0m, marginLeft: (step.i - step.j) * 
[35m36[0m }}>
  [90m266 |[0m               {pattern.split([32m""[0m).map((c, idx) => {

Parsing ecmascript source code failed

Import traces:
  App Route:
    ./content/dsa/strings/implement-strstr-kmp.tsx
    ./lib/content-registry.ts
    ./app/api/content/route.ts

  Client Component Browser:
    ./content/dsa/strings/implement-strstr-kmp.tsx [Client Component Browser]
    ./components/LessonLoader.tsx [Client Component Browser]
    ./components/LessonLoader.tsx [Server Component]
    ./app/curriculum/[subject]/[topic]/[lesson]/page.tsx [Server Component]

  Client Component SSR:
    ./content/dsa/strings/implement-strstr-kmp.tsx [Client Component SSR]
    ./components/LessonLoader.tsx [Client Component SSR]
    ./components/LessonLoader.tsx [Server Component]
    ./app/curriculum/[subject]/[topic]/[lesson]/page.tsx [Server Component]


./content/dsa/strings/implement-strstr-kmp.tsx:263:17
Unexpected token. Did you mean `{'}'}` or `&rbrace;`?
  [90m261 |[0m                   <div key={idx} style={{ width: [35m32[0m, height: [35m40[0m, background: 
isMatched ? [32m...[0m
  [90m262 |[0m                 );
[31m[1m>[0m [90m263 |[0m               })}
  [90m    |[0m                 [31m[1m^[0m
  [90m264 |[0m             </div>
  [90m265 |[0m             <div style={{ display: [32m"flex"[0m, gap: [35m4[0m, marginLeft: (step.i - step.j) * 
[35m36[0m }}>
  [90m266 |[0m               {pattern.split([32m""[0m).map((c, idx) => {

Parsing ecmascript source code failed

Import traces:
  App Route:
    ./content/dsa/strings/implement-strstr-kmp.tsx
    ./lib/content-registry.ts
    ./app/api/content/route.ts

  Client Component Browser:
    ./content/dsa/strings/implement-strstr-kmp.tsx [Client Component Browser]
    ./components/LessonLoader.tsx [Client Component Browser]
    ./components/LessonLoader.tsx [Server Component]
    ./app/curriculum/[subject]/[topic]/[lesson]/page.tsx [Server Component]

  Client Component SSR:
    ./content/dsa/strings/implement-strstr-kmp.tsx [Client Component SSR]
    ./components/LessonLoader.tsx [Client Component SSR]
    ./components/LessonLoader.tsx [Server Component]
    ./app/curriculum/[subject]/[topic]/[lesson]/page.tsx [Server Component]


./content/dsa/strings/integer-to-roman.tsx:100:1
Unexpected token. Did you mean `{'}'}` or `&rbrace;`?
  [90m 98 |[0m               ))}
  [90m 99 |[0m   );
[31m[1m>[0m [90m100 |[0m }
  [90m    |[0m [31m[1m^[0m
  [90m101 |[0m
  [90m102 |[0m [36mconst[0m inputStyle = { background: [33mCOLORS[0m.bg, border: [32m`1px solid 
[0m${[33mCOLORS[0m.border[32m}`[0m, color: [33m...[0m
  [90m103 |[0m [36mconst[0m btnStyle = { background: [33mCOLORS[0m.borderLighter, border: [32m`1px solid 
[0m${[33mCOLORS[0m.border[32m}`[0m...

Parsing ecmascript source code failed

Import traces:
  App Route:
    ./content/dsa/strings/integer-to-roman.tsx
    ./lib/content-registry.ts
    ./app/api/content/route.ts

  Client Component Browser:
    ./content/dsa/strings/integer-to-roman.tsx [Client Component Browser]
    ./components/LessonLoader.tsx [Client Component Browser]
    ./components/LessonLoader.tsx [Server Component]
    ./app/curriculum/[subject]/[topic]/[lesson]/page.tsx [Server Component]

  Client Component SSR:
    ./content/dsa/strings/integer-to-roman.tsx [Client Component SSR]
    ./components/LessonLoader.tsx [Client Component SSR]
    ./components/LessonLoader.tsx [Server Component]
    ./app/curriculum/[subject]/[topic]/[lesson]/page.tsx [Server Component]


./content/dsa/strings/integer-to-string.tsx:153:3
Unexpected token. Did you mean `{'}'}` or `&rbrace;`?
  [90m151 |[0m         <div style={{ padding: [32m'12px 14px'[0m }}>{content}
  [90m152 |[0m     );
[31m[1m>[0m [90m153 |[0m   };
  [90m    |[0m   [31m[1m^[0m
  [90m154 |[0m
  [90m155 |[0m   [36mreturn[0m (
  [90m156 |[0m     <div style={{

Parsing ecmascript source code failed

Import traces:
  App Route:
    ./content/dsa/strings/integer-to-string.tsx
    ./lib/content-registry.ts
    ./app/api/content/route.ts

  Client Component Browser:
    ./content/dsa/strings/integer-to-string.tsx [Client Component Browser]
    ./components/LessonLoader.tsx [Client Component Browser]
    ./components/LessonLoader.tsx [Server Component]
    ./app/curriculum/[subject]/[topic]/[lesson]/page.tsx [Server Component]

  Client Component SSR:
    ./content/dsa/strings/integer-to-string.tsx [Client Component SSR]
    ./components/LessonLoader.tsx [Client Component SSR]
    ./components/LessonLoader.tsx [Server Component]
    ./app/curriculum/[subject]/[topic]/[lesson]/page.tsx [Server Component]


./content/dsa/strings/integer-to-string.tsx:230:1
Unexpected token. Did you mean `{'}'}` or `&rbrace;`?
  [90m228 |[0m               {step.res.length === [35m0[0m && <div style={{ color: [33mCOLORS[0m.textDark, 
fontStyle: [32m...[0m
  [90m229 |[0m   );
[31m[1m>[0m [90m230 |[0m }
  [90m    |[0m [31m[1m^[0m
  [90m231 |[0m
  [90m232 |[0m [36mconst[0m inputStyle = { background: [32m"transparent"[0m, border: [32m"none"[0m, color: 
[33mCOLORS[0m.textWhite, ...
  [90m233 |[0m [36mconst[0m btnStyle = { background: [33mCOLORS[0m.borderLighter, border: [32m`1px solid 
[0m${[33mCOLORS[0m.border[32m}`[0m...

Parsing ecmascript source code failed

Import traces:
  App Route:
    ./content/dsa/strings/integer-to-string.tsx
    ./lib/content-registry.ts
    ./app/api/content/route.ts

  Client Component Browser:
    ./content/dsa/strings/integer-to-string.tsx [Client Component Browser]
    ./components/LessonLoader.tsx [Client Component Browser]
    ./components/LessonLoader.tsx [Server Component]
    ./app/curriculum/[subject]/[topic]/[lesson]/page.tsx [Server Component]

  Client Component SSR:
    ./content/dsa/strings/integer-to-string.tsx [Client Component SSR]
    ./components/LessonLoader.tsx [Client Component SSR]
    ./components/LessonLoader.tsx [Server Component]
    ./app/curriculum/[subject]/[topic]/[lesson]/page.tsx [Server Component]


./content/dsa/strings/interleaving-string.tsx:112:19
Unexpected token. Did you mean `{'}'}` or `&rbrace;`?
  [90m110 |[0m                       }}>{val ? [32m"T"[0m : [32m"F"[0m}
  [90m111 |[0m                     );
[31m[1m>[0m [90m112 |[0m                   })}
  [90m    |[0m                   [31m[1m^[0m
  [90m113 |[0m                 </[33mReact[0m.[33mFragment[0m>
  [90m114 |[0m              ))}
  [90m115 |[0m           </div>

Parsing ecmascript source code failed

Import traces:
  App Route:
    ./content/dsa/strings/interleaving-string.tsx
    ./lib/content-registry.ts
    ./app/api/content/route.ts

  Client Component Browser:
    ./content/dsa/strings/interleaving-string.tsx [Client Component Browser]
    ./components/LessonLoader.tsx [Client Component Browser]
    ./components/LessonLoader.tsx [Server Component]
    ./app/curriculum/[subject]/[topic]/[lesson]/page.tsx [Server Component]

  Client Component SSR:
    ./content/dsa/strings/interleaving-string.tsx [Client Component SSR]
    ./components/LessonLoader.tsx [Client Component SSR]
    ./components/LessonLoader.tsx [Server Component]
    ./app/curriculum/[subject]/[topic]/[lesson]/page.tsx [Server Component]


./content/dsa/strings/interleaving-string.tsx:112:21
Unexpected token. Did you mean `{'}'}` or `&rbrace;`?
  [90m110 |[0m                       }}>{val ? [32m"T"[0m : [32m"F"[0m}
  [90m111 |[0m                     );
[31m[1m>[0m [90m112 |[0m                   })}
  [90m    |[0m                     [31m[1m^[0m
  [90m113 |[0m                 </[33mReact[0m.[33mFragment[0m>
  [90m114 |[0m              ))}
  [90m115 |[0m           </div>

Parsing ecmascript source code failed

Import traces:
  App Route:
    ./content/dsa/strings/interleaving-string.tsx
    ./lib/content-registry.ts
    ./app/api/content/route.ts

  Client Component Browser:
    ./content/dsa/strings/interleaving-string.tsx [Client Component Browser]
    ./components/LessonLoader.tsx [Client Component Browser]
    ./components/LessonLoader.tsx [Server Component]
    ./app/curriculum/[subject]/[topic]/[lesson]/page.tsx [Server Component]

  Client Component SSR:
    ./content/dsa/strings/interleaving-string.tsx [Client Component SSR]
    ./components/LessonLoader.tsx [Client Component SSR]
    ./components/LessonLoader.tsx [Server Component]
    ./app/curriculum/[subject]/[topic]/[lesson]/page.tsx [Server Component]


./content/dsa/strings/introduction-to-strings.tsx:83:1
Unexpected token. Did you mean `{'}'}` or `&rbrace;`?
  [90m81 |[0m               <div style={{ fontSize: [35m48[0m, fontWeight: [35m800[0m, color: 
[33mCOLORS[0m.blue }}>{s.visual}
  [90m82 |[0m   );
[31m[1m>[0m [90m83 |[0m }
  [90m   |[0m [31m[1m^[0m
  [90m84 |[0m
  [90m85 |[0m [36mconst[0m labelStyle = { fontSize: [35m9[0m, fontWeight: [35m800[0m, textTransform: 
[32m"uppercase"[0m, color: [33mCOLO..[0m.
  [90m86 |[0m

Parsing ecmascript source code failed

Import traces:
  App Route:
    ./content/dsa/strings/introduction-to-strings.tsx
    ./lib/content-registry.ts
    ./app/api/content/route.ts

  Client Component Browser:
    ./content/dsa/strings/introduction-to-strings.tsx [Client Component Browser]
    ./components/LessonLoader.tsx [Client Component Browser]
    ./components/LessonLoader.tsx [Server Component]
    ./app/curriculum/[subject]/[topic]/[lesson]/page.tsx [Server Component]

  Client Component SSR:
    ./content/dsa/strings/introduction-to-strings.tsx [Client Component SSR]
    ./components/LessonLoader.tsx [Client Component SSR]
    ./components/LessonLoader.tsx [Server Component]
    ./app/curriculum/[subject]/[topic]/[lesson]/page.tsx [Server Component]


./content/dsa/strings/isomorphic-strings.tsx:144:1
Unexpected token. Did you mean `{'}'}` or `&rbrace;`?
  [90m142 |[0m               <div style={{ fontSize: [35m16[0m, lineHeight: [35m1.6[0m }}>{step.message}
  [90m143 |[0m   );
[31m[1m>[0m [90m144 |[0m }
  [90m    |[0m [31m[1m^[0m
  [90m145 |[0m
  [90m146 |[0m [36mconst[0m inputStyle = { background: [33mCOLORS[0m.bg, border: [32m`1px solid 
[0m${[33mCOLORS[0m.border[32m}`[0m, color: [33m...[0m
  [90m147 |[0m [36mconst[0m btnStyle = { background: [33mCOLORS[0m.borderLighter, border: [32m`1px solid 
[0m${[33mCOLORS[0m.border[32m}`[0m...

Parsing ecmascript source code failed

Import traces:
  App Route:
    ./content/dsa/strings/isomorphic-strings.tsx
    ./lib/content-registry.ts
    ./app/api/content/route.ts

  Client Component Browser:
    ./content/dsa/strings/isomorphic-strings.tsx [Client Component Browser]
    ./components/LessonLoader.tsx [Client Component Browser]
    ./components/LessonLoader.tsx [Server Component]
    ./app/curriculum/[subject]/[topic]/[lesson]/page.tsx [Server Component]

  Client Component SSR:
    ./content/dsa/strings/isomorphic-strings.tsx [Client Component SSR]
    ./components/LessonLoader.tsx [Client Component SSR]
    ./components/LessonLoader.tsx [Server Component]
    ./app/curriculum/[subject]/[topic]/[lesson]/page.tsx [Server Component]


./content/dsa/strings/kmp-algorithm.tsx:127:1
Unexpected token. Did you mean `{'}'}` or `&rbrace;`?
  [90m125 |[0m                  {step.lps.map((v, i) => <div key={i} style={{ width: [35m24[0m, height: 
[35m24[0m, bor...
  [90m126 |[0m   );
[31m[1m>[0m [90m127 |[0m }
  [90m    |[0m [31m[1m^[0m
  [90m128 |[0m
  [90m129 |[0m [36mconst[0m inputStyle = { background: [33mCOLORS[0m.bg, border: [32m`1px solid 
[0m${[33mCOLORS[0m.border[32m}`[0m, color: [33m...[0m
  [90m130 |[0m [36mconst[0m btnStyle = { background: [33mCOLORS[0m.borderLighter, border: [32m`1px solid 
[0m${[33mCOLORS[0m.border[32m}`[0m...

Parsing ecmascript source code failed

Import traces:
  App Route:
    ./content/dsa/strings/kmp-algorithm.tsx
    ./lib/content-registry.ts
    ./app/api/content/route.ts

  Client Component Browser:
    ./content/dsa/strings/kmp-algorithm.tsx [Client Component Browser]
    ./components/LessonLoader.tsx [Client Component Browser]
    ./components/LessonLoader.tsx [Server Component]
    ./app/curriculum/[subject]/[topic]/[lesson]/page.tsx [Server Component]

  Client Component SSR:
    ./content/dsa/strings/kmp-algorithm.tsx [Client Component SSR]
    ./components/LessonLoader.tsx [Client Component SSR]
    ./components/LessonLoader.tsx [Server Component]
    ./app/curriculum/[subject]/[topic]/[lesson]/page.tsx [Server Component]


./content/dsa/strings/largest-number-strings.tsx:101:11
Unexpected token. Did you mean `{'}'}` or `&rbrace;`?
  [90m 99 |[0m               }}>{n}
  [90m100 |[0m             );
[31m[1m>[0m [90m101 |[0m           })}
  [90m    |[0m           [31m[1m^[0m
  [90m102 |[0m         </div>
  [90m103 |[0m
  [90m104 |[0m         <div style={{ width: [35m500[0m, padding: [35m30[0m, background: [33mCOLORS[0m.surface, 
border: [32m`1px s...[0m

Parsing ecmascript source code failed

Import traces:
  App Route:
    ./content/dsa/strings/largest-number-strings.tsx
    ./lib/content-registry.ts
    ./app/api/content/route.ts

  Client Component Browser:
    ./content/dsa/strings/largest-number-strings.tsx [Client Component Browser]
    ./components/LessonLoader.tsx [Client Component Browser]
    ./components/LessonLoader.tsx [Server Component]
    ./app/curriculum/[subject]/[topic]/[lesson]/page.tsx [Server Component]

  Client Component SSR:
    ./content/dsa/strings/largest-number-strings.tsx [Client Component SSR]
    ./components/LessonLoader.tsx [Client Component SSR]
    ./components/LessonLoader.tsx [Server Component]
    ./app/curriculum/[subject]/[topic]/[lesson]/page.tsx [Server Component]


./content/dsa/strings/largest-number-strings.tsx:101:13
Unexpected token. Did you mean `{'}'}` or `&rbrace;`?
  [90m 99 |[0m               }}>{n}
  [90m100 |[0m             );
[31m[1m>[0m [90m101 |[0m           })}
  [90m    |[0m             [31m[1m^[0m
  [90m102 |[0m         </div>
  [90m103 |[0m
  [90m104 |[0m         <div style={{ width: [35m500[0m, padding: [35m30[0m, background: [33mCOLORS[0m.surface, 
border: [32m`1px s...[0m

Parsing ecmascript source code failed

Import traces:
  App Route:
    ./content/dsa/strings/largest-number-strings.tsx
    ./lib/content-registry.ts
    ./app/api/content/route.ts

  Client Component Browser:
    ./content/dsa/strings/largest-number-strings.tsx [Client Component Browser]
    ./components/LessonLoader.tsx [Client Component Browser]
    ./components/LessonLoader.tsx [Server Component]
    ./app/curriculum/[subject]/[topic]/[lesson]/page.tsx [Server Component]

  Client Component SSR:
    ./content/dsa/strings/largest-number-strings.tsx [Client Component SSR]
    ./components/LessonLoader.tsx [Client Component SSR]
    ./components/LessonLoader.tsx [Server Component]
    ./app/curriculum/[subject]/[topic]/[lesson]/page.tsx [Server Component]


./content/dsa/strings/lexicographical-order.tsx:103:1
Unexpected token. Did you mean `{'}'}` or `&rbrace;`?
  [90m101 |[0m           ))}
  [90m102 |[0m   );
[31m[1m>[0m [90m103 |[0m }
  [90m    |[0m [31m[1m^[0m
  [90m104 |[0m
  [90m105 |[0m [36mconst[0m inputStyle = { background: [33mCOLORS[0m.bg, border: [32m`1px solid 
[0m${[33mCOLORS[0m.border[32m}`[0m, color: [33m...[0m
  [90m106 |[0m [36mconst[0m btnStyle = { background: [33mCOLORS[0m.borderLighter, border: [32m`1px solid 
[0m${[33mCOLORS[0m.border[32m}`[0m...

Parsing ecmascript source code failed

Import traces:
  App Route:
    ./content/dsa/strings/lexicographical-order.tsx
    ./lib/content-registry.ts
    ./app/api/content/route.ts

  Client Component Browser:
    ./content/dsa/strings/lexicographical-order.tsx [Client Component Browser]
    ./components/LessonLoader.tsx [Client Component Browser]
    ./components/LessonLoader.tsx [Server Component]
    ./app/curriculum/[subject]/[topic]/[lesson]/page.tsx [Server Component]

  Client Component SSR:
    ./content/dsa/strings/lexicographical-order.tsx [Client Component SSR]
    ./components/LessonLoader.tsx [Client Component SSR]
    ./components/LessonLoader.tsx [Server Component]
    ./app/curriculum/[subject]/[topic]/[lesson]/page.tsx [Server Component]


./content/dsa/strings/longest-common-prefix.tsx:119:1
Unexpected token. Did you mean `{'}'}` or `&rbrace;`?
  [90m117 |[0m               <div style={{ fontSize: [35m24[0m, fontWeight: [35m800[0m, color: 
[33mCOLORS[0m.green }}>{step.p...
  [90m118 |[0m   );
[31m[1m>[0m [90m119 |[0m }
  [90m    |[0m [31m[1m^[0m
  [90m120 |[0m
  [90m121 |[0m [36mconst[0m inputStyle = { background: [33mCOLORS[0m.bg, border: [32m`1px solid 
[0m${[33mCOLORS[0m.border[32m}`[0m, color: [33m...[0m
  [90m122 |[0m [36mconst[0m btnStyle = { background: [33mCOLORS[0m.borderLighter, border: [32m`1px solid 
[0m${[33mCOLORS[0m.border[32m}`[0m...

Parsing ecmascript source code failed

Import traces:
  App Route:
    ./content/dsa/strings/longest-common-prefix.tsx
    ./lib/content-registry.ts
    ./app/api/content/route.ts

  Client Component Browser:
    ./content/dsa/strings/longest-common-prefix.tsx [Client Component Browser]
    ./components/LessonLoader.tsx [Client Component Browser]
    ./components/LessonLoader.tsx [Server Component]
    ./app/curriculum/[subject]/[topic]/[lesson]/page.tsx [Server Component]

  Client Component SSR:
    ./content/dsa/strings/longest-common-prefix.tsx [Client Component SSR]
    ./components/LessonLoader.tsx [Client Component SSR]
    ./components/LessonLoader.tsx [Server Component]
    ./app/curriculum/[subject]/[topic]/[lesson]/page.tsx [Server Component]


./content/dsa/strings/longest-common-subsequence-strings.tsx:94:20
Unexpected token. Did you mean `{'}'}` or `&rbrace;`?
  [90m92 |[0m                        }}>{val}
  [90m93 |[0m                      );
[31m[1m>[0m [90m94 |[0m                    })}
  [90m   |[0m                    [31m[1m^[0m
  [90m95 |[0m                  </[33mReact[0m.[33mFragment[0m>
  [90m96 |[0m               ))}
  [90m97 |[0m            </div>

Parsing ecmascript source code failed

Import traces:
  App Route:
    ./content/dsa/strings/longest-common-subsequence-strings.tsx
    ./lib/content-registry.ts
    ./app/api/content/route.ts

  Client Component Browser:
    ./content/dsa/strings/longest-common-subsequence-strings.tsx [Client Component Browser]
    ./components/LessonLoader.tsx [Client Component Browser]
    ./components/LessonLoader.tsx [Server Component]
    ./app/curriculum/[subject]/[topic]/[lesson]/page.tsx [Server Component]

  Client Component SSR:
    ./content/dsa/strings/longest-common-subsequence-strings.tsx [Client Component SSR]
    ./components/LessonLoader.tsx [Client Component SSR]
    ./components/LessonLoader.tsx [Server Component]
    ./app/curriculum/[subject]/[topic]/[lesson]/page.tsx [Server Component]


./content/dsa/strings/longest-common-subsequence-strings.tsx:94:22
Unexpected token. Did you mean `{'}'}` or `&rbrace;`?
  [90m92 |[0m                        }}>{val}
  [90m93 |[0m                      );
[31m[1m>[0m [90m94 |[0m                    })}
  [90m   |[0m                      [31m[1m^[0m
  [90m95 |[0m                  </[33mReact[0m.[33mFragment[0m>
  [90m96 |[0m               ))}
  [90m97 |[0m            </div>

Parsing ecmascript source code failed

Import traces:
  App Route:
    ./content/dsa/strings/longest-common-subsequence-strings.tsx
    ./lib/content-registry.ts
    ./app/api/content/route.ts

  Client Component Browser:
    ./content/dsa/strings/longest-common-subsequence-strings.tsx [Client Component Browser]
    ./components/LessonLoader.tsx [Client Component Browser]
    ./components/LessonLoader.tsx [Server Component]
    ./app/curriculum/[subject]/[topic]/[lesson]/page.tsx [Server Component]

  Client Component SSR:
    ./content/dsa/strings/longest-common-subsequence-strings.tsx [Client Component SSR]
    ./components/LessonLoader.tsx [Client Component SSR]
    ./components/LessonLoader.tsx [Server Component]
    ./app/curriculum/[subject]/[topic]/[lesson]/page.tsx [Server Component]


./content/dsa/strings/longest-happy-prefix.tsx:114:1
Unexpected token. Did you mean `{'}'}` or `&rbrace;`?
  [90m112 |[0m               <div style={{ fontSize: [35m20[0m, fontWeight: [35m800[0m, color: 
[33mCOLORS[0m.green }}>{text.s...
  [90m113 |[0m   );
[31m[1m>[0m [90m114 |[0m }
  [90m    |[0m [31m[1m^[0m
  [90m115 |[0m
  [90m116 |[0m [36mconst[0m inputStyle = { background: [33mCOLORS[0m.bg, border: [32m`1px solid 
[0m${[33mCOLORS[0m.border[32m}`[0m, color: [33m...[0m
  [90m117 |[0m [36mconst[0m btnStyle = { background: [33mCOLORS[0m.borderLighter, border: [32m`1px solid 
[0m${[33mCOLORS[0m.border[32m}`[0m...

Parsing ecmascript source code failed

Import traces:
  App Route:
    ./content/dsa/strings/longest-happy-prefix.tsx
    ./lib/content-registry.ts
    ./app/api/content/route.ts

  Client Component Browser:
    ./content/dsa/strings/longest-happy-prefix.tsx [Client Component Browser]
    ./components/LessonLoader.tsx [Client Component Browser]
    ./components/LessonLoader.tsx [Server Component]
    ./app/curriculum/[subject]/[topic]/[lesson]/page.tsx [Server Component]

  Client Component SSR:
    ./content/dsa/strings/longest-happy-prefix.tsx [Client Component SSR]
    ./components/LessonLoader.tsx [Client Component SSR]
    ./components/LessonLoader.tsx [Server Component]
    ./app/curriculum/[subject]/[topic]/[lesson]/page.tsx [Server Component]


./content/dsa/strings/longest-happy-string.tsx:107:1
Unexpected token. Did you mean `{'}'}` or `&rbrace;`?
  [90m105 |[0m               <div style={{ fontSize: [35m15[0m, lineHeight: [35m1.6[0m }}>{step.message}
  [90m106 |[0m   );
[31m[1m>[0m [90m107 |[0m }
  [90m    |[0m [31m[1m^[0m
  [90m108 |[0m
  [90m109 |[0m [36mconst[0m statCard = { padding: [32m"12px"[0m, background: [33mCOLORS[0m.surface, 
borderRadius: [35m8[0m, fontSize..[35m.[0m
  [90m110 |[0m [36mconst[0m inputStyle = { background: [33mCOLORS[0m.bg, border: [32m`1px solid 
[0m${[33mCOLORS[0m.border[32m}`[0m, color: [33m...[0m

Parsing ecmascript source code failed

Import traces:
  App Route:
    ./content/dsa/strings/longest-happy-string.tsx
    ./lib/content-registry.ts
    ./app/api/content/route.ts

  Client Component Browser:
    ./content/dsa/strings/longest-happy-string.tsx [Client Component Browser]
    ./components/LessonLoader.tsx [Client Component Browser]
    ./components/LessonLoader.tsx [Server Component]
    ./app/curriculum/[subject]/[topic]/[lesson]/page.tsx [Server Component]

  Client Component SSR:
    ./content/dsa/strings/longest-happy-string.tsx [Client Component SSR]
    ./components/LessonLoader.tsx [Client Component SSR]
    ./components/LessonLoader.tsx [Server Component]
    ./app/curriculum/[subject]/[topic]/[lesson]/page.tsx [Server Component]


./content/dsa/strings/longest-repeating-character-replacement.tsx:104:15
Unexpected token. Did you mean `{'}'}` or `&rbrace;`?
  [90m102 |[0m                    }}>{c}
  [90m103 |[0m                  );
[31m[1m>[0m [90m104 |[0m               })}
  [90m    |[0m               [31m[1m^[0m
  [90m105 |[0m            </div>
  [90m106 |[0m            
  [90m107 |[0m            <div style={{ width: [35m450[0m, padding: [35m30[0m, background: 
[33mCOLORS[0m.surface, border: [32m`1p...[0m

Parsing ecmascript source code failed

Import traces:
  App Route:
    ./content/dsa/strings/longest-repeating-character-replacement.tsx
    ./lib/content-registry.ts
    ./app/api/content/route.ts

  Client Component Browser:
    ./content/dsa/strings/longest-repeating-character-replacement.tsx [Client Component Browser]
    ./components/LessonLoader.tsx [Client Component Browser]
    ./components/LessonLoader.tsx [Server Component]
    ./app/curriculum/[subject]/[topic]/[lesson]/page.tsx [Server Component]

  Client Component SSR:
    ./content/dsa/strings/longest-repeating-character-replacement.tsx [Client Component SSR]
    ./components/LessonLoader.tsx [Client Component SSR]
    ./components/LessonLoader.tsx [Server Component]
    ./app/curriculum/[subject]/[topic]/[lesson]/page.tsx [Server Component]


./content/dsa/strings/longest-repeating-character-replacement.tsx:104:17
Unexpected token. Did you mean `{'}'}` or `&rbrace;`?
  [90m102 |[0m                    }}>{c}
  [90m103 |[0m                  );
[31m[1m>[0m [90m104 |[0m               })}
  [90m    |[0m                 [31m[1m^[0m
  [90m105 |[0m            </div>
  [90m106 |[0m            
  [90m107 |[0m            <div style={{ width: [35m450[0m, padding: [35m30[0m, background: 
[33mCOLORS[0m.surface, border: [32m`1p...[0m

Parsing ecmascript source code failed

Import traces:
  App Route:
    ./content/dsa/strings/longest-repeating-character-replacement.tsx
    ./lib/content-registry.ts
    ./app/api/content/route.ts

  Client Component Browser:
    ./content/dsa/strings/longest-repeating-character-replacement.tsx [Client Component Browser]
    ./components/LessonLoader.tsx [Client Component Browser]
    ./components/LessonLoader.tsx [Server Component]
    ./app/curriculum/[subject]/[topic]/[lesson]/page.tsx [Server Component]

  Client Component SSR:
    ./content/dsa/strings/longest-repeating-character-replacement.tsx [Client Component SSR]
    ./components/LessonLoader.tsx [Client Component SSR]
    ./components/LessonLoader.tsx [Server Component]
    ./app/curriculum/[subject]/[topic]/[lesson]/page.tsx [Server Component]


./content/dsa/strings/longest-valid-parentheses.tsx:105:15
Unexpected token. Did you mean `{'}'}` or `&rbrace;`?
  [90m103 |[0m                   }}>{c}
  [90m104 |[0m                 );
[31m[1m>[0m [90m105 |[0m               })}
  [90m    |[0m               [31m[1m^[0m
  [90m106 |[0m            </div>
  [90m107 |[0m            <div style={{ width: [35m450[0m, padding: [35m30[0m, background: 
[33mCOLORS[0m.surface, border: [32m`1p...[0m
  [90m108 |[0m               <div style={labelStyle}>[33mStack[0m [33mLogic[0m [33mTrace[0m</div>

Parsing ecmascript source code failed

Import traces:
  App Route:
    ./content/dsa/strings/longest-valid-parentheses.tsx
    ./lib/content-registry.ts
    ./app/api/content/route.ts

  Client Component Browser:
    ./content/dsa/strings/longest-valid-parentheses.tsx [Client Component Browser]
    ./components/LessonLoader.tsx [Client Component Browser]
    ./components/LessonLoader.tsx [Server Component]
    ./app/curriculum/[subject]/[topic]/[lesson]/page.tsx [Server Component]

  Client Component SSR:
    ./content/dsa/strings/longest-valid-parentheses.tsx [Client Component SSR]
    ./components/LessonLoader.tsx [Client Component SSR]
    ./components/LessonLoader.tsx [Server Component]
    ./app/curriculum/[subject]/[topic]/[lesson]/page.tsx [Server Component]


./content/dsa/strings/longest-valid-parentheses.tsx:105:17
Unexpected token. Did you mean `{'}'}` or `&rbrace;`?
  [90m103 |[0m                   }}>{c}
  [90m104 |[0m                 );
[31m[1m>[0m [90m105 |[0m               })}
  [90m    |[0m                 [31m[1m^[0m
  [90m106 |[0m            </div>
  [90m107 |[0m            <div style={{ width: [35m450[0m, padding: [35m30[0m, background: 
[33mCOLORS[0m.surface, border: [32m`1p...[0m
  [90m108 |[0m               <div style={labelStyle}>[33mStack[0m [33mLogic[0m [33mTrace[0m</div>

Parsing ecmascript source code failed

Import traces:
  App Route:
    ./content/dsa/strings/longest-valid-parentheses.tsx
    ./lib/content-registry.ts
    ./app/api/content/route.ts

  Client Component Browser:
    ./content/dsa/strings/longest-valid-parentheses.tsx [Client Component Browser]
    ./components/LessonLoader.tsx [Client Component Browser]
    ./components/LessonLoader.tsx [Server Component]
    ./app/curriculum/[subject]/[topic]/[lesson]/page.tsx [Server Component]

  Client Component SSR:
    ./content/dsa/strings/longest-valid-parentheses.tsx [Client Component SSR]
    ./components/LessonLoader.tsx [Client Component SSR]
    ./components/LessonLoader.tsx [Server Component]
    ./app/curriculum/[subject]/[topic]/[lesson]/page.tsx [Server Component]


./content/dsa/strings/longest-word-in-dictionary-through-deleting.tsx:315:1
Unexpected token. Did you mean `{'}'}` or `&rbrace;`?
  [90m313 |[0m [32m    </main>[0m
  [90m314 |[0m [32m  );[0m
[31m[1m>[0m [90m315 |[0m [32m}[0m
  [90m    |[0m [31m[1m^[0m
  [90m316 |[0m

Parsing ecmascript source code failed

Import traces:
  App Route:
    ./content/dsa/strings/longest-word-in-dictionary-through-deleting.tsx
    ./lib/content-registry.ts
    ./app/api/content/route.ts

  Client Component Browser:
    ./content/dsa/strings/longest-word-in-dictionary-through-deleting.tsx [Client Component Browser]
    ./components/LessonLoader.tsx [Client Component Browser]
    ./components/LessonLoader.tsx [Server Component]
    ./app/curriculum/[subject]/[topic]/[lesson]/page.tsx [Server Component]

  Client Component SSR:
    ./content/dsa/strings/longest-word-in-dictionary-through-deleting.tsx [Client Component SSR]
    ./components/LessonLoader.tsx [Client Component SSR]
    ./components/LessonLoader.tsx [Server Component]
    ./app/curriculum/[subject]/[topic]/[lesson]/page.tsx [Server Component]


./content/dsa/strings/longest-word-in-dictionary.tsx:136:11
Unexpected token. Did you mean `{'}'}` or `&rbrace;`?
  [90m134 |[0m  
  [90m135 |[0m             );
[31m[1m>[0m [90m136 |[0m           })}
  [90m    |[0m           [31m[1m^[0m
  [90m137 |[0m         </[33mReorder[0m.[33mGroup[0m>
  [90m138 |[0m       </div>
  [90m139 |[0m

Parsing ecmascript source code failed

Import traces:
  App Route:
    ./content/dsa/strings/longest-word-in-dictionary.tsx
    ./lib/content-registry.ts
    ./app/api/content/route.ts

  Client Component Browser:
    ./content/dsa/strings/longest-word-in-dictionary.tsx [Client Component Browser]
    ./components/LessonLoader.tsx [Client Component Browser]
    ./components/LessonLoader.tsx [Server Component]
    ./app/curriculum/[subject]/[topic]/[lesson]/page.tsx [Server Component]

  Client Component SSR:
    ./content/dsa/strings/longest-word-in-dictionary.tsx [Client Component SSR]
    ./components/LessonLoader.tsx [Client Component SSR]
    ./components/LessonLoader.tsx [Server Component]
    ./app/curriculum/[subject]/[topic]/[lesson]/page.tsx [Server Component]


./content/dsa/strings/longest-word-in-dictionary.tsx:136:13
Unexpected token. Did you mean `{'}'}` or `&rbrace;`?
  [90m134 |[0m  
  [90m135 |[0m             );
[31m[1m>[0m [90m136 |[0m           })}
  [90m    |[0m             [31m[1m^[0m
  [90m137 |[0m         </[33mReorder[0m.[33mGroup[0m>
  [90m138 |[0m       </div>
  [90m139 |[0m

Parsing ecmascript source code failed

Import traces:
  App Route:
    ./content/dsa/strings/longest-word-in-dictionary.tsx
    ./lib/content-registry.ts
    ./app/api/content/route.ts

  Client Component Browser:
    ./content/dsa/strings/longest-word-in-dictionary.tsx [Client Component Browser]
    ./components/LessonLoader.tsx [Client Component Browser]
    ./components/LessonLoader.tsx [Server Component]
    ./app/curriculum/[subject]/[topic]/[lesson]/page.tsx [Server Component]

  Client Component SSR:
    ./content/dsa/strings/longest-word-in-dictionary.tsx [Client Component SSR]
    ./components/LessonLoader.tsx [Client Component SSR]
    ./components/LessonLoader.tsx [Server Component]
    ./app/curriculum/[subject]/[topic]/[lesson]/page.tsx [Server Component]


./content/dsa/strings/longest-word-in-string.tsx:140:11
Unexpected token. Did you mean `{'}'}` or `&rbrace;`?
  [90m138 |[0m  
  [90m139 |[0m             );
[31m[1m>[0m [90m140 |[0m           })}
  [90m    |[0m           [31m[1m^[0m
  [90m141 |[0m         </[33mReorder[0m.[33mGroup[0m>
  [90m142 |[0m       </div>
  [90m143 |[0m

Parsing ecmascript source code failed

Import traces:
  App Route:
    ./content/dsa/strings/longest-word-in-string.tsx
    ./lib/content-registry.ts
    ./app/api/content/route.ts

  Client Component Browser:
    ./content/dsa/strings/longest-word-in-string.tsx [Client Component Browser]
    ./components/LessonLoader.tsx [Client Component Browser]
    ./components/LessonLoader.tsx [Server Component]
    ./app/curriculum/[subject]/[topic]/[lesson]/page.tsx [Server Component]

  Client Component SSR:
    ./content/dsa/strings/longest-word-in-string.tsx [Client Component SSR]
    ./components/LessonLoader.tsx [Client Component SSR]
    ./components/LessonLoader.tsx [Server Component]
    ./app/curriculum/[subject]/[topic]/[lesson]/page.tsx [Server Component]


./content/dsa/strings/longest-word-in-string.tsx:140:13
Unexpected token. Did you mean `{'}'}` or `&rbrace;`?
  [90m138 |[0m  
  [90m139 |[0m             );
[31m[1m>[0m [90m140 |[0m           })}
  [90m    |[0m             [31m[1m^[0m
  [90m141 |[0m         </[33mReorder[0m.[33mGroup[0m>
  [90m142 |[0m       </div>
  [90m143 |[0m

Parsing ecmascript source code failed

Import traces:
  App Route:
    ./content/dsa/strings/longest-word-in-string.tsx
    ./lib/content-registry.ts
    ./app/api/content/route.ts

  Client Component Browser:
    ./content/dsa/strings/longest-word-in-string.tsx [Client Component Browser]
    ./components/LessonLoader.tsx [Client Component Browser]
    ./components/LessonLoader.tsx [Server Component]
    ./app/curriculum/[subject]/[topic]/[lesson]/page.tsx [Server Component]

  Client Component SSR:
    ./content/dsa/strings/longest-word-in-string.tsx [Client Component SSR]
    ./components/LessonLoader.tsx [Client Component SSR]
    ./components/LessonLoader.tsx [Server Component]
    ./app/curriculum/[subject]/[topic]/[lesson]/page.tsx [Server Component]


./content/dsa/strings/minimum-insertion-steps-palindrome.tsx:145:3
Unexpected token. Did you mean `{'}'}` or `&rbrace;`?
  [90m143 |[0m         <div style={{ padding: [32m'12px 14px'[0m }}>{content}
  [90m144 |[0m     );
[31m[1m>[0m [90m145 |[0m   };
  [90m    |[0m   [31m[1m^[0m
  [90m146 |[0m
  [90m147 |[0m   [36mreturn[0m (
  [90m148 |[0m     <div style={{

Parsing ecmascript source code failed

Import traces:
  App Route:
    ./content/dsa/strings/minimum-insertion-steps-palindrome.tsx
    ./lib/content-registry.ts
    ./app/api/content/route.ts

  Client Component Browser:
    ./content/dsa/strings/minimum-insertion-steps-palindrome.tsx [Client Component Browser]
    ./components/LessonLoader.tsx [Client Component Browser]
    ./components/LessonLoader.tsx [Server Component]
    ./app/curriculum/[subject]/[topic]/[lesson]/page.tsx [Server Component]

  Client Component SSR:
    ./content/dsa/strings/minimum-insertion-steps-palindrome.tsx [Client Component SSR]
    ./components/LessonLoader.tsx [Client Component SSR]
    ./components/LessonLoader.tsx [Server Component]
    ./app/curriculum/[subject]/[topic]/[lesson]/page.tsx [Server Component]


./content/dsa/strings/minimum-insertion-steps-palindrome.tsx:227:1
Unexpected token. Did you mean `{'}'}` or `&rbrace;`?
  [90m225 |[0m             )}
  [90m226 |[0m   );
[31m[1m>[0m [90m227 |[0m }
  [90m    |[0m [31m[1m^[0m
  [90m228 |[0m
  [90m229 |[0m [36mconst[0m inputStyle = { background: [32m"transparent"[0m, border: [32m"none"[0m, color: 
[33mCOLORS[0m.textWhite, ...
  [90m230 |[0m [36mconst[0m btnStyle = { background: [33mCOLORS[0m.borderLighter, border: [32m`1px solid 
[0m${[33mCOLORS[0m.border[32m}`[0m...

Parsing ecmascript source code failed

Import traces:
  App Route:
    ./content/dsa/strings/minimum-insertion-steps-palindrome.tsx
    ./lib/content-registry.ts
    ./app/api/content/route.ts

  Client Component Browser:
    ./content/dsa/strings/minimum-insertion-steps-palindrome.tsx [Client Component Browser]
    ./components/LessonLoader.tsx [Client Component Browser]
    ./components/LessonLoader.tsx [Server Component]
    ./app/curriculum/[subject]/[topic]/[lesson]/page.tsx [Server Component]

  Client Component SSR:
    ./content/dsa/strings/minimum-insertion-steps-palindrome.tsx [Client Component SSR]
    ./components/LessonLoader.tsx [Client Component SSR]
    ./components/LessonLoader.tsx [Server Component]
    ./app/curriculum/[subject]/[topic]/[lesson]/page.tsx [Server Component]


./content/dsa/strings/minimum-window-substring.tsx:106:12
Unexpected token. Did you mean `{'}'}` or `&rbrace;`?
  [90m104 |[0m                 }}>{c}
  [90m105 |[0m               );
[31m[1m>[0m [90m106 |[0m            })}
  [90m    |[0m            [31m[1m^[0m
  [90m107 |[0m         </div>
  [90m108 |[0m
  [90m109 |[0m         <div style={{ display: [32m"flex"[0m, gap: [35m40[0m, justifyContent: [32m"center"[0m 
}}>

Parsing ecmascript source code failed

Import traces:
  App Route:
    ./content/dsa/strings/minimum-window-substring.tsx
    ./lib/content-registry.ts
    ./app/api/content/route.ts

  Client Component Browser:
    ./content/dsa/strings/minimum-window-substring.tsx [Client Component Browser]
    ./components/LessonLoader.tsx [Client Component Browser]
    ./components/LessonLoader.tsx [Server Component]
    ./app/curriculum/[subject]/[topic]/[lesson]/page.tsx [Server Component]

  Client Component SSR:
    ./content/dsa/strings/minimum-window-substring.tsx [Client Component SSR]
    ./components/LessonLoader.tsx [Client Component SSR]
    ./components/LessonLoader.tsx [Server Component]
    ./app/curriculum/[subject]/[topic]/[lesson]/page.tsx [Server Component]


./content/dsa/strings/minimum-window-substring.tsx:106:14
Unexpected token. Did you mean `{'}'}` or `&rbrace;`?
  [90m104 |[0m                 }}>{c}
  [90m105 |[0m               );
[31m[1m>[0m [90m106 |[0m            })}
  [90m    |[0m              [31m[1m^[0m
  [90m107 |[0m         </div>
  [90m108 |[0m
  [90m109 |[0m         <div style={{ display: [32m"flex"[0m, gap: [35m40[0m, justifyContent: [32m"center"[0m 
}}>

Parsing ecmascript source code failed

Import traces:
  App Route:
    ./content/dsa/strings/minimum-window-substring.tsx
    ./lib/content-registry.ts
    ./app/api/content/route.ts

  Client Component Browser:
    ./content/dsa/strings/minimum-window-substring.tsx [Client Component Browser]
    ./components/LessonLoader.tsx [Client Component Browser]
    ./components/LessonLoader.tsx [Server Component]
    ./app/curriculum/[subject]/[topic]/[lesson]/page.tsx [Server Component]

  Client Component SSR:
    ./content/dsa/strings/minimum-window-substring.tsx [Client Component SSR]
    ./components/LessonLoader.tsx [Client Component SSR]
    ./components/LessonLoader.tsx [Server Component]
    ./app/curriculum/[subject]/[topic]/[lesson]/page.tsx [Server Component]


./content/dsa/strings/multiply-large-numbers.tsx:122:1
Unexpected token. Did you mean `{'}'}` or `&rbrace;`?
  [90m120 |[0m  
  [90m121 |[0m   );
[31m[1m>[0m [90m122 |[0m }
  [90m    |[0m [31m[1m^[0m
  [90m123 |[0m

Parsing ecmascript source code failed

Import traces:
  App Route:
    ./content/dsa/strings/multiply-large-numbers.tsx
    ./lib/content-registry.ts
    ./app/api/content/route.ts

  Client Component Browser:
    ./content/dsa/strings/multiply-large-numbers.tsx [Client Component Browser]
    ./components/LessonLoader.tsx [Client Component Browser]
    ./components/LessonLoader.tsx [Server Component]
    ./app/curriculum/[subject]/[topic]/[lesson]/page.tsx [Server Component]

  Client Component SSR:
    ./content/dsa/strings/multiply-large-numbers.tsx [Client Component SSR]
    ./components/LessonLoader.tsx [Client Component SSR]
    ./components/LessonLoader.tsx [Server Component]
    ./app/curriculum/[subject]/[topic]/[lesson]/page.tsx [Server Component]


./content/dsa/strings/multiply-strings.tsx:101:1
Unexpected token. Did you mean `{'}'}` or `&rbrace;`?
  [90m 99 |[0m                  {n2.split([32m""[0m).map((c, j) => <div key={j} style={{ fontSize: [35m24[0m, 
color: j...
  [90m100 |[0m   );
[31m[1m>[0m [90m101 |[0m }
  [90m    |[0m [31m[1m^[0m
  [90m102 |[0m
  [90m103 |[0m [36mconst[0m inputStyle = { background: [33mCOLORS[0m.bg, border: [32m`1px solid 
[0m${[33mCOLORS[0m.border[32m}`[0m, color: [33m...[0m
  [90m104 |[0m [36mconst[0m btnStyle = { background: [33mCOLORS[0m.borderLighter, border: [32m`1px solid 
[0m${[33mCOLORS[0m.border[32m}`[0m...

Parsing ecmascript source code failed

Import traces:
  App Route:
    ./content/dsa/strings/multiply-strings.tsx
    ./lib/content-registry.ts
    ./app/api/content/route.ts

  Client Component Browser:
    ./content/dsa/strings/multiply-strings.tsx [Client Component Browser]
    ./components/LessonLoader.tsx [Client Component Browser]
    ./components/LessonLoader.tsx [Server Component]
    ./app/curriculum/[subject]/[topic]/[lesson]/page.tsx [Server Component]

  Client Component SSR:
    ./content/dsa/strings/multiply-strings.tsx [Client Component SSR]
    ./components/LessonLoader.tsx [Client Component SSR]
    ./components/LessonLoader.tsx [Server Component]
    ./app/curriculum/[subject]/[topic]/[lesson]/page.tsx [Server Component]


./content/dsa/strings/naive-pattern-matching.tsx:163:3
Unexpected token. Did you mean `{'}'}` or `&rbrace;`?
  [90m161 |[0m         <div style={{ padding: [32m'12px 14px'[0m }}>{content}
  [90m162 |[0m     );
[31m[1m>[0m [90m163 |[0m   };
  [90m    |[0m   [31m[1m^[0m
  [90m164 |[0m
  [90m165 |[0m   [36mreturn[0m (
  [90m166 |[0m     <div style={{ width: [32m"100vw"[0m, height: [32m"100vh"[0m, overflowY: [32m"auto"[0m, 
background: [33mCOLORS[0m....

Parsing ecmascript source code failed

Import traces:
  App Route:
    ./content/dsa/strings/naive-pattern-matching.tsx
    ./lib/content-registry.ts
    ./app/api/content/route.ts

  Client Component Browser:
    ./content/dsa/strings/naive-pattern-matching.tsx [Client Component Browser]
    ./components/LessonLoader.tsx [Client Component Browser]
    ./components/LessonLoader.tsx [Server Component]
    ./app/curriculum/[subject]/[topic]/[lesson]/page.tsx [Server Component]

  Client Component SSR:
    ./content/dsa/strings/naive-pattern-matching.tsx [Client Component SSR]
    ./components/LessonLoader.tsx [Client Component SSR]
    ./components/LessonLoader.tsx [Server Component]
    ./app/curriculum/[subject]/[topic]/[lesson]/page.tsx [Server Component]


./content/dsa/strings/naive-pattern-matching.tsx:260:15
Unexpected token. Did you mean `{'}'}` or `&rbrace;`?
  [90m258 |[0m                     }}>{c}
  [90m259 |[0m                 );
[31m[1m>[0m [90m260 |[0m               })}
  [90m    |[0m               [31m[1m^[0m
  [90m261 |[0m             </div>
  [90m262 |[0m
  [90m263 |[0m             {[90m/* Pattern Array (Sliding) */[0m}

Parsing ecmascript source code failed

Import traces:
  App Route:
    ./content/dsa/strings/naive-pattern-matching.tsx
    ./lib/content-registry.ts
    ./app/api/content/route.ts

  Client Component Browser:
    ./content/dsa/strings/naive-pattern-matching.tsx [Client Component Browser]
    ./components/LessonLoader.tsx [Client Component Browser]
    ./components/LessonLoader.tsx [Server Component]
    ./app/curriculum/[subject]/[topic]/[lesson]/page.tsx [Server Component]

  Client Component SSR:
    ./content/dsa/strings/naive-pattern-matching.tsx [Client Component SSR]
    ./components/LessonLoader.tsx [Client Component SSR]
    ./components/LessonLoader.tsx [Server Component]
    ./app/curriculum/[subject]/[topic]/[lesson]/page.tsx [Server Component]


./content/dsa/strings/naive-pattern-matching.tsx:260:17
Unexpected token. Did you mean `{'}'}` or `&rbrace;`?
  [90m258 |[0m                     }}>{c}
  [90m259 |[0m                 );
[31m[1m>[0m [90m260 |[0m               })}
  [90m    |[0m                 [31m[1m^[0m
  [90m261 |[0m             </div>
  [90m262 |[0m
  [90m263 |[0m             {[90m/* Pattern Array (Sliding) */[0m}

Parsing ecmascript source code failed

Import traces:
  App Route:
    ./content/dsa/strings/naive-pattern-matching.tsx
    ./lib/content-registry.ts
    ./app/api/content/route.ts

  Client Component Browser:
    ./content/dsa/strings/naive-pattern-matching.tsx [Client Component Browser]
    ./components/LessonLoader.tsx [Client Component Browser]
    ./components/LessonLoader.tsx [Server Component]
    ./app/curriculum/[subject]/[topic]/[lesson]/page.tsx [Server Component]

  Client Component SSR:
    ./content/dsa/strings/naive-pattern-matching.tsx [Client Component SSR]
    ./components/LessonLoader.tsx [Client Component SSR]
    ./components/LessonLoader.tsx [Server Component]
    ./app/curriculum/[subject]/[topic]/[lesson]/page.tsx [Server Component]


./content/dsa/strings/naive-pattern-matching.tsx:278:15
Unexpected token. Did you mean `{'}'}` or `&rbrace;`?
  [90m276 |[0m                     <div style={{ fontSize: [35m8[0m, color: [33mCOLORS[0m.textDark }}>{idx}
  [90m277 |[0m                 );
[31m[1m>[0m [90m278 |[0m               })}
  [90m    |[0m               [31m[1m^[0m
  [90m279 |[0m   );
  [90m280 |[0m }
  [90m281 |[0m

Parsing ecmascript source code failed

Import traces:
  App Route:
    ./content/dsa/strings/naive-pattern-matching.tsx
    ./lib/content-registry.ts
    ./app/api/content/route.ts

  Client Component Browser:
    ./content/dsa/strings/naive-pattern-matching.tsx [Client Component Browser]
    ./components/LessonLoader.tsx [Client Component Browser]
    ./components/LessonLoader.tsx [Server Component]
    ./app/curriculum/[subject]/[topic]/[lesson]/page.tsx [Server Component]

  Client Component SSR:
    ./content/dsa/strings/naive-pattern-matching.tsx [Client Component SSR]
    ./components/LessonLoader.tsx [Client Component SSR]
    ./components/LessonLoader.tsx [Server Component]
    ./app/curriculum/[subject]/[topic]/[lesson]/page.tsx [Server Component]


./content/dsa/strings/naive-pattern-matching.tsx:278:17
Unexpected token. Did you mean `{'}'}` or `&rbrace;`?
  [90m276 |[0m                     <div style={{ fontSize: [35m8[0m, color: [33mCOLORS[0m.textDark }}>{idx}
  [90m277 |[0m                 );
[31m[1m>[0m [90m278 |[0m               })}
  [90m    |[0m                 [31m[1m^[0m
  [90m279 |[0m   );
  [90m280 |[0m }
  [90m281 |[0m

Parsing ecmascript source code failed

Import traces:
  App Route:
    ./content/dsa/strings/naive-pattern-matching.tsx
    ./lib/content-registry.ts
    ./app/api/content/route.ts

  Client Component Browser:
    ./content/dsa/strings/naive-pattern-matching.tsx [Client Component Browser]
    ./components/LessonLoader.tsx [Client Component Browser]
    ./components/LessonLoader.tsx [Server Component]
    ./app/curriculum/[subject]/[topic]/[lesson]/page.tsx [Server Component]

  Client Component SSR:
    ./content/dsa/strings/naive-pattern-matching.tsx [Client Component SSR]
    ./components/LessonLoader.tsx [Client Component SSR]
    ./components/LessonLoader.tsx [Server Component]
    ./app/curriculum/[subject]/[topic]/[lesson]/page.tsx [Server Component]


./content/dsa/strings/naive-pattern-matching.tsx:280:1
Unexpected token. Did you mean `{'}'}` or `&rbrace;`?
  [90m278 |[0m               })}
  [90m279 |[0m   );
[31m[1m>[0m [90m280 |[0m }
  [90m    |[0m [31m[1m^[0m
  [90m281 |[0m
  [90m282 |[0m [36mconst[0m inputStyle = { background: [32m"transparent"[0m, border: [32m"none"[0m, color: 
[33mCOLORS[0m.textWhite, ...
  [90m283 |[0m [36mconst[0m btnStyle = { background: [33mCOLORS[0m.borderLighter, border: [32m`1px solid 
[0m${[33mCOLORS[0m.border[32m}`[0m...

Parsing ecmascript source code failed

Import traces:
  App Route:
    ./content/dsa/strings/naive-pattern-matching.tsx
    ./lib/content-registry.ts
    ./app/api/content/route.ts

  Client Component Browser:
    ./content/dsa/strings/naive-pattern-matching.tsx [Client Component Browser]
    ./components/LessonLoader.tsx [Client Component Browser]
    ./components/LessonLoader.tsx [Server Component]
    ./app/curriculum/[subject]/[topic]/[lesson]/page.tsx [Server Component]

  Client Component SSR:
    ./content/dsa/strings/naive-pattern-matching.tsx [Client Component SSR]
    ./components/LessonLoader.tsx [Client Component SSR]
    ./components/LessonLoader.tsx [Server Component]
    ./app/curriculum/[subject]/[topic]/[lesson]/page.tsx [Server Component]


./content/dsa/strings/number-of-distinct-substrings.tsx:279:1
Unexpected token. Did you mean `{'}'}` or `&rbrace;`?
  [90m277 |[0m [32m    </main>[0m
  [90m278 |[0m [32m  );[0m
[31m[1m>[0m [90m279 |[0m [32m}[0m
  [90m    |[0m [31m[1m^[0m
  [90m280 |[0m

Parsing ecmascript source code failed

Import traces:
  App Route:
    ./content/dsa/strings/number-of-distinct-substrings.tsx
    ./lib/content-registry.ts
    ./app/api/content/route.ts

  Client Component Browser:
    ./content/dsa/strings/number-of-distinct-substrings.tsx [Client Component Browser]
    ./components/LessonLoader.tsx [Client Component Browser]
    ./components/LessonLoader.tsx [Server Component]
    ./app/curriculum/[subject]/[topic]/[lesson]/page.tsx [Server Component]

  Client Component SSR:
    ./content/dsa/strings/number-of-distinct-substrings.tsx [Client Component SSR]
    ./components/LessonLoader.tsx [Client Component SSR]
    ./components/LessonLoader.tsx [Server Component]
    ./app/curriculum/[subject]/[topic]/[lesson]/page.tsx [Server Component]


./content/dsa/strings/orderly-queue.tsx:108:1
Unexpected token. Did you mean `{'}'}` or `&rbrace;`?
  [90m106 |[0m  
  [90m107 |[0m   );
[31m[1m>[0m [90m108 |[0m }
  [90m    |[0m [31m[1m^[0m
  [90m109 |[0m
  [90m110 |[0m [36mconst[0m inputStyle = { background: [33mCOLORS[0m.bg, border: [32m`1px solid 
[0m${[33mCOLORS[0m.border[32m}`[0m, color: [33m...[0m
  [90m111 |[0m [36mconst[0m toggleBtn = { border: [32m"none"[0m, color: [32m"white"[0m, padding: [32m"4px 
10px"[0m, borderRadius: [35m4[0m,...

Parsing ecmascript source code failed

Import traces:
  App Route:
    ./content/dsa/strings/orderly-queue.tsx
    ./lib/content-registry.ts
    ./app/api/content/route.ts

  Client Component Browser:
    ./content/dsa/strings/orderly-queue.tsx [Client Component Browser]
    ./components/LessonLoader.tsx [Client Component Browser]
    ./components/LessonLoader.tsx [Server Component]
    ./app/curriculum/[subject]/[topic]/[lesson]/page.tsx [Server Component]

  Client Component SSR:
    ./content/dsa/strings/orderly-queue.tsx [Client Component SSR]
    ./components/LessonLoader.tsx [Client Component SSR]
    ./components/LessonLoader.tsx [Server Component]
    ./app/curriculum/[subject]/[topic]/[lesson]/page.tsx [Server Component]


./content/dsa/strings/palindrome-permutation.tsx:134:13
Unexpected token. Did you mean `{'}'}` or `&rbrace;`?
  [90m132 |[0m                 }}>{c}
  [90m133 |[0m               );
[31m[1m>[0m [90m134 |[0m             })}
  [90m    |[0m             [31m[1m^[0m
  [90m135 |[0m           </div>
  [90m136 |[0m           <div style={{ width: [35m400[0m, textAlign: [32m"center"[0m, fontSize: [35m14[0m, 
color: [33mCOLORS[0m.text...
  [90m137 |[0m   );

Parsing ecmascript source code failed

Import traces:
  App Route:
    ./content/dsa/strings/palindrome-permutation.tsx
    ./lib/content-registry.ts
    ./app/api/content/route.ts

  Client Component Browser:
    ./content/dsa/strings/palindrome-permutation.tsx [Client Component Browser]
    ./components/LessonLoader.tsx [Client Component Browser]
    ./components/LessonLoader.tsx [Server Component]
    ./app/curriculum/[subject]/[topic]/[lesson]/page.tsx [Server Component]

  Client Component SSR:
    ./content/dsa/strings/palindrome-permutation.tsx [Client Component SSR]
    ./components/LessonLoader.tsx [Client Component SSR]
    ./components/LessonLoader.tsx [Server Component]
    ./app/curriculum/[subject]/[topic]/[lesson]/page.tsx [Server Component]


./content/dsa/strings/palindrome-permutation.tsx:134:15
Unexpected token. Did you mean `{'}'}` or `&rbrace;`?
  [90m132 |[0m                 }}>{c}
  [90m133 |[0m               );
[31m[1m>[0m [90m134 |[0m             })}
  [90m    |[0m               [31m[1m^[0m
  [90m135 |[0m           </div>
  [90m136 |[0m           <div style={{ width: [35m400[0m, textAlign: [32m"center"[0m, fontSize: [35m14[0m, 
color: [33mCOLORS[0m.text...
  [90m137 |[0m   );

Parsing ecmascript source code failed

Import traces:
  App Route:
    ./content/dsa/strings/palindrome-permutation.tsx
    ./lib/content-registry.ts
    ./app/api/content/route.ts

  Client Component Browser:
    ./content/dsa/strings/palindrome-permutation.tsx [Client Component Browser]
    ./components/LessonLoader.tsx [Client Component Browser]
    ./components/LessonLoader.tsx [Server Component]
    ./app/curriculum/[subject]/[topic]/[lesson]/page.tsx [Server Component]

  Client Component SSR:
    ./content/dsa/strings/palindrome-permutation.tsx [Client Component SSR]
    ./components/LessonLoader.tsx [Client Component SSR]
    ./components/LessonLoader.tsx [Server Component]
    ./app/curriculum/[subject]/[topic]/[lesson]/page.tsx [Server Component]


./content/dsa/strings/palindrome-string-problems.tsx:97:1
Unexpected token. Did you mean `{'}'}` or `&rbrace;`?
  [90m 95 |[0m                    {problem.id === [32m"6"[0m && [32m"O(2^N)"[0m}
  [90m 96 |[0m   );
[31m[1m>[0m [90m 97 |[0m }
  [90m    |[0m [31m[1m^[0m
  [90m 98 |[0m
  [90m 99 |[0m [36mconst[0m cardStyle = { padding: [35m24[0m, background: [33mCOLORS[0m.bg, border: [32m`1px 
solid [0m${[33mCOLORS[0m.borde.[32m..[0m
  [90m100 |[0m [36mconst[0m labelStyle = { fontSize: [35m9[0m, fontWeight: [35m800[0m, textTransform: 
[32m"uppercase"[0m, color: [33mCOL...[0m

Parsing ecmascript source code failed

Import traces:
  App Route:
    ./content/dsa/strings/palindrome-string-problems.tsx
    ./lib/content-registry.ts
    ./app/api/content/route.ts

  Client Component Browser:
    ./content/dsa/strings/palindrome-string-problems.tsx [Client Component Browser]
    ./components/LessonLoader.tsx [Client Component Browser]
    ./components/LessonLoader.tsx [Server Component]
    ./app/curriculum/[subject]/[topic]/[lesson]/page.tsx [Server Component]

  Client Component SSR:
    ./content/dsa/strings/palindrome-string-problems.tsx [Client Component SSR]
    ./components/LessonLoader.tsx [Client Component SSR]
    ./components/LessonLoader.tsx [Server Component]
    ./app/curriculum/[subject]/[topic]/[lesson]/page.tsx [Server Component]


./content/dsa/strings/palindrome-string.tsx:149:3
Unexpected token. Did you mean `{'}'}` or `&rbrace;`?
  [90m147 |[0m         <div style={{ padding: [32m'12px 14px'[0m }}>{content}
  [90m148 |[0m     );
[31m[1m>[0m [90m149 |[0m   };
  [90m    |[0m   [31m[1m^[0m
  [90m150 |[0m
  [90m151 |[0m   [36mreturn[0m (
  [90m152 |[0m     <div style={{ width: [32m"100vw"[0m, height: [32m"100vh"[0m, overflowY: [32m"auto"[0m, 
background: [33mCOLORS[0m....

Parsing ecmascript source code failed

Import traces:
  App Route:
    ./content/dsa/strings/palindrome-string.tsx
    ./lib/content-registry.ts
    ./app/api/content/route.ts

  Client Component Browser:
    ./content/dsa/strings/palindrome-string.tsx [Client Component Browser]
    ./components/LessonLoader.tsx [Client Component Browser]
    ./components/LessonLoader.tsx [Server Component]
    ./app/curriculum/[subject]/[topic]/[lesson]/page.tsx [Server Component]

  Client Component SSR:
    ./content/dsa/strings/palindrome-string.tsx [Client Component SSR]
    ./components/LessonLoader.tsx [Client Component SSR]
    ./components/LessonLoader.tsx [Server Component]
    ./app/curriculum/[subject]/[topic]/[lesson]/page.tsx [Server Component]


./content/dsa/strings/palindrome-string.tsx:261:15
Unexpected token. Did you mean `{'}'}` or `&rbrace;`?
  [90m259 |[0m                       {isL ? [32m"L"[0m : isR ? [32m"R"[0m : i}
  [90m260 |[0m                 );
[31m[1m>[0m [90m261 |[0m               })}
  [90m    |[0m               [31m[1m^[0m
  [90m262 |[0m   );
  [90m263 |[0m }
  [90m264 |[0m

Parsing ecmascript source code failed

Import traces:
  App Route:
    ./content/dsa/strings/palindrome-string.tsx
    ./lib/content-registry.ts
    ./app/api/content/route.ts

  Client Component Browser:
    ./content/dsa/strings/palindrome-string.tsx [Client Component Browser]
    ./components/LessonLoader.tsx [Client Component Browser]
    ./components/LessonLoader.tsx [Server Component]
    ./app/curriculum/[subject]/[topic]/[lesson]/page.tsx [Server Component]

  Client Component SSR:
    ./content/dsa/strings/palindrome-string.tsx [Client Component SSR]
    ./components/LessonLoader.tsx [Client Component SSR]
    ./components/LessonLoader.tsx [Server Component]
    ./app/curriculum/[subject]/[topic]/[lesson]/page.tsx [Server Component]


./content/dsa/strings/palindrome-string.tsx:261:17
Unexpected token. Did you mean `{'}'}` or `&rbrace;`?
  [90m259 |[0m                       {isL ? [32m"L"[0m : isR ? [32m"R"[0m : i}
  [90m260 |[0m                 );
[31m[1m>[0m [90m261 |[0m               })}
  [90m    |[0m                 [31m[1m^[0m
  [90m262 |[0m   );
  [90m263 |[0m }
  [90m264 |[0m

Parsing ecmascript source code failed

Import traces:
  App Route:
    ./content/dsa/strings/palindrome-string.tsx
    ./lib/content-registry.ts
    ./app/api/content/route.ts

  Client Component Browser:
    ./content/dsa/strings/palindrome-string.tsx [Client Component Browser]
    ./components/LessonLoader.tsx [Client Component Browser]
    ./components/LessonLoader.tsx [Server Component]
    ./app/curriculum/[subject]/[topic]/[lesson]/page.tsx [Server Component]

  Client Component SSR:
    ./content/dsa/strings/palindrome-string.tsx [Client Component SSR]
    ./components/LessonLoader.tsx [Client Component SSR]
    ./components/LessonLoader.tsx [Server Component]
    ./app/curriculum/[subject]/[topic]/[lesson]/page.tsx [Server Component]


./content/dsa/strings/palindrome-string.tsx:263:1
Unexpected token. Did you mean `{'}'}` or `&rbrace;`?
  [90m261 |[0m               })}
  [90m262 |[0m   );
[31m[1m>[0m [90m263 |[0m }
  [90m    |[0m [31m[1m^[0m
  [90m264 |[0m
  [90m265 |[0m [36mconst[0m btnStyle = { background: [33mCOLORS[0m.borderLighter, border: [32m`1px solid 
[0m${[33mCOLORS[0m.border[32m}`[0m...
  [90m266 |[0m [36mconst[0m ctrlBtnStyle = { width: [35m32[0m, height: [35m32[0m, borderRadius: [35m6[0m, 
background: [33mCOLORS[0m.borderL...

Parsing ecmascript source code failed

Import traces:
  App Route:
    ./content/dsa/strings/palindrome-string.tsx
    ./lib/content-registry.ts
    ./app/api/content/route.ts

  Client Component Browser:
    ./content/dsa/strings/palindrome-string.tsx [Client Component Browser]
    ./components/LessonLoader.tsx [Client Component Browser]
    ./components/LessonLoader.tsx [Server Component]
    ./app/curriculum/[subject]/[topic]/[lesson]/page.tsx [Server Component]

  Client Component SSR:
    ./content/dsa/strings/palindrome-string.tsx [Client Component SSR]
    ./components/LessonLoader.tsx [Client Component SSR]
    ./components/LessonLoader.tsx [Server Component]
    ./app/curriculum/[subject]/[topic]/[lesson]/page.tsx [Server Component]


./content/dsa/strings/parentheses-string-problems.tsx:69:1
Unexpected token. Did you mean `{'}'}` or `&rbrace;`?
  [90m67 |[0m               <div style={{ fontSize: [35m24[0m, fontWeight: [35m800[0m, color: 
[33mCOLORS[0m.orange, letterSpa...
  [90m68 |[0m   );
[31m[1m>[0m [90m69 |[0m }
  [90m   |[0m [31m[1m^[0m
  [90m70 |[0m
  [90m71 |[0m [36mconst[0m labelStyle = { fontSize: [35m9[0m, fontWeight: [35m800[0m, textTransform: 
[32m"uppercase"[0m, color: [33mCOLO..[0m.
  [90m72 |[0m

Parsing ecmascript source code failed

Import traces:
  App Route:
    ./content/dsa/strings/parentheses-string-problems.tsx
    ./lib/content-registry.ts
    ./app/api/content/route.ts

  Client Component Browser:
    ./content/dsa/strings/parentheses-string-problems.tsx [Client Component Browser]
    ./components/LessonLoader.tsx [Client Component Browser]
    ./components/LessonLoader.tsx [Server Component]
    ./app/curriculum/[subject]/[topic]/[lesson]/page.tsx [Server Component]

  Client Component SSR:
    ./content/dsa/strings/parentheses-string-problems.tsx [Client Component SSR]
    ./components/LessonLoader.tsx [Client Component SSR]
    ./components/LessonLoader.tsx [Server Component]
    ./app/curriculum/[subject]/[topic]/[lesson]/page.tsx [Server Component]


./content/dsa/strings/parsing-strings.tsx:89:1
Unexpected token. Did you mean `{'}'}` or `&rbrace;`?
  [90m87 |[0m               <div style={{ fontSize: [35m12[0m, color: [33mCOLORS[0m.textMuted }}>[33mCommon[0m 
methods includ...
  [90m88 |[0m   );
[31m[1m>[0m [90m89 |[0m }
  [90m   |[0m [31m[1m^[0m
  [90m90 |[0m
  [90m91 |[0m [36mconst[0m inputStyle = { background: [33mCOLORS[0m.bg, border: [32m`1px solid 
[0m${[33mCOLORS[0m.border[32m}`[0m, color: [33mC...[0m
  [90m92 |[0m [36mconst[0m btnStyle = { background: [33mCOLORS[0m.borderLighter, border: [32m`1px solid 
[0m${[33mCOLORS[0m.border[32m}`[0m,...

Parsing ecmascript source code failed

Import traces:
  App Route:
    ./content/dsa/strings/parsing-strings.tsx
    ./lib/content-registry.ts
    ./app/api/content/route.ts

  Client Component Browser:
    ./content/dsa/strings/parsing-strings.tsx [Client Component Browser]
    ./components/LessonLoader.tsx [Client Component Browser]
    ./components/LessonLoader.tsx [Server Component]
    ./app/curriculum/[subject]/[topic]/[lesson]/page.tsx [Server Component]

  Client Component SSR:
    ./content/dsa/strings/parsing-strings.tsx [Client Component SSR]
    ./components/LessonLoader.tsx [Client Component SSR]
    ./components/LessonLoader.tsx [Server Component]
    ./app/curriculum/[subject]/[topic]/[lesson]/page.tsx [Server Component]


./content/dsa/strings/pattern-searching-problems.tsx:118:13
Unexpected token. Did you mean `{'}'}` or `&rbrace;`?
  [90m116 |[0m                   <div style={{ fontSize: [35m11[0m, marginTop: [35m8[0m, color: 
[33mCOLORS[0m.textMuted }}>[33mMa...[0m
  [90m117 |[0m               );
[31m[1m>[0m [90m118 |[0m             })}
  [90m    |[0m             [31m[1m^[0m
  [90m119 |[0m           </div>
  [90m120 |[0m
  [90m121 |[0m           <div style={{ marginTop: [35m20[0m, padding: [35m16[0m, borderLeft: [32m`4px solid 
[0m${[33mCOLORS[0m.blue[32m}.[0m..

Parsing ecmascript source code failed

Import traces:
  App Route:
    ./content/dsa/strings/pattern-searching-problems.tsx
    ./lib/content-registry.ts
    ./app/api/content/route.ts

  Client Component Browser:
    ./content/dsa/strings/pattern-searching-problems.tsx [Client Component Browser]
    ./components/LessonLoader.tsx [Client Component Browser]
    ./components/LessonLoader.tsx [Server Component]
    ./app/curriculum/[subject]/[topic]/[lesson]/page.tsx [Server Component]

  Client Component SSR:
    ./content/dsa/strings/pattern-searching-problems.tsx [Client Component SSR]
    ./components/LessonLoader.tsx [Client Component SSR]
    ./components/LessonLoader.tsx [Server Component]
    ./app/curriculum/[subject]/[topic]/[lesson]/page.tsx [Server Component]


./content/dsa/strings/pattern-searching-problems.tsx:118:15
Unexpected token. Did you mean `{'}'}` or `&rbrace;`?
  [90m116 |[0m                   <div style={{ fontSize: [35m11[0m, marginTop: [35m8[0m, color: 
[33mCOLORS[0m.textMuted }}>[33mMa...[0m
  [90m117 |[0m               );
[31m[1m>[0m [90m118 |[0m             })}
  [90m    |[0m               [31m[1m^[0m
  [90m119 |[0m           </div>
  [90m120 |[0m
  [90m121 |[0m           <div style={{ marginTop: [35m20[0m, padding: [35m16[0m, borderLeft: [32m`4px solid 
[0m${[33mCOLORS[0m.blue[32m}.[0m..

Parsing ecmascript source code failed

Import traces:
  App Route:
    ./content/dsa/strings/pattern-searching-problems.tsx
    ./lib/content-registry.ts
    ./app/api/content/route.ts

  Client Component Browser:
    ./content/dsa/strings/pattern-searching-problems.tsx [Client Component Browser]
    ./components/LessonLoader.tsx [Client Component Browser]
    ./components/LessonLoader.tsx [Server Component]
    ./app/curriculum/[subject]/[topic]/[lesson]/page.tsx [Server Component]

  Client Component SSR:
    ./content/dsa/strings/pattern-searching-problems.tsx [Client Component SSR]
    ./components/LessonLoader.tsx [Client Component SSR]
    ./components/LessonLoader.tsx [Server Component]
    ./app/curriculum/[subject]/[topic]/[lesson]/page.tsx [Server Component]


./content/dsa/strings/pattern-searching-problems.tsx:124:1
Unexpected token. Did you mean `{'}'}` or `&rbrace;`?
  [90m122 |[0m             <div style={{ fontSize: [35m13[0m }}>{step.message}
  [90m123 |[0m   );
[31m[1m>[0m [90m124 |[0m }
  [90m    |[0m [31m[1m^[0m
  [90m125 |[0m
  [90m126 |[0m [36mconst[0m btnStyle = { background: [33mCOLORS[0m.borderLighter, border: [32m`1px solid 
[0m${[33mCOLORS[0m.border[32m}`[0m...
  [90m127 |[0m [36mconst[0m labelStyle = { fontSize: [35m9[0m, fontWeight: [35m800[0m, textTransform: 
[32m"uppercase"[0m, color: [33mCOL...[0m

Parsing ecmascript source code failed

Import traces:
  App Route:
    ./content/dsa/strings/pattern-searching-problems.tsx
    ./lib/content-registry.ts
    ./app/api/content/route.ts

  Client Component Browser:
    ./content/dsa/strings/pattern-searching-problems.tsx [Client Component Browser]
    ./components/LessonLoader.tsx [Client Component Browser]
    ./components/LessonLoader.tsx [Server Component]
    ./app/curriculum/[subject]/[topic]/[lesson]/page.tsx [Server Component]

  Client Component SSR:
    ./content/dsa/strings/pattern-searching-problems.tsx [Client Component SSR]
    ./components/LessonLoader.tsx [Client Component SSR]
    ./components/LessonLoader.tsx [Server Component]
    ./app/curriculum/[subject]/[topic]/[lesson]/page.tsx [Server Component]


./content/dsa/strings/permutation-in-string.tsx:94:12
Unexpected token. Did you mean `{'}'}` or `&rbrace;`?
  [90m92 |[0m                 }}>{c}
  [90m93 |[0m               );
[31m[1m>[0m [90m94 |[0m            })}
  [90m   |[0m            [31m[1m^[0m
  [90m95 |[0m         </div>
  [90m96 |[0m
  [90m97 |[0m         <div style={{ width: [35m450[0m, padding: [35m30[0m, background: [33mCOLORS[0m.surface, 
border: [32m`1px so...[0m

Parsing ecmascript source code failed

Import traces:
  App Route:
    ./content/dsa/strings/permutation-in-string.tsx
    ./lib/content-registry.ts
    ./app/api/content/route.ts

  Client Component Browser:
    ./content/dsa/strings/permutation-in-string.tsx [Client Component Browser]
    ./components/LessonLoader.tsx [Client Component Browser]
    ./components/LessonLoader.tsx [Server Component]
    ./app/curriculum/[subject]/[topic]/[lesson]/page.tsx [Server Component]

  Client Component SSR:
    ./content/dsa/strings/permutation-in-string.tsx [Client Component SSR]
    ./components/LessonLoader.tsx [Client Component SSR]
    ./components/LessonLoader.tsx [Server Component]
    ./app/curriculum/[subject]/[topic]/[lesson]/page.tsx [Server Component]


./content/dsa/strings/permutation-in-string.tsx:94:14
Unexpected token. Did you mean `{'}'}` or `&rbrace;`?
  [90m92 |[0m                 }}>{c}
  [90m93 |[0m               );
[31m[1m>[0m [90m94 |[0m            })}
  [90m   |[0m              [31m[1m^[0m
  [90m95 |[0m         </div>
  [90m96 |[0m
  [90m97 |[0m         <div style={{ width: [35m450[0m, padding: [35m30[0m, background: [33mCOLORS[0m.surface, 
border: [32m`1px so...[0m

Parsing ecmascript source code failed

Import traces:
  App Route:
    ./content/dsa/strings/permutation-in-string.tsx
    ./lib/content-registry.ts
    ./app/api/content/route.ts

  Client Component Browser:
    ./content/dsa/strings/permutation-in-string.tsx [Client Component Browser]
    ./components/LessonLoader.tsx [Client Component Browser]
    ./components/LessonLoader.tsx [Server Component]
    ./app/curriculum/[subject]/[topic]/[lesson]/page.tsx [Server Component]

  Client Component SSR:
    ./content/dsa/strings/permutation-in-string.tsx [Client Component SSR]
    ./components/LessonLoader.tsx [Client Component SSR]
    ./components/LessonLoader.tsx [Server Component]
    ./app/curriculum/[subject]/[topic]/[lesson]/page.tsx [Server Component]


./content/dsa/strings/polynomial-rolling-hash-strings.tsx:141:13
Unexpected token. Did you mean `{'}'}` or `&rbrace;`?
  [90m139 |[0m                   <div style={{ fontSize: [35m9[0m, color: [33mCOLORS[0m.textDark 
}}>[33mP[0m^{idx}
  [90m140 |[0m               );
[31m[1m>[0m [90m141 |[0m             })}
  [90m    |[0m             [31m[1m^[0m
  [90m142 |[0m           </div>
  [90m143 |[0m           <div style={{ fontSize: [35m12[0m, color: [33mCOLORS[0m.textMuted }}>{step.message}
  [90m144 |[0m   );

Parsing ecmascript source code failed

Import traces:
  App Route:
    ./content/dsa/strings/polynomial-rolling-hash-strings.tsx
    ./lib/content-registry.ts
    ./app/api/content/route.ts

  Client Component Browser:
    ./content/dsa/strings/polynomial-rolling-hash-strings.tsx [Client Component Browser]
    ./components/LessonLoader.tsx [Client Component Browser]
    ./components/LessonLoader.tsx [Server Component]
    ./app/curriculum/[subject]/[topic]/[lesson]/page.tsx [Server Component]

  Client Component SSR:
    ./content/dsa/strings/polynomial-rolling-hash-strings.tsx [Client Component SSR]
    ./components/LessonLoader.tsx [Client Component SSR]
    ./components/LessonLoader.tsx [Server Component]
    ./app/curriculum/[subject]/[topic]/[lesson]/page.tsx [Server Component]


./content/dsa/strings/polynomial-rolling-hash-strings.tsx:141:15
Unexpected token. Did you mean `{'}'}` or `&rbrace;`?
  [90m139 |[0m                   <div style={{ fontSize: [35m9[0m, color: [33mCOLORS[0m.textDark 
}}>[33mP[0m^{idx}
  [90m140 |[0m               );
[31m[1m>[0m [90m141 |[0m             })}
  [90m    |[0m               [31m[1m^[0m
  [90m142 |[0m           </div>
  [90m143 |[0m           <div style={{ fontSize: [35m12[0m, color: [33mCOLORS[0m.textMuted }}>{step.message}
  [90m144 |[0m   );

Parsing ecmascript source code failed

Import traces:
  App Route:
    ./content/dsa/strings/polynomial-rolling-hash-strings.tsx
    ./lib/content-registry.ts
    ./app/api/content/route.ts

  Client Component Browser:
    ./content/dsa/strings/polynomial-rolling-hash-strings.tsx [Client Component Browser]
    ./components/LessonLoader.tsx [Client Component Browser]
    ./components/LessonLoader.tsx [Server Component]
    ./app/curriculum/[subject]/[topic]/[lesson]/page.tsx [Server Component]

  Client Component SSR:
    ./content/dsa/strings/polynomial-rolling-hash-strings.tsx [Client Component SSR]
    ./components/LessonLoader.tsx [Client Component SSR]
    ./components/LessonLoader.tsx [Server Component]
    ./app/curriculum/[subject]/[topic]/[lesson]/page.tsx [Server Component]


./content/dsa/strings/polynomial-rolling-hash-strings.tsx:145:1
Unexpected token. Did you mean `{'}'}` or `&rbrace;`?
  [90m143 |[0m           <div style={{ fontSize: [35m12[0m, color: [33mCOLORS[0m.textMuted }}>{step.message}
  [90m144 |[0m   );
[31m[1m>[0m [90m145 |[0m }
  [90m    |[0m [31m[1m^[0m
  [90m146 |[0m
  [90m147 |[0m [36mconst[0m btnStyle = { background: [33mCOLORS[0m.borderLighter, border: [32m`1px solid 
[0m${[33mCOLORS[0m.border[32m}`[0m...
  [90m148 |[0m [36mconst[0m labelStyle = { fontSize: [35m9[0m, fontWeight: [35m800[0m, textTransform: 
[32m"uppercase"[0m, color: [33mCOL...[0m

Parsing ecmascript source code failed

Import traces:
  App Route:
    ./content/dsa/strings/polynomial-rolling-hash-strings.tsx
    ./lib/content-registry.ts
    ./app/api/content/route.ts

  Client Component Browser:
    ./content/dsa/strings/polynomial-rolling-hash-strings.tsx [Client Component Browser]
    ./components/LessonLoader.tsx [Client Component Browser]
    ./components/LessonLoader.tsx [Server Component]
    ./app/curriculum/[subject]/[topic]/[lesson]/page.tsx [Server Component]

  Client Component SSR:
    ./content/dsa/strings/polynomial-rolling-hash-strings.tsx [Client Component SSR]
    ./components/LessonLoader.tsx [Client Component SSR]
    ./components/LessonLoader.tsx [Server Component]
    ./app/curriculum/[subject]/[topic]/[lesson]/page.tsx [Server Component]


./content/dsa/strings/practice-patterns-strings.tsx:78:1
Unexpected token. Did you mean `{'}'}` or `&rbrace;`?
  [90m76 |[0m                     {p.id === [32m"4"[0m && [32m"Search, Plagiarism Detection"[0m}
  [90m77 |[0m   );
[31m[1m>[0m [90m78 |[0m }
  [90m   |[0m [31m[1m^[0m
  [90m79 |[0m
  [90m80 |[0m [36mconst[0m cardStyle = { padding: [35m24[0m, background: [33mCOLORS[0m.bg, border: [32m`1px 
solid [0m${[33mCOLORS[0m.border[32m..[0m.
  [90m81 |[0m [36mconst[0m labelStyle = { fontSize: [35m9[0m, fontWeight: [35m800[0m, textTransform: 
[32m"uppercase"[0m, color: [33mCOLO..[0m.

Parsing ecmascript source code failed

Import traces:
  App Route:
    ./content/dsa/strings/practice-patterns-strings.tsx
    ./lib/content-registry.ts
    ./app/api/content/route.ts

  Client Component Browser:
    ./content/dsa/strings/practice-patterns-strings.tsx [Client Component Browser]
    ./components/LessonLoader.tsx [Client Component Browser]
    ./components/LessonLoader.tsx [Server Component]
    ./app/curriculum/[subject]/[topic]/[lesson]/page.tsx [Server Component]

  Client Component SSR:
    ./content/dsa/strings/practice-patterns-strings.tsx [Client Component SSR]
    ./components/LessonLoader.tsx [Client Component SSR]
    ./components/LessonLoader.tsx [Server Component]
    ./app/curriculum/[subject]/[topic]/[lesson]/page.tsx [Server Component]


./content/dsa/strings/prefix-function-lps.tsx:166:3
Unexpected token. Did you mean `{'}'}` or `&rbrace;`?
  [90m164 |[0m         <div style={{ padding: [32m'12px 14px'[0m }}>{content}
  [90m165 |[0m     );
[31m[1m>[0m [90m166 |[0m   };
  [90m    |[0m   [31m[1m^[0m
  [90m167 |[0m
  [90m168 |[0m   [36mreturn[0m (
  [90m169 |[0m     <div style={{ width: [32m"100vw"[0m, height: [32m"100vh"[0m, overflowY: [32m"auto"[0m, 
background: [33mCOLORS[0m....

Parsing ecmascript source code failed

Import traces:
  App Route:
    ./content/dsa/strings/prefix-function-lps.tsx
    ./lib/content-registry.ts
    ./app/api/content/route.ts

  Client Component Browser:
    ./content/dsa/strings/prefix-function-lps.tsx [Client Component Browser]
    ./components/LessonLoader.tsx [Client Component Browser]
    ./components/LessonLoader.tsx [Server Component]
    ./app/curriculum/[subject]/[topic]/[lesson]/page.tsx [Server Component]

  Client Component SSR:
    ./content/dsa/strings/prefix-function-lps.tsx [Client Component SSR]
    ./components/LessonLoader.tsx [Client Component SSR]
    ./components/LessonLoader.tsx [Server Component]
    ./app/curriculum/[subject]/[topic]/[lesson]/page.tsx [Server Component]


./content/dsa/strings/prefix-function-lps.tsx:257:15
Unexpected token. Did you mean `{'}'}` or `&rbrace;`?
  [90m255 |[0m                     <div style={{ fontSize: [35m9[0m, color: [33mCOLORS[0m.textDark }}>{isI ? 
[32m"i"[0m : isL...
  [90m256 |[0m                 );
[31m[1m>[0m [90m257 |[0m               })}
  [90m    |[0m               [31m[1m^[0m
  [90m258 |[0m             </div>
  [90m259 |[0m
  [90m260 |[0m             {[90m/* LPS Array */[0m}

Parsing ecmascript source code failed

Import traces:
  App Route:
    ./content/dsa/strings/prefix-function-lps.tsx
    ./lib/content-registry.ts
    ./app/api/content/route.ts

  Client Component Browser:
    ./content/dsa/strings/prefix-function-lps.tsx [Client Component Browser]
    ./components/LessonLoader.tsx [Client Component Browser]
    ./components/LessonLoader.tsx [Server Component]
    ./app/curriculum/[subject]/[topic]/[lesson]/page.tsx [Server Component]

  Client Component SSR:
    ./content/dsa/strings/prefix-function-lps.tsx [Client Component SSR]
    ./components/LessonLoader.tsx [Client Component SSR]
    ./components/LessonLoader.tsx [Server Component]
    ./app/curriculum/[subject]/[topic]/[lesson]/page.tsx [Server Component]


./content/dsa/strings/prefix-function-lps.tsx:257:17
Unexpected token. Did you mean `{'}'}` or `&rbrace;`?
  [90m255 |[0m                     <div style={{ fontSize: [35m9[0m, color: [33mCOLORS[0m.textDark }}>{isI ? 
[32m"i"[0m : isL...
  [90m256 |[0m                 );
[31m[1m>[0m [90m257 |[0m               })}
  [90m    |[0m                 [31m[1m^[0m
  [90m258 |[0m             </div>
  [90m259 |[0m
  [90m260 |[0m             {[90m/* LPS Array */[0m}

Parsing ecmascript source code failed

Import traces:
  App Route:
    ./content/dsa/strings/prefix-function-lps.tsx
    ./lib/content-registry.ts
    ./app/api/content/route.ts

  Client Component Browser:
    ./content/dsa/strings/prefix-function-lps.tsx [Client Component Browser]
    ./components/LessonLoader.tsx [Client Component Browser]
    ./components/LessonLoader.tsx [Server Component]
    ./app/curriculum/[subject]/[topic]/[lesson]/page.tsx [Server Component]

  Client Component SSR:
    ./content/dsa/strings/prefix-function-lps.tsx [Client Component SSR]
    ./components/LessonLoader.tsx [Client Component SSR]
    ./components/LessonLoader.tsx [Server Component]
    ./app/curriculum/[subject]/[topic]/[lesson]/page.tsx [Server Component]


./content/dsa/strings/prefix-function-lps.tsx:273:15
Unexpected token. Did you mean `{'}'}` or `&rbrace;`?
  [90m271 |[0m                   }}>{val}
  [90m272 |[0m                 );
[31m[1m>[0m [90m273 |[0m               })}
  [90m    |[0m               [31m[1m^[0m
  [90m274 |[0m   );
  [90m275 |[0m }
  [90m276 |[0m

Parsing ecmascript source code failed

Import traces:
  App Route:
    ./content/dsa/strings/prefix-function-lps.tsx
    ./lib/content-registry.ts
    ./app/api/content/route.ts

  Client Component Browser:
    ./content/dsa/strings/prefix-function-lps.tsx [Client Component Browser]
    ./components/LessonLoader.tsx [Client Component Browser]
    ./components/LessonLoader.tsx [Server Component]
    ./app/curriculum/[subject]/[topic]/[lesson]/page.tsx [Server Component]

  Client Component SSR:
    ./content/dsa/strings/prefix-function-lps.tsx [Client Component SSR]
    ./components/LessonLoader.tsx [Client Component SSR]
    ./components/LessonLoader.tsx [Server Component]
    ./app/curriculum/[subject]/[topic]/[lesson]/page.tsx [Server Component]


./content/dsa/strings/prefix-function-lps.tsx:273:17
Unexpected token. Did you mean `{'}'}` or `&rbrace;`?
  [90m271 |[0m                   }}>{val}
  [90m272 |[0m                 );
[31m[1m>[0m [90m273 |[0m               })}
  [90m    |[0m                 [31m[1m^[0m
  [90m274 |[0m   );
  [90m275 |[0m }
  [90m276 |[0m

Parsing ecmascript source code failed

Import traces:
  App Route:
    ./content/dsa/strings/prefix-function-lps.tsx
    ./lib/content-registry.ts
    ./app/api/content/route.ts

  Client Component Browser:
    ./content/dsa/strings/prefix-function-lps.tsx [Client Component Browser]
    ./components/LessonLoader.tsx [Client Component Browser]
    ./components/LessonLoader.tsx [Server Component]
    ./app/curriculum/[subject]/[topic]/[lesson]/page.tsx [Server Component]

  Client Component SSR:
    ./content/dsa/strings/prefix-function-lps.tsx [Client Component SSR]
    ./components/LessonLoader.tsx [Client Component SSR]
    ./components/LessonLoader.tsx [Server Component]
    ./app/curriculum/[subject]/[topic]/[lesson]/page.tsx [Server Component]


./content/dsa/strings/prefix-function-lps.tsx:275:1
Unexpected token. Did you mean `{'}'}` or `&rbrace;`?
  [90m273 |[0m               })}
  [90m274 |[0m   );
[31m[1m>[0m [90m275 |[0m }
  [90m    |[0m [31m[1m^[0m
  [90m276 |[0m
  [90m277 |[0m [36mconst[0m inputStyle = { background: [32m"transparent"[0m, border: [32m"none"[0m, color: 
[33mCOLORS[0m.textWhite, ...
  [90m278 |[0m [36mconst[0m btnStyle = { background: [33mCOLORS[0m.borderLighter, border: [32m`1px solid 
[0m${[33mCOLORS[0m.border[32m}`[0m...

Parsing ecmascript source code failed

Import traces:
  App Route:
    ./content/dsa/strings/prefix-function-lps.tsx
    ./lib/content-registry.ts
    ./app/api/content/route.ts

  Client Component Browser:
    ./content/dsa/strings/prefix-function-lps.tsx [Client Component Browser]
    ./components/LessonLoader.tsx [Client Component Browser]
    ./components/LessonLoader.tsx [Server Component]
    ./app/curriculum/[subject]/[topic]/[lesson]/page.tsx [Server Component]

  Client Component SSR:
    ./content/dsa/strings/prefix-function-lps.tsx [Client Component SSR]
    ./components/LessonLoader.tsx [Client Component SSR]
    ./components/LessonLoader.tsx [Server Component]
    ./app/curriculum/[subject]/[topic]/[lesson]/page.tsx [Server Component]


./content/dsa/strings/rabin-karp-algorithm-strings.tsx:105:12
Unexpected token. Did you mean `{'}'}` or `&rbrace;`?
  [90m103 |[0m                 }}>{c}
  [90m104 |[0m               );
[31m[1m>[0m [90m105 |[0m            })}
  [90m    |[0m            [31m[1m^[0m
  [90m106 |[0m         </div>
  [90m107 |[0m
  [90m108 |[0m         <div style={{ display: [32m"flex"[0m, gap: [35m40[0m }}>

Parsing ecmascript source code failed

Import traces:
  App Route:
    ./content/dsa/strings/rabin-karp-algorithm-strings.tsx
    ./lib/content-registry.ts
    ./app/api/content/route.ts

  Client Component Browser:
    ./content/dsa/strings/rabin-karp-algorithm-strings.tsx [Client Component Browser]
    ./components/LessonLoader.tsx [Client Component Browser]
    ./components/LessonLoader.tsx [Server Component]
    ./app/curriculum/[subject]/[topic]/[lesson]/page.tsx [Server Component]

  Client Component SSR:
    ./content/dsa/strings/rabin-karp-algorithm-strings.tsx [Client Component SSR]
    ./components/LessonLoader.tsx [Client Component SSR]
    ./components/LessonLoader.tsx [Server Component]
    ./app/curriculum/[subject]/[topic]/[lesson]/page.tsx [Server Component]


./content/dsa/strings/rabin-karp-algorithm-strings.tsx:105:14
Unexpected token. Did you mean `{'}'}` or `&rbrace;`?
  [90m103 |[0m                 }}>{c}
  [90m104 |[0m               );
[31m[1m>[0m [90m105 |[0m            })}
  [90m    |[0m              [31m[1m^[0m
  [90m106 |[0m         </div>
  [90m107 |[0m
  [90m108 |[0m         <div style={{ display: [32m"flex"[0m, gap: [35m40[0m }}>

Parsing ecmascript source code failed

Import traces:
  App Route:
    ./content/dsa/strings/rabin-karp-algorithm-strings.tsx
    ./lib/content-registry.ts
    ./app/api/content/route.ts

  Client Component Browser:
    ./content/dsa/strings/rabin-karp-algorithm-strings.tsx [Client Component Browser]
    ./components/LessonLoader.tsx [Client Component Browser]
    ./components/LessonLoader.tsx [Server Component]
    ./app/curriculum/[subject]/[topic]/[lesson]/page.tsx [Server Component]

  Client Component SSR:
    ./content/dsa/strings/rabin-karp-algorithm-strings.tsx [Client Component SSR]
    ./components/LessonLoader.tsx [Client Component SSR]
    ./components/LessonLoader.tsx [Server Component]
    ./app/curriculum/[subject]/[topic]/[lesson]/page.tsx [Server Component]


./content/dsa/strings/regular-expression-basics.tsx:74:1
Unexpected token. Did you mean `{'}'}` or `&rbrace;`?
  [90m72 |[0m               <div style={{ fontSize: [35m18[0m, color: [33mCOLORS[0m.green }}>{s.example}
  [90m73 |[0m   );
[31m[1m>[0m [90m74 |[0m }
  [90m   |[0m [31m[1m^[0m
  [90m75 |[0m
  [90m76 |[0m [36mconst[0m labelStyle = { fontSize: [35m9[0m, fontWeight: [35m800[0m, textTransform: 
[32m"uppercase"[0m, color: [33mCOLO..[0m.
  [90m77 |[0m

Parsing ecmascript source code failed

Import traces:
  App Route:
    ./content/dsa/strings/regular-expression-basics.tsx
    ./lib/content-registry.ts
    ./app/api/content/route.ts

  Client Component Browser:
    ./content/dsa/strings/regular-expression-basics.tsx [Client Component Browser]
    ./components/LessonLoader.tsx [Client Component Browser]
    ./components/LessonLoader.tsx [Server Component]
    ./app/curriculum/[subject]/[topic]/[lesson]/page.tsx [Server Component]

  Client Component SSR:
    ./content/dsa/strings/regular-expression-basics.tsx [Client Component SSR]
    ./components/LessonLoader.tsx [Client Component SSR]
    ./components/LessonLoader.tsx [Server Component]
    ./app/curriculum/[subject]/[topic]/[lesson]/page.tsx [Server Component]


./content/dsa/strings/regular-expression-matching.tsx:110:21
Unexpected token. Did you mean `{'}'}` or `&rbrace;`?
  [90m108 |[0m                         }}>{val ? [32m"T"[0m : [32m"F"[0m}
  [90m109 |[0m                       );
[31m[1m>[0m [90m110 |[0m                     })}
  [90m    |[0m                     [31m[1m^[0m
  [90m111 |[0m                   </[33mReact[0m.[33mFragment[0m>
  [90m112 |[0m                ))}
  [90m113 |[0m             </div>

Parsing ecmascript source code failed

Import traces:
  App Route:
    ./content/dsa/strings/regular-expression-matching.tsx
    ./lib/content-registry.ts
    ./app/api/content/route.ts

  Client Component Browser:
    ./content/dsa/strings/regular-expression-matching.tsx [Client Component Browser]
    ./components/LessonLoader.tsx [Client Component Browser]
    ./components/LessonLoader.tsx [Server Component]
    ./app/curriculum/[subject]/[topic]/[lesson]/page.tsx [Server Component]

  Client Component SSR:
    ./content/dsa/strings/regular-expression-matching.tsx [Client Component SSR]
    ./components/LessonLoader.tsx [Client Component SSR]
    ./components/LessonLoader.tsx [Server Component]
    ./app/curriculum/[subject]/[topic]/[lesson]/page.tsx [Server Component]


./content/dsa/strings/regular-expression-matching.tsx:110:23
Unexpected token. Did you mean `{'}'}` or `&rbrace;`?
  [90m108 |[0m                         }}>{val ? [32m"T"[0m : [32m"F"[0m}
  [90m109 |[0m                       );
[31m[1m>[0m [90m110 |[0m                     })}
  [90m    |[0m                       [31m[1m^[0m
  [90m111 |[0m                   </[33mReact[0m.[33mFragment[0m>
  [90m112 |[0m                ))}
  [90m113 |[0m             </div>

Parsing ecmascript source code failed

Import traces:
  App Route:
    ./content/dsa/strings/regular-expression-matching.tsx
    ./lib/content-registry.ts
    ./app/api/content/route.ts

  Client Component Browser:
    ./content/dsa/strings/regular-expression-matching.tsx [Client Component Browser]
    ./components/LessonLoader.tsx [Client Component Browser]
    ./components/LessonLoader.tsx [Server Component]
    ./app/curriculum/[subject]/[topic]/[lesson]/page.tsx [Server Component]

  Client Component SSR:
    ./content/dsa/strings/regular-expression-matching.tsx [Client Component SSR]
    ./components/LessonLoader.tsx [Client Component SSR]
    ./components/LessonLoader.tsx [Server Component]
    ./app/curriculum/[subject]/[topic]/[lesson]/page.tsx [Server Component]


./content/dsa/strings/remove-all-adjacent-duplicates-ii.tsx:293:1
Unexpected token. Did you mean `{'}'}` or `&rbrace;`?
  [90m291 |[0m [32m    </main>[0m
  [90m292 |[0m [32m  );[0m
[31m[1m>[0m [90m293 |[0m [32m}[0m
  [90m    |[0m [31m[1m^[0m
  [90m294 |[0m

Parsing ecmascript source code failed

Import traces:
  App Route:
    ./content/dsa/strings/remove-all-adjacent-duplicates-ii.tsx
    ./lib/content-registry.ts
    ./app/api/content/route.ts

  Client Component Browser:
    ./content/dsa/strings/remove-all-adjacent-duplicates-ii.tsx [Client Component Browser]
    ./components/LessonLoader.tsx [Client Component Browser]
    ./components/LessonLoader.tsx [Server Component]
    ./app/curriculum/[subject]/[topic]/[lesson]/page.tsx [Server Component]

  Client Component SSR:
    ./content/dsa/strings/remove-all-adjacent-duplicates-ii.tsx [Client Component SSR]
    ./components/LessonLoader.tsx [Client Component SSR]
    ./components/LessonLoader.tsx [Server Component]
    ./app/curriculum/[subject]/[topic]/[lesson]/page.tsx [Server Component]


./content/dsa/strings/remove-duplicates-string.tsx:222:1
Unexpected token. Did you mean `{'}'}` or `&rbrace;`?
  [90m220 |[0m  
  [90m221 |[0m   );
[31m[1m>[0m [90m222 |[0m }
  [90m    |[0m [31m[1m^[0m
  [90m223 |[0m

Parsing ecmascript source code failed

Import traces:
  App Route:
    ./content/dsa/strings/remove-duplicates-string.tsx
    ./lib/content-registry.ts
    ./app/api/content/route.ts

  Client Component Browser:
    ./content/dsa/strings/remove-duplicates-string.tsx [Client Component Browser]
    ./components/LessonLoader.tsx [Client Component Browser]
    ./components/LessonLoader.tsx [Server Component]
    ./app/curriculum/[subject]/[topic]/[lesson]/page.tsx [Server Component]

  Client Component SSR:
    ./content/dsa/strings/remove-duplicates-string.tsx [Client Component SSR]
    ./components/LessonLoader.tsx [Client Component SSR]
    ./components/LessonLoader.tsx [Server Component]
    ./app/curriculum/[subject]/[topic]/[lesson]/page.tsx [Server Component]


./content/dsa/strings/remove-spaces.tsx:155:3
Unexpected token. Did you mean `{'}'}` or `&rbrace;`?
  [90m153 |[0m         <div style={{ padding: [32m'12px 14px'[0m }}>{content}
  [90m154 |[0m     );
[31m[1m>[0m [90m155 |[0m   };
  [90m    |[0m   [31m[1m^[0m
  [90m156 |[0m
  [90m157 |[0m   [36mreturn[0m (
  [90m158 |[0m     <div style={{

Parsing ecmascript source code failed

Import traces:
  App Route:
    ./content/dsa/strings/remove-spaces.tsx
    ./lib/content-registry.ts
    ./app/api/content/route.ts

  Client Component Browser:
    ./content/dsa/strings/remove-spaces.tsx [Client Component Browser]
    ./components/LessonLoader.tsx [Client Component Browser]
    ./components/LessonLoader.tsx [Server Component]
    ./app/curriculum/[subject]/[topic]/[lesson]/page.tsx [Server Component]

  Client Component SSR:
    ./content/dsa/strings/remove-spaces.tsx [Client Component SSR]
    ./components/LessonLoader.tsx [Client Component SSR]
    ./components/LessonLoader.tsx [Server Component]
    ./app/curriculum/[subject]/[topic]/[lesson]/page.tsx [Server Component]


./content/dsa/strings/remove-spaces.tsx:231:17
Unexpected token. Did you mean `{'}'}` or `&rbrace;`?
  [90m229 |[0m                     }}>{char === [32m" "[0m ? [32m"ΓÉú"[0m : char}
  [90m230 |[0m                   );
[31m[1m>[0m [90m231 |[0m                 })}
  [90m    |[0m                 [31m[1m^[0m
  [90m232 |[0m               </div>
  [90m233 |[0m             </div>
  [90m234 |[0m

Parsing ecmascript source code failed

Import traces:
  App Route:
    ./content/dsa/strings/remove-spaces.tsx
    ./lib/content-registry.ts
    ./app/api/content/route.ts

  Client Component Browser:
    ./content/dsa/strings/remove-spaces.tsx [Client Component Browser]
    ./components/LessonLoader.tsx [Client Component Browser]
    ./components/LessonLoader.tsx [Server Component]
    ./app/curriculum/[subject]/[topic]/[lesson]/page.tsx [Server Component]

  Client Component SSR:
    ./content/dsa/strings/remove-spaces.tsx [Client Component SSR]
    ./components/LessonLoader.tsx [Client Component SSR]
    ./components/LessonLoader.tsx [Server Component]
    ./app/curriculum/[subject]/[topic]/[lesson]/page.tsx [Server Component]


./content/dsa/strings/remove-spaces.tsx:231:19
Unexpected token. Did you mean `{'}'}` or `&rbrace;`?
  [90m229 |[0m                     }}>{char === [32m" "[0m ? [32m"ΓÉú"[0m : char}
  [90m230 |[0m                   );
[31m[1m>[0m [90m231 |[0m                 })}
  [90m    |[0m                   [31m[1m^[0m
  [90m232 |[0m               </div>
  [90m233 |[0m             </div>
  [90m234 |[0m

Parsing ecmascript source code failed

Import traces:
  App Route:
    ./content/dsa/strings/remove-spaces.tsx
    ./lib/content-registry.ts
    ./app/api/content/route.ts

  Client Component Browser:
    ./content/dsa/strings/remove-spaces.tsx [Client Component Browser]
    ./components/LessonLoader.tsx [Client Component Browser]
    ./components/LessonLoader.tsx [Server Component]
    ./app/curriculum/[subject]/[topic]/[lesson]/page.tsx [Server Component]

  Client Component SSR:
    ./content/dsa/strings/remove-spaces.tsx [Client Component SSR]
    ./components/LessonLoader.tsx [Client Component SSR]
    ./components/LessonLoader.tsx [Server Component]
    ./app/curriculum/[subject]/[topic]/[lesson]/page.tsx [Server Component]


./content/dsa/strings/reorganize-string.tsx:134:1
Unexpected token. Did you mean `{'}'}` or `&rbrace;`?
  [90m132 |[0m           <div style={{ width: [35m450[0m, textAlign: [32m"center"[0m, fontSize: [35m14[0m, 
color: [33mCOLORS[0m.text...
  [90m133 |[0m   );
[31m[1m>[0m [90m134 |[0m }
  [90m    |[0m [31m[1m^[0m
  [90m135 |[0m
  [90m136 |[0m [36mconst[0m inputStyle = { background: [33mCOLORS[0m.bg, border: [32m`1px solid 
[0m${[33mCOLORS[0m.border[32m}`[0m, color: [33m...[0m
  [90m137 |[0m [36mconst[0m btnStyle = { background: [33mCOLORS[0m.borderLighter, border: [32m`1px solid 
[0m${[33mCOLORS[0m.border[32m}`[0m...

Parsing ecmascript source code failed

Import traces:
  App Route:
    ./content/dsa/strings/reorganize-string.tsx
    ./lib/content-registry.ts
    ./app/api/content/route.ts

  Client Component Browser:
    ./content/dsa/strings/reorganize-string.tsx [Client Component Browser]
    ./components/LessonLoader.tsx [Client Component Browser]
    ./components/LessonLoader.tsx [Server Component]
    ./app/curriculum/[subject]/[topic]/[lesson]/page.tsx [Server Component]

  Client Component SSR:
    ./content/dsa/strings/reorganize-string.tsx [Client Component SSR]
    ./components/LessonLoader.tsx [Client Component SSR]
    ./components/LessonLoader.tsx [Server Component]
    ./app/curriculum/[subject]/[topic]/[lesson]/page.tsx [Server Component]


./content/dsa/strings/repeated-string-match.tsx:149:3
Unexpected token. Did you mean `{'}'}` or `&rbrace;`?
  [90m147 |[0m         <div style={{ padding: [32m'12px 14px'[0m }}>{content}
  [90m148 |[0m     );
[31m[1m>[0m [90m149 |[0m   };
  [90m    |[0m   [31m[1m^[0m
  [90m150 |[0m
  [90m151 |[0m   [36mreturn[0m (
  [90m152 |[0m     <div style={{

Parsing ecmascript source code failed

Import traces:
  App Route:
    ./content/dsa/strings/repeated-string-match.tsx
    ./lib/content-registry.ts
    ./app/api/content/route.ts

  Client Component Browser:
    ./content/dsa/strings/repeated-string-match.tsx [Client Component Browser]
    ./components/LessonLoader.tsx [Client Component Browser]
    ./components/LessonLoader.tsx [Server Component]
    ./app/curriculum/[subject]/[topic]/[lesson]/page.tsx [Server Component]

  Client Component SSR:
    ./content/dsa/strings/repeated-string-match.tsx [Client Component SSR]
    ./components/LessonLoader.tsx [Client Component SSR]
    ./components/LessonLoader.tsx [Server Component]
    ./app/curriculum/[subject]/[topic]/[lesson]/page.tsx [Server Component]


./content/dsa/strings/repeated-string-match.tsx:237:17
Unexpected token. Did you mean `{'}'}` or `&rbrace;`?
  [90m235 |[0m                     }}>{c}
  [90m236 |[0m                   );
[31m[1m>[0m [90m237 |[0m                 })}
  [90m    |[0m                 [31m[1m^[0m
  [90m238 |[0m   );
  [90m239 |[0m }
  [90m240 |[0m

Parsing ecmascript source code failed

Import traces:
  App Route:
    ./content/dsa/strings/repeated-string-match.tsx
    ./lib/content-registry.ts
    ./app/api/content/route.ts

  Client Component Browser:
    ./content/dsa/strings/repeated-string-match.tsx [Client Component Browser]
    ./components/LessonLoader.tsx [Client Component Browser]
    ./components/LessonLoader.tsx [Server Component]
    ./app/curriculum/[subject]/[topic]/[lesson]/page.tsx [Server Component]

  Client Component SSR:
    ./content/dsa/strings/repeated-string-match.tsx [Client Component SSR]
    ./components/LessonLoader.tsx [Client Component SSR]
    ./components/LessonLoader.tsx [Server Component]
    ./app/curriculum/[subject]/[topic]/[lesson]/page.tsx [Server Component]


./content/dsa/strings/repeated-string-match.tsx:237:19
Unexpected token. Did you mean `{'}'}` or `&rbrace;`?
  [90m235 |[0m                     }}>{c}
  [90m236 |[0m                   );
[31m[1m>[0m [90m237 |[0m                 })}
  [90m    |[0m                   [31m[1m^[0m
  [90m238 |[0m   );
  [90m239 |[0m }
  [90m240 |[0m

Parsing ecmascript source code failed

Import traces:
  App Route:
    ./content/dsa/strings/repeated-string-match.tsx
    ./lib/content-registry.ts
    ./app/api/content/route.ts

  Client Component Browser:
    ./content/dsa/strings/repeated-string-match.tsx [Client Component Browser]
    ./components/LessonLoader.tsx [Client Component Browser]
    ./components/LessonLoader.tsx [Server Component]
    ./app/curriculum/[subject]/[topic]/[lesson]/page.tsx [Server Component]

  Client Component SSR:
    ./content/dsa/strings/repeated-string-match.tsx [Client Component SSR]
    ./components/LessonLoader.tsx [Client Component SSR]
    ./components/LessonLoader.tsx [Server Component]
    ./app/curriculum/[subject]/[topic]/[lesson]/page.tsx [Server Component]


./content/dsa/strings/repeated-string-match.tsx:239:1
Unexpected token. Did you mean `{'}'}` or `&rbrace;`?
  [90m237 |[0m                 })}
  [90m238 |[0m   );
[31m[1m>[0m [90m239 |[0m }
  [90m    |[0m [31m[1m^[0m
  [90m240 |[0m
  [90m241 |[0m [36mconst[0m inputStyle = { background: [32m"transparent"[0m, border: [32m"none"[0m, color: 
[33mCOLORS[0m.textWhite, ...
  [90m242 |[0m [36mconst[0m btnStyle = { background: [33mCOLORS[0m.borderLighter, border: [32m`1px solid 
[0m${[33mCOLORS[0m.border[32m}`[0m...

Parsing ecmascript source code failed

Import traces:
  App Route:
    ./content/dsa/strings/repeated-string-match.tsx
    ./lib/content-registry.ts
    ./app/api/content/route.ts

  Client Component Browser:
    ./content/dsa/strings/repeated-string-match.tsx [Client Component Browser]
    ./components/LessonLoader.tsx [Client Component Browser]
    ./components/LessonLoader.tsx [Server Component]
    ./app/curriculum/[subject]/[topic]/[lesson]/page.tsx [Server Component]

  Client Component SSR:
    ./content/dsa/strings/repeated-string-match.tsx [Client Component SSR]
    ./components/LessonLoader.tsx [Client Component SSR]
    ./components/LessonLoader.tsx [Server Component]
    ./app/curriculum/[subject]/[topic]/[lesson]/page.tsx [Server Component]


./content/dsa/strings/reverse-words-in-a-string.tsx:80:1
Unexpected token. Did you mean `{'}'}` or `&rbrace;`?
  [90m78 |[0m            )}
  [90m79 |[0m   );
[31m[1m>[0m [90m80 |[0m }
  [90m   |[0m [31m[1m^[0m
  [90m81 |[0m
  [90m82 |[0m [36mconst[0m inputStyle = { background: [33mCOLORS[0m.bg, border: [32m`1px solid 
[0m${[33mCOLORS[0m.border[32m}`[0m, color: [33mC...[0m
  [90m83 |[0m [36mconst[0m btnStyle = { background: [33mCOLORS[0m.borderLighter, border: [32m`1px solid 
[0m${[33mCOLORS[0m.border[32m}`[0m,...

Parsing ecmascript source code failed

Import traces:
  App Route:
    ./content/dsa/strings/reverse-words-in-a-string.tsx
    ./lib/content-registry.ts
    ./app/api/content/route.ts

  Client Component Browser:
    ./content/dsa/strings/reverse-words-in-a-string.tsx [Client Component Browser]
    ./components/LessonLoader.tsx [Client Component Browser]
    ./components/LessonLoader.tsx [Server Component]
    ./app/curriculum/[subject]/[topic]/[lesson]/page.tsx [Server Component]

  Client Component SSR:
    ./content/dsa/strings/reverse-words-in-a-string.tsx [Client Component SSR]
    ./components/LessonLoader.tsx [Client Component SSR]
    ./components/LessonLoader.tsx [Server Component]
    ./app/curriculum/[subject]/[topic]/[lesson]/page.tsx [Server Component]


./content/dsa/strings/roman-to-integer.tsx:113:1
Unexpected token. Did you mean `{'}'}` or `&rbrace;`?
  [90m111 |[0m               ))}
  [90m112 |[0m   );
[31m[1m>[0m [90m113 |[0m }
  [90m    |[0m [31m[1m^[0m
  [90m114 |[0m
  [90m115 |[0m [36mconst[0m inputStyle = { background: [33mCOLORS[0m.bg, border: [32m`1px solid 
[0m${[33mCOLORS[0m.border[32m}`[0m, color: [33m...[0m
  [90m116 |[0m [36mconst[0m btnStyle = { background: [33mCOLORS[0m.borderLighter, border: [32m`1px solid 
[0m${[33mCOLORS[0m.border[32m}`[0m...

Parsing ecmascript source code failed

Import traces:
  App Route:
    ./content/dsa/strings/roman-to-integer.tsx
    ./lib/content-registry.ts
    ./app/api/content/route.ts

  Client Component Browser:
    ./content/dsa/strings/roman-to-integer.tsx [Client Component Browser]
    ./components/LessonLoader.tsx [Client Component Browser]
    ./components/LessonLoader.tsx [Server Component]
    ./app/curriculum/[subject]/[topic]/[lesson]/page.tsx [Server Component]

  Client Component SSR:
    ./content/dsa/strings/roman-to-integer.tsx [Client Component SSR]
    ./components/LessonLoader.tsx [Client Component SSR]
    ./components/LessonLoader.tsx [Server Component]
    ./app/curriculum/[subject]/[topic]/[lesson]/page.tsx [Server Component]


./content/dsa/strings/rotate-string.tsx:151:1
Unexpected token. Did you mean `{'}'}` or `&rbrace;`?
  [90m149 |[0m     />
  [90m150 |[0m   );
[31m[1m>[0m [90m151 |[0m }
  [90m    |[0m [31m[1m^[0m
  [90m152 |[0m

Parsing ecmascript source code failed

Import traces:
  App Route:
    ./content/dsa/strings/rotate-string.tsx
    ./lib/content-registry.ts
    ./app/api/content/route.ts

  Client Component Browser:
    ./content/dsa/strings/rotate-string.tsx [Client Component Browser]
    ./components/LessonLoader.tsx [Client Component Browser]
    ./components/LessonLoader.tsx [Server Component]
    ./app/curriculum/[subject]/[topic]/[lesson]/page.tsx [Server Component]

  Client Component SSR:
    ./content/dsa/strings/rotate-string.tsx [Client Component SSR]
    ./components/LessonLoader.tsx [Client Component SSR]
    ./components/LessonLoader.tsx [Server Component]
    ./app/curriculum/[subject]/[topic]/[lesson]/page.tsx [Server Component]


./content/dsa/strings/run-length-encoding.tsx:217:1
Unexpected token. Did you mean `{'}'}` or `&rbrace;`?
  [90m215 |[0m     />
  [90m216 |[0m   );
[31m[1m>[0m [90m217 |[0m }
  [90m    |[0m [31m[1m^[0m
  [90m218 |[0m

Parsing ecmascript source code failed

Import traces:
  App Route:
    ./content/dsa/strings/run-length-encoding.tsx
    ./lib/content-registry.ts
    ./app/api/content/route.ts

  Client Component Browser:
    ./content/dsa/strings/run-length-encoding.tsx [Client Component Browser]
    ./components/LessonLoader.tsx [Client Component Browser]
    ./components/LessonLoader.tsx [Server Component]
    ./app/curriculum/[subject]/[topic]/[lesson]/page.tsx [Server Component]

  Client Component SSR:
    ./content/dsa/strings/run-length-encoding.tsx [Client Component SSR]
    ./components/LessonLoader.tsx [Client Component SSR]
    ./components/LessonLoader.tsx [Server Component]
    ./app/curriculum/[subject]/[topic]/[lesson]/page.tsx [Server Component]


./content/dsa/strings/scramble-string.tsx:78:1
Unexpected token. Did you mean `{'}'}` or `&rbrace;`?
  [90m76 |[0m               <div style={{ ...subCard, opacity: step.[36mtype[0m === [32m"case2"[0m ? [35m1[0m 
: [35m0.4[0m }}>[[33mL1[0m, [33mR.[0m..
  [90m77 |[0m   );
[31m[1m>[0m [90m78 |[0m }
  [90m   |[0m [31m[1m^[0m
  [90m79 |[0m
  [90m80 |[0m [36mconst[0m wordCard = { padding: [32m"20px 40px"[0m, background: [33mCOLORS[0m.surface, 
border: [32m`1px solid [0m${[33m...[0m
  [90m81 |[0m [36mconst[0m subCard = { padding: [35m10[0m, background: [33mCOLORS[0m.bg, border: [32m`1px 
solid [0m${[33mCOLORS[0m.border[32m}`[0m...

Parsing ecmascript source code failed

Import traces:
  App Route:
    ./content/dsa/strings/scramble-string.tsx
    ./lib/content-registry.ts
    ./app/api/content/route.ts

  Client Component Browser:
    ./content/dsa/strings/scramble-string.tsx [Client Component Browser]
    ./components/LessonLoader.tsx [Client Component Browser]
    ./components/LessonLoader.tsx [Server Component]
    ./app/curriculum/[subject]/[topic]/[lesson]/page.tsx [Server Component]

  Client Component SSR:
    ./content/dsa/strings/scramble-string.tsx [Client Component SSR]
    ./components/LessonLoader.tsx [Client Component SSR]
    ./components/LessonLoader.tsx [Server Component]
    ./app/curriculum/[subject]/[topic]/[lesson]/page.tsx [Server Component]


./content/dsa/strings/shifting-letters.tsx:108:11
Unexpected token. Did you mean `{'}'}` or `&rbrace;`?
  [90m106 |[0m                 <div style={{ fontSize: [35m10[0m, color: [33mCOLORS[0m.textMuted 
}}>[33mShift[0m: +{step.suff...
  [90m107 |[0m             );
[31m[1m>[0m [90m108 |[0m           })}
  [90m    |[0m           [31m[1m^[0m
  [90m109 |[0m         </div>
  [90m110 |[0m
  [90m111 |[0m         <div style={{ width: [35m450[0m, padding: [35m30[0m, background: [33mCOLORS[0m.surface, 
border: [32m`1px s...[0m

Parsing ecmascript source code failed

Import traces:
  App Route:
    ./content/dsa/strings/shifting-letters.tsx
    ./lib/content-registry.ts
    ./app/api/content/route.ts

  Client Component Browser:
    ./content/dsa/strings/shifting-letters.tsx [Client Component Browser]
    ./components/LessonLoader.tsx [Client Component Browser]
    ./components/LessonLoader.tsx [Server Component]
    ./app/curriculum/[subject]/[topic]/[lesson]/page.tsx [Server Component]

  Client Component SSR:
    ./content/dsa/strings/shifting-letters.tsx [Client Component SSR]
    ./components/LessonLoader.tsx [Client Component SSR]
    ./components/LessonLoader.tsx [Server Component]
    ./app/curriculum/[subject]/[topic]/[lesson]/page.tsx [Server Component]


./content/dsa/strings/shifting-letters.tsx:108:13
Unexpected token. Did you mean `{'}'}` or `&rbrace;`?
  [90m106 |[0m                 <div style={{ fontSize: [35m10[0m, color: [33mCOLORS[0m.textMuted 
}}>[33mShift[0m: +{step.suff...
  [90m107 |[0m             );
[31m[1m>[0m [90m108 |[0m           })}
  [90m    |[0m             [31m[1m^[0m
  [90m109 |[0m         </div>
  [90m110 |[0m
  [90m111 |[0m         <div style={{ width: [35m450[0m, padding: [35m30[0m, background: [33mCOLORS[0m.surface, 
border: [32m`1px s...[0m

Parsing ecmascript source code failed

Import traces:
  App Route:
    ./content/dsa/strings/shifting-letters.tsx
    ./lib/content-registry.ts
    ./app/api/content/route.ts

  Client Component Browser:
    ./content/dsa/strings/shifting-letters.tsx [Client Component Browser]
    ./components/LessonLoader.tsx [Client Component Browser]
    ./components/LessonLoader.tsx [Server Component]
    ./app/curriculum/[subject]/[topic]/[lesson]/page.tsx [Server Component]

  Client Component SSR:
    ./content/dsa/strings/shifting-letters.tsx [Client Component SSR]
    ./components/LessonLoader.tsx [Client Component SSR]
    ./components/LessonLoader.tsx [Server Component]
    ./app/curriculum/[subject]/[topic]/[lesson]/page.tsx [Server Component]


./content/dsa/strings/shifting-letters.tsx:115:1
Unexpected token. Did you mean `{'}'}` or `&rbrace;`?
  [90m113 |[0m           <div style={{ fontSize: [35m15[0m, lineHeight: [35m1.6[0m }}>{step.message}
  [90m114 |[0m   );
[31m[1m>[0m [90m115 |[0m }
  [90m    |[0m [31m[1m^[0m
  [90m116 |[0m
  [90m117 |[0m [36mconst[0m inputStyle = { background: [33mCOLORS[0m.bg, border: [32m`1px solid 
[0m${[33mCOLORS[0m.border[32m}`[0m, color: [33m...[0m
  [90m118 |[0m [36mconst[0m btnStyle = { background: [33mCOLORS[0m.borderLighter, border: [32m`1px solid 
[0m${[33mCOLORS[0m.border[32m}`[0m...

Parsing ecmascript source code failed

Import traces:
  App Route:
    ./content/dsa/strings/shifting-letters.tsx
    ./lib/content-registry.ts
    ./app/api/content/route.ts

  Client Component Browser:
    ./content/dsa/strings/shifting-letters.tsx [Client Component Browser]
    ./components/LessonLoader.tsx [Client Component Browser]
    ./components/LessonLoader.tsx [Server Component]
    ./app/curriculum/[subject]/[topic]/[lesson]/page.tsx [Server Component]

  Client Component SSR:
    ./content/dsa/strings/shifting-letters.tsx [Client Component SSR]
    ./components/LessonLoader.tsx [Client Component SSR]
    ./components/LessonLoader.tsx [Server Component]
    ./app/curriculum/[subject]/[topic]/[lesson]/page.tsx [Server Component]


./content/dsa/strings/shortest-palindrome.tsx:158:3
Unexpected token. Did you mean `{'}'}` or `&rbrace;`?
  [90m156 |[0m         <div style={{ padding: [32m'12px 14px'[0m }}>{content}
  [90m157 |[0m     );
[31m[1m>[0m [90m158 |[0m   };
  [90m    |[0m   [31m[1m^[0m
  [90m159 |[0m
  [90m160 |[0m   [36mreturn[0m (
  [90m161 |[0m     <div style={{

Parsing ecmascript source code failed

Import traces:
  App Route:
    ./content/dsa/strings/shortest-palindrome.tsx
    ./lib/content-registry.ts
    ./app/api/content/route.ts

  Client Component Browser:
    ./content/dsa/strings/shortest-palindrome.tsx [Client Component Browser]
    ./components/LessonLoader.tsx [Client Component Browser]
    ./components/LessonLoader.tsx [Server Component]
    ./app/curriculum/[subject]/[topic]/[lesson]/page.tsx [Server Component]

  Client Component SSR:
    ./content/dsa/strings/shortest-palindrome.tsx [Client Component SSR]
    ./components/LessonLoader.tsx [Client Component SSR]
    ./components/LessonLoader.tsx [Server Component]
    ./app/curriculum/[subject]/[topic]/[lesson]/page.tsx [Server Component]


./content/dsa/strings/shortest-palindrome.tsx:235:1
Unexpected token. Did you mean `{'}'}` or `&rbrace;`?
  [90m233 |[0m             )}
  [90m234 |[0m   );
[31m[1m>[0m [90m235 |[0m }
  [90m    |[0m [31m[1m^[0m
  [90m236 |[0m
  [90m237 |[0m [36mconst[0m inputStyle = { background: [32m"transparent"[0m, border: [32m"none"[0m, color: 
[33mCOLORS[0m.textWhite, ...
  [90m238 |[0m [36mconst[0m btnStyle = { background: [33mCOLORS[0m.borderLighter, border: [32m`1px solid 
[0m${[33mCOLORS[0m.border[32m}`[0m...

Parsing ecmascript source code failed

Import traces:
  App Route:
    ./content/dsa/strings/shortest-palindrome.tsx
    ./lib/content-registry.ts
    ./app/api/content/route.ts

  Client Component Browser:
    ./content/dsa/strings/shortest-palindrome.tsx [Client Component Browser]
    ./components/LessonLoader.tsx [Client Component Browser]
    ./components/LessonLoader.tsx [Server Component]
    ./app/curriculum/[subject]/[topic]/[lesson]/page.tsx [Server Component]

  Client Component SSR:
    ./content/dsa/strings/shortest-palindrome.tsx [Client Component SSR]
    ./components/LessonLoader.tsx [Client Component SSR]
    ./components/LessonLoader.tsx [Server Component]
    ./app/curriculum/[subject]/[topic]/[lesson]/page.tsx [Server Component]


./content/dsa/strings/simplify-path.tsx:103:1
Unexpected token. Did you mean `{'}'}` or `&rbrace;`?
  [90m101 |[0m               <div style={{ fontSize: [35m16[0m, fontWeight: [35m700[0m, color: 
[33mCOLORS[0m.green }}>{[32m"/"[0m + ...
